Vers├úo do MSBuild 17.8.3+195e7f5a3 para .NET
  Determinando os projetos a serem restaurados...
  Todos os projetos est├úo atualizados para restaura├º├úo.
C:\Welber\2022\GitHubDesktop\corte_cor_ag\Pages\AdmAlterarSenha.cshtml.cs(2,7): warning CS0105: A diretiva using para "CorteCor.Handlers" apareceu anteriormente neste namespace [C:\Welber\2022\GitHubDesktop\corte_cor_ag\CorteCor.csproj]
C:\Welber\2022\GitHubDesktop\corte_cor_ag\Pages\AgendamentosLista.cshtml.cs(7,7): warning CS0105: A diretiva using para "CorteCor.Handlers" apareceu anteriormente neste namespace [C:\Welber\2022\GitHubDesktop\corte_cor_ag\CorteCor.csproj]
C:\Welber\2022\GitHubDesktop\corte_cor_ag\Pages\Configuracoes\FornecedoresEmail.cshtml.cs(3,7): warning CS0105: A diretiva using para "CorteCor.Handlers" apareceu anteriormente neste namespace [C:\Welber\2022\GitHubDesktop\corte_cor_ag\CorteCor.csproj]
C:\Welber\2022\GitHubDesktop\corte_cor_ag\Pages\Configuracoes\FornecedoresSMS.cshtml.cs(3,7): warning CS0105: A diretiva using para "CorteCor.Handlers" apareceu anteriormente neste namespace [C:\Welber\2022\GitHubDesktop\corte_cor_ag\CorteCor.csproj]
C:\Welber\2022\GitHubDesktop\corte_cor_ag\Pages\Configuracoes\FornecedoresWhatsapp.cshtml.cs(3,7): warning CS0105: A diretiva using para "CorteCor.Handlers" apareceu anteriormente neste namespace [C:\Welber\2022\GitHubDesktop\corte_cor_ag\CorteCor.csproj]
C:\Welber\2022\GitHubDesktop\corte_cor_ag\Pages\EsqueciSenha.cshtml.cs(3,7): warning CS0105: A diretiva using para "CorteCor.Handlers" apareceu anteriormente neste namespace [C:\Welber\2022\GitHubDesktop\corte_cor_ag\CorteCor.csproj]
C:\Welber\2022\GitHubDesktop\corte_cor_ag\Pages\EsqueciSenha.cshtml.cs(4,7): warning CS0105: A diretiva using para "CorteCor.Handlers" apareceu anteriormente neste namespace [C:\Welber\2022\GitHubDesktop\corte_cor_ag\CorteCor.csproj]
C:\Welber\2022\GitHubDesktop\corte_cor_ag\Pages\Index.cshtml.cs(3,7): warning CS0105: A diretiva using para "CorteCor.Handlers" apareceu anteriormente neste namespace [C:\Welber\2022\GitHubDesktop\corte_cor_ag\CorteCor.csproj]
C:\Welber\2022\GitHubDesktop\corte_cor_ag\Pages\LembreteConfigCadastro.cshtml.cs(5,7): warning CS0105: A diretiva using para "CorteCor.Handlers" apareceu anteriormente neste namespace [C:\Welber\2022\GitHubDesktop\corte_cor_ag\CorteCor.csproj]
C:\Welber\2022\GitHubDesktop\corte_cor_ag\Pages\LembreteConfigLista.cshtml.cs(5,7): warning CS0105: A diretiva using para "CorteCor.Handlers" apareceu anteriormente neste namespace [C:\Welber\2022\GitHubDesktop\corte_cor_ag\CorteCor.csproj]
C:\Welber\2022\GitHubDesktop\corte_cor_ag\Pages\ModeloEmailCadastro.cshtml.cs(4,7): warning CS0105: A diretiva using para "CorteCor.Handlers" apareceu anteriormente neste namespace [C:\Welber\2022\GitHubDesktop\corte_cor_ag\CorteCor.csproj]
C:\Welber\2022\GitHubDesktop\corte_cor_ag\Pages\ModeloEmailLista.cshtml.cs(7,7): warning CS0105: A diretiva using para "CorteCor.Handlers" apareceu anteriormente neste namespace [C:\Welber\2022\GitHubDesktop\corte_cor_ag\CorteCor.csproj]
C:\Welber\2022\GitHubDesktop\corte_cor_ag\Pages\ModeloSMSCadastro.cshtml.cs(4,7): warning CS0105: A diretiva using para "CorteCor.Handlers" apareceu anteriormente neste namespace [C:\Welber\2022\GitHubDesktop\corte_cor_ag\CorteCor.csproj]
C:\Welber\2022\GitHubDesktop\corte_cor_ag\Pages\ModeloSMSLista.cshtml.cs(8,7): warning CS0105: A diretiva using para "CorteCor.Handlers" apareceu anteriormente neste namespace [C:\Welber\2022\GitHubDesktop\corte_cor_ag\CorteCor.csproj]
C:\Welber\2022\GitHubDesktop\corte_cor_ag\Pages\Relatorios\LogEmail.cshtml.cs(5,7): warning CS0105: A diretiva using para "CorteCor.Handlers" apareceu anteriormente neste namespace [C:\Welber\2022\GitHubDesktop\corte_cor_ag\CorteCor.csproj]
C:\Welber\2022\GitHubDesktop\corte_cor_ag\Pages\SalaoCadastro.cshtml.cs(4,7): warning CS0105: A diretiva using para "CorteCor.Handlers" apareceu anteriormente neste namespace [C:\Welber\2022\GitHubDesktop\corte_cor_ag\CorteCor.csproj]
C:\Welber\2022\GitHubDesktop\corte_cor_ag\Pages\UsuarioAlterarSenha.cshtml.cs(2,7): warning CS0105: A diretiva using para "CorteCor.Handlers" apareceu anteriormente neste namespace [C:\Welber\2022\GitHubDesktop\corte_cor_ag\CorteCor.csproj]
C:\Welber\2022\GitHubDesktop\corte_cor_ag\Pages\UsuarioCadastro.cshtml.cs(3,7): warning CS0105: A diretiva using para "CorteCor.Handlers" apareceu anteriormente neste namespace [C:\Welber\2022\GitHubDesktop\corte_cor_ag\CorteCor.csproj]
C:\Welber\2022\GitHubDesktop\corte_cor_ag\Pages\UsuarioDashboard.cshtml.cs(4,7): warning CS0105: A diretiva using para "CorteCor.Handlers" apareceu anteriormente neste namespace [C:\Welber\2022\GitHubDesktop\corte_cor_ag\CorteCor.csproj]
C:\Welber\2022\GitHubDesktop\corte_cor_ag\Program.cs(10,7): warning CS0105: A diretiva using para "CorteCor.Handlers" apareceu anteriormente neste namespace [C:\Welber\2022\GitHubDesktop\corte_cor_ag\CorteCor.csproj]
C:\Welber\2022\GitHubDesktop\corte_cor_ag\Services\BrevoEmailService.cs(3,7): warning CS0105: A diretiva using para "CorteCor.Handlers" apareceu anteriormente neste namespace [C:\Welber\2022\GitHubDesktop\corte_cor_ag\CorteCor.csproj]
C:\Welber\2022\GitHubDesktop\corte_cor_ag\Services\LembreteService.cs(8,7): warning CS0105: A diretiva using para "CorteCor.Handlers" apareceu anteriormente neste namespace [C:\Welber\2022\GitHubDesktop\corte_cor_ag\CorteCor.csproj]
C:\Welber\2022\GitHubDesktop\corte_cor_ag\Services\SMSMarketService.cs(2,7): warning CS0105: A diretiva using para "CorteCor.Handlers" apareceu anteriormente neste namespace [C:\Welber\2022\GitHubDesktop\corte_cor_ag\CorteCor.csproj]
C:\Welber\2022\GitHubDesktop\corte_cor_ag\Handlers\EntityHandler.cs(244,58): warning CS8625: N├úo ├® poss├¡vel converter um literal nulo em um tipo de refer├¬ncia n├úo anul├ível. [C:\Welber\2022\GitHubDesktop\corte_cor_ag\CorteCor.csproj]
C:\Welber\2022\GitHubDesktop\corte_cor_ag\Handlers\EntityHandler.cs(20,62): warning CS8625: N├úo ├® poss├¡vel converter um literal nulo em um tipo de refer├¬ncia n├úo anul├ível. [C:\Welber\2022\GitHubDesktop\corte_cor_ag\CorteCor.csproj]
C:\Welber\2022\GitHubDesktop\corte_cor_ag\Handlers\DatabaseHandler.cs(53,51): warning CS0618: "SqlParameter" ├® obsoleto: "Use the Microsoft.Data.SqlClient package instead." [C:\Welber\2022\GitHubDesktop\corte_cor_ag\CorteCor.csproj]
C:\Welber\2022\GitHubDesktop\corte_cor_ag\Handlers\EntityHandler.cs(455,58): warning CS8625: N├úo ├® poss├¡vel converter um literal nulo em um tipo de refer├¬ncia n├úo anul├ível. [C:\Welber\2022\GitHubDesktop\corte_cor_ag\CorteCor.csproj]
C:\Welber\2022\GitHubDesktop\corte_cor_ag\Handlers\EntityHandler.cs(722,64): warning CS8625: N├úo ├® poss├¡vel converter um literal nulo em um tipo de refer├¬ncia n├úo anul├ível. [C:\Welber\2022\GitHubDesktop\corte_cor_ag\CorteCor.csproj]
C:\Welber\2022\GitHubDesktop\corte_cor_ag\Handlers\EntityHandler.cs(391,77): warning CS8625: N├úo ├® poss├¡vel converter um literal nulo em um tipo de refer├¬ncia n├úo anul├ível. [C:\Welber\2022\GitHubDesktop\corte_cor_ag\CorteCor.csproj]
C:\Welber\2022\GitHubDesktop\corte_cor_ag\Handlers\EntityHandler.cs(33,60): warning CS8625: N├úo ├® poss├¡vel converter um literal nulo em um tipo de refer├¬ncia n├úo anul├ível. [C:\Welber\2022\GitHubDesktop\corte_cor_ag\CorteCor.csproj]
C:\Welber\2022\GitHubDesktop\corte_cor_ag\Handlers\EntityHandler.cs(602,66): warning CS8625: N├úo ├® poss├¡vel converter um literal nulo em um tipo de refer├¬ncia n├úo anul├ível. [C:\Welber\2022\GitHubDesktop\corte_cor_ag\CorteCor.csproj]
C:\Welber\2022\GitHubDesktop\corte_cor_ag\Handlers\EntityHandler.cs(965,64): warning CS8625: N├úo ├® poss├¡vel converter um literal nulo em um tipo de refer├¬ncia n├úo anul├ível. [C:\Welber\2022\GitHubDesktop\corte_cor_ag\CorteCor.csproj]
C:\Welber\2022\GitHubDesktop\corte_cor_ag\Handlers\EntityHandler.cs(1260,60): warning CS8625: N├úo ├® poss├¡vel converter um literal nulo em um tipo de refer├¬ncia n├úo anul├ível. [C:\Welber\2022\GitHubDesktop\corte_cor_ag\CorteCor.csproj]
C:\Welber\2022\GitHubDesktop\corte_cor_ag\Handlers\EntityHandler.cs(1705,59): warning CS8625: N├úo ├® poss├¡vel converter um literal nulo em um tipo de refer├¬ncia n├úo anul├ível. [C:\Welber\2022\GitHubDesktop\corte_cor_ag\CorteCor.csproj]
C:\Welber\2022\GitHubDesktop\corte_cor_ag\Handlers\EntityHandler.cs(2570,66): warning CS8625: N├úo ├® poss├¡vel converter um literal nulo em um tipo de refer├¬ncia n├úo anul├ível. [C:\Welber\2022\GitHubDesktop\corte_cor_ag\CorteCor.csproj]
C:\Welber\2022\GitHubDesktop\corte_cor_ag\Handlers\EntityHandler.cs(3482,64): warning CS8625: N├úo ├® poss├¡vel converter um literal nulo em um tipo de refer├¬ncia n├úo anul├ível. [C:\Welber\2022\GitHubDesktop\corte_cor_ag\CorteCor.csproj]
C:\Welber\2022\GitHubDesktop\corte_cor_ag\Handlers\EntityHandler.cs(1466,71): warning CS8625: N├úo ├® poss├¡vel converter um literal nulo em um tipo de refer├¬ncia n├úo anul├ível. [C:\Welber\2022\GitHubDesktop\corte_cor_ag\CorteCor.csproj]
C:\Welber\2022\GitHubDesktop\corte_cor_ag\Services\LembreteService.cs(22,230): warning CS8625: N├úo ├® poss├¡vel converter um literal nulo em um tipo de refer├¬ncia n├úo anul├ível. [C:\Welber\2022\GitHubDesktop\corte_cor_ag\CorteCor.csproj]
C:\Welber\2022\GitHubDesktop\corte_cor_ag\Handlers\EntityHandler.cs(3642,61): warning CS8625: N├úo ├® poss├¡vel converter um literal nulo em um tipo de refer├¬ncia n├úo anul├ível. [C:\Welber\2022\GitHubDesktop\corte_cor_ag\CorteCor.csproj]
C:\Welber\2022\GitHubDesktop\corte_cor_ag\Handlers\EntityHandler.cs(4090,212): warning CS8625: N├úo ├® poss├¡vel converter um literal nulo em um tipo de refer├¬ncia n├úo anul├ível. [C:\Welber\2022\GitHubDesktop\corte_cor_ag\CorteCor.csproj]
C:\Welber\2022\GitHubDesktop\corte_cor_ag\Handlers\EntityHandler.cs(2060,64): warning CS8625: N├úo ├® poss├¡vel converter um literal nulo em um tipo de refer├¬ncia n├úo anul├ível. [C:\Welber\2022\GitHubDesktop\corte_cor_ag\CorteCor.csproj]
C:\Welber\2022\GitHubDesktop\corte_cor_ag\Services\MercadoPagoService.cs(14,85): warning CS8625: N├úo ├® poss├¡vel converter um literal nulo em um tipo de refer├¬ncia n├úo anul├ível. [C:\Welber\2022\GitHubDesktop\corte_cor_ag\CorteCor.csproj]
C:\Welber\2022\GitHubDesktop\corte_cor_ag\Handlers\EntityHandler.cs(2963,62): warning CS8625: N├úo ├® poss├¡vel converter um literal nulo em um tipo de refer├¬ncia n├úo anul├ível. [C:\Welber\2022\GitHubDesktop\corte_cor_ag\CorteCor.csproj]
C:\Welber\2022\GitHubDesktop\corte_cor_ag\Pages\Estabelecimentos.cshtml.cs(115,59): warning CS0108: "EstabelecimentosModel.Page" oculta o membro herdado "PageModel.Page()". Use a nova palavra-chave se foi pretendido ocultar. [C:\Welber\2022\GitHubDesktop\corte_cor_ag\CorteCor.csproj]
C:\Users\olive\.nuget\packages\microsoft.net.test.sdk\17.8.0\build\netcoreapp3.1\Microsoft.NET.Test.Sdk.Program.cs(4,41): warning CS7022: O ponto de entrada do programa ├® o c├│digo global. Ignorando o ponto de entrada 'AutoGeneratedProgram.Main(string[])'. [C:\Welber\2022\GitHubDesktop\corte_cor_ag\CorteCor.csproj]
C:\Welber\2022\GitHubDesktop\corte_cor_ag\Models\Models.cs(479,19): warning CS8618: O propriedade n├úo anul├ível 'Justificativa' precisa conter um valor n├úo nulo ao sair do construtor. Considere declarar o propriedade como anul├ível. [C:\Welber\2022\GitHubDesktop\corte_cor_ag\CorteCor.csproj]
C:\Welber\2022\GitHubDesktop\corte_cor_ag\Models\Models.cs(480,19): warning CS8618: O propriedade n├úo anul├ível 'Status' precisa conter um valor n├úo nulo ao sair do construtor. Considere declarar o propriedade como anul├ível. [C:\Welber\2022\GitHubDesktop\corte_cor_ag\CorteCor.csproj]
C:\Welber\2022\GitHubDesktop\corte_cor_ag\Models\Models.cs(460,19): warning CS8618: O propriedade n├úo anul├ível 'TipoEvento' precisa conter um valor n├úo nulo ao sair do construtor. Considere declarar o propriedade como anul├ível. [C:\Welber\2022\GitHubDesktop\corte_cor_ag\CorteCor.csproj]
C:\Welber\2022\GitHubDesktop\corte_cor_ag\Models\Models.cs(461,19): warning CS8618: O propriedade n├úo anul├ível 'Justificativa' precisa conter um valor n├úo nulo ao sair do construtor. Considere declarar o propriedade como anul├ível. [C:\Welber\2022\GitHubDesktop\corte_cor_ag\CorteCor.csproj]
C:\Welber\2022\GitHubDesktop\corte_cor_ag\Models\Models.cs(465,19): warning CS8618: O propriedade n├úo anul├ível 'Status' precisa conter um valor n├úo nulo ao sair do construtor. Considere declarar o propriedade como anul├ível. [C:\Welber\2022\GitHubDesktop\corte_cor_ag\CorteCor.csproj]
C:\Welber\2022\GitHubDesktop\corte_cor_ag\TestUnimake2.cs(13,16): error CS0117: "PedRegEvento" n├úo cont├®m uma defini├º├úo para "InfPedRegEvento" [C:\Welber\2022\GitHubDesktop\corte_cor_ag\CorteCor.csproj]
C:\Welber\2022\GitHubDesktop\corte_cor_ag\TestUnimake2.cs(16,20): error CS0117: "InfPedReg" n├úo cont├®m uma defini├º├úo para "DetEvento" [C:\Welber\2022\GitHubDesktop\corte_cor_ag\CorteCor.csproj]
C:\Welber\2022\GitHubDesktop\corte_cor_ag\TestUnimake2.cs(18,25): error CS0117: "E101101" n├úo cont├®m uma defini├º├úo para "CJustMotiCanc" [C:\Welber\2022\GitHubDesktop\corte_cor_ag\CorteCor.csproj]
C:\Welber\2022\GitHubDesktop\corte_cor_ag\TestUnimake2.cs(23,43): error CS1503: Argumento 1: n├úo ├® poss├¡vel converter de "Unimake.Business.DFe.Xml.NFSe.NACIONAL.PedRegEvento" para "string" [C:\Welber\2022\GitHubDesktop\corte_cor_ag\CorteCor.csproj]
C:\Welber\2022\GitHubDesktop\corte_cor_ag\TestUnimake2.cs(27,18): error CS0117: "NFSe" n├úo cont├®m uma defini├º├úo para "ConsNFSe" [C:\Welber\2022\GitHubDesktop\corte_cor_ag\CorteCor.csproj]
C:\Welber\2022\GitHubDesktop\corte_cor_ag\TestUnimake2.cs(29,23): error CS0117: "InfNFSe" n├úo cont├®m uma defini├º├úo para "ChNFSe" [C:\Welber\2022\GitHubDesktop\corte_cor_ag\CorteCor.csproj]
C:\Welber\2022\GitHubDesktop\corte_cor_ag\TestUnimake2.cs(33,45): error CS1503: Argumento 1: n├úo ├® poss├¡vel converter de "Unimake.Business.DFe.Xml.NFSe.NACIONAL.Consulta.NFSe" para "System.Xml.XmlDocument" [C:\Welber\2022\GitHubDesktop\corte_cor_ag\CorteCor.csproj]
C:\Welber\2022\GitHubDesktop\corte_cor_ag\Handlers\DatabaseHandler.cs(42,34): warning CS0618: "SqlConnection" ├® obsoleto: "Use the Microsoft.Data.SqlClient package instead." [C:\Welber\2022\GitHubDesktop\corte_cor_ag\CorteCor.csproj]
C:\Welber\2022\GitHubDesktop\corte_cor_ag\Models\Models.cs(9,19): warning CS8618: O propriedade n├úo anul├ível 'Nome' precisa conter um valor n├úo nulo ao sair do construtor. Considere declarar o propriedade como anul├ível. [C:\Welber\2022\GitHubDesktop\corte_cor_ag\CorteCor.csproj]
C:\Welber\2022\GitHubDesktop\corte_cor_ag\Models\Models.cs(10,19): warning CS8618: O propriedade n├úo anul├ível 'Email' precisa conter um valor n├úo nulo ao sair do construtor. Considere declarar o propriedade como anul├ível. [C:\Welber\2022\GitHubDesktop\corte_cor_ag\CorteCor.csproj]
C:\Welber\2022\GitHubDesktop\corte_cor_ag\Models\Models.cs(11,19): warning CS8618: O propriedade n├úo anul├ível 'Senha' precisa conter um valor n├úo nulo ao sair do construtor. Considere declarar o propriedade como anul├ível. [C:\Welber\2022\GitHubDesktop\corte_cor_ag\CorteCor.csproj]
C:\Welber\2022\GitHubDesktop\corte_cor_ag\Models\Models.cs(12,19): warning CS8618: O propriedade n├úo anul├ível 'Perfil' precisa conter um valor n├úo nulo ao sair do construtor. Considere declarar o propriedade como anul├ível. [C:\Welber\2022\GitHubDesktop\corte_cor_ag\CorteCor.csproj]
C:\Welber\2022\GitHubDesktop\corte_cor_ag\Models\Models.cs(13,19): warning CS8618: O propriedade n├úo anul├ível 'Status' precisa conter um valor n├úo nulo ao sair do construtor. Considere declarar o propriedade como anul├ível. [C:\Welber\2022\GitHubDesktop\corte_cor_ag\CorteCor.csproj]
C:\Welber\2022\GitHubDesktop\corte_cor_ag\Models\Models.cs(436,19): warning CS8618: O propriedade n├úo anul├ível 'TipoNota' precisa conter um valor n├úo nulo ao sair do construtor. Considere declarar o propriedade como anul├ível. [C:\Welber\2022\GitHubDesktop\corte_cor_ag\CorteCor.csproj]
C:\Welber\2022\GitHubDesktop\corte_cor_ag\Models\Models.cs(441,19): warning CS8618: O propriedade n├úo anul├ível 'Status' precisa conter um valor n├úo nulo ao sair do construtor. Considere declarar o propriedade como anul├ível. [C:\Welber\2022\GitHubDesktop\corte_cor_ag\CorteCor.csproj]
C:\Welber\2022\GitHubDesktop\corte_cor_ag\Models\Models.cs(20,19): warning CS8618: O propriedade n├úo anul├ível 'Nome' precisa conter um valor n├úo nulo ao sair do construtor. Considere declarar o propriedade como anul├ível. [C:\Welber\2022\GitHubDesktop\corte_cor_ag\CorteCor.csproj]
C:\Welber\2022\GitHubDesktop\corte_cor_ag\Models\Models.cs(21,19): warning CS8618: O propriedade n├úo anul├ível 'Sobrenome' precisa conter um valor n├úo nulo ao sair do construtor. Considere declarar o propriedade como anul├ível. [C:\Welber\2022\GitHubDesktop\corte_cor_ag\CorteCor.csproj]
C:\Welber\2022\GitHubDesktop\corte_cor_ag\Models\Models.cs(22,19): warning CS8618: O propriedade n├úo anul├ível 'CPF' precisa conter um valor n├úo nulo ao sair do construtor. Considere declarar o propriedade como anul├ível. [C:\Welber\2022\GitHubDesktop\corte_cor_ag\CorteCor.csproj]
C:\Welber\2022\GitHubDesktop\corte_cor_ag\Models\Models.cs(23,19): warning CS8618: O propriedade n├úo anul├ível 'Email' precisa conter um valor n├úo nulo ao sair do construtor. Considere declarar o propriedade como anul├ível. [C:\Welber\2022\GitHubDesktop\corte_cor_ag\CorteCor.csproj]
C:\Welber\2022\GitHubDesktop\corte_cor_ag\Models\Models.cs(24,19): warning CS8618: O propriedade n├úo anul├ível 'Telefone' precisa conter um valor n├úo nulo ao sair do construtor. Considere declarar o propriedade como anul├ível. [C:\Welber\2022\GitHubDesktop\corte_cor_ag\CorteCor.csproj]
C:\Welber\2022\GitHubDesktop\corte_cor_ag\Models\Models.cs(26,19): warning CS8618: O propriedade n├úo anul├ível 'Status' precisa conter um valor n├úo nulo ao sair do construtor. Considere declarar o propriedade como anul├ível. [C:\Welber\2022\GitHubDesktop\corte_cor_ag\CorteCor.csproj]
C:\Welber\2022\GitHubDesktop\corte_cor_ag\Models\Models.cs(28,19): warning CS8618: O propriedade n├úo anul├ível 'Senha' precisa conter um valor n├úo nulo ao sair do construtor. Considere declarar o propriedade como anul├ível. [C:\Welber\2022\GitHubDesktop\corte_cor_ag\CorteCor.csproj]
C:\Welber\2022\GitHubDesktop\corte_cor_ag\Models\Models.cs(411,19): warning CS8618: O propriedade n├úo anul├ível 'Cnpj' precisa conter um valor n├úo nulo ao sair do construtor. Considere declarar o propriedade como anul├ível. [C:\Welber\2022\GitHubDesktop\corte_cor_ag\CorteCor.csproj]
C:\Welber\2022\GitHubDesktop\corte_cor_ag\Models\Models.cs(412,19): warning CS8618: O propriedade n├úo anul├ível 'RazaoSocial' precisa conter um valor n├úo nulo ao sair do construtor. Considere declarar o propriedade como anul├ível. [C:\Welber\2022\GitHubDesktop\corte_cor_ag\CorteCor.csproj]
C:\Welber\2022\GitHubDesktop\corte_cor_ag\Models\Models.cs(395,19): warning CS8618: O propriedade n├úo anul├ível 'Nome' precisa conter um valor n├úo nulo ao sair do construtor. Considere declarar o propriedade como anul├ível. [C:\Welber\2022\GitHubDesktop\corte_cor_ag\CorteCor.csproj]
C:\Welber\2022\GitHubDesktop\corte_cor_ag\Models\Models.cs(398,19): warning CS8618: O propriedade n├úo anul├ível 'Endpoint' precisa conter um valor n├úo nulo ao sair do construtor. Considere declarar o propriedade como anul├ível. [C:\Welber\2022\GitHubDesktop\corte_cor_ag\CorteCor.csproj]
C:\Welber\2022\GitHubDesktop\corte_cor_ag\Handlers\EntityHandler.cs(264,44): warning CS8600: Convers├úo de literal nula ou poss├¡vel valor nulo em tipo n├úo anul├ível. [C:\Welber\2022\GitHubDesktop\corte_cor_ag\CorteCor.csproj]
C:\Welber\2022\GitHubDesktop\corte_cor_ag\Handlers\EntityHandler.cs(265,54): warning CS8604: Poss├¡vel argumento de refer├¬ncia nula para o par├ómetro 'senhaHash' em 'bool LoginManager.VerificarSenha(string senha, string senhaHash)'. [C:\Welber\2022\GitHubDesktop\corte_cor_ag\CorteCor.csproj]
C:\Welber\2022\GitHubDesktop\corte_cor_ag\Models\Models.cs(382,19): warning CS8618: O propriedade n├úo anul├ível 'Nome' precisa conter um valor n├úo nulo ao sair do construtor. Considere declarar o propriedade como anul├ível. [C:\Welber\2022\GitHubDesktop\corte_cor_ag\CorteCor.csproj]
C:\Welber\2022\GitHubDesktop\corte_cor_ag\Models\Models.cs(383,19): warning CS8618: O propriedade n├úo anul├ível 'ApiKey' precisa conter um valor n├úo nulo ao sair do construtor. Considere declarar o propriedade como anul├ível. [C:\Welber\2022\GitHubDesktop\corte_cor_ag\CorteCor.csproj]
C:\Welber\2022\GitHubDesktop\corte_cor_ag\Models\Models.cs(385,19): warning CS8618: O propriedade n├úo anul├ível 'Endpoint' precisa conter um valor n├úo nulo ao sair do construtor. Considere declarar o propriedade como anul├ível. [C:\Welber\2022\GitHubDesktop\corte_cor_ag\CorteCor.csproj]
C:\Welber\2022\GitHubDesktop\corte_cor_ag\Models\Models.cs(386,19): warning CS8618: O propriedade n├úo anul├ível 'Remetente' precisa conter um valor n├úo nulo ao sair do construtor. Considere declarar o propriedade como anul├ível. [C:\Welber\2022\GitHubDesktop\corte_cor_ag\CorteCor.csproj]
C:\Welber\2022\GitHubDesktop\corte_cor_ag\Handlers\EntityHandler.cs(287,44): warning CS8600: Convers├úo de literal nula ou poss├¡vel valor nulo em tipo n├úo anul├ível. [C:\Welber\2022\GitHubDesktop\corte_cor_ag\CorteCor.csproj]
C:\Welber\2022\GitHubDesktop\corte_cor_ag\Handlers\EntityHandler.cs(288,54): warning CS8604: Poss├¡vel argumento de refer├¬ncia nula para o par├ómetro 'senhaHash' em 'bool LoginManager.VerificarSenha(string senha, string senhaHash)'. [C:\Welber\2022\GitHubDesktop\corte_cor_ag\CorteCor.csproj]
C:\Welber\2022\GitHubDesktop\corte_cor_ag\Models\Models.cs(368,19): warning CS8618: O propriedade n├úo anul├ível 'Nome' precisa conter um valor n├úo nulo ao sair do construtor. Considere declarar o propriedade como anul├ível. [C:\Welber\2022\GitHubDesktop\corte_cor_ag\CorteCor.csproj]
C:\Welber\2022\GitHubDesktop\corte_cor_ag\Models\Models.cs(369,19): warning CS8618: O propriedade n├úo anul├ível 'ApiKey' precisa conter um valor n├úo nulo ao sair do construtor. Considere declarar o propriedade como anul├ível. [C:\Welber\2022\GitHubDesktop\corte_cor_ag\CorteCor.csproj]
C:\Welber\2022\GitHubDesktop\corte_cor_ag\Models\Models.cs(371,19): warning CS8618: O propriedade n├úo anul├ível 'Endpoint' precisa conter um valor n├úo nulo ao sair do construtor. Considere declarar o propriedade como anul├ível. [C:\Welber\2022\GitHubDesktop\corte_cor_ag\CorteCor.csproj]
C:\Welber\2022\GitHubDesktop\corte_cor_ag\Models\Models.cs(372,19): warning CS8618: O propriedade n├úo anul├ível 'RemetenteNome' precisa conter um valor n├úo nulo ao sair do construtor. Considere declarar o propriedade como anul├ível. [C:\Welber\2022\GitHubDesktop\corte_cor_ag\CorteCor.csproj]
C:\Welber\2022\GitHubDesktop\corte_cor_ag\Models\Models.cs(373,19): warning CS8618: O propriedade n├úo anul├ível 'RemetenteEmail' precisa conter um valor n├úo nulo ao sair do construtor. Considere declarar o propriedade como anul├ível. [C:\Welber\2022\GitHubDesktop\corte_cor_ag\CorteCor.csproj]
C:\Welber\2022\GitHubDesktop\corte_cor_ag\Handlers\EntityHandler.cs(63,33): warning CS8600: Convers├úo de literal nula ou poss├¡vel valor nulo em tipo n├úo anul├ível. [C:\Welber\2022\GitHubDesktop\corte_cor_ag\CorteCor.csproj]
C:\Welber\2022\GitHubDesktop\corte_cor_ag\Models\Models.cs(341,19): warning CS8618: O propriedade n├úo anul├ível 'NomeCliente' precisa conter um valor n├úo nulo ao sair do construtor. Considere declarar o propriedade como anul├ível. [C:\Welber\2022\GitHubDesktop\corte_cor_ag\CorteCor.csproj]
C:\Welber\2022\GitHubDesktop\corte_cor_ag\Models\Models.cs(342,19): warning CS8618: O propriedade n├úo anul├ível 'EmailCliente' precisa conter um valor n├úo nulo ao sair do construtor. Considere declarar o propriedade como anul├ível. [C:\Welber\2022\GitHubDesktop\corte_cor_ag\CorteCor.csproj]
C:\Welber\2022\GitHubDesktop\corte_cor_ag\Models\Models.cs(343,19): warning CS8618: O propriedade n├úo anul├ível 'TelefoneCliente' precisa conter um valor n├úo nulo ao sair do construtor. Considere declarar o propriedade como anul├ível. [C:\Welber\2022\GitHubDesktop\corte_cor_ag\CorteCor.csproj]
C:\Welber\2022\GitHubDesktop\corte_cor_ag\Models\Models.cs(345,19): warning CS8618: O propriedade n├úo anul├ível 'NomeServico' precisa conter um valor n├úo nulo ao sair do construtor. Considere declarar o propriedade como anul├ível. [C:\Welber\2022\GitHubDesktop\corte_cor_ag\CorteCor.csproj]
C:\Welber\2022\GitHubDesktop\corte_cor_ag\Models\Models.cs(346,19): warning CS8618: O propriedade n├úo anul├ível 'NomeProfissional' precisa conter um valor n├úo nulo ao sair do construtor. Considere declarar o propriedade como anul├ível. [C:\Welber\2022\GitHubDesktop\corte_cor_ag\CorteCor.csproj]
C:\Welber\2022\GitHubDesktop\corte_cor_ag\Models\Models.cs(347,19): warning CS8618: O propriedade n├úo anul├ível 'NomeSalao' precisa conter um valor n├úo nulo ao sair do construtor. Considere declarar o propriedade como anul├ível. [C:\Welber\2022\GitHubDesktop\corte_cor_ag\CorteCor.csproj]
C:\Welber\2022\GitHubDesktop\corte_cor_ag\Models\Models.cs(351,19): warning CS8618: O propriedade n├úo anul├ível 'TipoLembrete' precisa conter um valor n├úo nulo ao sair do construtor. Considere declarar o propriedade como anul├ível. [C:\Welber\2022\GitHubDesktop\corte_cor_ag\CorteCor.csproj]
C:\Welber\2022\GitHubDesktop\corte_cor_ag\Models\Models.cs(332,19): warning CS8618: O propriedade n├úo anul├ível 'Status' precisa conter um valor n├úo nulo ao sair do construtor. Considere declarar o propriedade como anul├ível. [C:\Welber\2022\GitHubDesktop\corte_cor_ag\CorteCor.csproj]
C:\Welber\2022\GitHubDesktop\corte_cor_ag\Models\Models.cs(318,19): warning CS8618: O propriedade n├úo anul├ível 'Destinatario' precisa conter um valor n├úo nulo ao sair do construtor. Considere declarar o propriedade como anul├ível. [C:\Welber\2022\GitHubDesktop\corte_cor_ag\CorteCor.csproj]
C:\Welber\2022\GitHubDesktop\corte_cor_ag\Models\Models.cs(319,19): warning CS8618: O propriedade n├úo anul├ível 'Assunto' precisa conter um valor n├úo nulo ao sair do construtor. Considere declarar o propriedade como anul├ível. [C:\Welber\2022\GitHubDesktop\corte_cor_ag\CorteCor.csproj]
C:\Welber\2022\GitHubDesktop\corte_cor_ag\Models\Models.cs(320,19): warning CS8618: O propriedade n├úo anul├ível 'Status' precisa conter um valor n├úo nulo ao sair do construtor. Considere declarar o propriedade como anul├ível. [C:\Welber\2022\GitHubDesktop\corte_cor_ag\CorteCor.csproj]
C:\Welber\2022\GitHubDesktop\corte_cor_ag\Handlers\EntityHandler.cs(379,30): warning CS0168: A vari├ível "ex" est├í declarada, mas nunca ├® usada [C:\Welber\2022\GitHubDesktop\corte_cor_ag\CorteCor.csproj]
C:\Welber\2022\GitHubDesktop\corte_cor_ag\Models\Models.cs(299,19): warning CS8618: O propriedade n├úo anul├ível 'AntecedenciaUnidade' precisa conter um valor n├úo nulo ao sair do construtor. Considere declarar o propriedade como anul├ível. [C:\Welber\2022\GitHubDesktop\corte_cor_ag\CorteCor.csproj]
C:\Welber\2022\GitHubDesktop\corte_cor_ag\Models\Models.cs(288,19): warning CS8618: O propriedade n├úo anul├ível 'TipoEvento' precisa conter um valor n├úo nulo ao sair do construtor. Considere declarar o propriedade como anul├ível. [C:\Welber\2022\GitHubDesktop\corte_cor_ag\CorteCor.csproj]
C:\Welber\2022\GitHubDesktop\corte_cor_ag\Models\Models.cs(289,19): warning CS8618: O propriedade n├úo anul├ível 'Conteudo' precisa conter um valor n├úo nulo ao sair do construtor. Considere declarar o propriedade como anul├ível. [C:\Welber\2022\GitHubDesktop\corte_cor_ag\CorteCor.csproj]
C:\Welber\2022\GitHubDesktop\corte_cor_ag\Models\Models.cs(37,19): warning CS8618: O propriedade n├úo anul├ível 'Nome' precisa conter um valor n├úo nulo ao sair do construtor. Considere declarar o propriedade como anul├ível. [C:\Welber\2022\GitHubDesktop\corte_cor_ag\CorteCor.csproj]
C:\Welber\2022\GitHubDesktop\corte_cor_ag\Models\Models.cs(38,19): warning CS8618: O propriedade n├úo anul├ível 'Responsavel' precisa conter um valor n├úo nulo ao sair do construtor. Considere declarar o propriedade como anul├ível. [C:\Welber\2022\GitHubDesktop\corte_cor_ag\CorteCor.csproj]
C:\Welber\2022\GitHubDesktop\corte_cor_ag\Models\Models.cs(39,19): warning CS8618: O propriedade n├úo anul├ível 'Email' precisa conter um valor n├úo nulo ao sair do construtor. Considere declarar o propriedade como anul├ível. [C:\Welber\2022\GitHubDesktop\corte_cor_ag\CorteCor.csproj]
C:\Welber\2022\GitHubDesktop\corte_cor_ag\Models\Models.cs(40,19): warning CS8618: O propriedade n├úo anul├ível 'Telefone' precisa conter um valor n├úo nulo ao sair do construtor. Considere declarar o propriedade como anul├ível. [C:\Welber\2022\GitHubDesktop\corte_cor_ag\CorteCor.csproj]
C:\Welber\2022\GitHubDesktop\corte_cor_ag\Models\Models.cs(41,19): warning CS8618: O propriedade n├úo anul├ível 'Endereco' precisa conter um valor n├úo nulo ao sair do construtor. Considere declarar o propriedade como anul├ível. [C:\Welber\2022\GitHubDesktop\corte_cor_ag\CorteCor.csproj]
C:\Welber\2022\GitHubDesktop\corte_cor_ag\Models\Models.cs(42,19): warning CS8618: O propriedade n├úo anul├ível 'CNPJ' precisa conter um valor n├úo nulo ao sair do construtor. Considere declarar o propriedade como anul├ível. [C:\Welber\2022\GitHubDesktop\corte_cor_ag\CorteCor.csproj]
C:\Welber\2022\GitHubDesktop\corte_cor_ag\Models\Models.cs(43,19): warning CS8618: O propriedade n├úo anul├ível 'Status' precisa conter um valor n├úo nulo ao sair do construtor. Considere declarar o propriedade como anul├ível. [C:\Welber\2022\GitHubDesktop\corte_cor_ag\CorteCor.csproj]
C:\Welber\2022\GitHubDesktop\corte_cor_ag\Models\Models.cs(44,19): warning CS8618: O propriedade n├úo anul├ível 'Observacao' precisa conter um valor n├úo nulo ao sair do construtor. Considere declarar o propriedade como anul├ível. [C:\Welber\2022\GitHubDesktop\corte_cor_ag\CorteCor.csproj]
C:\Welber\2022\GitHubDesktop\corte_cor_ag\Models\Models.cs(277,19): warning CS8618: O propriedade n├úo anul├ível 'TipoEvento' precisa conter um valor n├úo nulo ao sair do construtor. Considere declarar o propriedade como anul├ível. [C:\Welber\2022\GitHubDesktop\corte_cor_ag\CorteCor.csproj]
C:\Welber\2022\GitHubDesktop\corte_cor_ag\Models\Models.cs(278,19): warning CS8618: O propriedade n├úo anul├ível 'Assunto' precisa conter um valor n├úo nulo ao sair do construtor. Considere declarar o propriedade como anul├ível. [C:\Welber\2022\GitHubDesktop\corte_cor_ag\CorteCor.csproj]
C:\Welber\2022\GitHubDesktop\corte_cor_ag\Models\Models.cs(279,19): warning CS8618: O propriedade n├úo anul├ível 'CorpoHTML' precisa conter um valor n├úo nulo ao sair do construtor. Considere declarar o propriedade como anul├ível. [C:\Welber\2022\GitHubDesktop\corte_cor_ag\CorteCor.csproj]
C:\Welber\2022\GitHubDesktop\corte_cor_ag\Handlers\EntityHandler.cs(101,36): warning CS8601: Poss├¡vel atribui├º├úo de refer├¬ncia nula. [C:\Welber\2022\GitHubDesktop\corte_cor_ag\CorteCor.csproj]
C:\Welber\2022\GitHubDesktop\corte_cor_ag\Handlers\EntityHandler.cs(102,37): warning CS8601: Poss├¡vel atribui├º├úo de refer├¬ncia nula. [C:\Welber\2022\GitHubDesktop\corte_cor_ag\CorteCor.csproj]
C:\Welber\2022\GitHubDesktop\corte_cor_ag\Handlers\EntityHandler.cs(103,40): warning CS8601: Poss├¡vel atribui├º├úo de refer├¬ncia nula. [C:\Welber\2022\GitHubDesktop\corte_cor_ag\CorteCor.csproj]
C:\Welber\2022\GitHubDesktop\corte_cor_ag\Handlers\EntityHandler.cs(105,38): warning CS8601: Poss├¡vel atribui├º├úo de refer├¬ncia nula. [C:\Welber\2022\GitHubDesktop\corte_cor_ag\CorteCor.csproj]
C:\Welber\2022\GitHubDesktop\corte_cor_ag\Handlers\EntityHandler.cs(106,41): warning CS8601: Poss├¡vel atribui├º├úo de refer├¬ncia nula. [C:\Welber\2022\GitHubDesktop\corte_cor_ag\CorteCor.csproj]
C:\Welber\2022\GitHubDesktop\corte_cor_ag\Handlers\EntityHandler.cs(107,35): warning CS8601: Poss├¡vel atribui├º├úo de refer├¬ncia nula. [C:\Welber\2022\GitHubDesktop\corte_cor_ag\CorteCor.csproj]
C:\Welber\2022\GitHubDesktop\corte_cor_ag\Handlers\EntityHandler.cs(108,37): warning CS8601: Poss├¡vel atribui├º├úo de refer├¬ncia nula. [C:\Welber\2022\GitHubDesktop\corte_cor_ag\CorteCor.csproj]
C:\Welber\2022\GitHubDesktop\corte_cor_ag\Services\SMSMarketService.cs(36,31): warning CS8600: Convers├úo de literal nula ou poss├¡vel valor nulo em tipo n├úo anul├ível. [C:\Welber\2022\GitHubDesktop\corte_cor_ag\CorteCor.csproj]
C:\Welber\2022\GitHubDesktop\corte_cor_ag\Services\SMSMarketService.cs(86,36): warning CS8619: A anulabilidade de tipos de refer├¬ncia no valor do tipo '(bool, string?)' n├úo corresponde ao tipo de destino '(bool Success, string ErrorMessage)'. [C:\Welber\2022\GitHubDesktop\corte_cor_ag\CorteCor.csproj]
C:\Welber\2022\GitHubDesktop\corte_cor_ag\Services\SMSMarketService.cs(90,47): warning CS8600: Convers├úo de literal nula ou poss├¡vel valor nulo em tipo n├úo anul├ível. [C:\Welber\2022\GitHubDesktop\corte_cor_ag\CorteCor.csproj]
C:\Welber\2022\GitHubDesktop\corte_cor_ag\Handlers\SalaoConfigFiscalHandler.cs(38,49): warning CS8604: Poss├¡vel argumento de refer├¬ncia nula para o par├ómetro 'input' em 'Guid Guid.Parse(string input)'. [C:\Welber\2022\GitHubDesktop\corte_cor_ag\CorteCor.csproj]
C:\Welber\2022\GitHubDesktop\corte_cor_ag\Handlers\SalaoConfigFiscalHandler.cs(40,28): warning CS8601: Poss├¡vel atribui├º├úo de refer├¬ncia nula. [C:\Welber\2022\GitHubDesktop\corte_cor_ag\CorteCor.csproj]
C:\Welber\2022\GitHubDesktop\corte_cor_ag\Handlers\SalaoConfigFiscalHandler.cs(41,35): warning CS8601: Poss├¡vel atribui├º├úo de refer├¬ncia nula. [C:\Welber\2022\GitHubDesktop\corte_cor_ag\CorteCor.csproj]
C:\Welber\2022\GitHubDesktop\corte_cor_ag\Services\BrevoEmailService.cs(79,28): warning CS8619: A anulabilidade de tipos de refer├¬ncia no valor do tipo '(bool, string?)' n├úo corresponde ao tipo de destino '(bool Success, string ErrorMessage)'. [C:\Welber\2022\GitHubDesktop\corte_cor_ag\CorteCor.csproj]
C:\Welber\2022\GitHubDesktop\corte_cor_ag\Models\Models.cs(224,19): warning CS8618: O propriedade n├úo anul├ível 'Status' precisa conter um valor n├úo nulo ao sair do construtor. Considere declarar o propriedade como anul├ível. [C:\Welber\2022\GitHubDesktop\corte_cor_ag\CorteCor.csproj]
C:\Welber\2022\GitHubDesktop\corte_cor_ag\Models\Models.cs(226,19): warning CS8618: O propriedade n├úo anul├ível 'Moeda' precisa conter um valor n├úo nulo ao sair do construtor. Considere declarar o propriedade como anul├ível. [C:\Welber\2022\GitHubDesktop\corte_cor_ag\CorteCor.csproj]
C:\Welber\2022\GitHubDesktop\corte_cor_ag\Handlers\EntityHandler.cs(134,36): warning CS8601: Poss├¡vel atribui├º├úo de refer├¬ncia nula. [C:\Welber\2022\GitHubDesktop\corte_cor_ag\CorteCor.csproj]
C:\Welber\2022\GitHubDesktop\corte_cor_ag\Handlers\EntityHandler.cs(135,37): warning CS8601: Poss├¡vel atribui├º├úo de refer├¬ncia nula. [C:\Welber\2022\GitHubDesktop\corte_cor_ag\CorteCor.csproj]
C:\Welber\2022\GitHubDesktop\corte_cor_ag\Handlers\EntityHandler.cs(136,40): warning CS8601: Poss├¡vel atribui├º├úo de refer├¬ncia nula. [C:\Welber\2022\GitHubDesktop\corte_cor_ag\CorteCor.csproj]
C:\Welber\2022\GitHubDesktop\corte_cor_ag\Handlers\EntityHandler.cs(138,38): warning CS8601: Poss├¡vel atribui├º├úo de refer├¬ncia nula. [C:\Welber\2022\GitHubDesktop\corte_cor_ag\CorteCor.csproj]
C:\Welber\2022\GitHubDesktop\corte_cor_ag\Handlers\EntityHandler.cs(139,41): warning CS8601: Poss├¡vel atribui├º├úo de refer├¬ncia nula. [C:\Welber\2022\GitHubDesktop\corte_cor_ag\CorteCor.csproj]
C:\Welber\2022\GitHubDesktop\corte_cor_ag\Handlers\EntityHandler.cs(140,35): warning CS8601: Poss├¡vel atribui├º├úo de refer├¬ncia nula. [C:\Welber\2022\GitHubDesktop\corte_cor_ag\CorteCor.csproj]
C:\Welber\2022\GitHubDesktop\corte_cor_ag\Handlers\EntityHandler.cs(141,37): warning CS8601: Poss├¡vel atribui├º├úo de refer├¬ncia nula. [C:\Welber\2022\GitHubDesktop\corte_cor_ag\CorteCor.csproj]
C:\Welber\2022\GitHubDesktop\corte_cor_ag\Handlers\EntityHandler.cs(148,20): warning CS8603: Poss├¡vel retorno de refer├¬ncia nula. [C:\Welber\2022\GitHubDesktop\corte_cor_ag\CorteCor.csproj]
C:\Welber\2022\GitHubDesktop\corte_cor_ag\Models\Models.cs(193,19): warning CS8618: O propriedade n├úo anul├ível 'Nome' precisa conter um valor n├úo nulo ao sair do construtor. Considere declarar o propriedade como anul├ível. [C:\Welber\2022\GitHubDesktop\corte_cor_ag\CorteCor.csproj]
C:\Welber\2022\GitHubDesktop\corte_cor_ag\Models\Models.cs(194,19): warning CS8618: O propriedade n├úo anul├ível 'Tipo' precisa conter um valor n├úo nulo ao sair do construtor. Considere declarar o propriedade como anul├ível. [C:\Welber\2022\GitHubDesktop\corte_cor_ag\CorteCor.csproj]
C:\Welber\2022\GitHubDesktop\corte_cor_ag\Models\Models.cs(195,19): warning CS8618: O propriedade n├úo anul├ível 'Gateway' precisa conter um valor n├úo nulo ao sair do construtor. Considere declarar o propriedade como anul├ível. [C:\Welber\2022\GitHubDesktop\corte_cor_ag\CorteCor.csproj]
C:\Welber\2022\GitHubDesktop\corte_cor_ag\Models\Models.cs(182,19): warning CS8618: O propriedade n├úo anul├ível 'Status' precisa conter um valor n├úo nulo ao sair do construtor. Considere declarar o propriedade como anul├ível. [C:\Welber\2022\GitHubDesktop\corte_cor_ag\CorteCor.csproj]
C:\Welber\2022\GitHubDesktop\corte_cor_ag\Models\Models.cs(158,19): warning CS8618: O propriedade n├úo anul├ível 'Nome' precisa conter um valor n├úo nulo ao sair do construtor. Considere declarar o propriedade como anul├ível. [C:\Welber\2022\GitHubDesktop\corte_cor_ag\CorteCor.csproj]
C:\Welber\2022\GitHubDesktop\corte_cor_ag\Models\Models.cs(159,19): warning CS8618: O propriedade n├úo anul├ível 'Telefone' precisa conter um valor n├úo nulo ao sair do construtor. Considere declarar o propriedade como anul├ível. [C:\Welber\2022\GitHubDesktop\corte_cor_ag\CorteCor.csproj]
C:\Welber\2022\GitHubDesktop\corte_cor_ag\Models\Models.cs(160,19): warning CS8618: O propriedade n├úo anul├ível 'Email' precisa conter um valor n├úo nulo ao sair do construtor. Considere declarar o propriedade como anul├ível. [C:\Welber\2022\GitHubDesktop\corte_cor_ag\CorteCor.csproj]
C:\Welber\2022\GitHubDesktop\corte_cor_ag\Services\BrevoEmailService.cs(127,28): warning CS8619: A anulabilidade de tipos de refer├¬ncia no valor do tipo '(bool, string?)' n├úo corresponde ao tipo de destino '(bool Success, string ErrorMessage)'. [C:\Welber\2022\GitHubDesktop\corte_cor_ag\CorteCor.csproj]
C:\Welber\2022\GitHubDesktop\corte_cor_ag\Models\Models.cs(138,19): warning CS8618: O propriedade n├úo anul├ível 'Nome' precisa conter um valor n├úo nulo ao sair do construtor. Considere declarar o propriedade como anul├ível. [C:\Welber\2022\GitHubDesktop\corte_cor_ag\CorteCor.csproj]
C:\Welber\2022\GitHubDesktop\corte_cor_ag\Handlers\EntityHandler.cs(169,36): warning CS8601: Poss├¡vel atribui├º├úo de refer├¬ncia nula. [C:\Welber\2022\GitHubDesktop\corte_cor_ag\CorteCor.csproj]
C:\Welber\2022\GitHubDesktop\corte_cor_ag\Handlers\EntityHandler.cs(170,37): warning CS8601: Poss├¡vel atribui├º├úo de refer├¬ncia nula. [C:\Welber\2022\GitHubDesktop\corte_cor_ag\CorteCor.csproj]
C:\Welber\2022\GitHubDesktop\corte_cor_ag\Handlers\EntityHandler.cs(171,40): warning CS8601: Poss├¡vel atribui├º├úo de refer├¬ncia nula. [C:\Welber\2022\GitHubDesktop\corte_cor_ag\CorteCor.csproj]
C:\Welber\2022\GitHubDesktop\corte_cor_ag\Handlers\EntityHandler.cs(173,38): warning CS8601: Poss├¡vel atribui├º├úo de refer├¬ncia nula. [C:\Welber\2022\GitHubDesktop\corte_cor_ag\CorteCor.csproj]
C:\Welber\2022\GitHubDesktop\corte_cor_ag\Handlers\EntityHandler.cs(174,41): warning CS8601: Poss├¡vel atribui├º├úo de refer├¬ncia nula. [C:\Welber\2022\GitHubDesktop\corte_cor_ag\CorteCor.csproj]
C:\Welber\2022\GitHubDesktop\corte_cor_ag\Handlers\EntityHandler.cs(175,35): warning CS8601: Poss├¡vel atribui├º├úo de refer├¬ncia nula. [C:\Welber\2022\GitHubDesktop\corte_cor_ag\CorteCor.csproj]
C:\Welber\2022\GitHubDesktop\corte_cor_ag\Handlers\EntityHandler.cs(176,37): warning CS8601: Poss├¡vel atribui├º├úo de refer├¬ncia nula. [C:\Welber\2022\GitHubDesktop\corte_cor_ag\CorteCor.csproj]
C:\Welber\2022\GitHubDesktop\corte_cor_ag\Models\Models.cs(102,19): warning CS8618: O propriedade n├úo anul├ível 'Nome' precisa conter um valor n├úo nulo ao sair do construtor. Considere declarar o propriedade como anul├ível. [C:\Welber\2022\GitHubDesktop\corte_cor_ag\CorteCor.csproj]
C:\Welber\2022\GitHubDesktop\corte_cor_ag\Pages\UsuarioLista.cshtml(59,38): warning CS8602: Desrefer├¬ncia de uma refer├¬ncia possivelmente nula. [C:\Welber\2022\GitHubDesktop\corte_cor_ag\CorteCor.csproj]
C:\Welber\2022\GitHubDesktop\corte_cor_ag\Services\NFSeVerificadorRetornoJob.cs(75,80): error CS0234: O nome de tipo ou namespace "PedSitNFSe" n├úo existe no namespace "Unimake.Business.DFe.Xml.NFSe.NACIONAL" (voc├¬ est├í sem uma refer├¬ncia de assembly?) [C:\Welber\2022\GitHubDesktop\corte_cor_ag\CorteCor.csproj]
C:\Welber\2022\GitHubDesktop\corte_cor_ag\Services\NFSeVerificadorRetornoJob.cs(78,84): error CS0234: O nome de tipo ou namespace "InfPedSitNFSe" n├úo existe no namespace "Unimake.Business.DFe.Xml.NFSe.NACIONAL" (voc├¬ est├í sem uma refer├¬ncia de assembly?) [C:\Welber\2022\GitHubDesktop\corte_cor_ag\CorteCor.csproj]
C:\Welber\2022\GitHubDesktop\corte_cor_ag\Services\NFSeVerificadorRetornoJob.cs(91,40): error CS0104: "Servico" ├® uma refer├¬ncia amb├¡gua entre "CorteCor.Models.Servico" e "Unimake.Business.DFe.Servicos.Servico" [C:\Welber\2022\GitHubDesktop\corte_cor_ag\CorteCor.csproj]
C:\Welber\2022\GitHubDesktop\corte_cor_ag\Services\BrevoEmailService.cs(181,28): warning CS8619: A anulabilidade de tipos de refer├¬ncia no valor do tipo '(bool, string?)' n├úo corresponde ao tipo de destino '(bool Success, string ErrorMessage)'. [C:\Welber\2022\GitHubDesktop\corte_cor_ag\CorteCor.csproj]
C:\Welber\2022\GitHubDesktop\corte_cor_ag\Handlers\EntityHandler.cs(400,51): warning CS8600: Convers├úo de literal nula ou poss├¡vel valor nulo em tipo n├úo anul├ível. [C:\Welber\2022\GitHubDesktop\corte_cor_ag\CorteCor.csproj]
C:\Welber\2022\GitHubDesktop\corte_cor_ag\Handlers\EntityHandler.cs(409,20): warning CS8603: Poss├¡vel retorno de refer├¬ncia nula. [C:\Welber\2022\GitHubDesktop\corte_cor_ag\CorteCor.csproj]
C:\Welber\2022\GitHubDesktop\corte_cor_ag\Pages\Adm.cshtml.cs(18,23): warning CS8618: O propriedade n├úo anul├ível 'ErrorMessage' precisa conter um valor n├úo nulo ao sair do construtor. Considere declarar o propriedade como anul├ível. [C:\Welber\2022\GitHubDesktop\corte_cor_ag\CorteCor.csproj]
C:\Welber\2022\GitHubDesktop\corte_cor_ag\Pages\Adm.cshtml.cs(21,23): warning CS8618: O propriedade n├úo anul├ível 'NomeSalao' precisa conter um valor n├úo nulo ao sair do construtor. Considere declarar o propriedade como anul├ível. [C:\Welber\2022\GitHubDesktop\corte_cor_ag\CorteCor.csproj]
C:\Welber\2022\GitHubDesktop\corte_cor_ag\Pages\Adm.cshtml.cs(22,23): warning CS8618: O propriedade n├úo anul├ível 'NomeCliente' precisa conter um valor n├úo nulo ao sair do construtor. Considere declarar o propriedade como anul├ível. [C:\Welber\2022\GitHubDesktop\corte_cor_ag\CorteCor.csproj]
C:\Welber\2022\GitHubDesktop\corte_cor_ag\Pages\Adm.cshtml.cs(25,23): warning CS8618: O propriedade n├úo anul├ível 'SalaoLink' precisa conter um valor n├úo nulo ao sair do construtor. Considere declarar o propriedade como anul├ível. [C:\Welber\2022\GitHubDesktop\corte_cor_ag\CorteCor.csproj]
C:\Welber\2022\GitHubDesktop\corte_cor_ag\Pages\Adm.cshtml.cs(26,23): warning CS8618: O propriedade n├úo anul├ível 'SalaoLinkID' precisa conter um valor n├úo nulo ao sair do construtor. Considere declarar o propriedade como anul├ível. [C:\Welber\2022\GitHubDesktop\corte_cor_ag\CorteCor.csproj]
C:\Welber\2022\GitHubDesktop\corte_cor_ag\Handlers\EntityHandler.cs(430,28): warning CS8601: Poss├¡vel atribui├º├úo de refer├¬ncia nula. [C:\Welber\2022\GitHubDesktop\corte_cor_ag\CorteCor.csproj]
C:\Welber\2022\GitHubDesktop\corte_cor_ag\Handlers\EntityHandler.cs(431,35): warning CS8601: Poss├¡vel atribui├º├úo de refer├¬ncia nula. [C:\Welber\2022\GitHubDesktop\corte_cor_ag\CorteCor.csproj]
C:\Welber\2022\GitHubDesktop\corte_cor_ag\Handlers\EntityHandler.cs(432,29): warning CS8601: Poss├¡vel atribui├º├úo de refer├¬ncia nula. [C:\Welber\2022\GitHubDesktop\corte_cor_ag\CorteCor.csproj]
C:\Welber\2022\GitHubDesktop\corte_cor_ag\Handlers\EntityHandler.cs(433,32): warning CS8601: Poss├¡vel atribui├º├úo de refer├¬ncia nula. [C:\Welber\2022\GitHubDesktop\corte_cor_ag\CorteCor.csproj]
C:\Welber\2022\GitHubDesktop\corte_cor_ag\Handlers\EntityHandler.cs(434,32): warning CS8601: Poss├¡vel atribui├º├úo de refer├¬ncia nula. [C:\Welber\2022\GitHubDesktop\corte_cor_ag\CorteCor.csproj]
C:\Welber\2022\GitHubDesktop\corte_cor_ag\Handlers\EntityHandler.cs(435,28): warning CS8601: Poss├¡vel atribui├º├úo de refer├¬ncia nula. [C:\Welber\2022\GitHubDesktop\corte_cor_ag\CorteCor.csproj]
C:\Welber\2022\GitHubDesktop\corte_cor_ag\Handlers\EntityHandler.cs(436,30): warning CS8601: Poss├¡vel atribui├º├úo de refer├¬ncia nula. [C:\Welber\2022\GitHubDesktop\corte_cor_ag\CorteCor.csproj]
C:\Welber\2022\GitHubDesktop\corte_cor_ag\Handlers\EntityHandler.cs(443,20): warning CS8603: Poss├¡vel retorno de refer├¬ncia nula. [C:\Welber\2022\GitHubDesktop\corte_cor_ag\CorteCor.csproj]
C:\Welber\2022\GitHubDesktop\corte_cor_ag\Services\CriptografiaService.cs(27,58): warning CS8603: Poss├¡vel retorno de refer├¬ncia nula. [C:\Welber\2022\GitHubDesktop\corte_cor_ag\CorteCor.csproj]
C:\Welber\2022\GitHubDesktop\corte_cor_ag\Handlers\EntityHandler.cs(484,33): warning CS8600: Convers├úo de literal nula ou poss├¡vel valor nulo em tipo n├úo anul├ível. [C:\Welber\2022\GitHubDesktop\corte_cor_ag\CorteCor.csproj]
C:\Welber\2022\GitHubDesktop\corte_cor_ag\Services\CriptografiaService.cs(53,86): warning CS8603: Poss├¡vel retorno de refer├¬ncia nula. [C:\Welber\2022\GitHubDesktop\corte_cor_ag\CorteCor.csproj]
C:\Welber\2022\GitHubDesktop\corte_cor_ag\Services\NFSeEmissorService.cs(84,60): warning CS8602: Desrefer├¬ncia de uma refer├¬ncia possivelmente nula. [C:\Welber\2022\GitHubDesktop\corte_cor_ag\CorteCor.csproj]
C:\Welber\2022\GitHubDesktop\corte_cor_ag\Services\NFSeEmissorService.cs(85,59): warning CS8602: Desrefer├¬ncia de uma refer├¬ncia possivelmente nula. [C:\Welber\2022\GitHubDesktop\corte_cor_ag\CorteCor.csproj]
C:\Welber\2022\GitHubDesktop\corte_cor_ag\Services\NFSeEmissorService.cs(124,35): warning CS8600: Convers├úo de literal nula ou poss├¡vel valor nulo em tipo n├úo anul├ível. [C:\Welber\2022\GitHubDesktop\corte_cor_ag\CorteCor.csproj]
C:\Welber\2022\GitHubDesktop\corte_cor_ag\Services\NFSeEmissorService.cs(128,29): warning CS8600: Convers├úo de literal nula ou poss├¡vel valor nulo em tipo n├úo anul├ível. [C:\Welber\2022\GitHubDesktop\corte_cor_ag\CorteCor.csproj]
C:\Welber\2022\GitHubDesktop\corte_cor_ag\Handlers\EntityHandler.cs(622,33): warning CS8600: Convers├úo de literal nula ou poss├¡vel valor nulo em tipo n├úo anul├ível. [C:\Welber\2022\GitHubDesktop\corte_cor_ag\CorteCor.csproj]
C:\Welber\2022\GitHubDesktop\corte_cor_ag\Handlers\EntityHandler.cs(526,36): warning CS8601: Poss├¡vel atribui├º├úo de refer├¬ncia nula. [C:\Welber\2022\GitHubDesktop\corte_cor_ag\CorteCor.csproj]
C:\Welber\2022\GitHubDesktop\corte_cor_ag\Handlers\EntityHandler.cs(527,43): warning CS8601: Poss├¡vel atribui├º├úo de refer├¬ncia nula. [C:\Welber\2022\GitHubDesktop\corte_cor_ag\CorteCor.csproj]
C:\Welber\2022\GitHubDesktop\corte_cor_ag\Handlers\EntityHandler.cs(528,37): warning CS8601: Poss├¡vel atribui├º├úo de refer├¬ncia nula. [C:\Welber\2022\GitHubDesktop\corte_cor_ag\CorteCor.csproj]
C:\Welber\2022\GitHubDesktop\corte_cor_ag\Handlers\EntityHandler.cs(529,40): warning CS8601: Poss├¡vel atribui├º├úo de refer├¬ncia nula. [C:\Welber\2022\GitHubDesktop\corte_cor_ag\CorteCor.csproj]
C:\Welber\2022\GitHubDesktop\corte_cor_ag\Handlers\EntityHandler.cs(530,40): warning CS8601: Poss├¡vel atribui├º├úo de refer├¬ncia nula. [C:\Welber\2022\GitHubDesktop\corte_cor_ag\CorteCor.csproj]
C:\Welber\2022\GitHubDesktop\corte_cor_ag\Handlers\EntityHandler.cs(531,36): warning CS8601: Poss├¡vel atribui├º├úo de refer├¬ncia nula. [C:\Welber\2022\GitHubDesktop\corte_cor_ag\CorteCor.csproj]
C:\Welber\2022\GitHubDesktop\corte_cor_ag\Handlers\EntityHandler.cs(532,38): warning CS8601: Poss├¡vel atribui├º├úo de refer├¬ncia nula. [C:\Welber\2022\GitHubDesktop\corte_cor_ag\CorteCor.csproj]
C:\Welber\2022\GitHubDesktop\corte_cor_ag\Handlers\EntityHandler.cs(534,42): warning CS8601: Poss├¡vel atribui├º├úo de refer├¬ncia nula. [C:\Welber\2022\GitHubDesktop\corte_cor_ag\CorteCor.csproj]
C:\Welber\2022\GitHubDesktop\corte_cor_ag\Handlers\EntityHandler.cs(649,36): warning CS8601: Poss├¡vel atribui├º├úo de refer├¬ncia nula. [C:\Welber\2022\GitHubDesktop\corte_cor_ag\CorteCor.csproj]
C:\Welber\2022\GitHubDesktop\corte_cor_ag\Handlers\EntityHandler.cs(650,37): warning CS8601: Poss├¡vel atribui├º├úo de refer├¬ncia nula. [C:\Welber\2022\GitHubDesktop\corte_cor_ag\CorteCor.csproj]
C:\Welber\2022\GitHubDesktop\corte_cor_ag\Handlers\EntityHandler.cs(651,37): warning CS8601: Poss├¡vel atribui├º├úo de refer├¬ncia nula. [C:\Welber\2022\GitHubDesktop\corte_cor_ag\CorteCor.csproj]
C:\Welber\2022\GitHubDesktop\corte_cor_ag\Handlers\EntityHandler.cs(652,38): warning CS8601: Poss├¡vel atribui├º├úo de refer├¬ncia nula. [C:\Welber\2022\GitHubDesktop\corte_cor_ag\CorteCor.csproj]
C:\Welber\2022\GitHubDesktop\corte_cor_ag\Handlers\EntityHandler.cs(653,38): warning CS8601: Poss├¡vel atribui├º├úo de refer├¬ncia nula. [C:\Welber\2022\GitHubDesktop\corte_cor_ag\CorteCor.csproj]
C:\Welber\2022\GitHubDesktop\corte_cor_ag\Handlers\NotaFiscalInutilizacaoHandler.cs(72,49): warning CS8604: Poss├¡vel argumento de refer├¬ncia nula para o par├ómetro 'input' em 'Guid Guid.Parse(string input)'. [C:\Welber\2022\GitHubDesktop\corte_cor_ag\CorteCor.csproj]
C:\Welber\2022\GitHubDesktop\corte_cor_ag\Handlers\NotaFiscalInutilizacaoHandler.cs(79,37): warning CS8601: Poss├¡vel atribui├º├úo de refer├¬ncia nula. [C:\Welber\2022\GitHubDesktop\corte_cor_ag\CorteCor.csproj]
C:\Welber\2022\GitHubDesktop\corte_cor_ag\Handlers\NotaFiscalInutilizacaoHandler.cs(80,30): warning CS8601: Poss├¡vel atribui├º├úo de refer├¬ncia nula. [C:\Welber\2022\GitHubDesktop\corte_cor_ag\CorteCor.csproj]
C:\Welber\2022\GitHubDesktop\corte_cor_ag\Handlers\NotaFiscalHandler.cs(99,43): warning CS8604: Poss├¡vel argumento de refer├¬ncia nula para o par├ómetro 'input' em 'Guid Guid.Parse(string input)'. [C:\Welber\2022\GitHubDesktop\corte_cor_ag\CorteCor.csproj]
C:\Welber\2022\GitHubDesktop\corte_cor_ag\Handlers\NotaFiscalHandler.cs(103,28): warning CS8601: Poss├¡vel atribui├º├úo de refer├¬ncia nula. [C:\Welber\2022\GitHubDesktop\corte_cor_ag\CorteCor.csproj]
C:\Welber\2022\GitHubDesktop\corte_cor_ag\Handlers\NotaFiscalHandler.cs(108,26): warning CS8601: Poss├¡vel atribui├º├úo de refer├¬ncia nula. [C:\Welber\2022\GitHubDesktop\corte_cor_ag\CorteCor.csproj]
C:\Welber\2022\GitHubDesktop\corte_cor_ag\Handlers\NotaFiscalHandler.cs(110,39): warning CS8602: Desrefer├¬ncia de uma refer├¬ncia possivelmente nula. [C:\Welber\2022\GitHubDesktop\corte_cor_ag\CorteCor.csproj]
C:\Welber\2022\GitHubDesktop\corte_cor_ag\Handlers\NotaFiscalHandler.cs(111,38): warning CS8602: Desrefer├¬ncia de uma refer├¬ncia possivelmente nula. [C:\Welber\2022\GitHubDesktop\corte_cor_ag\CorteCor.csproj]
C:\Welber\2022\GitHubDesktop\corte_cor_ag\Pages\AdmAlterarSenha.cshtml.cs(22,16): warning CS8618: O propriedade n├úo anul├ível 'SenhaAtual' precisa conter um valor n├úo nulo ao sair do construtor. Considere declarar o propriedade como anul├ível. [C:\Welber\2022\GitHubDesktop\corte_cor_ag\CorteCor.csproj]
C:\Welber\2022\GitHubDesktop\corte_cor_ag\Pages\AdmAlterarSenha.cshtml.cs(22,16): warning CS8618: O propriedade n├úo anul├ível 'EmailUsuario' precisa conter um valor n├úo nulo ao sair do construtor. Considere declarar o propriedade como anul├ível. [C:\Welber\2022\GitHubDesktop\corte_cor_ag\CorteCor.csproj]
C:\Welber\2022\GitHubDesktop\corte_cor_ag\Pages\AdmAlterarSenha.cshtml.cs(22,16): warning CS8618: O propriedade n├úo anul├ível 'NovaSenha' precisa conter um valor n├úo nulo ao sair do construtor. Considere declarar o propriedade como anul├ível. [C:\Welber\2022\GitHubDesktop\corte_cor_ag\CorteCor.csproj]
C:\Welber\2022\GitHubDesktop\corte_cor_ag\Pages\AdmAlterarSenha.cshtml.cs(22,16): warning CS8618: O propriedade n├úo anul├ível 'ConfirmarSenha' precisa conter um valor n├úo nulo ao sair do construtor. Considere declarar o propriedade como anul├ível. [C:\Welber\2022\GitHubDesktop\corte_cor_ag\CorteCor.csproj]
C:\Welber\2022\GitHubDesktop\corte_cor_ag\Pages\AdmAlterarSenha.cshtml.cs(38,28): warning CS8602: Desrefer├¬ncia de uma refer├¬ncia possivelmente nula. [C:\Welber\2022\GitHubDesktop\corte_cor_ag\CorteCor.csproj]
C:\Welber\2022\GitHubDesktop\corte_cor_ag\Pages\AdmAlterarSenha.cshtml.cs(38,28): warning CS8601: Poss├¡vel atribui├º├úo de refer├¬ncia nula. [C:\Welber\2022\GitHubDesktop\corte_cor_ag\CorteCor.csproj]
C:\Welber\2022\GitHubDesktop\corte_cor_ag\Pages\AdmAlterarSenha.cshtml.cs(43,35): warning CS8602: Desrefer├¬ncia de uma refer├¬ncia possivelmente nula. [C:\Welber\2022\GitHubDesktop\corte_cor_ag\CorteCor.csproj]
C:\Welber\2022\GitHubDesktop\corte_cor_ag\Pages\AdmAlterarSenha.cshtml.cs(43,35): warning CS8600: Convers├úo de literal nula ou poss├¡vel valor nulo em tipo n├úo anul├ível. [C:\Welber\2022\GitHubDesktop\corte_cor_ag\CorteCor.csproj]
C:\Welber\2022\GitHubDesktop\corte_cor_ag\Pages\AdmAlterarSenha.cshtml.cs(44,28): warning CS8601: Poss├¡vel atribui├º├úo de refer├¬ncia nula. [C:\Welber\2022\GitHubDesktop\corte_cor_ag\CorteCor.csproj]
C:\Welber\2022\GitHubDesktop\corte_cor_ag\Pages\AdmAlterarSenha.cshtml.cs(59,52): warning CS8604: Poss├¡vel argumento de refer├¬ncia nula para o par├ómetro 'value' em 'void DbExtensions.AddWithValue(IDbCommand command, string parameterName, object value)'. [C:\Welber\2022\GitHubDesktop\corte_cor_ag\CorteCor.csproj]
C:\Welber\2022\GitHubDesktop\corte_cor_ag\Pages\AdmAlterarSenha.cshtml.cs(60,43): warning CS8600: Convers├úo de literal nula ou poss├¡vel valor nulo em tipo n├úo anul├ível. [C:\Welber\2022\GitHubDesktop\corte_cor_ag\CorteCor.csproj]
C:\Welber\2022\GitHubDesktop\corte_cor_ag\Services\FiscalActionService.cs(49,21): error CS0117: "PedRegEvento" n├úo cont├®m uma defini├º├úo para "InfPedRegEvento" [C:\Welber\2022\GitHubDesktop\corte_cor_ag\CorteCor.csproj]
C:\Welber\2022\GitHubDesktop\corte_cor_ag\Services\FiscalActionService.cs(49,82): error CS0234: O nome de tipo ou namespace "InfPedRegEvento" n├úo existe no namespace "Unimake.Business.DFe.Xml.NFSe.NACIONAL" (voc├¬ est├í sem uma refer├¬ncia de assembly?) [C:\Welber\2022\GitHubDesktop\corte_cor_ag\CorteCor.csproj]
C:\Welber\2022\GitHubDesktop\corte_cor_ag\Services\FiscalActionService.cs(58,80): error CS0234: O nome de tipo ou namespace "DetEvento" n├úo existe no namespace "Unimake.Business.DFe.Xml.NFSe.NACIONAL" (voc├¬ est├í sem uma refer├¬ncia de assembly?) [C:\Welber\2022\GitHubDesktop\corte_cor_ag\CorteCor.csproj]
C:\Welber\2022\GitHubDesktop\corte_cor_ag\Services\FiscalActionService.cs(60,87): error CS0234: O nome de tipo ou namespace "Cancelamento" n├úo existe no namespace "Unimake.Business.DFe.Xml.NFSe.NACIONAL" (voc├¬ est├í sem uma refer├¬ncia de assembly?) [C:\Welber\2022\GitHubDesktop\corte_cor_ag\CorteCor.csproj]
C:\Welber\2022\GitHubDesktop\corte_cor_ag\Services\FiscalActionService.cs(77,69): error CS0117: "Servico" n├úo cont├®m uma defini├º├úo para "NFSeRecepcaoEvento" [C:\Welber\2022\GitHubDesktop\corte_cor_ag\CorteCor.csproj]
C:\Welber\2022\GitHubDesktop\corte_cor_ag\Services\FiscalActionService.cs(80,77): error CS0234: O nome de tipo ou namespace "RecepcaoEvento" n├úo existe no namespace "Unimake.Business.DFe.Servicos.NFSe" (voc├¬ est├í sem uma refer├¬ncia de assembly?) [C:\Welber\2022\GitHubDesktop\corte_cor_ag\CorteCor.csproj]
C:\Welber\2022\GitHubDesktop\corte_cor_ag\Services\FiscalActionService.cs(33,45): warning CS1998: Este m├®todo ass├¡ncrono n├úo possui operadores 'await' e ser├í executado de modo s├¡ncrono. ├ë recomend├ível o uso do operador 'await' para aguardar chamadas ├á API desbloqueadas ou do operador 'await Task.Run(...)' para realizar um trabalho associado ├á CPU em um thread em segundo plano. [C:\Welber\2022\GitHubDesktop\corte_cor_ag\CorteCor.csproj]
C:\Welber\2022\GitHubDesktop\corte_cor_ag\Handlers\EntityHandler.cs(743,47): warning CS8600: Convers├úo de literal nula ou poss├¡vel valor nulo em tipo n├úo anul├ível. [C:\Welber\2022\GitHubDesktop\corte_cor_ag\CorteCor.csproj]
C:\Welber\2022\GitHubDesktop\corte_cor_ag\Handlers\EntityHandler.cs(744,51): warning CS8600: Convers├úo de literal nula ou poss├¡vel valor nulo em tipo n├úo anul├ível. [C:\Welber\2022\GitHubDesktop\corte_cor_ag\CorteCor.csproj]
C:\Welber\2022\GitHubDesktop\corte_cor_ag\Handlers\EntityHandler.cs(745,45): warning CS8600: Convers├úo de literal nula ou poss├¡vel valor nulo em tipo n├úo anul├ível. [C:\Welber\2022\GitHubDesktop\corte_cor_ag\CorteCor.csproj]
C:\Welber\2022\GitHubDesktop\corte_cor_ag\Handlers\EntityHandler.cs(746,46): warning CS8600: Convers├úo de literal nula ou poss├¡vel valor nulo em tipo n├úo anul├ível. [C:\Welber\2022\GitHubDesktop\corte_cor_ag\CorteCor.csproj]
C:\Welber\2022\GitHubDesktop\corte_cor_ag\Handlers\EntityHandler.cs(747,57): warning CS8600: Convers├úo de literal nula ou poss├¡vel valor nulo em tipo n├úo anul├ível. [C:\Welber\2022\GitHubDesktop\corte_cor_ag\CorteCor.csproj]
C:\Welber\2022\GitHubDesktop\corte_cor_ag\Handlers\EntityHandler.cs(748,56): warning CS8600: Convers├úo de literal nula ou poss├¡vel valor nulo em tipo n├úo anul├ível. [C:\Welber\2022\GitHubDesktop\corte_cor_ag\CorteCor.csproj]
C:\Welber\2022\GitHubDesktop\corte_cor_ag\Handlers\EntityHandler.cs(749,46): warning CS8600: Convers├úo de literal nula ou poss├¡vel valor nulo em tipo n├úo anul├ível. [C:\Welber\2022\GitHubDesktop\corte_cor_ag\CorteCor.csproj]
C:\Welber\2022\GitHubDesktop\corte_cor_ag\Handlers\EntityHandler.cs(750,54): warning CS8600: Convers├úo de literal nula ou poss├¡vel valor nulo em tipo n├úo anul├ível. [C:\Welber\2022\GitHubDesktop\corte_cor_ag\CorteCor.csproj]
C:\Welber\2022\GitHubDesktop\corte_cor_ag\Handlers\EntityHandler.cs(751,58): warning CS8600: Convers├úo de literal nula ou poss├¡vel valor nulo em tipo n├úo anul├ível. [C:\Welber\2022\GitHubDesktop\corte_cor_ag\CorteCor.csproj]
C:\Welber\2022\GitHubDesktop\corte_cor_ag\Handlers\EntityHandler.cs(752,63): warning CS8600: Convers├úo de literal nula ou poss├¡vel valor nulo em tipo n├úo anul├ível. [C:\Welber\2022\GitHubDesktop\corte_cor_ag\CorteCor.csproj]
C:\Welber\2022\GitHubDesktop\corte_cor_ag\Handlers\EntityHandler.cs(753,52): warning CS8600: Convers├úo de literal nula ou poss├¡vel valor nulo em tipo n├úo anul├ível. [C:\Welber\2022\GitHubDesktop\corte_cor_ag\CorteCor.csproj]
C:\Welber\2022\GitHubDesktop\corte_cor_ag\Handlers\EntityHandler.cs(754,56): warning CS8600: Convers├úo de literal nula ou poss├¡vel valor nulo em tipo n├úo anul├ível. [C:\Welber\2022\GitHubDesktop\corte_cor_ag\CorteCor.csproj]
C:\Welber\2022\GitHubDesktop\corte_cor_ag\Handlers\EntityHandler.cs(755,51): warning CS8600: Convers├úo de literal nula ou poss├¡vel valor nulo em tipo n├úo anul├ível. [C:\Welber\2022\GitHubDesktop\corte_cor_ag\CorteCor.csproj]
C:\Welber\2022\GitHubDesktop\corte_cor_ag\Handlers\EntityHandler.cs(756,50): warning CS8600: Convers├úo de literal nula ou poss├¡vel valor nulo em tipo n├úo anul├ível. [C:\Welber\2022\GitHubDesktop\corte_cor_ag\CorteCor.csproj]
C:\Welber\2022\GitHubDesktop\corte_cor_ag\Handlers\EntityHandler.cs(757,59): warning CS8600: Convers├úo de literal nula ou poss├¡vel valor nulo em tipo n├úo anul├ível. [C:\Welber\2022\GitHubDesktop\corte_cor_ag\CorteCor.csproj]
C:\Welber\2022\GitHubDesktop\corte_cor_ag\Handlers\EntityHandler.cs(758,54): warning CS8600: Convers├úo de literal nula ou poss├¡vel valor nulo em tipo n├úo anul├ível. [C:\Welber\2022\GitHubDesktop\corte_cor_ag\CorteCor.csproj]
C:\Welber\2022\GitHubDesktop\corte_cor_ag\Handlers\EntityHandler.cs(759,51): warning CS8600: Convers├úo de literal nula ou poss├¡vel valor nulo em tipo n├úo anul├ível. [C:\Welber\2022\GitHubDesktop\corte_cor_ag\CorteCor.csproj]
C:\Welber\2022\GitHubDesktop\corte_cor_ag\Handlers\EntityHandler.cs(760,49): warning CS8600: Convers├úo de literal nula ou poss├¡vel valor nulo em tipo n├úo anul├ível. [C:\Welber\2022\GitHubDesktop\corte_cor_ag\CorteCor.csproj]
C:\Welber\2022\GitHubDesktop\corte_cor_ag\Handlers\EntityHandler.cs(761,58): warning CS8600: Convers├úo de literal nula ou poss├¡vel valor nulo em tipo n├úo anul├ível. [C:\Welber\2022\GitHubDesktop\corte_cor_ag\CorteCor.csproj]
C:\Welber\2022\GitHubDesktop\corte_cor_ag\Handlers\EntityHandler.cs(762,49): warning CS8600: Convers├úo de literal nula ou poss├¡vel valor nulo em tipo n├úo anul├ível. [C:\Welber\2022\GitHubDesktop\corte_cor_ag\CorteCor.csproj]
C:\Welber\2022\GitHubDesktop\corte_cor_ag\Handlers\EntityHandler.cs(763,47): warning CS8600: Convers├úo de literal nula ou poss├¡vel valor nulo em tipo n├úo anul├ível. [C:\Welber\2022\GitHubDesktop\corte_cor_ag\CorteCor.csproj]
C:\Welber\2022\GitHubDesktop\corte_cor_ag\Handlers\EntityHandler.cs(764,62): warning CS8604: Poss├¡vel argumento de refer├¬ncia nula para o par├ómetro 'value' em 'void DbExtensions.AddWithValue(IDbCommand command, string parameterName, object value)'. [C:\Welber\2022\GitHubDesktop\corte_cor_ag\CorteCor.csproj]
C:\Welber\2022\GitHubDesktop\corte_cor_ag\Handlers\EntityHandler.cs(765,51): warning CS8600: Convers├úo de literal nula ou poss├¡vel valor nulo em tipo n├úo anul├ível. [C:\Welber\2022\GitHubDesktop\corte_cor_ag\CorteCor.csproj]
C:\Welber\2022\GitHubDesktop\corte_cor_ag\Handlers\EntityHandler.cs(766,50): warning CS8600: Convers├úo de literal nula ou poss├¡vel valor nulo em tipo n├úo anul├ível. [C:\Welber\2022\GitHubDesktop\corte_cor_ag\CorteCor.csproj]
C:\Welber\2022\GitHubDesktop\corte_cor_ag\Handlers\EntityHandler.cs(767,54): warning CS8600: Convers├úo de literal nula ou poss├¡vel valor nulo em tipo n├úo anul├ível. [C:\Welber\2022\GitHubDesktop\corte_cor_ag\CorteCor.csproj]
C:\Welber\2022\GitHubDesktop\corte_cor_ag\Handlers\EntityHandler.cs(768,58): warning CS8600: Convers├úo de literal nula ou poss├¡vel valor nulo em tipo n├úo anul├ível. [C:\Welber\2022\GitHubDesktop\corte_cor_ag\CorteCor.csproj]
C:\Welber\2022\GitHubDesktop\corte_cor_ag\Handlers\EntityHandler.cs(769,52): warning CS8600: Convers├úo de literal nula ou poss├¡vel valor nulo em tipo n├úo anul├ível. [C:\Welber\2022\GitHubDesktop\corte_cor_ag\CorteCor.csproj]
C:\Welber\2022\GitHubDesktop\corte_cor_ag\Handlers\EntityHandler.cs(770,53): warning CS8600: Convers├úo de literal nula ou poss├¡vel valor nulo em tipo n├úo anul├ível. [C:\Welber\2022\GitHubDesktop\corte_cor_ag\CorteCor.csproj]
C:\Welber\2022\GitHubDesktop\corte_cor_ag\Handlers\EntityHandler.cs(771,55): warning CS8600: Convers├úo de literal nula ou poss├¡vel valor nulo em tipo n├úo anul├ível. [C:\Welber\2022\GitHubDesktop\corte_cor_ag\CorteCor.csproj]
C:\Welber\2022\GitHubDesktop\corte_cor_ag\Handlers\EntityHandler.cs(772,63): warning CS8600: Convers├úo de literal nula ou poss├¡vel valor nulo em tipo n├úo anul├ível. [C:\Welber\2022\GitHubDesktop\corte_cor_ag\CorteCor.csproj]
C:\Welber\2022\GitHubDesktop\corte_cor_ag\Handlers\EntityHandler.cs(773,70): warning CS8600: Convers├úo de literal nula ou poss├¡vel valor nulo em tipo n├úo anul├ível. [C:\Welber\2022\GitHubDesktop\corte_cor_ag\CorteCor.csproj]
C:\Welber\2022\GitHubDesktop\corte_cor_ag\Handlers\EntityHandler.cs(774,59): warning CS8600: Convers├úo de literal nula ou poss├¡vel valor nulo em tipo n├úo anul├ível. [C:\Welber\2022\GitHubDesktop\corte_cor_ag\CorteCor.csproj]
C:\Welber\2022\GitHubDesktop\corte_cor_ag\Handlers\EntityHandler.cs(775,63): warning CS8600: Convers├úo de literal nula ou poss├¡vel valor nulo em tipo n├úo anul├ível. [C:\Welber\2022\GitHubDesktop\corte_cor_ag\CorteCor.csproj]
C:\Welber\2022\GitHubDesktop\corte_cor_ag\Handlers\EntityHandler.cs(776,58): warning CS8600: Convers├úo de literal nula ou poss├¡vel valor nulo em tipo n├úo anul├ível. [C:\Welber\2022\GitHubDesktop\corte_cor_ag\CorteCor.csproj]
C:\Welber\2022\GitHubDesktop\corte_cor_ag\Handlers\EntityHandler.cs(777,57): warning CS8600: Convers├úo de literal nula ou poss├¡vel valor nulo em tipo n├úo anul├ível. [C:\Welber\2022\GitHubDesktop\corte_cor_ag\CorteCor.csproj]
C:\Welber\2022\GitHubDesktop\corte_cor_ag\Handlers\EntityHandler.cs(778,66): warning CS8600: Convers├úo de literal nula ou poss├¡vel valor nulo em tipo n├úo anul├ível. [C:\Welber\2022\GitHubDesktop\corte_cor_ag\CorteCor.csproj]
C:\Welber\2022\GitHubDesktop\corte_cor_ag\Handlers\EntityHandler.cs(779,61): warning CS8600: Convers├úo de literal nula ou poss├¡vel valor nulo em tipo n├úo anul├ível. [C:\Welber\2022\GitHubDesktop\corte_cor_ag\CorteCor.csproj]
C:\Welber\2022\GitHubDesktop\corte_cor_ag\Handlers\EntityHandler.cs(780,33): warning CS8600: Convers├úo de literal nula ou poss├¡vel valor nulo em tipo n├úo anul├ível. [C:\Welber\2022\GitHubDesktop\corte_cor_ag\CorteCor.csproj]
C:\Welber\2022\GitHubDesktop\corte_cor_ag\Handlers\EntityHandler.cs(1028,33): warning CS8600: Convers├úo de literal nula ou poss├¡vel valor nulo em tipo n├úo anul├ível. [C:\Welber\2022\GitHubDesktop\corte_cor_ag\CorteCor.csproj]
C:\Welber\2022\GitHubDesktop\corte_cor_ag\Handlers\EntityHandler.cs(1058,48): warning CS8603: Poss├¡vel retorno de refer├¬ncia nula. [C:\Welber\2022\GitHubDesktop\corte_cor_ag\CorteCor.csproj]
C:\Welber\2022\GitHubDesktop\corte_cor_ag\Handlers\EntityHandler.cs(1063,32): warning CS8601: Poss├¡vel atribui├º├úo de refer├¬ncia nula. [C:\Welber\2022\GitHubDesktop\corte_cor_ag\CorteCor.csproj]
C:\Welber\2022\GitHubDesktop\corte_cor_ag\Pages\AgendamentosLista.cshtml.cs(58,16): warning CS8618: O propriedade n├úo anul├ível 'Mensagem' precisa conter um valor n├úo nulo ao sair do construtor. Considere declarar o propriedade como anul├ível. [C:\Welber\2022\GitHubDesktop\corte_cor_ag\CorteCor.csproj]
C:\Welber\2022\GitHubDesktop\corte_cor_ag\Pages\AgendamentosLista.cshtml.cs(58,16): warning CS8618: O propriedade n├úo anul├ível 'Status' precisa conter um valor n├úo nulo ao sair do construtor. Considere declarar o propriedade como anul├ível. [C:\Welber\2022\GitHubDesktop\corte_cor_ag\CorteCor.csproj]
C:\Welber\2022\GitHubDesktop\corte_cor_ag\Services\LembreteService.cs(82,123): warning CS8604: Poss├¡vel argumento de refer├¬ncia nula para o par├ómetro 'assunto' em 'void ILembreteHandler.RegistrarLogEnvio(int idLembrete, int idAgendamento, string destinatario, string assunto, string status, string? mensagemErro, string tipoLembrete, string? telefone)'. [C:\Welber\2022\GitHubDesktop\corte_cor_ag\CorteCor.csproj]
C:\Welber\2022\GitHubDesktop\corte_cor_ag\Services\LembreteService.cs(90,38): warning CS8600: Convers├úo de literal nula ou poss├¡vel valor nulo em tipo n├úo anul├ível. [C:\Welber\2022\GitHubDesktop\corte_cor_ag\CorteCor.csproj]
C:\Welber\2022\GitHubDesktop\corte_cor_ag\Services\LembreteService.cs(158,115): warning CS8604: Poss├¡vel argumento de refer├¬ncia nula para o par├ómetro 'assunto' em 'void ILembreteHandler.RegistrarLogEnvio(int idLembrete, int idAgendamento, string destinatario, string assunto, string status, string? mensagemErro, string tipoLembrete, string? telefone)'. [C:\Welber\2022\GitHubDesktop\corte_cor_ag\CorteCor.csproj]
C:\Welber\2022\GitHubDesktop\corte_cor_ag\Handlers\NotaFiscalEventoHandler.cs(70,43): warning CS8604: Poss├¡vel argumento de refer├¬ncia nula para o par├ómetro 'input' em 'Guid Guid.Parse(string input)'. [C:\Welber\2022\GitHubDesktop\corte_cor_ag\CorteCor.csproj]
C:\Welber\2022\GitHubDesktop\corte_cor_ag\Handlers\NotaFiscalEventoHandler.cs(71,47): warning CS8604: Poss├¡vel argumento de refer├¬ncia nula para o par├ómetro 'input' em 'Guid Guid.Parse(string input)'. [C:\Welber\2022\GitHubDesktop\corte_cor_ag\CorteCor.csproj]
C:\Welber\2022\GitHubDesktop\corte_cor_ag\Handlers\NotaFiscalEventoHandler.cs(73,34): warning CS8601: Poss├¡vel atribui├º├úo de refer├¬ncia nula. [C:\Welber\2022\GitHubDesktop\corte_cor_ag\CorteCor.csproj]
C:\Welber\2022\GitHubDesktop\corte_cor_ag\Handlers\NotaFiscalEventoHandler.cs(74,37): warning CS8601: Poss├¡vel atribui├º├úo de refer├¬ncia nula. [C:\Welber\2022\GitHubDesktop\corte_cor_ag\CorteCor.csproj]
C:\Welber\2022\GitHubDesktop\corte_cor_ag\Handlers\NotaFiscalEventoHandler.cs(78,30): warning CS8601: Poss├¡vel atribui├º├úo de refer├¬ncia nula. [C:\Welber\2022\GitHubDesktop\corte_cor_ag\CorteCor.csproj]
C:\Welber\2022\GitHubDesktop\corte_cor_ag\Handlers\ModeloSMSHandler.cs(36,42): warning CS8601: Poss├¡vel atribui├º├úo de refer├¬ncia nula. [C:\Welber\2022\GitHubDesktop\corte_cor_ag\CorteCor.csproj]
C:\Welber\2022\GitHubDesktop\corte_cor_ag\Handlers\ModeloSMSHandler.cs(37,40): warning CS8601: Poss├¡vel atribui├º├úo de refer├¬ncia nula. [C:\Welber\2022\GitHubDesktop\corte_cor_ag\CorteCor.csproj]
C:\Welber\2022\GitHubDesktop\corte_cor_ag\Handlers\ModeloSMSHandler.cs(65,42): warning CS8601: Poss├¡vel atribui├º├úo de refer├¬ncia nula. [C:\Welber\2022\GitHubDesktop\corte_cor_ag\CorteCor.csproj]
C:\Welber\2022\GitHubDesktop\corte_cor_ag\Handlers\ModeloSMSHandler.cs(66,40): warning CS8601: Poss├¡vel atribui├º├úo de refer├¬ncia nula. [C:\Welber\2022\GitHubDesktop\corte_cor_ag\CorteCor.csproj]
C:\Welber\2022\GitHubDesktop\corte_cor_ag\Handlers\ModeloSMSHandler.cs(73,20): warning CS8603: Poss├¡vel retorno de refer├¬ncia nula. [C:\Welber\2022\GitHubDesktop\corte_cor_ag\CorteCor.csproj]
C:\Welber\2022\GitHubDesktop\corte_cor_ag\Handlers\ModeloSMSHandler.cs(94,42): warning CS8601: Poss├¡vel atribui├º├úo de refer├¬ncia nula. [C:\Welber\2022\GitHubDesktop\corte_cor_ag\CorteCor.csproj]
C:\Welber\2022\GitHubDesktop\corte_cor_ag\Handlers\ModeloSMSHandler.cs(95,40): warning CS8601: Poss├¡vel atribui├º├úo de refer├¬ncia nula. [C:\Welber\2022\GitHubDesktop\corte_cor_ag\CorteCor.csproj]
C:\Welber\2022\GitHubDesktop\corte_cor_ag\Handlers\ModeloSMSHandler.cs(102,20): warning CS8603: Poss├¡vel retorno de refer├¬ncia nula. [C:\Welber\2022\GitHubDesktop\corte_cor_ag\CorteCor.csproj]
C:\Welber\2022\GitHubDesktop\corte_cor_ag\Handlers\EntityHandler.cs(1129,36): warning CS8601: Poss├¡vel atribui├º├úo de refer├¬ncia nula. [C:\Welber\2022\GitHubDesktop\corte_cor_ag\CorteCor.csproj]
C:\Welber\2022\GitHubDesktop\corte_cor_ag\Handlers\EntityHandler.cs(909,47): warning CS8600: Convers├úo de literal nula ou poss├¡vel valor nulo em tipo n├úo anul├ível. [C:\Welber\2022\GitHubDesktop\corte_cor_ag\CorteCor.csproj]
C:\Welber\2022\GitHubDesktop\corte_cor_ag\Handlers\EntityHandler.cs(910,51): warning CS8600: Convers├úo de literal nula ou poss├¡vel valor nulo em tipo n├úo anul├ível. [C:\Welber\2022\GitHubDesktop\corte_cor_ag\CorteCor.csproj]
C:\Welber\2022\GitHubDesktop\corte_cor_ag\Handlers\EntityHandler.cs(911,45): warning CS8600: Convers├úo de literal nula ou poss├¡vel valor nulo em tipo n├úo anul├ível. [C:\Welber\2022\GitHubDesktop\corte_cor_ag\CorteCor.csproj]
C:\Welber\2022\GitHubDesktop\corte_cor_ag\Handlers\EntityHandler.cs(912,46): warning CS8600: Convers├úo de literal nula ou poss├¡vel valor nulo em tipo n├úo anul├ível. [C:\Welber\2022\GitHubDesktop\corte_cor_ag\CorteCor.csproj]
C:\Welber\2022\GitHubDesktop\corte_cor_ag\Handlers\EntityHandler.cs(913,57): warning CS8600: Convers├úo de literal nula ou poss├¡vel valor nulo em tipo n├úo anul├ível. [C:\Welber\2022\GitHubDesktop\corte_cor_ag\CorteCor.csproj]
C:\Welber\2022\GitHubDesktop\corte_cor_ag\Handlers\EntityHandler.cs(914,56): warning CS8600: Convers├úo de literal nula ou poss├¡vel valor nulo em tipo n├úo anul├ível. [C:\Welber\2022\GitHubDesktop\corte_cor_ag\CorteCor.csproj]
C:\Welber\2022\GitHubDesktop\corte_cor_ag\Handlers\EntityHandler.cs(915,46): warning CS8600: Convers├úo de literal nula ou poss├¡vel valor nulo em tipo n├úo anul├ível. [C:\Welber\2022\GitHubDesktop\corte_cor_ag\CorteCor.csproj]
C:\Welber\2022\GitHubDesktop\corte_cor_ag\Handlers\EntityHandler.cs(916,54): warning CS8600: Convers├úo de literal nula ou poss├¡vel valor nulo em tipo n├úo anul├ível. [C:\Welber\2022\GitHubDesktop\corte_cor_ag\CorteCor.csproj]
C:\Welber\2022\GitHubDesktop\corte_cor_ag\Handlers\EntityHandler.cs(917,58): warning CS8600: Convers├úo de literal nula ou poss├¡vel valor nulo em tipo n├úo anul├ível. [C:\Welber\2022\GitHubDesktop\corte_cor_ag\CorteCor.csproj]
C:\Welber\2022\GitHubDesktop\corte_cor_ag\Handlers\EntityHandler.cs(918,63): warning CS8600: Convers├úo de literal nula ou poss├¡vel valor nulo em tipo n├úo anul├ível. [C:\Welber\2022\GitHubDesktop\corte_cor_ag\CorteCor.csproj]
C:\Welber\2022\GitHubDesktop\corte_cor_ag\Handlers\EntityHandler.cs(919,52): warning CS8600: Convers├úo de literal nula ou poss├¡vel valor nulo em tipo n├úo anul├ível. [C:\Welber\2022\GitHubDesktop\corte_cor_ag\CorteCor.csproj]
C:\Welber\2022\GitHubDesktop\corte_cor_ag\Handlers\EntityHandler.cs(920,56): warning CS8600: Convers├úo de literal nula ou poss├¡vel valor nulo em tipo n├úo anul├ível. [C:\Welber\2022\GitHubDesktop\corte_cor_ag\CorteCor.csproj]
C:\Welber\2022\GitHubDesktop\corte_cor_ag\Handlers\EntityHandler.cs(921,51): warning CS8600: Convers├úo de literal nula ou poss├¡vel valor nulo em tipo n├úo anul├ível. [C:\Welber\2022\GitHubDesktop\corte_cor_ag\CorteCor.csproj]
C:\Welber\2022\GitHubDesktop\corte_cor_ag\Handlers\EntityHandler.cs(922,50): warning CS8600: Convers├úo de literal nula ou poss├¡vel valor nulo em tipo n├úo anul├ível. [C:\Welber\2022\GitHubDesktop\corte_cor_ag\CorteCor.csproj]
C:\Welber\2022\GitHubDesktop\corte_cor_ag\Handlers\EntityHandler.cs(923,59): warning CS8600: Convers├úo de literal nula ou poss├¡vel valor nulo em tipo n├úo anul├ível. [C:\Welber\2022\GitHubDesktop\corte_cor_ag\CorteCor.csproj]
C:\Welber\2022\GitHubDesktop\corte_cor_ag\Handlers\EntityHandler.cs(924,54): warning CS8600: Convers├úo de literal nula ou poss├¡vel valor nulo em tipo n├úo anul├ível. [C:\Welber\2022\GitHubDesktop\corte_cor_ag\CorteCor.csproj]
C:\Welber\2022\GitHubDesktop\corte_cor_ag\Handlers\EntityHandler.cs(925,51): warning CS8600: Convers├úo de literal nula ou poss├¡vel valor nulo em tipo n├úo anul├ível. [C:\Welber\2022\GitHubDesktop\corte_cor_ag\CorteCor.csproj]
C:\Welber\2022\GitHubDesktop\corte_cor_ag\Handlers\EntityHandler.cs(926,49): warning CS8600: Convers├úo de literal nula ou poss├¡vel valor nulo em tipo n├úo anul├ível. [C:\Welber\2022\GitHubDesktop\corte_cor_ag\CorteCor.csproj]
C:\Welber\2022\GitHubDesktop\corte_cor_ag\Handlers\EntityHandler.cs(927,58): warning CS8600: Convers├úo de literal nula ou poss├¡vel valor nulo em tipo n├úo anul├ível. [C:\Welber\2022\GitHubDesktop\corte_cor_ag\CorteCor.csproj]
C:\Welber\2022\GitHubDesktop\corte_cor_ag\Handlers\EntityHandler.cs(928,49): warning CS8600: Convers├úo de literal nula ou poss├¡vel valor nulo em tipo n├úo anul├ível. [C:\Welber\2022\GitHubDesktop\corte_cor_ag\CorteCor.csproj]
C:\Welber\2022\GitHubDesktop\corte_cor_ag\Handlers\EntityHandler.cs(929,47): warning CS8600: Convers├úo de literal nula ou poss├¡vel valor nulo em tipo n├úo anul├ível. [C:\Welber\2022\GitHubDesktop\corte_cor_ag\CorteCor.csproj]
C:\Welber\2022\GitHubDesktop\corte_cor_ag\Handlers\EntityHandler.cs(930,62): warning CS8600: Convers├úo de literal nula ou poss├¡vel valor nulo em tipo n├úo anul├ível. [C:\Welber\2022\GitHubDesktop\corte_cor_ag\CorteCor.csproj]
C:\Welber\2022\GitHubDesktop\corte_cor_ag\Handlers\EntityHandler.cs(931,51): warning CS8600: Convers├úo de literal nula ou poss├¡vel valor nulo em tipo n├úo anul├ível. [C:\Welber\2022\GitHubDesktop\corte_cor_ag\CorteCor.csproj]
C:\Welber\2022\GitHubDesktop\corte_cor_ag\Handlers\EntityHandler.cs(932,50): warning CS8600: Convers├úo de literal nula ou poss├¡vel valor nulo em tipo n├úo anul├ível. [C:\Welber\2022\GitHubDesktop\corte_cor_ag\CorteCor.csproj]
C:\Welber\2022\GitHubDesktop\corte_cor_ag\Handlers\EntityHandler.cs(933,54): warning CS8600: Convers├úo de literal nula ou poss├¡vel valor nulo em tipo n├úo anul├ível. [C:\Welber\2022\GitHubDesktop\corte_cor_ag\CorteCor.csproj]
C:\Welber\2022\GitHubDesktop\corte_cor_ag\Handlers\EntityHandler.cs(934,58): warning CS8600: Convers├úo de literal nula ou poss├¡vel valor nulo em tipo n├úo anul├ível. [C:\Welber\2022\GitHubDesktop\corte_cor_ag\CorteCor.csproj]
C:\Welber\2022\GitHubDesktop\corte_cor_ag\Handlers\EntityHandler.cs(935,52): warning CS8600: Convers├úo de literal nula ou poss├¡vel valor nulo em tipo n├úo anul├ível. [C:\Welber\2022\GitHubDesktop\corte_cor_ag\CorteCor.csproj]
C:\Welber\2022\GitHubDesktop\corte_cor_ag\Handlers\EntityHandler.cs(936,53): warning CS8600: Convers├úo de literal nula ou poss├¡vel valor nulo em tipo n├úo anul├ível. [C:\Welber\2022\GitHubDesktop\corte_cor_ag\CorteCor.csproj]
C:\Welber\2022\GitHubDesktop\corte_cor_ag\Handlers\EntityHandler.cs(937,55): warning CS8600: Convers├úo de literal nula ou poss├¡vel valor nulo em tipo n├úo anul├ível. [C:\Welber\2022\GitHubDesktop\corte_cor_ag\CorteCor.csproj]
C:\Welber\2022\GitHubDesktop\corte_cor_ag\Handlers\EntityHandler.cs(938,63): warning CS8600: Convers├úo de literal nula ou poss├¡vel valor nulo em tipo n├úo anul├ível. [C:\Welber\2022\GitHubDesktop\corte_cor_ag\CorteCor.csproj]
C:\Welber\2022\GitHubDesktop\corte_cor_ag\Handlers\EntityHandler.cs(939,70): warning CS8600: Convers├úo de literal nula ou poss├¡vel valor nulo em tipo n├úo anul├ível. [C:\Welber\2022\GitHubDesktop\corte_cor_ag\CorteCor.csproj]
C:\Welber\2022\GitHubDesktop\corte_cor_ag\Handlers\EntityHandler.cs(940,59): warning CS8600: Convers├úo de literal nula ou poss├¡vel valor nulo em tipo n├úo anul├ível. [C:\Welber\2022\GitHubDesktop\corte_cor_ag\CorteCor.csproj]
C:\Welber\2022\GitHubDesktop\corte_cor_ag\Handlers\EntityHandler.cs(941,63): warning CS8600: Convers├úo de literal nula ou poss├¡vel valor nulo em tipo n├úo anul├ível. [C:\Welber\2022\GitHubDesktop\corte_cor_ag\CorteCor.csproj]
C:\Welber\2022\GitHubDesktop\corte_cor_ag\Handlers\EntityHandler.cs(942,58): warning CS8600: Convers├úo de literal nula ou poss├¡vel valor nulo em tipo n├úo anul├ível. [C:\Welber\2022\GitHubDesktop\corte_cor_ag\CorteCor.csproj]
C:\Welber\2022\GitHubDesktop\corte_cor_ag\Handlers\EntityHandler.cs(943,57): warning CS8600: Convers├úo de literal nula ou poss├¡vel valor nulo em tipo n├úo anul├ível. [C:\Welber\2022\GitHubDesktop\corte_cor_ag\CorteCor.csproj]
C:\Welber\2022\GitHubDesktop\corte_cor_ag\Handlers\EntityHandler.cs(944,66): warning CS8600: Convers├úo de literal nula ou poss├¡vel valor nulo em tipo n├úo anul├ível. [C:\Welber\2022\GitHubDesktop\corte_cor_ag\CorteCor.csproj]
C:\Welber\2022\GitHubDesktop\corte_cor_ag\Handlers\EntityHandler.cs(945,61): warning CS8600: Convers├úo de literal nula ou poss├¡vel valor nulo em tipo n├úo anul├ível. [C:\Welber\2022\GitHubDesktop\corte_cor_ag\CorteCor.csproj]
C:\Welber\2022\GitHubDesktop\corte_cor_ag\Handlers\FornecedoresHandler.cs(29,20): warning CS8603: Poss├¡vel retorno de refer├¬ncia nula. [C:\Welber\2022\GitHubDesktop\corte_cor_ag\CorteCor.csproj]
C:\Welber\2022\GitHubDesktop\corte_cor_ag\Handlers\FornecedoresHandler.cs(35,20): warning CS8603: Poss├¡vel retorno de refer├¬ncia nula. [C:\Welber\2022\GitHubDesktop\corte_cor_ag\CorteCor.csproj]
C:\Welber\2022\GitHubDesktop\corte_cor_ag\Handlers\FornecedoresHandler.cs(89,20): warning CS8603: Poss├¡vel retorno de refer├¬ncia nula. [C:\Welber\2022\GitHubDesktop\corte_cor_ag\CorteCor.csproj]
C:\Welber\2022\GitHubDesktop\corte_cor_ag\Handlers\FornecedoresHandler.cs(95,20): warning CS8603: Poss├¡vel retorno de refer├¬ncia nula. [C:\Welber\2022\GitHubDesktop\corte_cor_ag\CorteCor.csproj]
C:\Welber\2022\GitHubDesktop\corte_cor_ag\Handlers\EntityHandler.cs(1747,33): warning CS8600: Convers├úo de literal nula ou poss├¡vel valor nulo em tipo n├úo anul├ível. [C:\Welber\2022\GitHubDesktop\corte_cor_ag\CorteCor.csproj]
C:\Welber\2022\GitHubDesktop\corte_cor_ag\Handlers\FornecedoresHandler.cs(147,20): warning CS8603: Poss├¡vel retorno de refer├¬ncia nula. [C:\Welber\2022\GitHubDesktop\corte_cor_ag\CorteCor.csproj]
C:\Welber\2022\GitHubDesktop\corte_cor_ag\Handlers\FornecedoresHandler.cs(153,20): warning CS8603: Poss├¡vel retorno de refer├¬ncia nula. [C:\Welber\2022\GitHubDesktop\corte_cor_ag\CorteCor.csproj]
C:\Welber\2022\GitHubDesktop\corte_cor_ag\Pages\Configuracoes\FornecedoresEmail.cshtml.cs(16,16): warning CS8618: O propriedade n├úo anul├ível 'Input' precisa conter um valor n├úo nulo ao sair do construtor. Considere declarar o propriedade como anul├ível. [C:\Welber\2022\GitHubDesktop\corte_cor_ag\CorteCor.csproj]
C:\Welber\2022\GitHubDesktop\corte_cor_ag\Pages\Configuracoes\FornecedoresEmail.cshtml.cs(35,44): warning CS8604: Poss├¡vel argumento de refer├¬ncia nula para o par├ómetro 's' em 'int int.Parse(string s)'. [C:\Welber\2022\GitHubDesktop\corte_cor_ag\CorteCor.csproj]
C:\Welber\2022\GitHubDesktop\corte_cor_ag\Pages\Configuracoes\FornecedoresEmail.cshtml.cs(36,26): warning CS8601: Poss├¡vel atribui├º├úo de refer├¬ncia nula. [C:\Welber\2022\GitHubDesktop\corte_cor_ag\CorteCor.csproj]
C:\Welber\2022\GitHubDesktop\corte_cor_ag\Pages\Configuracoes\FornecedoresEmail.cshtml.cs(37,28): warning CS8601: Poss├¡vel atribui├º├úo de refer├¬ncia nula. [C:\Welber\2022\GitHubDesktop\corte_cor_ag\CorteCor.csproj]
C:\Welber\2022\GitHubDesktop\corte_cor_ag\Pages\Configuracoes\FornecedoresEmail.cshtml.cs(39,30): warning CS8601: Poss├¡vel atribui├º├úo de refer├¬ncia nula. [C:\Welber\2022\GitHubDesktop\corte_cor_ag\CorteCor.csproj]
C:\Welber\2022\GitHubDesktop\corte_cor_ag\Pages\Configuracoes\FornecedoresEmail.cshtml.cs(40,35): warning CS8601: Poss├¡vel atribui├º├úo de refer├¬ncia nula. [C:\Welber\2022\GitHubDesktop\corte_cor_ag\CorteCor.csproj]
C:\Welber\2022\GitHubDesktop\corte_cor_ag\Pages\Configuracoes\FornecedoresEmail.cshtml.cs(41,36): warning CS8601: Poss├¡vel atribui├º├úo de refer├¬ncia nula. [C:\Welber\2022\GitHubDesktop\corte_cor_ag\CorteCor.csproj]
C:\Welber\2022\GitHubDesktop\corte_cor_ag\Handlers\EntityHandler.cs(1769,48): warning CS8603: Poss├¡vel retorno de refer├¬ncia nula. [C:\Welber\2022\GitHubDesktop\corte_cor_ag\CorteCor.csproj]
C:\Welber\2022\GitHubDesktop\corte_cor_ag\Handlers\EntityHandler.cs(1774,32): warning CS8601: Poss├¡vel atribui├º├úo de refer├¬ncia nula. [C:\Welber\2022\GitHubDesktop\corte_cor_ag\CorteCor.csproj]
C:\Welber\2022\GitHubDesktop\corte_cor_ag\Handlers\EntityHandler.cs(1775,36): warning CS8601: Poss├¡vel atribui├º├úo de refer├¬ncia nula. [C:\Welber\2022\GitHubDesktop\corte_cor_ag\CorteCor.csproj]
C:\Welber\2022\GitHubDesktop\corte_cor_ag\Handlers\EntityHandler.cs(1776,33): warning CS8601: Poss├¡vel atribui├º├úo de refer├¬ncia nula. [C:\Welber\2022\GitHubDesktop\corte_cor_ag\CorteCor.csproj]
C:\Welber\2022\GitHubDesktop\corte_cor_ag\Pages\Agendamentos2.cshtml.cs(385,34): warning CS8600: Convers├úo de literal nula ou poss├¡vel valor nulo em tipo n├úo anul├ível. [C:\Welber\2022\GitHubDesktop\corte_cor_ag\CorteCor.csproj]
C:\Welber\2022\GitHubDesktop\corte_cor_ag\Handlers\EntityHandler.cs(2081,33): warning CS8600: Convers├úo de literal nula ou poss├¡vel valor nulo em tipo n├úo anul├ível. [C:\Welber\2022\GitHubDesktop\corte_cor_ag\CorteCor.csproj]
C:\Welber\2022\GitHubDesktop\corte_cor_ag\Handlers\EntityHandler.cs(1837,40): warning CS8601: Poss├¡vel atribui├º├úo de refer├¬ncia nula. [C:\Welber\2022\GitHubDesktop\corte_cor_ag\CorteCor.csproj]
C:\Welber\2022\GitHubDesktop\corte_cor_ag\Handlers\EntityHandler.cs(1838,44): warning CS8601: Poss├¡vel atribui├º├úo de refer├¬ncia nula. [C:\Welber\2022\GitHubDesktop\corte_cor_ag\CorteCor.csproj]
C:\Welber\2022\GitHubDesktop\corte_cor_ag\Handlers\EntityHandler.cs(1839,41): warning CS8601: Poss├¡vel atribui├º├úo de refer├¬ncia nula. [C:\Welber\2022\GitHubDesktop\corte_cor_ag\CorteCor.csproj]
C:\Welber\2022\GitHubDesktop\corte_cor_ag\Handlers\EntityHandler.cs(2626,33): warning CS8600: Convers├úo de literal nula ou poss├¡vel valor nulo em tipo n├úo anul├ível. [C:\Welber\2022\GitHubDesktop\corte_cor_ag\CorteCor.csproj]
C:\Welber\2022\GitHubDesktop\corte_cor_ag\Handlers\EntityHandler.cs(2113,48): warning CS8603: Poss├¡vel retorno de refer├¬ncia nula. [C:\Welber\2022\GitHubDesktop\corte_cor_ag\CorteCor.csproj]
C:\Welber\2022\GitHubDesktop\corte_cor_ag\Handlers\EntityHandler.cs(2119,34): warning CS8601: Poss├¡vel atribui├º├úo de refer├¬ncia nula. [C:\Welber\2022\GitHubDesktop\corte_cor_ag\CorteCor.csproj]
C:\Welber\2022\GitHubDesktop\corte_cor_ag\Handlers\EntityHandler.cs(2149,34): warning CS8601: Poss├¡vel atribui├º├úo de refer├¬ncia nula. [C:\Welber\2022\GitHubDesktop\corte_cor_ag\CorteCor.csproj]
C:\Welber\2022\GitHubDesktop\corte_cor_ag\Handlers\EntityHandler.cs(1287,33): warning CS8600: Convers├úo de literal nula ou poss├¡vel valor nulo em tipo n├úo anul├ível. [C:\Welber\2022\GitHubDesktop\corte_cor_ag\CorteCor.csproj]
C:\Welber\2022\GitHubDesktop\corte_cor_ag\Handlers\EntityHandler.cs(3705,43): warning CS8601: Poss├¡vel atribui├º├úo de refer├¬ncia nula. [C:\Welber\2022\GitHubDesktop\corte_cor_ag\CorteCor.csproj]
C:\Welber\2022\GitHubDesktop\corte_cor_ag\Handlers\EntityHandler.cs(3706,44): warning CS8601: Poss├¡vel atribui├º├úo de refer├¬ncia nula. [C:\Welber\2022\GitHubDesktop\corte_cor_ag\CorteCor.csproj]
C:\Welber\2022\GitHubDesktop\corte_cor_ag\Handlers\EntityHandler.cs(3707,47): warning CS8601: Poss├¡vel atribui├º├úo de refer├¬ncia nula. [C:\Welber\2022\GitHubDesktop\corte_cor_ag\CorteCor.csproj]
C:\Welber\2022\GitHubDesktop\corte_cor_ag\Handlers\EntityHandler.cs(3709,43): warning CS8601: Poss├¡vel atribui├º├úo de refer├¬ncia nula. [C:\Welber\2022\GitHubDesktop\corte_cor_ag\CorteCor.csproj]
C:\Welber\2022\GitHubDesktop\corte_cor_ag\Handlers\EntityHandler.cs(3710,48): warning CS8601: Poss├¡vel atribui├º├úo de refer├¬ncia nula. [C:\Welber\2022\GitHubDesktop\corte_cor_ag\CorteCor.csproj]
C:\Welber\2022\GitHubDesktop\corte_cor_ag\Handlers\EntityHandler.cs(3711,41): warning CS8601: Poss├¡vel atribui├º├úo de refer├¬ncia nula. [C:\Welber\2022\GitHubDesktop\corte_cor_ag\CorteCor.csproj]
C:\Welber\2022\GitHubDesktop\corte_cor_ag\Handlers\EntityHandler.cs(3713,44): warning CS8601: Poss├¡vel atribui├º├úo de refer├¬ncia nula. [C:\Welber\2022\GitHubDesktop\corte_cor_ag\CorteCor.csproj]
C:\Welber\2022\GitHubDesktop\corte_cor_ag\Handlers\EntityHandler.cs(3731,20): warning CS8603: Poss├¡vel retorno de refer├¬ncia nula. [C:\Welber\2022\GitHubDesktop\corte_cor_ag\CorteCor.csproj]
C:\Welber\2022\GitHubDesktop\corte_cor_ag\Pages\Agendamentos2.cshtml.cs(506,79): warning CS8602: Desrefer├¬ncia de uma refer├¬ncia possivelmente nula. [C:\Welber\2022\GitHubDesktop\corte_cor_ag\CorteCor.csproj]
C:\Welber\2022\GitHubDesktop\corte_cor_ag\Pages\Agendamentos2.cshtml.cs(550,83): warning CS8602: Desrefer├¬ncia de uma refer├¬ncia possivelmente nula. [C:\Welber\2022\GitHubDesktop\corte_cor_ag\CorteCor.csproj]
C:\Welber\2022\GitHubDesktop\corte_cor_ag\Handlers\EntityHandler.cs(1311,48): warning CS8603: Poss├¡vel retorno de refer├¬ncia nula. [C:\Welber\2022\GitHubDesktop\corte_cor_ag\CorteCor.csproj]
C:\Welber\2022\GitHubDesktop\corte_cor_ag\Handlers\EntityHandler.cs(1316,32): warning CS8601: Poss├¡vel atribui├º├úo de refer├¬ncia nula. [C:\Welber\2022\GitHubDesktop\corte_cor_ag\CorteCor.csproj]
C:\Welber\2022\GitHubDesktop\corte_cor_ag\Handlers\EntityHandler.cs(1883,36): warning CS8601: Poss├¡vel atribui├º├úo de refer├¬ncia nula. [C:\Welber\2022\GitHubDesktop\corte_cor_ag\CorteCor.csproj]
C:\Welber\2022\GitHubDesktop\corte_cor_ag\Handlers\EntityHandler.cs(1884,40): warning CS8601: Poss├¡vel atribui├º├úo de refer├¬ncia nula. [C:\Welber\2022\GitHubDesktop\corte_cor_ag\CorteCor.csproj]
C:\Welber\2022\GitHubDesktop\corte_cor_ag\Handlers\EntityHandler.cs(1885,37): warning CS8601: Poss├¡vel atribui├º├úo de refer├¬ncia nula. [C:\Welber\2022\GitHubDesktop\corte_cor_ag\CorteCor.csproj]
C:\Welber\2022\GitHubDesktop\corte_cor_ag\Handlers\EntityHandler.cs(1346,32): warning CS8601: Poss├¡vel atribui├º├úo de refer├¬ncia nula. [C:\Welber\2022\GitHubDesktop\corte_cor_ag\CorteCor.csproj]
C:\Welber\2022\GitHubDesktop\corte_cor_ag\Handlers\EntityHandler.cs(3021,48): warning CS8603: Poss├¡vel retorno de refer├¬ncia nula. [C:\Welber\2022\GitHubDesktop\corte_cor_ag\CorteCor.csproj]
C:\Welber\2022\GitHubDesktop\corte_cor_ag\Handlers\EntityHandler.cs(3037,48): warning CS8603: Poss├¡vel retorno de refer├¬ncia nula. [C:\Welber\2022\GitHubDesktop\corte_cor_ag\CorteCor.csproj]
C:\Welber\2022\GitHubDesktop\corte_cor_ag\Handlers\EntityHandler.cs(2184,38): warning CS8601: Poss├¡vel atribui├º├úo de refer├¬ncia nula. [C:\Welber\2022\GitHubDesktop\corte_cor_ag\CorteCor.csproj]
C:\Welber\2022\GitHubDesktop\corte_cor_ag\Handlers\EntityHandler.cs(3053,48): warning CS8603: Poss├¡vel retorno de refer├¬ncia nula. [C:\Welber\2022\GitHubDesktop\corte_cor_ag\CorteCor.csproj]
C:\Welber\2022\GitHubDesktop\corte_cor_ag\Handlers\EntityHandler.cs(2651,48): warning CS8603: Poss├¡vel retorno de refer├¬ncia nula. [C:\Welber\2022\GitHubDesktop\corte_cor_ag\CorteCor.csproj]
C:\Welber\2022\GitHubDesktop\corte_cor_ag\Handlers\EntityHandler.cs(2656,32): warning CS8601: Poss├¡vel atribui├º├úo de refer├¬ncia nula. [C:\Welber\2022\GitHubDesktop\corte_cor_ag\CorteCor.csproj]
C:\Welber\2022\GitHubDesktop\corte_cor_ag\Handlers\EntityHandler.cs(2657,32): warning CS8601: Poss├¡vel atribui├º├úo de refer├¬ncia nula. [C:\Welber\2022\GitHubDesktop\corte_cor_ag\CorteCor.csproj]
C:\Welber\2022\GitHubDesktop\corte_cor_ag\Handlers\EntityHandler.cs(2658,35): warning CS8601: Poss├¡vel atribui├º├úo de refer├¬ncia nula. [C:\Welber\2022\GitHubDesktop\corte_cor_ag\CorteCor.csproj]
C:\Welber\2022\GitHubDesktop\corte_cor_ag\Handlers\EntityHandler.cs(2226,38): warning CS8601: Poss├¡vel atribui├º├úo de refer├¬ncia nula. [C:\Welber\2022\GitHubDesktop\corte_cor_ag\CorteCor.csproj]
C:\Welber\2022\GitHubDesktop\corte_cor_ag\Handlers\EntityHandler.cs(3561,20): warning CS8603: Poss├¡vel retorno de refer├¬ncia nula. [C:\Welber\2022\GitHubDesktop\corte_cor_ag\CorteCor.csproj]
C:\Welber\2022\GitHubDesktop\corte_cor_ag\Handlers\EntityHandler.cs(3577,20): warning CS8603: Poss├¡vel retorno de refer├¬ncia nula. [C:\Welber\2022\GitHubDesktop\corte_cor_ag\CorteCor.csproj]
C:\Welber\2022\GitHubDesktop\corte_cor_ag\Handlers\EntityHandler.cs(3099,26): warning CS8601: Poss├¡vel atribui├º├úo de refer├¬ncia nula. [C:\Welber\2022\GitHubDesktop\corte_cor_ag\CorteCor.csproj]
C:\Welber\2022\GitHubDesktop\corte_cor_ag\Handlers\EntityHandler.cs(3101,25): warning CS8601: Poss├¡vel atribui├º├úo de refer├¬ncia nula. [C:\Welber\2022\GitHubDesktop\corte_cor_ag\CorteCor.csproj]
C:\Welber\2022\GitHubDesktop\corte_cor_ag\Handlers\EntityHandler.cs(2702,32): warning CS8601: Poss├¡vel atribui├º├úo de refer├¬ncia nula. [C:\Welber\2022\GitHubDesktop\corte_cor_ag\CorteCor.csproj]
C:\Welber\2022\GitHubDesktop\corte_cor_ag\Handlers\EntityHandler.cs(2703,32): warning CS8601: Poss├¡vel atribui├º├úo de refer├¬ncia nula. [C:\Welber\2022\GitHubDesktop\corte_cor_ag\CorteCor.csproj]
C:\Welber\2022\GitHubDesktop\corte_cor_ag\Handlers\EntityHandler.cs(2704,35): warning CS8601: Poss├¡vel atribui├º├úo de refer├¬ncia nula. [C:\Welber\2022\GitHubDesktop\corte_cor_ag\CorteCor.csproj]
C:\Welber\2022\GitHubDesktop\corte_cor_ag\Handlers\EntityHandler.cs(3612,30): warning CS8601: Poss├¡vel atribui├º├úo de refer├¬ncia nula. [C:\Welber\2022\GitHubDesktop\corte_cor_ag\CorteCor.csproj]
C:\Welber\2022\GitHubDesktop\corte_cor_ag\Handlers\EntityHandler.cs(3613,27): warning CS8601: Poss├¡vel atribui├º├úo de refer├¬ncia nula. [C:\Welber\2022\GitHubDesktop\corte_cor_ag\CorteCor.csproj]
C:\Welber\2022\GitHubDesktop\corte_cor_ag\Handlers\EntityHandler.cs(3614,29): warning CS8601: Poss├¡vel atribui├º├úo de refer├¬ncia nula. [C:\Welber\2022\GitHubDesktop\corte_cor_ag\CorteCor.csproj]
C:\Welber\2022\GitHubDesktop\corte_cor_ag\Handlers\EntityHandler.cs(1380,36): warning CS8601: Poss├¡vel atribui├º├úo de refer├¬ncia nula. [C:\Welber\2022\GitHubDesktop\corte_cor_ag\CorteCor.csproj]
C:\Welber\2022\GitHubDesktop\corte_cor_ag\Pages\Configuracoes\FornecedoresWhatsapp.cshtml.cs(31,44): warning CS8604: Poss├¡vel argumento de refer├¬ncia nula para o par├ómetro 's' em 'int int.Parse(string s)'. [C:\Welber\2022\GitHubDesktop\corte_cor_ag\CorteCor.csproj]
C:\Welber\2022\GitHubDesktop\corte_cor_ag\Pages\Configuracoes\FornecedoresWhatsapp.cshtml.cs(32,26): warning CS8601: Poss├¡vel atribui├º├úo de refer├¬ncia nula. [C:\Welber\2022\GitHubDesktop\corte_cor_ag\CorteCor.csproj]
C:\Welber\2022\GitHubDesktop\corte_cor_ag\Pages\Configuracoes\FornecedoresWhatsapp.cshtml.cs(35,30): warning CS8601: Poss├¡vel atribui├º├úo de refer├¬ncia nula. [C:\Welber\2022\GitHubDesktop\corte_cor_ag\CorteCor.csproj]
C:\Welber\2022\GitHubDesktop\corte_cor_ag\Handlers\EntityHandler.cs(3851,56): warning CS8600: Convers├úo de literal nula ou poss├¡vel valor nulo em tipo n├úo anul├ível. [C:\Welber\2022\GitHubDesktop\corte_cor_ag\CorteCor.csproj]
C:\Welber\2022\GitHubDesktop\corte_cor_ag\Handlers\EntityHandler.cs(3852,54): warning CS8600: Convers├úo de literal nula ou poss├¡vel valor nulo em tipo n├úo anul├ível. [C:\Welber\2022\GitHubDesktop\corte_cor_ag\CorteCor.csproj]
C:\Welber\2022\GitHubDesktop\corte_cor_ag\Handlers\EntityHandler.cs(3856,50): warning CS8600: Convers├úo de literal nula ou poss├¡vel valor nulo em tipo n├úo anul├ível. [C:\Welber\2022\GitHubDesktop\corte_cor_ag\CorteCor.csproj]
C:\Welber\2022\GitHubDesktop\corte_cor_ag\Handlers\EntityHandler.cs(3864,37): warning CS8600: Convers├úo de literal nula ou poss├¡vel valor nulo em tipo n├úo anul├ível. [C:\Welber\2022\GitHubDesktop\corte_cor_ag\CorteCor.csproj]
C:\Welber\2022\GitHubDesktop\corte_cor_ag\Handlers\EntityHandler.cs(2011,36): warning CS8601: Poss├¡vel atribui├º├úo de refer├¬ncia nula. [C:\Welber\2022\GitHubDesktop\corte_cor_ag\CorteCor.csproj]
C:\Welber\2022\GitHubDesktop\corte_cor_ag\Handlers\EntityHandler.cs(2012,40): warning CS8601: Poss├¡vel atribui├º├úo de refer├¬ncia nula. [C:\Welber\2022\GitHubDesktop\corte_cor_ag\CorteCor.csproj]
C:\Welber\2022\GitHubDesktop\corte_cor_ag\Handlers\EntityHandler.cs(2013,37): warning CS8601: Poss├¡vel atribui├º├úo de refer├¬ncia nula. [C:\Welber\2022\GitHubDesktop\corte_cor_ag\CorteCor.csproj]
C:\Welber\2022\GitHubDesktop\corte_cor_ag\Handlers\EntityHandler.cs(2268,38): warning CS8601: Poss├¡vel atribui├º├úo de refer├¬ncia nula. [C:\Welber\2022\GitHubDesktop\corte_cor_ag\CorteCor.csproj]
C:\Welber\2022\GitHubDesktop\corte_cor_ag\Handlers\EntityHandler.cs(2341,29): warning CS8605: Executando a convers├úo unboxing de um valor possivelmente nulo. [C:\Welber\2022\GitHubDesktop\corte_cor_ag\CorteCor.csproj]
C:\Welber\2022\GitHubDesktop\corte_cor_ag\Handlers\EntityHandler.cs(2471,38): warning CS8601: Poss├¡vel atribui├º├úo de refer├¬ncia nula. [C:\Welber\2022\GitHubDesktop\corte_cor_ag\CorteCor.csproj]
C:\Welber\2022\GitHubDesktop\corte_cor_ag\Pages\EsqueciSenha.cshtml.cs(78,30): warning CS8600: Convers├úo de literal nula ou poss├¡vel valor nulo em tipo n├úo anul├ível. [C:\Welber\2022\GitHubDesktop\corte_cor_ag\CorteCor.csproj]
C:\Welber\2022\GitHubDesktop\corte_cor_ag\Pages\EsqueciSenha.cshtml.cs(93,35): warning CS8600: Convers├úo de literal nula ou poss├¡vel valor nulo em tipo n├úo anul├ível. [C:\Welber\2022\GitHubDesktop\corte_cor_ag\CorteCor.csproj]
C:\Welber\2022\GitHubDesktop\corte_cor_ag\Pages\EsqueciSenha.cshtml.cs(21,23): warning CS8618: O propriedade n├úo anul├ível 'Email' precisa conter um valor n├úo nulo ao sair do construtor. Considere declarar o propriedade como anul├ível. [C:\Welber\2022\GitHubDesktop\corte_cor_ag\CorteCor.csproj]
C:\Welber\2022\GitHubDesktop\corte_cor_ag\Pages\EsqueciSenha.cshtml.cs(24,23): warning CS8618: O propriedade n├úo anul├ível 'TipoUsuario' precisa conter um valor n├úo nulo ao sair do construtor. Considere declarar o propriedade como anul├ível. [C:\Welber\2022\GitHubDesktop\corte_cor_ag\CorteCor.csproj]
C:\Welber\2022\GitHubDesktop\corte_cor_ag\Pages\EsqueciSenha.cshtml.cs(26,23): warning CS8618: O propriedade n├úo anul├ível 'Mensagem' precisa conter um valor n├úo nulo ao sair do construtor. Considere declarar o propriedade como anul├ível. [C:\Welber\2022\GitHubDesktop\corte_cor_ag\CorteCor.csproj]
C:\Welber\2022\GitHubDesktop\corte_cor_ag\Pages\EsqueciSenha.cshtml.cs(28,23): warning CS8618: O propriedade n├úo anul├ível 'NomeCurto' precisa conter um valor n├úo nulo ao sair do construtor. Considere declarar o propriedade como anul├ível. [C:\Welber\2022\GitHubDesktop\corte_cor_ag\CorteCor.csproj]
C:\Welber\2022\GitHubDesktop\corte_cor_ag\Pages\EsqueciSenha.cshtml.cs(29,23): warning CS8618: O propriedade n├úo anul├ível 'SalaoLink' precisa conter um valor n├úo nulo ao sair do construtor. Considere declarar o propriedade como anul├ível. [C:\Welber\2022\GitHubDesktop\corte_cor_ag\CorteCor.csproj]
C:\Welber\2022\GitHubDesktop\corte_cor_ag\Pages\EsqueciSenha.cshtml.cs(30,23): warning CS8618: O propriedade n├úo anul├ível 'SalaoLinkID' precisa conter um valor n├úo nulo ao sair do construtor. Considere declarar o propriedade como anul├ível. [C:\Welber\2022\GitHubDesktop\corte_cor_ag\CorteCor.csproj]
C:\Welber\2022\GitHubDesktop\corte_cor_ag\Pages\EsqueciSenha.cshtml.cs(31,23): warning CS8618: O propriedade n├úo anul├ível 'NomeSalao' precisa conter um valor n├úo nulo ao sair do construtor. Considere declarar o propriedade como anul├ível. [C:\Welber\2022\GitHubDesktop\corte_cor_ag\CorteCor.csproj]
C:\Welber\2022\GitHubDesktop\corte_cor_ag\Pages\Configuracoes\FornecedoresSMS.cshtml.cs(31,44): warning CS8604: Poss├¡vel argumento de refer├¬ncia nula para o par├ómetro 's' em 'int int.Parse(string s)'. [C:\Welber\2022\GitHubDesktop\corte_cor_ag\CorteCor.csproj]
C:\Welber\2022\GitHubDesktop\corte_cor_ag\Pages\Configuracoes\FornecedoresSMS.cshtml.cs(32,26): warning CS8601: Poss├¡vel atribui├º├úo de refer├¬ncia nula. [C:\Welber\2022\GitHubDesktop\corte_cor_ag\CorteCor.csproj]
C:\Welber\2022\GitHubDesktop\corte_cor_ag\Pages\Configuracoes\FornecedoresSMS.cshtml.cs(33,28): warning CS8601: Poss├¡vel atribui├º├úo de refer├¬ncia nula. [C:\Welber\2022\GitHubDesktop\corte_cor_ag\CorteCor.csproj]
C:\Welber\2022\GitHubDesktop\corte_cor_ag\Pages\Configuracoes\FornecedoresSMS.cshtml.cs(35,30): warning CS8601: Poss├¡vel atribui├º├úo de refer├¬ncia nula. [C:\Welber\2022\GitHubDesktop\corte_cor_ag\CorteCor.csproj]
C:\Welber\2022\GitHubDesktop\corte_cor_ag\Pages\Configuracoes\FornecedoresSMS.cshtml.cs(36,31): warning CS8601: Poss├¡vel atribui├º├úo de refer├¬ncia nula. [C:\Welber\2022\GitHubDesktop\corte_cor_ag\CorteCor.csproj]
C:\Welber\2022\GitHubDesktop\corte_cor_ag\Pages\FuncionarioCadastro.cshtml.cs(24,31): warning CS8601: Poss├¡vel atribui├º├úo de refer├¬ncia nula. [C:\Welber\2022\GitHubDesktop\corte_cor_ag\CorteCor.csproj]
C:\Welber\2022\GitHubDesktop\corte_cor_ag\Handlers\EntityHandler.cs(2754,36): warning CS8601: Poss├¡vel atribui├º├úo de refer├¬ncia nula. [C:\Welber\2022\GitHubDesktop\corte_cor_ag\CorteCor.csproj]
C:\Welber\2022\GitHubDesktop\corte_cor_ag\Handlers\EntityHandler.cs(2755,36): warning CS8601: Poss├¡vel atribui├º├úo de refer├¬ncia nula. [C:\Welber\2022\GitHubDesktop\corte_cor_ag\CorteCor.csproj]
C:\Welber\2022\GitHubDesktop\corte_cor_ag\Handlers\EntityHandler.cs(2756,39): warning CS8601: Poss├¡vel atribui├º├úo de refer├¬ncia nula. [C:\Welber\2022\GitHubDesktop\corte_cor_ag\CorteCor.csproj]
C:\Welber\2022\GitHubDesktop\corte_cor_ag\Pages\FuncionarioCadastro.cshtml.cs(56,24): warning CS8601: Poss├¡vel atribui├º├úo de refer├¬ncia nula. [C:\Welber\2022\GitHubDesktop\corte_cor_ag\CorteCor.csproj]
C:\Welber\2022\GitHubDesktop\corte_cor_ag\Pages\FuncionarioCadastro.cshtml.cs(12,28): warning CS8618: O propriedade n├úo anul├ível 'Funcionario' precisa conter um valor n├úo nulo ao sair do construtor. Considere declarar o propriedade como anul├ível. [C:\Welber\2022\GitHubDesktop\corte_cor_ag\CorteCor.csproj]
C:\Welber\2022\GitHubDesktop\corte_cor_ag\Pages\FuncionarioCadastro.cshtml.cs(14,23): warning CS8618: O propriedade n├úo anul├ível 'Mensagem' precisa conter um valor n├úo nulo ao sair do construtor. Considere declarar o propriedade como anul├ível. [C:\Welber\2022\GitHubDesktop\corte_cor_ag\CorteCor.csproj]
C:\Welber\2022\GitHubDesktop\corte_cor_ag\Pages\FuncionarioLista.cshtml.cs(31,32): warning CS8604: Poss├¡vel argumento de refer├¬ncia nula para o par├ómetro 's' em 'int int.Parse(string s)'. [C:\Welber\2022\GitHubDesktop\corte_cor_ag\CorteCor.csproj]
C:\Welber\2022\GitHubDesktop\corte_cor_ag\Pages\FuncionarioLista.cshtml.cs(32,29): warning CS8600: Convers├úo de literal nula ou poss├¡vel valor nulo em tipo n├úo anul├ível. [C:\Welber\2022\GitHubDesktop\corte_cor_ag\CorteCor.csproj]
C:\Welber\2022\GitHubDesktop\corte_cor_ag\Pages\FuncionarioLista.cshtml.cs(16,23): warning CS8618: O propriedade n├úo anul├ível 'Mensagem' precisa conter um valor n├úo nulo ao sair do construtor. Considere declarar o propriedade como anul├ível. [C:\Welber\2022\GitHubDesktop\corte_cor_ag\CorteCor.csproj]
C:\Welber\2022\GitHubDesktop\corte_cor_ag\Handlers\EntityHandler.cs(2808,36): warning CS8601: Poss├¡vel atribui├º├úo de refer├¬ncia nula. [C:\Welber\2022\GitHubDesktop\corte_cor_ag\CorteCor.csproj]
C:\Welber\2022\GitHubDesktop\corte_cor_ag\Handlers\EntityHandler.cs(2809,36): warning CS8601: Poss├¡vel atribui├º├úo de refer├¬ncia nula. [C:\Welber\2022\GitHubDesktop\corte_cor_ag\CorteCor.csproj]
C:\Welber\2022\GitHubDesktop\corte_cor_ag\Handlers\EntityHandler.cs(2810,39): warning CS8601: Poss├¡vel atribui├º├úo de refer├¬ncia nula. [C:\Welber\2022\GitHubDesktop\corte_cor_ag\CorteCor.csproj]
C:\Welber\2022\GitHubDesktop\corte_cor_ag\Handlers\EntityHandler.cs(4000,37): warning CS8600: Convers├úo de literal nula ou poss├¡vel valor nulo em tipo n├úo anul├ível. [C:\Welber\2022\GitHubDesktop\corte_cor_ag\CorteCor.csproj]
C:\Welber\2022\GitHubDesktop\corte_cor_ag\Handlers\EntityHandler.cs(4015,51): warning CS8601: Poss├¡vel atribui├º├úo de refer├¬ncia nula. [C:\Welber\2022\GitHubDesktop\corte_cor_ag\CorteCor.csproj]
C:\Welber\2022\GitHubDesktop\corte_cor_ag\Handlers\EntityHandler.cs(4048,50): warning CS8600: Convers├úo de literal nula ou poss├¡vel valor nulo em tipo n├úo anul├ível. [C:\Welber\2022\GitHubDesktop\corte_cor_ag\CorteCor.csproj]
C:\Welber\2022\GitHubDesktop\corte_cor_ag\Handlers\EntityHandler.cs(2552,42): warning CS8601: Poss├¡vel atribui├º├úo de refer├¬ncia nula. [C:\Welber\2022\GitHubDesktop\corte_cor_ag\CorteCor.csproj]
C:\Welber\2022\GitHubDesktop\corte_cor_ag\Pages\LembreteConfigLista.cshtml.cs(21,16): warning CS8618: O propriedade n├úo anul├ível 'Mensagem' precisa conter um valor n├úo nulo ao sair do construtor. Considere declarar o propriedade como anul├ível. [C:\Welber\2022\GitHubDesktop\corte_cor_ag\CorteCor.csproj]
C:\Welber\2022\GitHubDesktop\corte_cor_ag\Pages\LembreteConfigCadastro.cshtml.cs(38,16): warning CS8618: O propriedade n├úo anul├ível 'Mensagem' precisa conter um valor n├úo nulo ao sair do construtor. Considere declarar o propriedade como anul├ível. [C:\Welber\2022\GitHubDesktop\corte_cor_ag\CorteCor.csproj]
C:\Welber\2022\GitHubDesktop\corte_cor_ag\Pages\FuncionarioServicoLista.cshtml.cs(19,27): warning CS8618: O propriedade n├úo anul├ível 'FuncionarioNome' precisa conter um valor n├úo nulo ao sair do construtor. Considere declarar o propriedade como anul├ível. [C:\Welber\2022\GitHubDesktop\corte_cor_ag\CorteCor.csproj]
C:\Welber\2022\GitHubDesktop\corte_cor_ag\Pages\FuncionarioServicoLista.cshtml.cs(22,27): warning CS8618: O propriedade n├úo anul├ível 'ServicoNome' precisa conter um valor n├úo nulo ao sair do construtor. Considere declarar o propriedade como anul├ível. [C:\Welber\2022\GitHubDesktop\corte_cor_ag\CorteCor.csproj]
C:\Welber\2022\GitHubDesktop\corte_cor_ag\Handlers\EntityHandler.cs(4145,48): warning CS8601: Poss├¡vel atribui├º├úo de refer├¬ncia nula. [C:\Welber\2022\GitHubDesktop\corte_cor_ag\CorteCor.csproj]
C:\Welber\2022\GitHubDesktop\corte_cor_ag\Handlers\EntityHandler.cs(4146,43): warning CS8601: Poss├¡vel atribui├º├úo de refer├¬ncia nula. [C:\Welber\2022\GitHubDesktop\corte_cor_ag\CorteCor.csproj]
C:\Welber\2022\GitHubDesktop\corte_cor_ag\Handlers\EntityHandler.cs(4147,42): warning CS8601: Poss├¡vel atribui├º├úo de refer├¬ncia nula. [C:\Welber\2022\GitHubDesktop\corte_cor_ag\CorteCor.csproj]
C:\Welber\2022\GitHubDesktop\corte_cor_ag\Handlers\EntityHandler.cs(4153,54): warning CS8601: Poss├¡vel atribui├º├úo de refer├¬ncia nula. [C:\Welber\2022\GitHubDesktop\corte_cor_ag\CorteCor.csproj]
C:\Welber\2022\GitHubDesktop\corte_cor_ag\Pages\Index.cshtml.cs(51,49): warning CS8600: Convers├úo de literal nula ou poss├¡vel valor nulo em tipo n├úo anul├ível. [C:\Welber\2022\GitHubDesktop\corte_cor_ag\CorteCor.csproj]
C:\Welber\2022\GitHubDesktop\corte_cor_ag\Pages\Index.cshtml.cs(59,60): warning CS8604: Poss├¡vel argumento de refer├¬ncia nula para o par├ómetro 's' em 'int int.Parse(string s)'. [C:\Welber\2022\GitHubDesktop\corte_cor_ag\CorteCor.csproj]
C:\Welber\2022\GitHubDesktop\corte_cor_ag\Pages\Index.cshtml.cs(17,23): warning CS8618: O propriedade n├úo anul├ível 'ErrorMessage' precisa conter um valor n├úo nulo ao sair do construtor. Considere declarar o propriedade como anul├ível. [C:\Welber\2022\GitHubDesktop\corte_cor_ag\CorteCor.csproj]
C:\Welber\2022\GitHubDesktop\corte_cor_ag\Pages\Index.cshtml.cs(18,23): warning CS8618: O propriedade n├úo anul├ível 'NomeSalao' precisa conter um valor n├úo nulo ao sair do construtor. Considere declarar o propriedade como anul├ível. [C:\Welber\2022\GitHubDesktop\corte_cor_ag\CorteCor.csproj]
C:\Welber\2022\GitHubDesktop\corte_cor_ag\Pages\Logout2.cshtml.cs(10,42): warning CS1998: Este m├®todo ass├¡ncrono n├úo possui operadores 'await' e ser├í executado de modo s├¡ncrono. ├ë recomend├ível o uso do operador 'await' para aguardar chamadas ├á API desbloqueadas ou do operador 'await Task.Run(...)' para realizar um trabalho associado ├á CPU em um thread em segundo plano. [C:\Welber\2022\GitHubDesktop\corte_cor_ag\CorteCor.csproj]
C:\Welber\2022\GitHubDesktop\corte_cor_ag\Pages\ModeloEmailCadastro.cshtml.cs(17,16): warning CS8618: O propriedade n├úo anul├ível 'Modelo' precisa conter um valor n├úo nulo ao sair do construtor. Considere declarar o propriedade como anul├ível. [C:\Welber\2022\GitHubDesktop\corte_cor_ag\CorteCor.csproj]
C:\Welber\2022\GitHubDesktop\corte_cor_ag\Pages\ModeloEmailCadastro.cshtml.cs(17,16): warning CS8618: O propriedade n├úo anul├ível 'Mensagem' precisa conter um valor n├úo nulo ao sair do construtor. Considere declarar o propriedade como anul├ível. [C:\Welber\2022\GitHubDesktop\corte_cor_ag\CorteCor.csproj]
C:\Welber\2022\GitHubDesktop\corte_cor_ag\Pages\FuncionarioServicoLista.cshtml.cs(83,29): warning CS8600: Convers├úo de literal nula ou poss├¡vel valor nulo em tipo n├úo anul├ível. [C:\Welber\2022\GitHubDesktop\corte_cor_ag\CorteCor.csproj]
C:\Welber\2022\GitHubDesktop\corte_cor_ag\Pages\FuncionarioServicoLista.cshtml.cs(28,23): warning CS8618: O propriedade n├úo anul├ível 'Mensagem' precisa conter um valor n├úo nulo ao sair do construtor. Considere declarar o propriedade como anul├ível. [C:\Welber\2022\GitHubDesktop\corte_cor_ag\CorteCor.csproj]
C:\Welber\2022\GitHubDesktop\corte_cor_ag\Pages\ModeloEmailLista.cshtml.cs(19,16): warning CS8618: O propriedade n├úo anul├ível 'Mensagem' precisa conter um valor n├úo nulo ao sair do construtor. Considere declarar o propriedade como anul├ível. [C:\Welber\2022\GitHubDesktop\corte_cor_ag\CorteCor.csproj]
C:\Welber\2022\GitHubDesktop\corte_cor_ag\Pages\MeioPagamentoLista.cshtml.cs(30,32): warning CS8604: Poss├¡vel argumento de refer├¬ncia nula para o par├ómetro 's' em 'int int.Parse(string s)'. [C:\Welber\2022\GitHubDesktop\corte_cor_ag\CorteCor.csproj]
C:\Welber\2022\GitHubDesktop\corte_cor_ag\Pages\MeioPagamentoLista.cshtml.cs(31,29): warning CS8600: Convers├úo de literal nula ou poss├¡vel valor nulo em tipo n├úo anul├ível. [C:\Welber\2022\GitHubDesktop\corte_cor_ag\CorteCor.csproj]
C:\Welber\2022\GitHubDesktop\corte_cor_ag\Pages\MeioPagamentoLista.cshtml.cs(16,23): warning CS8618: O propriedade n├úo anul├ível 'Mensagem' precisa conter um valor n├úo nulo ao sair do construtor. Considere declarar o propriedade como anul├ível. [C:\Welber\2022\GitHubDesktop\corte_cor_ag\CorteCor.csproj]
C:\Welber\2022\GitHubDesktop\corte_cor_ag\Pages\ModeloSMSCadastro.cshtml.cs(19,16): warning CS8618: O propriedade n├úo anul├ível 'Modelo' precisa conter um valor n├úo nulo ao sair do construtor. Considere declarar o propriedade como anul├ível. [C:\Welber\2022\GitHubDesktop\corte_cor_ag\CorteCor.csproj]
C:\Welber\2022\GitHubDesktop\corte_cor_ag\Pages\ModeloSMSCadastro.cshtml.cs(19,16): warning CS8618: O propriedade n├úo anul├ível 'Mensagem' precisa conter um valor n├úo nulo ao sair do construtor. Considere declarar o propriedade como anul├ível. [C:\Welber\2022\GitHubDesktop\corte_cor_ag\CorteCor.csproj]
C:\Welber\2022\GitHubDesktop\corte_cor_ag\Pages\ModeloSMSLista.cshtml.cs(21,16): warning CS8618: O propriedade n├úo anul├ível 'Mensagem' precisa conter um valor n├úo nulo ao sair do construtor. Considere declarar o propriedade como anul├ível. [C:\Welber\2022\GitHubDesktop\corte_cor_ag\CorteCor.csproj]
C:\Welber\2022\GitHubDesktop\corte_cor_ag\Pages\NotaFiscalLista.cshtml.cs(14,16): warning CS8618: O propriedade n├úo anul├ível 'Mensagem' precisa conter um valor n├úo nulo ao sair do construtor. Considere declarar o propriedade como anul├ível. [C:\Welber\2022\GitHubDesktop\corte_cor_ag\CorteCor.csproj]
C:\Welber\2022\GitHubDesktop\corte_cor_ag\Pages\NotaFiscalLista.cshtml.cs(14,16): warning CS8618: O propriedade n├úo anul├ível 'Erro' precisa conter um valor n├úo nulo ao sair do construtor. Considere declarar o propriedade como anul├ível. [C:\Welber\2022\GitHubDesktop\corte_cor_ag\CorteCor.csproj]
C:\Welber\2022\GitHubDesktop\corte_cor_ag\Pages\FuncionarioServicoCadastro.cshtml.cs(24,23): warning CS8618: O propriedade n├úo anul├ível 'Mensagem' precisa conter um valor n├úo nulo ao sair do construtor. Considere declarar o propriedade como anul├ível. [C:\Welber\2022\GitHubDesktop\corte_cor_ag\CorteCor.csproj]
C:\Welber\2022\GitHubDesktop\corte_cor_ag\Pages\Painel.cshtml.cs(13,40): warning CS8618: O propriedade n├úo anul├ível 'DocumentacaoChartData' precisa conter um valor n├úo nulo ao sair do construtor. Considere declarar o propriedade como anul├ível. [C:\Welber\2022\GitHubDesktop\corte_cor_ag\CorteCor.csproj]
C:\Welber\2022\GitHubDesktop\corte_cor_ag\Pages\Painel.cshtml.cs(14,40): warning CS8618: O propriedade n├úo anul├ível 'TipoImovelChartData' precisa conter um valor n├úo nulo ao sair do construtor. Considere declarar o propriedade como anul├ível. [C:\Welber\2022\GitHubDesktop\corte_cor_ag\CorteCor.csproj]
C:\Welber\2022\GitHubDesktop\corte_cor_ag\Pages\Painel.cshtml.cs(15,40): warning CS8618: O propriedade n├úo anul├ível 'TipoEdificacaoChartData' precisa conter um valor n├úo nulo ao sair do construtor. Considere declarar o propriedade como anul├ível. [C:\Welber\2022\GitHubDesktop\corte_cor_ag\CorteCor.csproj]
C:\Welber\2022\GitHubDesktop\corte_cor_ag\Pages\Painel.cshtml.cs(16,40): warning CS8618: O propriedade n├úo anul├ível 'AcabamentoChartData' precisa conter um valor n├úo nulo ao sair do construtor. Considere declarar o propriedade como anul├ível. [C:\Welber\2022\GitHubDesktop\corte_cor_ag\CorteCor.csproj]
C:\Welber\2022\GitHubDesktop\corte_cor_ag\Pages\Painel.cshtml.cs(17,40): warning CS8618: O propriedade n├úo anul├ível 'AguaPotavelChartData' precisa conter um valor n├úo nulo ao sair do construtor. Considere declarar o propriedade como anul├ível. [C:\Welber\2022\GitHubDesktop\corte_cor_ag\CorteCor.csproj]
C:\Welber\2022\GitHubDesktop\corte_cor_ag\Pages\Painel.cshtml.cs(18,40): warning CS8618: O propriedade n├úo anul├ível 'EsgotamentoSanitarioChartData' precisa conter um valor n├úo nulo ao sair do construtor. Considere declarar o propriedade como anul├ível. [C:\Welber\2022\GitHubDesktop\corte_cor_ag\CorteCor.csproj]
C:\Welber\2022\GitHubDesktop\corte_cor_ag\Pages\Painel.cshtml.cs(19,40): warning CS8618: O propriedade n├úo anul├ível 'EnergiaEletricaChartData' precisa conter um valor n├úo nulo ao sair do construtor. Considere declarar o propriedade como anul├ível. [C:\Welber\2022\GitHubDesktop\corte_cor_ag\CorteCor.csproj]
C:\Welber\2022\GitHubDesktop\corte_cor_ag\Pages\Painel.cshtml.cs(20,40): warning CS8618: O propriedade n├úo anul├ível 'DestinoLixoChartData' precisa conter um valor n├úo nulo ao sair do construtor. Considere declarar o propriedade como anul├ível. [C:\Welber\2022\GitHubDesktop\corte_cor_ag\CorteCor.csproj]
C:\Welber\2022\GitHubDesktop\corte_cor_ag\Pages\Painel.cshtml.cs(21,40): warning CS8618: O propriedade n├úo anul├ível 'CondicaoOcupacaoLoteChartData' precisa conter um valor n├úo nulo ao sair do construtor. Considere declarar o propriedade como anul├ível. [C:\Welber\2022\GitHubDesktop\corte_cor_ag\CorteCor.csproj]
C:\Welber\2022\GitHubDesktop\corte_cor_ag\Pages\Painel.cshtml.cs(22,40): warning CS8618: O propriedade n├úo anul├ível 'NumeroOcupacaoChartData' precisa conter um valor n├úo nulo ao sair do construtor. Considere declarar o propriedade como anul├ível. [C:\Welber\2022\GitHubDesktop\corte_cor_ag\CorteCor.csproj]
C:\Welber\2022\GitHubDesktop\corte_cor_ag\Pages\Painel.cshtml.cs(23,40): warning CS8618: O propriedade n├úo anul├ível 'PossuiOutroImovelChartData' precisa conter um valor n├úo nulo ao sair do construtor. Considere declarar o propriedade como anul├ível. [C:\Welber\2022\GitHubDesktop\corte_cor_ag\CorteCor.csproj]
C:\Welber\2022\GitHubDesktop\corte_cor_ag\Pages\Painel.cshtml.cs(24,40): warning CS8618: O propriedade n├úo anul├ível 'PossuiIPTUChartData' precisa conter um valor n├úo nulo ao sair do construtor. Considere declarar o propriedade como anul├ível. [C:\Welber\2022\GitHubDesktop\corte_cor_ag\CorteCor.csproj]
C:\Welber\2022\GitHubDesktop\corte_cor_ag\Pages\PessoaCadastro.cshtml.cs(46,49): warning CS8604: Poss├¡vel argumento de refer├¬ncia nula para o par├ómetro 's' em 'DateTime DateTime.Parse(string s)'. [C:\Welber\2022\GitHubDesktop\corte_cor_ag\CorteCor.csproj]
C:\Welber\2022\GitHubDesktop\corte_cor_ag\Pages\PessoaCadastro.cshtml.cs(51,24): warning CS8601: Poss├¡vel atribui├º├úo de refer├¬ncia nula. [C:\Welber\2022\GitHubDesktop\corte_cor_ag\CorteCor.csproj]
C:\Welber\2022\GitHubDesktop\corte_cor_ag\Pages\PessoaCadastro.cshtml.cs(52,28): warning CS8601: Poss├¡vel atribui├º├úo de refer├¬ncia nula. [C:\Welber\2022\GitHubDesktop\corte_cor_ag\CorteCor.csproj]
C:\Welber\2022\GitHubDesktop\corte_cor_ag\Pages\PessoaCadastro.cshtml.cs(53,25): warning CS8601: Poss├¡vel atribui├º├úo de refer├¬ncia nula. [C:\Welber\2022\GitHubDesktop\corte_cor_ag\CorteCor.csproj]
C:\Welber\2022\GitHubDesktop\corte_cor_ag\Pages\PessoaCadastro.cshtml.cs(12,23): warning CS8618: O propriedade n├úo anul├ível 'Pessoa' precisa conter um valor n├úo nulo ao sair do construtor. Considere declarar o propriedade como anul├ível. [C:\Welber\2022\GitHubDesktop\corte_cor_ag\CorteCor.csproj]
C:\Welber\2022\GitHubDesktop\corte_cor_ag\Pages\PessoaCadastro.cshtml.cs(14,23): warning CS8618: O propriedade n├úo anul├ível 'Mensagem' precisa conter um valor n├úo nulo ao sair do construtor. Considere declarar o propriedade como anul├ível. [C:\Welber\2022\GitHubDesktop\corte_cor_ag\CorteCor.csproj]
C:\Welber\2022\GitHubDesktop\corte_cor_ag\Pages\NotaFiscalLista.cshtml.cs(70,42): warning CS1998: Este m├®todo ass├¡ncrono n├úo possui operadores 'await' e ser├í executado de modo s├¡ncrono. ├ë recomend├ível o uso do operador 'await' para aguardar chamadas ├á API desbloqueadas ou do operador 'await Task.Run(...)' para realizar um trabalho associado ├á CPU em um thread em segundo plano. [C:\Welber\2022\GitHubDesktop\corte_cor_ag\CorteCor.csproj]
C:\Welber\2022\GitHubDesktop\corte_cor_ag\Pages\MeioPagamentoCadastro.cshtml.cs(72,47): warning CS8604: Poss├¡vel argumento de refer├¬ncia nula para o par├ómetro 's' em 'DateTime DateTime.Parse(string s)'. [C:\Welber\2022\GitHubDesktop\corte_cor_ag\CorteCor.csproj]
C:\Welber\2022\GitHubDesktop\corte_cor_ag\Pages\MeioPagamentoCadastro.cshtml.cs(77,73): warning CS8604: Poss├¡vel argumento de refer├¬ncia nula para o par├ómetro 'valor' em 'byte? MeioPagamentoCadastroModel.ParseByteNullable(string valor)'. [C:\Welber\2022\GitHubDesktop\corte_cor_ag\CorteCor.csproj]
C:\Welber\2022\GitHubDesktop\corte_cor_ag\Pages\MeioPagamentoCadastro.cshtml.cs(82,24): warning CS8601: Poss├¡vel atribui├º├úo de refer├¬ncia nula. [C:\Welber\2022\GitHubDesktop\corte_cor_ag\CorteCor.csproj]
C:\Welber\2022\GitHubDesktop\corte_cor_ag\Pages\MeioPagamentoCadastro.cshtml.cs(83,24): warning CS8601: Poss├¡vel atribui├º├úo de refer├¬ncia nula. [C:\Welber\2022\GitHubDesktop\corte_cor_ag\CorteCor.csproj]
C:\Welber\2022\GitHubDesktop\corte_cor_ag\Pages\MeioPagamentoCadastro.cshtml.cs(84,27): warning CS8601: Poss├¡vel atribui├º├úo de refer├¬ncia nula. [C:\Welber\2022\GitHubDesktop\corte_cor_ag\CorteCor.csproj]
C:\Welber\2022\GitHubDesktop\corte_cor_ag\Pages\MeioPagamentoCadastro.cshtml.cs(89,49): warning CS8604: Poss├¡vel argumento de refer├¬ncia nula para o par├ómetro 'valor' em 'decimal MeioPagamentoCadastroModel.ParseDecimalBR(string valor)'. [C:\Welber\2022\GitHubDesktop\corte_cor_ag\CorteCor.csproj]
C:\Welber\2022\GitHubDesktop\corte_cor_ag\Pages\MeioPagamentoCadastro.cshtml.cs(90,43): warning CS8604: Poss├¡vel argumento de refer├¬ncia nula para o par├ómetro 'valor' em 'decimal MeioPagamentoCadastroModel.ParseDecimalBR(string valor)'. [C:\Welber\2022\GitHubDesktop\corte_cor_ag\CorteCor.csproj]
C:\Welber\2022\GitHubDesktop\corte_cor_ag\Pages\MeioPagamentoCadastro.cshtml.cs(12,30): warning CS8618: O propriedade n├úo anul├ível 'MeioPagamento' precisa conter um valor n├úo nulo ao sair do construtor. Considere declarar o propriedade como anul├ível. [C:\Welber\2022\GitHubDesktop\corte_cor_ag\CorteCor.csproj]
C:\Welber\2022\GitHubDesktop\corte_cor_ag\Pages\MeioPagamentoCadastro.cshtml.cs(14,23): warning CS8618: O propriedade n├úo anul├ível 'Mensagem' precisa conter um valor n├úo nulo ao sair do construtor. Considere declarar o propriedade como anul├ível. [C:\Welber\2022\GitHubDesktop\corte_cor_ag\CorteCor.csproj]
C:\Welber\2022\GitHubDesktop\corte_cor_ag\Handlers\EntityHandler.cs(3358,48): warning CS8603: Poss├¡vel retorno de refer├¬ncia nula. [C:\Welber\2022\GitHubDesktop\corte_cor_ag\CorteCor.csproj]
C:\Welber\2022\GitHubDesktop\corte_cor_ag\Pages\SalaoCadastro.cshtml.cs(22,25): warning CS8601: Poss├¡vel atribui├º├úo de refer├¬ncia nula. [C:\Welber\2022\GitHubDesktop\corte_cor_ag\CorteCor.csproj]
C:\Welber\2022\GitHubDesktop\corte_cor_ag\Pages\SalaoCadastro.cshtml.cs(35,24): warning CS8601: Poss├¡vel atribui├º├úo de refer├¬ncia nula. [C:\Welber\2022\GitHubDesktop\corte_cor_ag\CorteCor.csproj]
C:\Welber\2022\GitHubDesktop\corte_cor_ag\Pages\SalaoCadastro.cshtml.cs(36,31): warning CS8601: Poss├¡vel atribui├º├úo de refer├¬ncia nula. [C:\Welber\2022\GitHubDesktop\corte_cor_ag\CorteCor.csproj]
C:\Welber\2022\GitHubDesktop\corte_cor_ag\Pages\SalaoCadastro.cshtml.cs(37,25): warning CS8601: Poss├¡vel atribui├º├úo de refer├¬ncia nula. [C:\Welber\2022\GitHubDesktop\corte_cor_ag\CorteCor.csproj]
C:\Welber\2022\GitHubDesktop\corte_cor_ag\Pages\SalaoCadastro.cshtml.cs(38,28): warning CS8601: Poss├¡vel atribui├º├úo de refer├¬ncia nula. [C:\Welber\2022\GitHubDesktop\corte_cor_ag\CorteCor.csproj]
C:\Welber\2022\GitHubDesktop\corte_cor_ag\Pages\SalaoCadastro.cshtml.cs(39,28): warning CS8601: Poss├¡vel atribui├º├úo de refer├¬ncia nula. [C:\Welber\2022\GitHubDesktop\corte_cor_ag\CorteCor.csproj]
C:\Welber\2022\GitHubDesktop\corte_cor_ag\Pages\SalaoCadastro.cshtml.cs(40,24): warning CS8601: Poss├¡vel atribui├º├úo de refer├¬ncia nula. [C:\Welber\2022\GitHubDesktop\corte_cor_ag\CorteCor.csproj]
C:\Welber\2022\GitHubDesktop\corte_cor_ag\Pages\SalaoCadastro.cshtml.cs(42,47): warning CS8604: Poss├¡vel argumento de refer├¬ncia nula para o par├ómetro 's' em 'DateTime DateTime.Parse(string s)'. [C:\Welber\2022\GitHubDesktop\corte_cor_ag\CorteCor.csproj]
C:\Welber\2022\GitHubDesktop\corte_cor_ag\Pages\SalaoCadastro.cshtml.cs(43,30): warning CS8601: Poss├¡vel atribui├º├úo de refer├¬ncia nula. [C:\Welber\2022\GitHubDesktop\corte_cor_ag\CorteCor.csproj]
C:\Welber\2022\GitHubDesktop\corte_cor_ag\Pages\SalaoCadastro.cshtml.cs(44,46): warning CS8604: Poss├¡vel argumento de refer├¬ncia nula para o par├ómetro 's' em 'int int.Parse(string s)'. [C:\Welber\2022\GitHubDesktop\corte_cor_ag\CorteCor.csproj]
C:\Welber\2022\GitHubDesktop\corte_cor_ag\Pages\SalaoCadastro.cshtml.cs(45,44): warning CS8604: Poss├¡vel argumento de refer├¬ncia nula para o par├ómetro 's' em 'int int.Parse(string s)'. [C:\Welber\2022\GitHubDesktop\corte_cor_ag\CorteCor.csproj]
C:\Welber\2022\GitHubDesktop\corte_cor_ag\Pages\SalaoCadastro.cshtml.cs(46,49): warning CS8604: Poss├¡vel argumento de refer├¬ncia nula para o par├ómetro 's' em 'int int.Parse(string s)'. [C:\Welber\2022\GitHubDesktop\corte_cor_ag\CorteCor.csproj]
C:\Welber\2022\GitHubDesktop\corte_cor_ag\Pages\SalaoConfigFiscal.cshtml.cs(15,16): warning CS8618: O propriedade n├úo anul├ível 'Configuracao' precisa conter um valor n├úo nulo ao sair do construtor. Considere declarar o propriedade como anul├ível. [C:\Welber\2022\GitHubDesktop\corte_cor_ag\CorteCor.csproj]
C:\Welber\2022\GitHubDesktop\corte_cor_ag\Pages\SalaoConfigFiscal.cshtml.cs(15,16): warning CS8618: O propriedade n├úo anul├ível 'Mensagem' precisa conter um valor n├úo nulo ao sair do construtor. Considere declarar o propriedade como anul├ível. [C:\Welber\2022\GitHubDesktop\corte_cor_ag\CorteCor.csproj]
C:\Welber\2022\GitHubDesktop\corte_cor_ag\Pages\SalaoConfigFiscal.cshtml.cs(15,16): warning CS8618: O propriedade n├úo anul├ível 'Erro' precisa conter um valor n├úo nulo ao sair do construtor. Considere declarar o propriedade como anul├ível. [C:\Welber\2022\GitHubDesktop\corte_cor_ag\CorteCor.csproj]
C:\Welber\2022\GitHubDesktop\corte_cor_ag\Pages\SalaoCadastro.cshtml.cs(13,22): warning CS8618: O propriedade n├úo anul├ível 'Salao' precisa conter um valor n├úo nulo ao sair do construtor. Considere declarar o propriedade como anul├ível. [C:\Welber\2022\GitHubDesktop\corte_cor_ag\CorteCor.csproj]
C:\Welber\2022\GitHubDesktop\corte_cor_ag\Pages\SalaoCadastro.cshtml.cs(15,23): warning CS8618: O propriedade n├úo anul├ível 'Mensagem' precisa conter um valor n├úo nulo ao sair do construtor. Considere declarar o propriedade como anul├ível. [C:\Welber\2022\GitHubDesktop\corte_cor_ag\CorteCor.csproj]
C:\Welber\2022\GitHubDesktop\corte_cor_ag\Handlers\EntityHandler.cs(3442,48): warning CS8600: Convers├úo de literal nula ou poss├¡vel valor nulo em tipo n├úo anul├ível. [C:\Welber\2022\GitHubDesktop\corte_cor_ag\CorteCor.csproj]
C:\Welber\2022\GitHubDesktop\corte_cor_ag\Pages\PagamentoLista.cshtml.cs(74,29): warning CS8600: Convers├úo de literal nula ou poss├¡vel valor nulo em tipo n├úo anul├ível. [C:\Welber\2022\GitHubDesktop\corte_cor_ag\CorteCor.csproj]
C:\Welber\2022\GitHubDesktop\corte_cor_ag\Pages\PagamentoLista.cshtml.cs(19,39): warning CS8618: O propriedade n├úo anul├ível 'Pagamentos' precisa conter um valor n├úo nulo ao sair do construtor. Considere declarar o propriedade como anul├ível. [C:\Welber\2022\GitHubDesktop\corte_cor_ag\CorteCor.csproj]
C:\Welber\2022\GitHubDesktop\corte_cor_ag\Pages\PagamentoLista.cshtml.cs(20,23): warning CS8618: O propriedade n├úo anul├ível 'Mensagem' precisa conter um valor n├úo nulo ao sair do construtor. Considere declarar o propriedade como anul├ível. [C:\Welber\2022\GitHubDesktop\corte_cor_ag\CorteCor.csproj]
C:\Welber\2022\GitHubDesktop\corte_cor_ag\Pages\SalaoLeitura.cshtml.cs(22,21): warning CS8601: Poss├¡vel atribui├º├úo de refer├¬ncia nula. [C:\Welber\2022\GitHubDesktop\corte_cor_ag\CorteCor.csproj]
C:\Welber\2022\GitHubDesktop\corte_cor_ag\Pages\SalaoLeitura.cshtml.cs(12,22): warning CS8618: O propriedade n├úo anul├ível 'Salao' precisa conter um valor n├úo nulo ao sair do construtor. Considere declarar o propriedade como anul├ível. [C:\Welber\2022\GitHubDesktop\corte_cor_ag\CorteCor.csproj]
C:\Welber\2022\GitHubDesktop\corte_cor_ag\Pages\SalaoLeitura.cshtml.cs(14,23): warning CS8618: O propriedade n├úo anul├ível 'Mensagem' precisa conter um valor n├úo nulo ao sair do construtor. Considere declarar o propriedade como anul├ível. [C:\Welber\2022\GitHubDesktop\corte_cor_ag\CorteCor.csproj]
C:\Welber\2022\GitHubDesktop\corte_cor_ag\Pages\PessoaLista.cshtml.cs(47,32): warning CS8604: Poss├¡vel argumento de refer├¬ncia nula para o par├ómetro 's' em 'int int.Parse(string s)'. [C:\Welber\2022\GitHubDesktop\corte_cor_ag\CorteCor.csproj]
C:\Welber\2022\GitHubDesktop\corte_cor_ag\Pages\PessoaLista.cshtml.cs(48,29): warning CS8600: Convers├úo de literal nula ou poss├¡vel valor nulo em tipo n├úo anul├ível. [C:\Welber\2022\GitHubDesktop\corte_cor_ag\CorteCor.csproj]
C:\Welber\2022\GitHubDesktop\corte_cor_ag\Pages\PessoaLista.cshtml.cs(17,23): warning CS8618: O propriedade n├úo anul├ível 'Mensagem' precisa conter um valor n├úo nulo ao sair do construtor. Considere declarar o propriedade como anul├ível. [C:\Welber\2022\GitHubDesktop\corte_cor_ag\CorteCor.csproj]
C:\Welber\2022\GitHubDesktop\corte_cor_ag\Pages\UsuarioAlterarSenha.cshtml.cs(22,16): warning CS8618: O propriedade n├úo anul├ível 'SenhaAtual' precisa conter um valor n├úo nulo ao sair do construtor. Considere declarar o propriedade como anul├ível. [C:\Welber\2022\GitHubDesktop\corte_cor_ag\CorteCor.csproj]
C:\Welber\2022\GitHubDesktop\corte_cor_ag\Pages\UsuarioAlterarSenha.cshtml.cs(22,16): warning CS8618: O propriedade n├úo anul├ível 'EmailUsuario' precisa conter um valor n├úo nulo ao sair do construtor. Considere declarar o propriedade como anul├ível. [C:\Welber\2022\GitHubDesktop\corte_cor_ag\CorteCor.csproj]
C:\Welber\2022\GitHubDesktop\corte_cor_ag\Pages\UsuarioAlterarSenha.cshtml.cs(22,16): warning CS8618: O propriedade n├úo anul├ível 'NovaSenha' precisa conter um valor n├úo nulo ao sair do construtor. Considere declarar o propriedade como anul├ível. [C:\Welber\2022\GitHubDesktop\corte_cor_ag\CorteCor.csproj]
C:\Welber\2022\GitHubDesktop\corte_cor_ag\Pages\UsuarioAlterarSenha.cshtml.cs(22,16): warning CS8618: O propriedade n├úo anul├ível 'ConfirmarSenha' precisa conter um valor n├úo nulo ao sair do construtor. Considere declarar o propriedade como anul├ível. [C:\Welber\2022\GitHubDesktop\corte_cor_ag\CorteCor.csproj]
C:\Welber\2022\GitHubDesktop\corte_cor_ag\Pages\UsuarioAlterarSenha.cshtml.cs(22,16): warning CS8618: O propriedade n├úo anul├ível 'NomeCurto' precisa conter um valor n├úo nulo ao sair do construtor. Considere declarar o propriedade como anul├ível. [C:\Welber\2022\GitHubDesktop\corte_cor_ag\CorteCor.csproj]
C:\Welber\2022\GitHubDesktop\corte_cor_ag\Pages\UsuarioAlterarSenha.cshtml.cs(42,28): warning CS8602: Desrefer├¬ncia de uma refer├¬ncia possivelmente nula. [C:\Welber\2022\GitHubDesktop\corte_cor_ag\CorteCor.csproj]
C:\Welber\2022\GitHubDesktop\corte_cor_ag\Pages\UsuarioAlterarSenha.cshtml.cs(42,28): warning CS8601: Poss├¡vel atribui├º├úo de refer├¬ncia nula. [C:\Welber\2022\GitHubDesktop\corte_cor_ag\CorteCor.csproj]
C:\Welber\2022\GitHubDesktop\corte_cor_ag\Pages\ServicoLista.cshtml.cs(31,32): warning CS8604: Poss├¡vel argumento de refer├¬ncia nula para o par├ómetro 's' em 'int int.Parse(string s)'. [C:\Welber\2022\GitHubDesktop\corte_cor_ag\CorteCor.csproj]
C:\Welber\2022\GitHubDesktop\corte_cor_ag\Pages\ServicoLista.cshtml.cs(32,29): warning CS8600: Convers├úo de literal nula ou poss├¡vel valor nulo em tipo n├úo anul├ível. [C:\Welber\2022\GitHubDesktop\corte_cor_ag\CorteCor.csproj]
C:\Welber\2022\GitHubDesktop\corte_cor_ag\Pages\ServicoCadastro.cshtml.cs(68,42): warning CS8604: Poss├¡vel argumento de refer├¬ncia nula para o par├ómetro 'valor' em 'decimal ServicoCadastroModel.ParsePrecoBR(string valor)'. [C:\Welber\2022\GitHubDesktop\corte_cor_ag\CorteCor.csproj]
C:\Welber\2022\GitHubDesktop\corte_cor_ag\Pages\ServicoCadastro.cshtml.cs(70,45): warning CS8604: Poss├¡vel argumento de refer├¬ncia nula para o par├ómetro 'valor' em 'TimeSpan ServicoCadastroModel.ParseDuracao(string valor)'. [C:\Welber\2022\GitHubDesktop\corte_cor_ag\CorteCor.csproj]
C:\Welber\2022\GitHubDesktop\corte_cor_ag\Pages\ServicoCadastro.cshtml.cs(75,44): warning CS8604: Poss├¡vel argumento de refer├¬ncia nula para o par├ómetro 'valor' em 'decimal ServicoCadastroModel.ParsePrecoBR(string valor)'. [C:\Welber\2022\GitHubDesktop\corte_cor_ag\CorteCor.csproj]
C:\Welber\2022\GitHubDesktop\corte_cor_ag\Pages\ServicoCadastro.cshtml.cs(81,24): warning CS8601: Poss├¡vel atribui├º├úo de refer├¬ncia nula. [C:\Welber\2022\GitHubDesktop\corte_cor_ag\CorteCor.csproj]
C:\Welber\2022\GitHubDesktop\corte_cor_ag\Pages\ServicoLista.cshtml.cs(16,23): warning CS8618: O propriedade n├úo anul├ível 'Mensagem' precisa conter um valor n├úo nulo ao sair do construtor. Considere declarar o propriedade como anul├ível. [C:\Welber\2022\GitHubDesktop\corte_cor_ag\CorteCor.csproj]
C:\Welber\2022\GitHubDesktop\corte_cor_ag\Pages\ServicoCadastro.cshtml.cs(12,24): warning CS8618: O propriedade n├úo anul├ível 'Servico' precisa conter um valor n├úo nulo ao sair do construtor. Considere declarar o propriedade como anul├ível. [C:\Welber\2022\GitHubDesktop\corte_cor_ag\CorteCor.csproj]
C:\Welber\2022\GitHubDesktop\corte_cor_ag\Pages\ServicoCadastro.cshtml.cs(14,23): warning CS8618: O propriedade n├úo anul├ível 'Mensagem' precisa conter um valor n├úo nulo ao sair do construtor. Considere declarar o propriedade como anul├ível. [C:\Welber\2022\GitHubDesktop\corte_cor_ag\CorteCor.csproj]
C:\Welber\2022\GitHubDesktop\corte_cor_ag\Pages\PagamentoCadastro.cshtml.cs(97,44): warning CS8604: Poss├¡vel argumento de refer├¬ncia nula para o par├ómetro 'valor' em 'decimal PagamentoCadastroModel.ParseDecimalBR(string valor)'. [C:\Welber\2022\GitHubDesktop\corte_cor_ag\CorteCor.csproj]
C:\Welber\2022\GitHubDesktop\corte_cor_ag\Pages\PagamentoCadastro.cshtml.cs(98,48): warning CS8604: Poss├¡vel argumento de refer├¬ncia nula para o par├ómetro 'valor' em 'DateTime PagamentoCadastroModel.ParseDateTimeLocal(string valor)'. [C:\Welber\2022\GitHubDesktop\corte_cor_ag\CorteCor.csproj]
C:\Welber\2022\GitHubDesktop\corte_cor_ag\Pages\PagamentoCadastro.cshtml.cs(99,106): warning CS8604: Poss├¡vel argumento de refer├¬ncia nula para o par├ómetro 's' em 'DateTime DateTime.Parse(string s)'. [C:\Welber\2022\GitHubDesktop\corte_cor_ag\CorteCor.csproj]
C:\Welber\2022\GitHubDesktop\corte_cor_ag\Pages\PagamentoCadastro.cshtml.cs(13,26): warning CS8618: O propriedade n├úo anul├ível 'Pagamento' precisa conter um valor n├úo nulo ao sair do construtor. Considere declarar o propriedade como anul├ível. [C:\Welber\2022\GitHubDesktop\corte_cor_ag\CorteCor.csproj]
C:\Welber\2022\GitHubDesktop\corte_cor_ag\Pages\PagamentoCadastro.cshtml.cs(15,23): warning CS8618: O propriedade n├úo anul├ível 'Mensagem' precisa conter um valor n├úo nulo ao sair do construtor. Considere declarar o propriedade como anul├ível. [C:\Welber\2022\GitHubDesktop\corte_cor_ag\CorteCor.csproj]
C:\Welber\2022\GitHubDesktop\corte_cor_ag\Pages\UsuarioCadastro.cshtml.cs(34,27): warning CS8601: Poss├¡vel atribui├º├úo de refer├¬ncia nula. [C:\Welber\2022\GitHubDesktop\corte_cor_ag\CorteCor.csproj]
C:\Welber\2022\GitHubDesktop\corte_cor_ag\Pages\UsuarioDashboard.cshtml.cs(47,16): warning CS8618: O propriedade n├úo anul├ível 'ErrorMessage' precisa conter um valor n├úo nulo ao sair do construtor. Considere declarar o propriedade como anul├ível. [C:\Welber\2022\GitHubDesktop\corte_cor_ag\CorteCor.csproj]
C:\Welber\2022\GitHubDesktop\corte_cor_ag\Pages\UsuarioDashboard.cshtml.cs(47,16): warning CS8618: O propriedade n├úo anul├ível 'NomeUsuario' precisa conter um valor n├úo nulo ao sair do construtor. Considere declarar o propriedade como anul├ível. [C:\Welber\2022\GitHubDesktop\corte_cor_ag\CorteCor.csproj]
C:\Welber\2022\GitHubDesktop\corte_cor_ag\Pages\UsuarioDashboard.cshtml.cs(47,16): warning CS8618: O propriedade n├úo anul├ível 'NomeSalao' precisa conter um valor n├úo nulo ao sair do construtor. Considere declarar o propriedade como anul├ível. [C:\Welber\2022\GitHubDesktop\corte_cor_ag\CorteCor.csproj]
C:\Welber\2022\GitHubDesktop\corte_cor_ag\Pages\UsuarioDashboard.cshtml.cs(47,16): warning CS8618: O propriedade n├úo anul├ível 'DocumentacaoChartData' precisa conter um valor n├úo nulo ao sair do construtor. Considere declarar o propriedade como anul├ível. [C:\Welber\2022\GitHubDesktop\corte_cor_ag\CorteCor.csproj]
C:\Welber\2022\GitHubDesktop\corte_cor_ag\Pages\UsuarioDashboard.cshtml.cs(47,16): warning CS8618: O propriedade n├úo anul├ível 'TipoImovelChartData' precisa conter um valor n├úo nulo ao sair do construtor. Considere declarar o propriedade como anul├ível. [C:\Welber\2022\GitHubDesktop\corte_cor_ag\CorteCor.csproj]
C:\Welber\2022\GitHubDesktop\corte_cor_ag\Pages\UsuarioDashboard.cshtml.cs(47,16): warning CS8618: O propriedade n├úo anul├ível 'TipoEdificacaoChartData' precisa conter um valor n├úo nulo ao sair do construtor. Considere declarar o propriedade como anul├ível. [C:\Welber\2022\GitHubDesktop\corte_cor_ag\CorteCor.csproj]
C:\Welber\2022\GitHubDesktop\corte_cor_ag\Pages\UsuarioDashboard.cshtml.cs(47,16): warning CS8618: O propriedade n├úo anul├ível 'AcabamentoChartData' precisa conter um valor n├úo nulo ao sair do construtor. Considere declarar o propriedade como anul├ível. [C:\Welber\2022\GitHubDesktop\corte_cor_ag\CorteCor.csproj]
C:\Welber\2022\GitHubDesktop\corte_cor_ag\Pages\UsuarioDashboard.cshtml.cs(47,16): warning CS8618: O propriedade n├úo anul├ível 'AguaPotavelChartData' precisa conter um valor n├úo nulo ao sair do construtor. Considere declarar o propriedade como anul├ível. [C:\Welber\2022\GitHubDesktop\corte_cor_ag\CorteCor.csproj]
C:\Welber\2022\GitHubDesktop\corte_cor_ag\Pages\UsuarioDashboard.cshtml.cs(47,16): warning CS8618: O propriedade n├úo anul├ível 'EsgotamentoSanitarioChartData' precisa conter um valor n├úo nulo ao sair do construtor. Considere declarar o propriedade como anul├ível. [C:\Welber\2022\GitHubDesktop\corte_cor_ag\CorteCor.csproj]
C:\Welber\2022\GitHubDesktop\corte_cor_ag\Pages\UsuarioDashboard.cshtml.cs(47,16): warning CS8618: O propriedade n├úo anul├ível 'EnergiaEletricaChartData' precisa conter um valor n├úo nulo ao sair do construtor. Considere declarar o propriedade como anul├ível. [C:\Welber\2022\GitHubDesktop\corte_cor_ag\CorteCor.csproj]
C:\Welber\2022\GitHubDesktop\corte_cor_ag\Pages\UsuarioDashboard.cshtml.cs(47,16): warning CS8618: O propriedade n├úo anul├ível 'DestinoLixoChartData' precisa conter um valor n├úo nulo ao sair do construtor. Considere declarar o propriedade como anul├ível. [C:\Welber\2022\GitHubDesktop\corte_cor_ag\CorteCor.csproj]
C:\Welber\2022\GitHubDesktop\corte_cor_ag\Pages\UsuarioDashboard.cshtml.cs(47,16): warning CS8618: O propriedade n├úo anul├ível 'CondicaoOcupacaoLoteChartData' precisa conter um valor n├úo nulo ao sair do construtor. Considere declarar o propriedade como anul├ível. [C:\Welber\2022\GitHubDesktop\corte_cor_ag\CorteCor.csproj]
C:\Welber\2022\GitHubDesktop\corte_cor_ag\Pages\UsuarioDashboard.cshtml.cs(47,16): warning CS8618: O propriedade n├úo anul├ível 'NumeroOcupacaoChartData' precisa conter um valor n├úo nulo ao sair do construtor. Considere declarar o propriedade como anul├ível. [C:\Welber\2022\GitHubDesktop\corte_cor_ag\CorteCor.csproj]
C:\Welber\2022\GitHubDesktop\corte_cor_ag\Pages\UsuarioDashboard.cshtml.cs(47,16): warning CS8618: O propriedade n├úo anul├ível 'PossuiOutroImovelChartData' precisa conter um valor n├úo nulo ao sair do construtor. Considere declarar o propriedade como anul├ível. [C:\Welber\2022\GitHubDesktop\corte_cor_ag\CorteCor.csproj]
C:\Welber\2022\GitHubDesktop\corte_cor_ag\Pages\UsuarioDashboard.cshtml.cs(47,16): warning CS8618: O propriedade n├úo anul├ível 'PossuiIPTUChartData' precisa conter um valor n├úo nulo ao sair do construtor. Considere declarar o propriedade como anul├ível. [C:\Welber\2022\GitHubDesktop\corte_cor_ag\CorteCor.csproj]
C:\Welber\2022\GitHubDesktop\corte_cor_ag\Pages\UsuarioAlterarSenha.cshtml.cs(49,35): warning CS8602: Desrefer├¬ncia de uma refer├¬ncia possivelmente nula. [C:\Welber\2022\GitHubDesktop\corte_cor_ag\CorteCor.csproj]
C:\Welber\2022\GitHubDesktop\corte_cor_ag\Pages\UsuarioAlterarSenha.cshtml.cs(49,35): warning CS8600: Convers├úo de literal nula ou poss├¡vel valor nulo em tipo n├úo anul├ível. [C:\Welber\2022\GitHubDesktop\corte_cor_ag\CorteCor.csproj]
C:\Welber\2022\GitHubDesktop\corte_cor_ag\Pages\UsuarioAlterarSenha.cshtml.cs(50,28): warning CS8601: Poss├¡vel atribui├º├úo de refer├¬ncia nula. [C:\Welber\2022\GitHubDesktop\corte_cor_ag\CorteCor.csproj]
C:\Welber\2022\GitHubDesktop\corte_cor_ag\Pages\UsuarioAlterarSenha.cshtml.cs(65,52): warning CS8604: Poss├¡vel argumento de refer├¬ncia nula para o par├ómetro 'value' em 'void DbExtensions.AddWithValue(IDbCommand command, string parameterName, object value)'. [C:\Welber\2022\GitHubDesktop\corte_cor_ag\CorteCor.csproj]
C:\Welber\2022\GitHubDesktop\corte_cor_ag\Pages\UsuarioAlterarSenha.cshtml.cs(66,43): warning CS8600: Convers├úo de literal nula ou poss├¡vel valor nulo em tipo n├úo anul├ível. [C:\Welber\2022\GitHubDesktop\corte_cor_ag\CorteCor.csproj]
C:\Welber\2022\GitHubDesktop\corte_cor_ag\Pages\UsuarioDashboard.cshtml.cs(54,35): warning CS8602: Desrefer├¬ncia de uma refer├¬ncia possivelmente nula. [C:\Welber\2022\GitHubDesktop\corte_cor_ag\CorteCor.csproj]
C:\Welber\2022\GitHubDesktop\corte_cor_ag\Pages\UsuarioDashboard.cshtml.cs(54,35): warning CS8600: Convers├úo de literal nula ou poss├¡vel valor nulo em tipo n├úo anul├ível. [C:\Welber\2022\GitHubDesktop\corte_cor_ag\CorteCor.csproj]
C:\Welber\2022\GitHubDesktop\corte_cor_ag\Pages\UsuarioDashboard.cshtml.cs(62,48): warning CS8604: Poss├¡vel argumento de refer├¬ncia nula para o par├ómetro 'value' em 'void DbExtensions.AddWithValue(IDbCommand command, string parameterName, object value)'. [C:\Welber\2022\GitHubDesktop\corte_cor_ag\CorteCor.csproj]
C:\Welber\2022\GitHubDesktop\corte_cor_ag\Pages\UsuarioCadastro.cshtml.cs(54,24): warning CS8601: Poss├¡vel atribui├º├úo de refer├¬ncia nula. [C:\Welber\2022\GitHubDesktop\corte_cor_ag\CorteCor.csproj]
C:\Welber\2022\GitHubDesktop\corte_cor_ag\Pages\UsuarioCadastro.cshtml.cs(55,28): warning CS8601: Poss├¡vel atribui├º├úo de refer├¬ncia nula. [C:\Welber\2022\GitHubDesktop\corte_cor_ag\CorteCor.csproj]
C:\Welber\2022\GitHubDesktop\corte_cor_ag\Pages\UsuarioCadastro.cshtml.cs(56,22): warning CS8601: Poss├¡vel atribui├º├úo de refer├¬ncia nula. [C:\Welber\2022\GitHubDesktop\corte_cor_ag\CorteCor.csproj]
C:\Welber\2022\GitHubDesktop\corte_cor_ag\Pages\UsuarioCadastro.cshtml.cs(57,25): warning CS8601: Poss├¡vel atribui├º├úo de refer├¬ncia nula. [C:\Welber\2022\GitHubDesktop\corte_cor_ag\CorteCor.csproj]
C:\Welber\2022\GitHubDesktop\corte_cor_ag\Pages\UsuarioCadastro.cshtml.cs(58,28): warning CS8601: Poss├¡vel atribui├º├úo de refer├¬ncia nula. [C:\Welber\2022\GitHubDesktop\corte_cor_ag\CorteCor.csproj]
C:\Welber\2022\GitHubDesktop\corte_cor_ag\Pages\UsuarioCadastro.cshtml.cs(59,46): warning CS8604: Poss├¡vel argumento de refer├¬ncia nula para o par├ómetro 's' em 'DateTime DateTime.Parse(string s)'. [C:\Welber\2022\GitHubDesktop\corte_cor_ag\CorteCor.csproj]
C:\Welber\2022\GitHubDesktop\corte_cor_ag\Pages\UsuarioCadastro.cshtml.cs(78,52): warning CS8604: Poss├¡vel argumento de refer├¬ncia nula para o par├ómetro 'value' em 'void DbExtensions.AddWithValue(IDbCommand command, string parameterName, object value)'. [C:\Welber\2022\GitHubDesktop\corte_cor_ag\CorteCor.csproj]
C:\Welber\2022\GitHubDesktop\corte_cor_ag\Pages\UsuarioCadastro.cshtml.cs(79,35): warning CS8605: Executando a convers├úo unboxing de um valor possivelmente nulo. [C:\Welber\2022\GitHubDesktop\corte_cor_ag\CorteCor.csproj]
C:\Welber\2022\GitHubDesktop\corte_cor_ag\Pages\UsuarioLista.cshtml.cs(47,32): warning CS8604: Poss├¡vel argumento de refer├¬ncia nula para o par├ómetro 's' em 'int int.Parse(string s)'. [C:\Welber\2022\GitHubDesktop\corte_cor_ag\CorteCor.csproj]
C:\Welber\2022\GitHubDesktop\corte_cor_ag\Pages\UsuarioLista.cshtml.cs(14,23): warning CS8618: O propriedade n├úo anul├ível 'Mensagem' precisa conter um valor n├úo nulo ao sair do construtor. Considere declarar o propriedade como anul├ível. [C:\Welber\2022\GitHubDesktop\corte_cor_ag\CorteCor.csproj]
C:\Welber\2022\GitHubDesktop\corte_cor_ag\Pages\UsuarioLista.cshtml.cs(17,23): warning CS8618: O propriedade n├úo anul├ível 'NomeClientes' precisa conter um valor n├úo nulo ao sair do construtor. Considere declarar o propriedade como anul├ível. [C:\Welber\2022\GitHubDesktop\corte_cor_ag\CorteCor.csproj]
C:\Welber\2022\GitHubDesktop\corte_cor_ag\Pages\UsuarioLista.cshtml.cs(18,23): warning CS8618: O propriedade n├úo anul├ível 'NomeCliente' precisa conter um valor n├úo nulo ao sair do construtor. Considere declarar o propriedade como anul├ível. [C:\Welber\2022\GitHubDesktop\corte_cor_ag\CorteCor.csproj]
C:\Welber\2022\GitHubDesktop\corte_cor_ag\Pages\UsuarioCadastro.cshtml.cs(98,28): warning CS8600: Convers├úo de literal nula ou poss├¡vel valor nulo em tipo n├úo anul├ível. [C:\Welber\2022\GitHubDesktop\corte_cor_ag\CorteCor.csproj]
C:\Welber\2022\GitHubDesktop\corte_cor_ag\Pages\UsuarioCadastro.cshtml.cs(120,38): warning CS8604: Poss├¡vel argumento de refer├¬ncia nula para o par├ómetro 'email' em 'void LoginManager.EnviarEmail(string email, string from, string subject, string body)'. [C:\Welber\2022\GitHubDesktop\corte_cor_ag\CorteCor.csproj]
C:\Welber\2022\GitHubDesktop\corte_cor_ag\Pages\UsuarioCadastro.cshtml.cs(16,24): warning CS8618: O propriedade n├úo anul├ível 'Usuario' precisa conter um valor n├úo nulo ao sair do construtor. Considere declarar o propriedade como anul├ível. [C:\Welber\2022\GitHubDesktop\corte_cor_ag\CorteCor.csproj]
C:\Welber\2022\GitHubDesktop\corte_cor_ag\Pages\UsuarioCadastro.cshtml.cs(19,23): warning CS8618: O propriedade n├úo anul├ível 'Mensagem' precisa conter um valor n├úo nulo ao sair do construtor. Considere declarar o propriedade como anul├ível. [C:\Welber\2022\GitHubDesktop\corte_cor_ag\CorteCor.csproj]
C:\Welber\2022\GitHubDesktop\corte_cor_ag\Pages\UsuarioCadastro.cshtml.cs(20,23): warning CS8618: O propriedade n├úo anul├ível 'NomeClientes' precisa conter um valor n├úo nulo ao sair do construtor. Considere declarar o propriedade como anul├ível. [C:\Welber\2022\GitHubDesktop\corte_cor_ag\CorteCor.csproj]
C:\Welber\2022\GitHubDesktop\corte_cor_ag\Pages\UsuarioCadastro.cshtml.cs(21,23): warning CS8618: O propriedade n├úo anul├ível 'NomeCliente' precisa conter um valor n├úo nulo ao sair do construtor. Considere declarar o propriedade como anul├ível. [C:\Welber\2022\GitHubDesktop\corte_cor_ag\CorteCor.csproj]
C:\Welber\2022\GitHubDesktop\corte_cor_ag\Pages\UsuarioCadastro.cshtml.cs(22,23): warning CS8618: O propriedade n├úo anul├ível 'NomeCurto' precisa conter um valor n├úo nulo ao sair do construtor. Considere declarar o propriedade como anul├ível. [C:\Welber\2022\GitHubDesktop\corte_cor_ag\CorteCor.csproj]
C:\Welber\2022\GitHubDesktop\corte_cor_ag\Pages\SalaoLista.cshtml.cs(37,32): warning CS8604: Poss├¡vel argumento de refer├¬ncia nula para o par├ómetro 's' em 'int int.Parse(string s)'. [C:\Welber\2022\GitHubDesktop\corte_cor_ag\CorteCor.csproj]
C:\Welber\2022\GitHubDesktop\corte_cor_ag\Pages\SalaoLista.cshtml.cs(38,29): warning CS8600: Convers├úo de literal nula ou poss├¡vel valor nulo em tipo n├úo anul├ível. [C:\Welber\2022\GitHubDesktop\corte_cor_ag\CorteCor.csproj]
C:\Welber\2022\GitHubDesktop\corte_cor_ag\Pages\SalaoLista.cshtml.cs(17,23): warning CS8618: O propriedade n├úo anul├ível 'Mensagem' precisa conter um valor n├úo nulo ao sair do construtor. Considere declarar o propriedade como anul├ível. [C:\Welber\2022\GitHubDesktop\corte_cor_ag\CorteCor.csproj]
C:\Welber\2022\GitHubDesktop\corte_cor_ag\Pages\Relatorios\LogEmail.cshtml.cs(20,16): warning CS8618: O propriedade n├úo anul├ível 'Destinatario' precisa conter um valor n├úo nulo ao sair do construtor. Considere declarar o propriedade como anul├ível. [C:\Welber\2022\GitHubDesktop\corte_cor_ag\CorteCor.csproj]
C:\Welber\2022\GitHubDesktop\corte_cor_ag\Pages\Relatorios\LogEmail.cshtml.cs(20,16): warning CS8618: O propriedade n├úo anul├ível 'Assunto' precisa conter um valor n├úo nulo ao sair do construtor. Considere declarar o propriedade como anul├ível. [C:\Welber\2022\GitHubDesktop\corte_cor_ag\CorteCor.csproj]
C:\Welber\2022\GitHubDesktop\corte_cor_ag\Pages\Relatorios\LogEmail.cshtml.cs(20,16): warning CS8618: O propriedade n├úo anul├ível 'Status' precisa conter um valor n├úo nulo ao sair do construtor. Considere declarar o propriedade como anul├ível. [C:\Welber\2022\GitHubDesktop\corte_cor_ag\CorteCor.csproj]
C:\Welber\2022\GitHubDesktop\corte_cor_ag\Pages\Relatorios\LogEmail.cshtml.cs(20,16): warning CS8618: O propriedade n├úo anul├ível 'TipoLembrete' precisa conter um valor n├úo nulo ao sair do construtor. Considere declarar o propriedade como anul├ível. [C:\Welber\2022\GitHubDesktop\corte_cor_ag\CorteCor.csproj]
C:\Welber\2022\GitHubDesktop\corte_cor_ag\Pages\PessoaExcluidos.cshtml.cs(81,32): warning CS8604: Poss├¡vel argumento de refer├¬ncia nula para o par├ómetro 's' em 'int int.Parse(string s)'. [C:\Welber\2022\GitHubDesktop\corte_cor_ag\CorteCor.csproj]
C:\Welber\2022\GitHubDesktop\corte_cor_ag\Pages\PessoaExcluidos.cshtml.cs(82,29): warning CS8600: Convers├úo de literal nula ou poss├¡vel valor nulo em tipo n├úo anul├ível. [C:\Welber\2022\GitHubDesktop\corte_cor_ag\CorteCor.csproj]
C:\Welber\2022\GitHubDesktop\corte_cor_ag\Pages\PessoaExcluidos.cshtml.cs(16,23): warning CS8618: O propriedade n├úo anul├ível 'Mensagem' precisa conter um valor n├úo nulo ao sair do construtor. Considere declarar o propriedade como anul├ível. [C:\Welber\2022\GitHubDesktop\corte_cor_ag\CorteCor.csproj]
C:\Welber\2022\GitHubDesktop\corte_cor_ag\Pages\Webhooks\MercadoPago.cshtml.cs(61,37): warning CS8600: Convers├úo de literal nula ou poss├¡vel valor nulo em tipo n├úo anul├ível. [C:\Welber\2022\GitHubDesktop\corte_cor_ag\CorteCor.csproj]
C:\Welber\2022\GitHubDesktop\corte_cor_ag\Pages\Webhooks\MercadoPago.cshtml.cs(75,43): warning CS8600: Convers├úo de literal nula ou poss├¡vel valor nulo em tipo n├úo anul├ível. [C:\Welber\2022\GitHubDesktop\corte_cor_ag\CorteCor.csproj]
C:\Welber\2022\GitHubDesktop\corte_cor_ag\Pages\NotaFiscalLogLista.cshtml(48,130): warning CS8602: Desrefer├¬ncia de uma refer├¬ncia possivelmente nula. [C:\Welber\2022\GitHubDesktop\corte_cor_ag\CorteCor.csproj]

FALHA da compila├º├úo.

C:\Welber\2022\GitHubDesktop\corte_cor_ag\Pages\AdmAlterarSenha.cshtml.cs(2,7): warning CS0105: A diretiva using para "CorteCor.Handlers" apareceu anteriormente neste namespace [C:\Welber\2022\GitHubDesktop\corte_cor_ag\CorteCor.csproj]
C:\Welber\2022\GitHubDesktop\corte_cor_ag\Pages\AgendamentosLista.cshtml.cs(7,7): warning CS0105: A diretiva using para "CorteCor.Handlers" apareceu anteriormente neste namespace [C:\Welber\2022\GitHubDesktop\corte_cor_ag\CorteCor.csproj]
C:\Welber\2022\GitHubDesktop\corte_cor_ag\Pages\Configuracoes\FornecedoresEmail.cshtml.cs(3,7): warning CS0105: A diretiva using para "CorteCor.Handlers" apareceu anteriormente neste namespace [C:\Welber\2022\GitHubDesktop\corte_cor_ag\CorteCor.csproj]
C:\Welber\2022\GitHubDesktop\corte_cor_ag\Pages\Configuracoes\FornecedoresSMS.cshtml.cs(3,7): warning CS0105: A diretiva using para "CorteCor.Handlers" apareceu anteriormente neste namespace [C:\Welber\2022\GitHubDesktop\corte_cor_ag\CorteCor.csproj]
C:\Welber\2022\GitHubDesktop\corte_cor_ag\Pages\Configuracoes\FornecedoresWhatsapp.cshtml.cs(3,7): warning CS0105: A diretiva using para "CorteCor.Handlers" apareceu anteriormente neste namespace [C:\Welber\2022\GitHubDesktop\corte_cor_ag\CorteCor.csproj]
C:\Welber\2022\GitHubDesktop\corte_cor_ag\Pages\EsqueciSenha.cshtml.cs(3,7): warning CS0105: A diretiva using para "CorteCor.Handlers" apareceu anteriormente neste namespace [C:\Welber\2022\GitHubDesktop\corte_cor_ag\CorteCor.csproj]
C:\Welber\2022\GitHubDesktop\corte_cor_ag\Pages\EsqueciSenha.cshtml.cs(4,7): warning CS0105: A diretiva using para "CorteCor.Handlers" apareceu anteriormente neste namespace [C:\Welber\2022\GitHubDesktop\corte_cor_ag\CorteCor.csproj]
C:\Welber\2022\GitHubDesktop\corte_cor_ag\Pages\Index.cshtml.cs(3,7): warning CS0105: A diretiva using para "CorteCor.Handlers" apareceu anteriormente neste namespace [C:\Welber\2022\GitHubDesktop\corte_cor_ag\CorteCor.csproj]
C:\Welber\2022\GitHubDesktop\corte_cor_ag\Pages\LembreteConfigCadastro.cshtml.cs(5,7): warning CS0105: A diretiva using para "CorteCor.Handlers" apareceu anteriormente neste namespace [C:\Welber\2022\GitHubDesktop\corte_cor_ag\CorteCor.csproj]
C:\Welber\2022\GitHubDesktop\corte_cor_ag\Pages\LembreteConfigLista.cshtml.cs(5,7): warning CS0105: A diretiva using para "CorteCor.Handlers" apareceu anteriormente neste namespace [C:\Welber\2022\GitHubDesktop\corte_cor_ag\CorteCor.csproj]
C:\Welber\2022\GitHubDesktop\corte_cor_ag\Pages\ModeloEmailCadastro.cshtml.cs(4,7): warning CS0105: A diretiva using para "CorteCor.Handlers" apareceu anteriormente neste namespace [C:\Welber\2022\GitHubDesktop\corte_cor_ag\CorteCor.csproj]
C:\Welber\2022\GitHubDesktop\corte_cor_ag\Pages\ModeloEmailLista.cshtml.cs(7,7): warning CS0105: A diretiva using para "CorteCor.Handlers" apareceu anteriormente neste namespace [C:\Welber\2022\GitHubDesktop\corte_cor_ag\CorteCor.csproj]
C:\Welber\2022\GitHubDesktop\corte_cor_ag\Pages\ModeloSMSCadastro.cshtml.cs(4,7): warning CS0105: A diretiva using para "CorteCor.Handlers" apareceu anteriormente neste namespace [C:\Welber\2022\GitHubDesktop\corte_cor_ag\CorteCor.csproj]
C:\Welber\2022\GitHubDesktop\corte_cor_ag\Pages\ModeloSMSLista.cshtml.cs(8,7): warning CS0105: A diretiva using para "CorteCor.Handlers" apareceu anteriormente neste namespace [C:\Welber\2022\GitHubDesktop\corte_cor_ag\CorteCor.csproj]
C:\Welber\2022\GitHubDesktop\corte_cor_ag\Pages\Relatorios\LogEmail.cshtml.cs(5,7): warning CS0105: A diretiva using para "CorteCor.Handlers" apareceu anteriormente neste namespace [C:\Welber\2022\GitHubDesktop\corte_cor_ag\CorteCor.csproj]
C:\Welber\2022\GitHubDesktop\corte_cor_ag\Pages\SalaoCadastro.cshtml.cs(4,7): warning CS0105: A diretiva using para "CorteCor.Handlers" apareceu anteriormente neste namespace [C:\Welber\2022\GitHubDesktop\corte_cor_ag\CorteCor.csproj]
C:\Welber\2022\GitHubDesktop\corte_cor_ag\Pages\UsuarioAlterarSenha.cshtml.cs(2,7): warning CS0105: A diretiva using para "CorteCor.Handlers" apareceu anteriormente neste namespace [C:\Welber\2022\GitHubDesktop\corte_cor_ag\CorteCor.csproj]
C:\Welber\2022\GitHubDesktop\corte_cor_ag\Pages\UsuarioCadastro.cshtml.cs(3,7): warning CS0105: A diretiva using para "CorteCor.Handlers" apareceu anteriormente neste namespace [C:\Welber\2022\GitHubDesktop\corte_cor_ag\CorteCor.csproj]
C:\Welber\2022\GitHubDesktop\corte_cor_ag\Pages\UsuarioDashboard.cshtml.cs(4,7): warning CS0105: A diretiva using para "CorteCor.Handlers" apareceu anteriormente neste namespace [C:\Welber\2022\GitHubDesktop\corte_cor_ag\CorteCor.csproj]
C:\Welber\2022\GitHubDesktop\corte_cor_ag\Program.cs(10,7): warning CS0105: A diretiva using para "CorteCor.Handlers" apareceu anteriormente neste namespace [C:\Welber\2022\GitHubDesktop\corte_cor_ag\CorteCor.csproj]
C:\Welber\2022\GitHubDesktop\corte_cor_ag\Services\BrevoEmailService.cs(3,7): warning CS0105: A diretiva using para "CorteCor.Handlers" apareceu anteriormente neste namespace [C:\Welber\2022\GitHubDesktop\corte_cor_ag\CorteCor.csproj]
C:\Welber\2022\GitHubDesktop\corte_cor_ag\Services\LembreteService.cs(8,7): warning CS0105: A diretiva using para "CorteCor.Handlers" apareceu anteriormente neste namespace [C:\Welber\2022\GitHubDesktop\corte_cor_ag\CorteCor.csproj]
C:\Welber\2022\GitHubDesktop\corte_cor_ag\Services\SMSMarketService.cs(2,7): warning CS0105: A diretiva using para "CorteCor.Handlers" apareceu anteriormente neste namespace [C:\Welber\2022\GitHubDesktop\corte_cor_ag\CorteCor.csproj]
C:\Welber\2022\GitHubDesktop\corte_cor_ag\Handlers\EntityHandler.cs(244,58): warning CS8625: N├úo ├® poss├¡vel converter um literal nulo em um tipo de refer├¬ncia n├úo anul├ível. [C:\Welber\2022\GitHubDesktop\corte_cor_ag\CorteCor.csproj]
C:\Welber\2022\GitHubDesktop\corte_cor_ag\Handlers\EntityHandler.cs(20,62): warning CS8625: N├úo ├® poss├¡vel converter um literal nulo em um tipo de refer├¬ncia n├úo anul├ível. [C:\Welber\2022\GitHubDesktop\corte_cor_ag\CorteCor.csproj]
C:\Welber\2022\GitHubDesktop\corte_cor_ag\Handlers\DatabaseHandler.cs(53,51): warning CS0618: "SqlParameter" ├® obsoleto: "Use the Microsoft.Data.SqlClient package instead." [C:\Welber\2022\GitHubDesktop\corte_cor_ag\CorteCor.csproj]
C:\Welber\2022\GitHubDesktop\corte_cor_ag\Handlers\EntityHandler.cs(455,58): warning CS8625: N├úo ├® poss├¡vel converter um literal nulo em um tipo de refer├¬ncia n├úo anul├ível. [C:\Welber\2022\GitHubDesktop\corte_cor_ag\CorteCor.csproj]
C:\Welber\2022\GitHubDesktop\corte_cor_ag\Handlers\EntityHandler.cs(722,64): warning CS8625: N├úo ├® poss├¡vel converter um literal nulo em um tipo de refer├¬ncia n├úo anul├ível. [C:\Welber\2022\GitHubDesktop\corte_cor_ag\CorteCor.csproj]
C:\Welber\2022\GitHubDesktop\corte_cor_ag\Handlers\EntityHandler.cs(391,77): warning CS8625: N├úo ├® poss├¡vel converter um literal nulo em um tipo de refer├¬ncia n├úo anul├ível. [C:\Welber\2022\GitHubDesktop\corte_cor_ag\CorteCor.csproj]
C:\Welber\2022\GitHubDesktop\corte_cor_ag\Handlers\EntityHandler.cs(33,60): warning CS8625: N├úo ├® poss├¡vel converter um literal nulo em um tipo de refer├¬ncia n├úo anul├ível. [C:\Welber\2022\GitHubDesktop\corte_cor_ag\CorteCor.csproj]
C:\Welber\2022\GitHubDesktop\corte_cor_ag\Handlers\EntityHandler.cs(602,66): warning CS8625: N├úo ├® poss├¡vel converter um literal nulo em um tipo de refer├¬ncia n├úo anul├ível. [C:\Welber\2022\GitHubDesktop\corte_cor_ag\CorteCor.csproj]
C:\Welber\2022\GitHubDesktop\corte_cor_ag\Handlers\EntityHandler.cs(965,64): warning CS8625: N├úo ├® poss├¡vel converter um literal nulo em um tipo de refer├¬ncia n├úo anul├ível. [C:\Welber\2022\GitHubDesktop\corte_cor_ag\CorteCor.csproj]
C:\Welber\2022\GitHubDesktop\corte_cor_ag\Handlers\EntityHandler.cs(1260,60): warning CS8625: N├úo ├® poss├¡vel converter um literal nulo em um tipo de refer├¬ncia n├úo anul├ível. [C:\Welber\2022\GitHubDesktop\corte_cor_ag\CorteCor.csproj]
C:\Welber\2022\GitHubDesktop\corte_cor_ag\Handlers\EntityHandler.cs(1705,59): warning CS8625: N├úo ├® poss├¡vel converter um literal nulo em um tipo de refer├¬ncia n├úo anul├ível. [C:\Welber\2022\GitHubDesktop\corte_cor_ag\CorteCor.csproj]
C:\Welber\2022\GitHubDesktop\corte_cor_ag\Handlers\EntityHandler.cs(2570,66): warning CS8625: N├úo ├® poss├¡vel converter um literal nulo em um tipo de refer├¬ncia n├úo anul├ível. [C:\Welber\2022\GitHubDesktop\corte_cor_ag\CorteCor.csproj]
C:\Welber\2022\GitHubDesktop\corte_cor_ag\Handlers\EntityHandler.cs(3482,64): warning CS8625: N├úo ├® poss├¡vel converter um literal nulo em um tipo de refer├¬ncia n├úo anul├ível. [C:\Welber\2022\GitHubDesktop\corte_cor_ag\CorteCor.csproj]
C:\Welber\2022\GitHubDesktop\corte_cor_ag\Handlers\EntityHandler.cs(1466,71): warning CS8625: N├úo ├® poss├¡vel converter um literal nulo em um tipo de refer├¬ncia n├úo anul├ível. [C:\Welber\2022\GitHubDesktop\corte_cor_ag\CorteCor.csproj]
C:\Welber\2022\GitHubDesktop\corte_cor_ag\Services\LembreteService.cs(22,230): warning CS8625: N├úo ├® poss├¡vel converter um literal nulo em um tipo de refer├¬ncia n├úo anul├ível. [C:\Welber\2022\GitHubDesktop\corte_cor_ag\CorteCor.csproj]
C:\Welber\2022\GitHubDesktop\corte_cor_ag\Handlers\EntityHandler.cs(3642,61): warning CS8625: N├úo ├® poss├¡vel converter um literal nulo em um tipo de refer├¬ncia n├úo anul├ível. [C:\Welber\2022\GitHubDesktop\corte_cor_ag\CorteCor.csproj]
C:\Welber\2022\GitHubDesktop\corte_cor_ag\Handlers\EntityHandler.cs(4090,212): warning CS8625: N├úo ├® poss├¡vel converter um literal nulo em um tipo de refer├¬ncia n├úo anul├ível. [C:\Welber\2022\GitHubDesktop\corte_cor_ag\CorteCor.csproj]
C:\Welber\2022\GitHubDesktop\corte_cor_ag\Handlers\EntityHandler.cs(2060,64): warning CS8625: N├úo ├® poss├¡vel converter um literal nulo em um tipo de refer├¬ncia n├úo anul├ível. [C:\Welber\2022\GitHubDesktop\corte_cor_ag\CorteCor.csproj]
C:\Welber\2022\GitHubDesktop\corte_cor_ag\Services\MercadoPagoService.cs(14,85): warning CS8625: N├úo ├® poss├¡vel converter um literal nulo em um tipo de refer├¬ncia n├úo anul├ível. [C:\Welber\2022\GitHubDesktop\corte_cor_ag\CorteCor.csproj]
C:\Welber\2022\GitHubDesktop\corte_cor_ag\Handlers\EntityHandler.cs(2963,62): warning CS8625: N├úo ├® poss├¡vel converter um literal nulo em um tipo de refer├¬ncia n├úo anul├ível. [C:\Welber\2022\GitHubDesktop\corte_cor_ag\CorteCor.csproj]
C:\Welber\2022\GitHubDesktop\corte_cor_ag\Pages\Estabelecimentos.cshtml.cs(115,59): warning CS0108: "EstabelecimentosModel.Page" oculta o membro herdado "PageModel.Page()". Use a nova palavra-chave se foi pretendido ocultar. [C:\Welber\2022\GitHubDesktop\corte_cor_ag\CorteCor.csproj]
C:\Users\olive\.nuget\packages\microsoft.net.test.sdk\17.8.0\build\netcoreapp3.1\Microsoft.NET.Test.Sdk.Program.cs(4,41): warning CS7022: O ponto de entrada do programa ├® o c├│digo global. Ignorando o ponto de entrada 'AutoGeneratedProgram.Main(string[])'. [C:\Welber\2022\GitHubDesktop\corte_cor_ag\CorteCor.csproj]
C:\Welber\2022\GitHubDesktop\corte_cor_ag\Models\Models.cs(479,19): warning CS8618: O propriedade n├úo anul├ível 'Justificativa' precisa conter um valor n├úo nulo ao sair do construtor. Considere declarar o propriedade como anul├ível. [C:\Welber\2022\GitHubDesktop\corte_cor_ag\CorteCor.csproj]
C:\Welber\2022\GitHubDesktop\corte_cor_ag\Models\Models.cs(480,19): warning CS8618: O propriedade n├úo anul├ível 'Status' precisa conter um valor n├úo nulo ao sair do construtor. Considere declarar o propriedade como anul├ível. [C:\Welber\2022\GitHubDesktop\corte_cor_ag\CorteCor.csproj]
C:\Welber\2022\GitHubDesktop\corte_cor_ag\Models\Models.cs(460,19): warning CS8618: O propriedade n├úo anul├ível 'TipoEvento' precisa conter um valor n├úo nulo ao sair do construtor. Considere declarar o propriedade como anul├ível. [C:\Welber\2022\GitHubDesktop\corte_cor_ag\CorteCor.csproj]
C:\Welber\2022\GitHubDesktop\corte_cor_ag\Models\Models.cs(461,19): warning CS8618: O propriedade n├úo anul├ível 'Justificativa' precisa conter um valor n├úo nulo ao sair do construtor. Considere declarar o propriedade como anul├ível. [C:\Welber\2022\GitHubDesktop\corte_cor_ag\CorteCor.csproj]
C:\Welber\2022\GitHubDesktop\corte_cor_ag\Models\Models.cs(465,19): warning CS8618: O propriedade n├úo anul├ível 'Status' precisa conter um valor n├úo nulo ao sair do construtor. Considere declarar o propriedade como anul├ível. [C:\Welber\2022\GitHubDesktop\corte_cor_ag\CorteCor.csproj]
C:\Welber\2022\GitHubDesktop\corte_cor_ag\Handlers\DatabaseHandler.cs(42,34): warning CS0618: "SqlConnection" ├® obsoleto: "Use the Microsoft.Data.SqlClient package instead." [C:\Welber\2022\GitHubDesktop\corte_cor_ag\CorteCor.csproj]
C:\Welber\2022\GitHubDesktop\corte_cor_ag\Models\Models.cs(9,19): warning CS8618: O propriedade n├úo anul├ível 'Nome' precisa conter um valor n├úo nulo ao sair do construtor. Considere declarar o propriedade como anul├ível. [C:\Welber\2022\GitHubDesktop\corte_cor_ag\CorteCor.csproj]
C:\Welber\2022\GitHubDesktop\corte_cor_ag\Models\Models.cs(10,19): warning CS8618: O propriedade n├úo anul├ível 'Email' precisa conter um valor n├úo nulo ao sair do construtor. Considere declarar o propriedade como anul├ível. [C:\Welber\2022\GitHubDesktop\corte_cor_ag\CorteCor.csproj]
C:\Welber\2022\GitHubDesktop\corte_cor_ag\Models\Models.cs(11,19): warning CS8618: O propriedade n├úo anul├ível 'Senha' precisa conter um valor n├úo nulo ao sair do construtor. Considere declarar o propriedade como anul├ível. [C:\Welber\2022\GitHubDesktop\corte_cor_ag\CorteCor.csproj]
C:\Welber\2022\GitHubDesktop\corte_cor_ag\Models\Models.cs(12,19): warning CS8618: O propriedade n├úo anul├ível 'Perfil' precisa conter um valor n├úo nulo ao sair do construtor. Considere declarar o propriedade como anul├ível. [C:\Welber\2022\GitHubDesktop\corte_cor_ag\CorteCor.csproj]
C:\Welber\2022\GitHubDesktop\corte_cor_ag\Models\Models.cs(13,19): warning CS8618: O propriedade n├úo anul├ível 'Status' precisa conter um valor n├úo nulo ao sair do construtor. Considere declarar o propriedade como anul├ível. [C:\Welber\2022\GitHubDesktop\corte_cor_ag\CorteCor.csproj]
C:\Welber\2022\GitHubDesktop\corte_cor_ag\Models\Models.cs(436,19): warning CS8618: O propriedade n├úo anul├ível 'TipoNota' precisa conter um valor n├úo nulo ao sair do construtor. Considere declarar o propriedade como anul├ível. [C:\Welber\2022\GitHubDesktop\corte_cor_ag\CorteCor.csproj]
C:\Welber\2022\GitHubDesktop\corte_cor_ag\Models\Models.cs(441,19): warning CS8618: O propriedade n├úo anul├ível 'Status' precisa conter um valor n├úo nulo ao sair do construtor. Considere declarar o propriedade como anul├ível. [C:\Welber\2022\GitHubDesktop\corte_cor_ag\CorteCor.csproj]
C:\Welber\2022\GitHubDesktop\corte_cor_ag\Models\Models.cs(20,19): warning CS8618: O propriedade n├úo anul├ível 'Nome' precisa conter um valor n├úo nulo ao sair do construtor. Considere declarar o propriedade como anul├ível. [C:\Welber\2022\GitHubDesktop\corte_cor_ag\CorteCor.csproj]
C:\Welber\2022\GitHubDesktop\corte_cor_ag\Models\Models.cs(21,19): warning CS8618: O propriedade n├úo anul├ível 'Sobrenome' precisa conter um valor n├úo nulo ao sair do construtor. Considere declarar o propriedade como anul├ível. [C:\Welber\2022\GitHubDesktop\corte_cor_ag\CorteCor.csproj]
C:\Welber\2022\GitHubDesktop\corte_cor_ag\Models\Models.cs(22,19): warning CS8618: O propriedade n├úo anul├ível 'CPF' precisa conter um valor n├úo nulo ao sair do construtor. Considere declarar o propriedade como anul├ível. [C:\Welber\2022\GitHubDesktop\corte_cor_ag\CorteCor.csproj]
C:\Welber\2022\GitHubDesktop\corte_cor_ag\Models\Models.cs(23,19): warning CS8618: O propriedade n├úo anul├ível 'Email' precisa conter um valor n├úo nulo ao sair do construtor. Considere declarar o propriedade como anul├ível. [C:\Welber\2022\GitHubDesktop\corte_cor_ag\CorteCor.csproj]
C:\Welber\2022\GitHubDesktop\corte_cor_ag\Models\Models.cs(24,19): warning CS8618: O propriedade n├úo anul├ível 'Telefone' precisa conter um valor n├úo nulo ao sair do construtor. Considere declarar o propriedade como anul├ível. [C:\Welber\2022\GitHubDesktop\corte_cor_ag\CorteCor.csproj]
C:\Welber\2022\GitHubDesktop\corte_cor_ag\Models\Models.cs(26,19): warning CS8618: O propriedade n├úo anul├ível 'Status' precisa conter um valor n├úo nulo ao sair do construtor. Considere declarar o propriedade como anul├ível. [C:\Welber\2022\GitHubDesktop\corte_cor_ag\CorteCor.csproj]
C:\Welber\2022\GitHubDesktop\corte_cor_ag\Models\Models.cs(28,19): warning CS8618: O propriedade n├úo anul├ível 'Senha' precisa conter um valor n├úo nulo ao sair do construtor. Considere declarar o propriedade como anul├ível. [C:\Welber\2022\GitHubDesktop\corte_cor_ag\CorteCor.csproj]
C:\Welber\2022\GitHubDesktop\corte_cor_ag\Models\Models.cs(411,19): warning CS8618: O propriedade n├úo anul├ível 'Cnpj' precisa conter um valor n├úo nulo ao sair do construtor. Considere declarar o propriedade como anul├ível. [C:\Welber\2022\GitHubDesktop\corte_cor_ag\CorteCor.csproj]
C:\Welber\2022\GitHubDesktop\corte_cor_ag\Models\Models.cs(412,19): warning CS8618: O propriedade n├úo anul├ível 'RazaoSocial' precisa conter um valor n├úo nulo ao sair do construtor. Considere declarar o propriedade como anul├ível. [C:\Welber\2022\GitHubDesktop\corte_cor_ag\CorteCor.csproj]
C:\Welber\2022\GitHubDesktop\corte_cor_ag\Models\Models.cs(395,19): warning CS8618: O propriedade n├úo anul├ível 'Nome' precisa conter um valor n├úo nulo ao sair do construtor. Considere declarar o propriedade como anul├ível. [C:\Welber\2022\GitHubDesktop\corte_cor_ag\CorteCor.csproj]
C:\Welber\2022\GitHubDesktop\corte_cor_ag\Models\Models.cs(398,19): warning CS8618: O propriedade n├úo anul├ível 'Endpoint' precisa conter um valor n├úo nulo ao sair do construtor. Considere declarar o propriedade como anul├ível. [C:\Welber\2022\GitHubDesktop\corte_cor_ag\CorteCor.csproj]
C:\Welber\2022\GitHubDesktop\corte_cor_ag\Handlers\EntityHandler.cs(264,44): warning CS8600: Convers├úo de literal nula ou poss├¡vel valor nulo em tipo n├úo anul├ível. [C:\Welber\2022\GitHubDesktop\corte_cor_ag\CorteCor.csproj]
C:\Welber\2022\GitHubDesktop\corte_cor_ag\Handlers\EntityHandler.cs(265,54): warning CS8604: Poss├¡vel argumento de refer├¬ncia nula para o par├ómetro 'senhaHash' em 'bool LoginManager.VerificarSenha(string senha, string senhaHash)'. [C:\Welber\2022\GitHubDesktop\corte_cor_ag\CorteCor.csproj]
C:\Welber\2022\GitHubDesktop\corte_cor_ag\Models\Models.cs(382,19): warning CS8618: O propriedade n├úo anul├ível 'Nome' precisa conter um valor n├úo nulo ao sair do construtor. Considere declarar o propriedade como anul├ível. [C:\Welber\2022\GitHubDesktop\corte_cor_ag\CorteCor.csproj]
C:\Welber\2022\GitHubDesktop\corte_cor_ag\Models\Models.cs(383,19): warning CS8618: O propriedade n├úo anul├ível 'ApiKey' precisa conter um valor n├úo nulo ao sair do construtor. Considere declarar o propriedade como anul├ível. [C:\Welber\2022\GitHubDesktop\corte_cor_ag\CorteCor.csproj]
C:\Welber\2022\GitHubDesktop\corte_cor_ag\Models\Models.cs(385,19): warning CS8618: O propriedade n├úo anul├ível 'Endpoint' precisa conter um valor n├úo nulo ao sair do construtor. Considere declarar o propriedade como anul├ível. [C:\Welber\2022\GitHubDesktop\corte_cor_ag\CorteCor.csproj]
C:\Welber\2022\GitHubDesktop\corte_cor_ag\Models\Models.cs(386,19): warning CS8618: O propriedade n├úo anul├ível 'Remetente' precisa conter um valor n├úo nulo ao sair do construtor. Considere declarar o propriedade como anul├ível. [C:\Welber\2022\GitHubDesktop\corte_cor_ag\CorteCor.csproj]
C:\Welber\2022\GitHubDesktop\corte_cor_ag\Handlers\EntityHandler.cs(287,44): warning CS8600: Convers├úo de literal nula ou poss├¡vel valor nulo em tipo n├úo anul├ível. [C:\Welber\2022\GitHubDesktop\corte_cor_ag\CorteCor.csproj]
C:\Welber\2022\GitHubDesktop\corte_cor_ag\Handlers\EntityHandler.cs(288,54): warning CS8604: Poss├¡vel argumento de refer├¬ncia nula para o par├ómetro 'senhaHash' em 'bool LoginManager.VerificarSenha(string senha, string senhaHash)'. [C:\Welber\2022\GitHubDesktop\corte_cor_ag\CorteCor.csproj]
C:\Welber\2022\GitHubDesktop\corte_cor_ag\Models\Models.cs(368,19): warning CS8618: O propriedade n├úo anul├ível 'Nome' precisa conter um valor n├úo nulo ao sair do construtor. Considere declarar o propriedade como anul├ível. [C:\Welber\2022\GitHubDesktop\corte_cor_ag\CorteCor.csproj]
C:\Welber\2022\GitHubDesktop\corte_cor_ag\Models\Models.cs(369,19): warning CS8618: O propriedade n├úo anul├ível 'ApiKey' precisa conter um valor n├úo nulo ao sair do construtor. Considere declarar o propriedade como anul├ível. [C:\Welber\2022\GitHubDesktop\corte_cor_ag\CorteCor.csproj]
C:\Welber\2022\GitHubDesktop\corte_cor_ag\Models\Models.cs(371,19): warning CS8618: O propriedade n├úo anul├ível 'Endpoint' precisa conter um valor n├úo nulo ao sair do construtor. Considere declarar o propriedade como anul├ível. [C:\Welber\2022\GitHubDesktop\corte_cor_ag\CorteCor.csproj]
C:\Welber\2022\GitHubDesktop\corte_cor_ag\Models\Models.cs(372,19): warning CS8618: O propriedade n├úo anul├ível 'RemetenteNome' precisa conter um valor n├úo nulo ao sair do construtor. Considere declarar o propriedade como anul├ível. [C:\Welber\2022\GitHubDesktop\corte_cor_ag\CorteCor.csproj]
C:\Welber\2022\GitHubDesktop\corte_cor_ag\Models\Models.cs(373,19): warning CS8618: O propriedade n├úo anul├ível 'RemetenteEmail' precisa conter um valor n├úo nulo ao sair do construtor. Considere declarar o propriedade como anul├ível. [C:\Welber\2022\GitHubDesktop\corte_cor_ag\CorteCor.csproj]
C:\Welber\2022\GitHubDesktop\corte_cor_ag\Handlers\EntityHandler.cs(63,33): warning CS8600: Convers├úo de literal nula ou poss├¡vel valor nulo em tipo n├úo anul├ível. [C:\Welber\2022\GitHubDesktop\corte_cor_ag\CorteCor.csproj]
C:\Welber\2022\GitHubDesktop\corte_cor_ag\Models\Models.cs(341,19): warning CS8618: O propriedade n├úo anul├ível 'NomeCliente' precisa conter um valor n├úo nulo ao sair do construtor. Considere declarar o propriedade como anul├ível. [C:\Welber\2022\GitHubDesktop\corte_cor_ag\CorteCor.csproj]
C:\Welber\2022\GitHubDesktop\corte_cor_ag\Models\Models.cs(342,19): warning CS8618: O propriedade n├úo anul├ível 'EmailCliente' precisa conter um valor n├úo nulo ao sair do construtor. Considere declarar o propriedade como anul├ível. [C:\Welber\2022\GitHubDesktop\corte_cor_ag\CorteCor.csproj]
C:\Welber\2022\GitHubDesktop\corte_cor_ag\Models\Models.cs(343,19): warning CS8618: O propriedade n├úo anul├ível 'TelefoneCliente' precisa conter um valor n├úo nulo ao sair do construtor. Considere declarar o propriedade como anul├ível. [C:\Welber\2022\GitHubDesktop\corte_cor_ag\CorteCor.csproj]
C:\Welber\2022\GitHubDesktop\corte_cor_ag\Models\Models.cs(345,19): warning CS8618: O propriedade n├úo anul├ível 'NomeServico' precisa conter um valor n├úo nulo ao sair do construtor. Considere declarar o propriedade como anul├ível. [C:\Welber\2022\GitHubDesktop\corte_cor_ag\CorteCor.csproj]
C:\Welber\2022\GitHubDesktop\corte_cor_ag\Models\Models.cs(346,19): warning CS8618: O propriedade n├úo anul├ível 'NomeProfissional' precisa conter um valor n├úo nulo ao sair do construtor. Considere declarar o propriedade como anul├ível. [C:\Welber\2022\GitHubDesktop\corte_cor_ag\CorteCor.csproj]
C:\Welber\2022\GitHubDesktop\corte_cor_ag\Models\Models.cs(347,19): warning CS8618: O propriedade n├úo anul├ível 'NomeSalao' precisa conter um valor n├úo nulo ao sair do construtor. Considere declarar o propriedade como anul├ível. [C:\Welber\2022\GitHubDesktop\corte_cor_ag\CorteCor.csproj]
C:\Welber\2022\GitHubDesktop\corte_cor_ag\Models\Models.cs(351,19): warning CS8618: O propriedade n├úo anul├ível 'TipoLembrete' precisa conter um valor n├úo nulo ao sair do construtor. Considere declarar o propriedade como anul├ível. [C:\Welber\2022\GitHubDesktop\corte_cor_ag\CorteCor.csproj]
C:\Welber\2022\GitHubDesktop\corte_cor_ag\Models\Models.cs(332,19): warning CS8618: O propriedade n├úo anul├ível 'Status' precisa conter um valor n├úo nulo ao sair do construtor. Considere declarar o propriedade como anul├ível. [C:\Welber\2022\GitHubDesktop\corte_cor_ag\CorteCor.csproj]
C:\Welber\2022\GitHubDesktop\corte_cor_ag\Models\Models.cs(318,19): warning CS8618: O propriedade n├úo anul├ível 'Destinatario' precisa conter um valor n├úo nulo ao sair do construtor. Considere declarar o propriedade como anul├ível. [C:\Welber\2022\GitHubDesktop\corte_cor_ag\CorteCor.csproj]
C:\Welber\2022\GitHubDesktop\corte_cor_ag\Models\Models.cs(319,19): warning CS8618: O propriedade n├úo anul├ível 'Assunto' precisa conter um valor n├úo nulo ao sair do construtor. Considere declarar o propriedade como anul├ível. [C:\Welber\2022\GitHubDesktop\corte_cor_ag\CorteCor.csproj]
C:\Welber\2022\GitHubDesktop\corte_cor_ag\Models\Models.cs(320,19): warning CS8618: O propriedade n├úo anul├ível 'Status' precisa conter um valor n├úo nulo ao sair do construtor. Considere declarar o propriedade como anul├ível. [C:\Welber\2022\GitHubDesktop\corte_cor_ag\CorteCor.csproj]
C:\Welber\2022\GitHubDesktop\corte_cor_ag\Handlers\EntityHandler.cs(379,30): warning CS0168: A vari├ível "ex" est├í declarada, mas nunca ├® usada [C:\Welber\2022\GitHubDesktop\corte_cor_ag\CorteCor.csproj]
C:\Welber\2022\GitHubDesktop\corte_cor_ag\Models\Models.cs(299,19): warning CS8618: O propriedade n├úo anul├ível 'AntecedenciaUnidade' precisa conter um valor n├úo nulo ao sair do construtor. Considere declarar o propriedade como anul├ível. [C:\Welber\2022\GitHubDesktop\corte_cor_ag\CorteCor.csproj]
C:\Welber\2022\GitHubDesktop\corte_cor_ag\Models\Models.cs(288,19): warning CS8618: O propriedade n├úo anul├ível 'TipoEvento' precisa conter um valor n├úo nulo ao sair do construtor. Considere declarar o propriedade como anul├ível. [C:\Welber\2022\GitHubDesktop\corte_cor_ag\CorteCor.csproj]
C:\Welber\2022\GitHubDesktop\corte_cor_ag\Models\Models.cs(289,19): warning CS8618: O propriedade n├úo anul├ível 'Conteudo' precisa conter um valor n├úo nulo ao sair do construtor. Considere declarar o propriedade como anul├ível. [C:\Welber\2022\GitHubDesktop\corte_cor_ag\CorteCor.csproj]
C:\Welber\2022\GitHubDesktop\corte_cor_ag\Models\Models.cs(37,19): warning CS8618: O propriedade n├úo anul├ível 'Nome' precisa conter um valor n├úo nulo ao sair do construtor. Considere declarar o propriedade como anul├ível. [C:\Welber\2022\GitHubDesktop\corte_cor_ag\CorteCor.csproj]
C:\Welber\2022\GitHubDesktop\corte_cor_ag\Models\Models.cs(38,19): warning CS8618: O propriedade n├úo anul├ível 'Responsavel' precisa conter um valor n├úo nulo ao sair do construtor. Considere declarar o propriedade como anul├ível. [C:\Welber\2022\GitHubDesktop\corte_cor_ag\CorteCor.csproj]
C:\Welber\2022\GitHubDesktop\corte_cor_ag\Models\Models.cs(39,19): warning CS8618: O propriedade n├úo anul├ível 'Email' precisa conter um valor n├úo nulo ao sair do construtor. Considere declarar o propriedade como anul├ível. [C:\Welber\2022\GitHubDesktop\corte_cor_ag\CorteCor.csproj]
C:\Welber\2022\GitHubDesktop\corte_cor_ag\Models\Models.cs(40,19): warning CS8618: O propriedade n├úo anul├ível 'Telefone' precisa conter um valor n├úo nulo ao sair do construtor. Considere declarar o propriedade como anul├ível. [C:\Welber\2022\GitHubDesktop\corte_cor_ag\CorteCor.csproj]
C:\Welber\2022\GitHubDesktop\corte_cor_ag\Models\Models.cs(41,19): warning CS8618: O propriedade n├úo anul├ível 'Endereco' precisa conter um valor n├úo nulo ao sair do construtor. Considere declarar o propriedade como anul├ível. [C:\Welber\2022\GitHubDesktop\corte_cor_ag\CorteCor.csproj]
C:\Welber\2022\GitHubDesktop\corte_cor_ag\Models\Models.cs(42,19): warning CS8618: O propriedade n├úo anul├ível 'CNPJ' precisa conter um valor n├úo nulo ao sair do construtor. Considere declarar o propriedade como anul├ível. [C:\Welber\2022\GitHubDesktop\corte_cor_ag\CorteCor.csproj]
C:\Welber\2022\GitHubDesktop\corte_cor_ag\Models\Models.cs(43,19): warning CS8618: O propriedade n├úo anul├ível 'Status' precisa conter um valor n├úo nulo ao sair do construtor. Considere declarar o propriedade como anul├ível. [C:\Welber\2022\GitHubDesktop\corte_cor_ag\CorteCor.csproj]
C:\Welber\2022\GitHubDesktop\corte_cor_ag\Models\Models.cs(44,19): warning CS8618: O propriedade n├úo anul├ível 'Observacao' precisa conter um valor n├úo nulo ao sair do construtor. Considere declarar o propriedade como anul├ível. [C:\Welber\2022\GitHubDesktop\corte_cor_ag\CorteCor.csproj]
C:\Welber\2022\GitHubDesktop\corte_cor_ag\Models\Models.cs(277,19): warning CS8618: O propriedade n├úo anul├ível 'TipoEvento' precisa conter um valor n├úo nulo ao sair do construtor. Considere declarar o propriedade como anul├ível. [C:\Welber\2022\GitHubDesktop\corte_cor_ag\CorteCor.csproj]
C:\Welber\2022\GitHubDesktop\corte_cor_ag\Models\Models.cs(278,19): warning CS8618: O propriedade n├úo anul├ível 'Assunto' precisa conter um valor n├úo nulo ao sair do construtor. Considere declarar o propriedade como anul├ível. [C:\Welber\2022\GitHubDesktop\corte_cor_ag\CorteCor.csproj]
C:\Welber\2022\GitHubDesktop\corte_cor_ag\Models\Models.cs(279,19): warning CS8618: O propriedade n├úo anul├ível 'CorpoHTML' precisa conter um valor n├úo nulo ao sair do construtor. Considere declarar o propriedade como anul├ível. [C:\Welber\2022\GitHubDesktop\corte_cor_ag\CorteCor.csproj]
C:\Welber\2022\GitHubDesktop\corte_cor_ag\Handlers\EntityHandler.cs(101,36): warning CS8601: Poss├¡vel atribui├º├úo de refer├¬ncia nula. [C:\Welber\2022\GitHubDesktop\corte_cor_ag\CorteCor.csproj]
C:\Welber\2022\GitHubDesktop\corte_cor_ag\Handlers\EntityHandler.cs(102,37): warning CS8601: Poss├¡vel atribui├º├úo de refer├¬ncia nula. [C:\Welber\2022\GitHubDesktop\corte_cor_ag\CorteCor.csproj]
C:\Welber\2022\GitHubDesktop\corte_cor_ag\Handlers\EntityHandler.cs(103,40): warning CS8601: Poss├¡vel atribui├º├úo de refer├¬ncia nula. [C:\Welber\2022\GitHubDesktop\corte_cor_ag\CorteCor.csproj]
C:\Welber\2022\GitHubDesktop\corte_cor_ag\Handlers\EntityHandler.cs(105,38): warning CS8601: Poss├¡vel atribui├º├úo de refer├¬ncia nula. [C:\Welber\2022\GitHubDesktop\corte_cor_ag\CorteCor.csproj]
C:\Welber\2022\GitHubDesktop\corte_cor_ag\Handlers\EntityHandler.cs(106,41): warning CS8601: Poss├¡vel atribui├º├úo de refer├¬ncia nula. [C:\Welber\2022\GitHubDesktop\corte_cor_ag\CorteCor.csproj]
C:\Welber\2022\GitHubDesktop\corte_cor_ag\Handlers\EntityHandler.cs(107,35): warning CS8601: Poss├¡vel atribui├º├úo de refer├¬ncia nula. [C:\Welber\2022\GitHubDesktop\corte_cor_ag\CorteCor.csproj]
C:\Welber\2022\GitHubDesktop\corte_cor_ag\Handlers\EntityHandler.cs(108,37): warning CS8601: Poss├¡vel atribui├º├úo de refer├¬ncia nula. [C:\Welber\2022\GitHubDesktop\corte_cor_ag\CorteCor.csproj]
C:\Welber\2022\GitHubDesktop\corte_cor_ag\Services\SMSMarketService.cs(36,31): warning CS8600: Convers├úo de literal nula ou poss├¡vel valor nulo em tipo n├úo anul├ível. [C:\Welber\2022\GitHubDesktop\corte_cor_ag\CorteCor.csproj]
C:\Welber\2022\GitHubDesktop\corte_cor_ag\Services\SMSMarketService.cs(86,36): warning CS8619: A anulabilidade de tipos de refer├¬ncia no valor do tipo '(bool, string?)' n├úo corresponde ao tipo de destino '(bool Success, string ErrorMessage)'. [C:\Welber\2022\GitHubDesktop\corte_cor_ag\CorteCor.csproj]
C:\Welber\2022\GitHubDesktop\corte_cor_ag\Services\SMSMarketService.cs(90,47): warning CS8600: Convers├úo de literal nula ou poss├¡vel valor nulo em tipo n├úo anul├ível. [C:\Welber\2022\GitHubDesktop\corte_cor_ag\CorteCor.csproj]
C:\Welber\2022\GitHubDesktop\corte_cor_ag\Handlers\SalaoConfigFiscalHandler.cs(38,49): warning CS8604: Poss├¡vel argumento de refer├¬ncia nula para o par├ómetro 'input' em 'Guid Guid.Parse(string input)'. [C:\Welber\2022\GitHubDesktop\corte_cor_ag\CorteCor.csproj]
C:\Welber\2022\GitHubDesktop\corte_cor_ag\Handlers\SalaoConfigFiscalHandler.cs(40,28): warning CS8601: Poss├¡vel atribui├º├úo de refer├¬ncia nula. [C:\Welber\2022\GitHubDesktop\corte_cor_ag\CorteCor.csproj]
C:\Welber\2022\GitHubDesktop\corte_cor_ag\Handlers\SalaoConfigFiscalHandler.cs(41,35): warning CS8601: Poss├¡vel atribui├º├úo de refer├¬ncia nula. [C:\Welber\2022\GitHubDesktop\corte_cor_ag\CorteCor.csproj]
C:\Welber\2022\GitHubDesktop\corte_cor_ag\Services\BrevoEmailService.cs(79,28): warning CS8619: A anulabilidade de tipos de refer├¬ncia no valor do tipo '(bool, string?)' n├úo corresponde ao tipo de destino '(bool Success, string ErrorMessage)'. [C:\Welber\2022\GitHubDesktop\corte_cor_ag\CorteCor.csproj]
C:\Welber\2022\GitHubDesktop\corte_cor_ag\Models\Models.cs(224,19): warning CS8618: O propriedade n├úo anul├ível 'Status' precisa conter um valor n├úo nulo ao sair do construtor. Considere declarar o propriedade como anul├ível. [C:\Welber\2022\GitHubDesktop\corte_cor_ag\CorteCor.csproj]
C:\Welber\2022\GitHubDesktop\corte_cor_ag\Models\Models.cs(226,19): warning CS8618: O propriedade n├úo anul├ível 'Moeda' precisa conter um valor n├úo nulo ao sair do construtor. Considere declarar o propriedade como anul├ível. [C:\Welber\2022\GitHubDesktop\corte_cor_ag\CorteCor.csproj]
C:\Welber\2022\GitHubDesktop\corte_cor_ag\Handlers\EntityHandler.cs(134,36): warning CS8601: Poss├¡vel atribui├º├úo de refer├¬ncia nula. [C:\Welber\2022\GitHubDesktop\corte_cor_ag\CorteCor.csproj]
C:\Welber\2022\GitHubDesktop\corte_cor_ag\Handlers\EntityHandler.cs(135,37): warning CS8601: Poss├¡vel atribui├º├úo de refer├¬ncia nula. [C:\Welber\2022\GitHubDesktop\corte_cor_ag\CorteCor.csproj]
C:\Welber\2022\GitHubDesktop\corte_cor_ag\Handlers\EntityHandler.cs(136,40): warning CS8601: Poss├¡vel atribui├º├úo de refer├¬ncia nula. [C:\Welber\2022\GitHubDesktop\corte_cor_ag\CorteCor.csproj]
C:\Welber\2022\GitHubDesktop\corte_cor_ag\Handlers\EntityHandler.cs(138,38): warning CS8601: Poss├¡vel atribui├º├úo de refer├¬ncia nula. [C:\Welber\2022\GitHubDesktop\corte_cor_ag\CorteCor.csproj]
C:\Welber\2022\GitHubDesktop\corte_cor_ag\Handlers\EntityHandler.cs(139,41): warning CS8601: Poss├¡vel atribui├º├úo de refer├¬ncia nula. [C:\Welber\2022\GitHubDesktop\corte_cor_ag\CorteCor.csproj]
C:\Welber\2022\GitHubDesktop\corte_cor_ag\Handlers\EntityHandler.cs(140,35): warning CS8601: Poss├¡vel atribui├º├úo de refer├¬ncia nula. [C:\Welber\2022\GitHubDesktop\corte_cor_ag\CorteCor.csproj]
C:\Welber\2022\GitHubDesktop\corte_cor_ag\Handlers\EntityHandler.cs(141,37): warning CS8601: Poss├¡vel atribui├º├úo de refer├¬ncia nula. [C:\Welber\2022\GitHubDesktop\corte_cor_ag\CorteCor.csproj]
C:\Welber\2022\GitHubDesktop\corte_cor_ag\Handlers\EntityHandler.cs(148,20): warning CS8603: Poss├¡vel retorno de refer├¬ncia nula. [C:\Welber\2022\GitHubDesktop\corte_cor_ag\CorteCor.csproj]
C:\Welber\2022\GitHubDesktop\corte_cor_ag\Models\Models.cs(193,19): warning CS8618: O propriedade n├úo anul├ível 'Nome' precisa conter um valor n├úo nulo ao sair do construtor. Considere declarar o propriedade como anul├ível. [C:\Welber\2022\GitHubDesktop\corte_cor_ag\CorteCor.csproj]
C:\Welber\2022\GitHubDesktop\corte_cor_ag\Models\Models.cs(194,19): warning CS8618: O propriedade n├úo anul├ível 'Tipo' precisa conter um valor n├úo nulo ao sair do construtor. Considere declarar o propriedade como anul├ível. [C:\Welber\2022\GitHubDesktop\corte_cor_ag\CorteCor.csproj]
C:\Welber\2022\GitHubDesktop\corte_cor_ag\Models\Models.cs(195,19): warning CS8618: O propriedade n├úo anul├ível 'Gateway' precisa conter um valor n├úo nulo ao sair do construtor. Considere declarar o propriedade como anul├ível. [C:\Welber\2022\GitHubDesktop\corte_cor_ag\CorteCor.csproj]
C:\Welber\2022\GitHubDesktop\corte_cor_ag\Models\Models.cs(182,19): warning CS8618: O propriedade n├úo anul├ível 'Status' precisa conter um valor n├úo nulo ao sair do construtor. Considere declarar o propriedade como anul├ível. [C:\Welber\2022\GitHubDesktop\corte_cor_ag\CorteCor.csproj]
C:\Welber\2022\GitHubDesktop\corte_cor_ag\Models\Models.cs(158,19): warning CS8618: O propriedade n├úo anul├ível 'Nome' precisa conter um valor n├úo nulo ao sair do construtor. Considere declarar o propriedade como anul├ível. [C:\Welber\2022\GitHubDesktop\corte_cor_ag\CorteCor.csproj]
C:\Welber\2022\GitHubDesktop\corte_cor_ag\Models\Models.cs(159,19): warning CS8618: O propriedade n├úo anul├ível 'Telefone' precisa conter um valor n├úo nulo ao sair do construtor. Considere declarar o propriedade como anul├ível. [C:\Welber\2022\GitHubDesktop\corte_cor_ag\CorteCor.csproj]
C:\Welber\2022\GitHubDesktop\corte_cor_ag\Models\Models.cs(160,19): warning CS8618: O propriedade n├úo anul├ível 'Email' precisa conter um valor n├úo nulo ao sair do construtor. Considere declarar o propriedade como anul├ível. [C:\Welber\2022\GitHubDesktop\corte_cor_ag\CorteCor.csproj]
C:\Welber\2022\GitHubDesktop\corte_cor_ag\Services\BrevoEmailService.cs(127,28): warning CS8619: A anulabilidade de tipos de refer├¬ncia no valor do tipo '(bool, string?)' n├úo corresponde ao tipo de destino '(bool Success, string ErrorMessage)'. [C:\Welber\2022\GitHubDesktop\corte_cor_ag\CorteCor.csproj]
C:\Welber\2022\GitHubDesktop\corte_cor_ag\Models\Models.cs(138,19): warning CS8618: O propriedade n├úo anul├ível 'Nome' precisa conter um valor n├úo nulo ao sair do construtor. Considere declarar o propriedade como anul├ível. [C:\Welber\2022\GitHubDesktop\corte_cor_ag\CorteCor.csproj]
C:\Welber\2022\GitHubDesktop\corte_cor_ag\Handlers\EntityHandler.cs(169,36): warning CS8601: Poss├¡vel atribui├º├úo de refer├¬ncia nula. [C:\Welber\2022\GitHubDesktop\corte_cor_ag\CorteCor.csproj]
C:\Welber\2022\GitHubDesktop\corte_cor_ag\Handlers\EntityHandler.cs(170,37): warning CS8601: Poss├¡vel atribui├º├úo de refer├¬ncia nula. [C:\Welber\2022\GitHubDesktop\corte_cor_ag\CorteCor.csproj]
C:\Welber\2022\GitHubDesktop\corte_cor_ag\Handlers\EntityHandler.cs(171,40): warning CS8601: Poss├¡vel atribui├º├úo de refer├¬ncia nula. [C:\Welber\2022\GitHubDesktop\corte_cor_ag\CorteCor.csproj]
C:\Welber\2022\GitHubDesktop\corte_cor_ag\Handlers\EntityHandler.cs(173,38): warning CS8601: Poss├¡vel atribui├º├úo de refer├¬ncia nula. [C:\Welber\2022\GitHubDesktop\corte_cor_ag\CorteCor.csproj]
C:\Welber\2022\GitHubDesktop\corte_cor_ag\Handlers\EntityHandler.cs(174,41): warning CS8601: Poss├¡vel atribui├º├úo de refer├¬ncia nula. [C:\Welber\2022\GitHubDesktop\corte_cor_ag\CorteCor.csproj]
C:\Welber\2022\GitHubDesktop\corte_cor_ag\Handlers\EntityHandler.cs(175,35): warning CS8601: Poss├¡vel atribui├º├úo de refer├¬ncia nula. [C:\Welber\2022\GitHubDesktop\corte_cor_ag\CorteCor.csproj]
C:\Welber\2022\GitHubDesktop\corte_cor_ag\Handlers\EntityHandler.cs(176,37): warning CS8601: Poss├¡vel atribui├º├úo de refer├¬ncia nula. [C:\Welber\2022\GitHubDesktop\corte_cor_ag\CorteCor.csproj]
C:\Welber\2022\GitHubDesktop\corte_cor_ag\Models\Models.cs(102,19): warning CS8618: O propriedade n├úo anul├ível 'Nome' precisa conter um valor n├úo nulo ao sair do construtor. Considere declarar o propriedade como anul├ível. [C:\Welber\2022\GitHubDesktop\corte_cor_ag\CorteCor.csproj]
C:\Welber\2022\GitHubDesktop\corte_cor_ag\Pages\UsuarioLista.cshtml(59,38): warning CS8602: Desrefer├¬ncia de uma refer├¬ncia possivelmente nula. [C:\Welber\2022\GitHubDesktop\corte_cor_ag\CorteCor.csproj]
C:\Welber\2022\GitHubDesktop\corte_cor_ag\Services\BrevoEmailService.cs(181,28): warning CS8619: A anulabilidade de tipos de refer├¬ncia no valor do tipo '(bool, string?)' n├úo corresponde ao tipo de destino '(bool Success, string ErrorMessage)'. [C:\Welber\2022\GitHubDesktop\corte_cor_ag\CorteCor.csproj]
C:\Welber\2022\GitHubDesktop\corte_cor_ag\Handlers\EntityHandler.cs(400,51): warning CS8600: Convers├úo de literal nula ou poss├¡vel valor nulo em tipo n├úo anul├ível. [C:\Welber\2022\GitHubDesktop\corte_cor_ag\CorteCor.csproj]
C:\Welber\2022\GitHubDesktop\corte_cor_ag\Handlers\EntityHandler.cs(409,20): warning CS8603: Poss├¡vel retorno de refer├¬ncia nula. [C:\Welber\2022\GitHubDesktop\corte_cor_ag\CorteCor.csproj]
C:\Welber\2022\GitHubDesktop\corte_cor_ag\Pages\Adm.cshtml.cs(18,23): warning CS8618: O propriedade n├úo anul├ível 'ErrorMessage' precisa conter um valor n├úo nulo ao sair do construtor. Considere declarar o propriedade como anul├ível. [C:\Welber\2022\GitHubDesktop\corte_cor_ag\CorteCor.csproj]
C:\Welber\2022\GitHubDesktop\corte_cor_ag\Pages\Adm.cshtml.cs(21,23): warning CS8618: O propriedade n├úo anul├ível 'NomeSalao' precisa conter um valor n├úo nulo ao sair do construtor. Considere declarar o propriedade como anul├ível. [C:\Welber\2022\GitHubDesktop\corte_cor_ag\CorteCor.csproj]
C:\Welber\2022\GitHubDesktop\corte_cor_ag\Pages\Adm.cshtml.cs(22,23): warning CS8618: O propriedade n├úo anul├ível 'NomeCliente' precisa conter um valor n├úo nulo ao sair do construtor. Considere declarar o propriedade como anul├ível. [C:\Welber\2022\GitHubDesktop\corte_cor_ag\CorteCor.csproj]
C:\Welber\2022\GitHubDesktop\corte_cor_ag\Pages\Adm.cshtml.cs(25,23): warning CS8618: O propriedade n├úo anul├ível 'SalaoLink' precisa conter um valor n├úo nulo ao sair do construtor. Considere declarar o propriedade como anul├ível. [C:\Welber\2022\GitHubDesktop\corte_cor_ag\CorteCor.csproj]
C:\Welber\2022\GitHubDesktop\corte_cor_ag\Pages\Adm.cshtml.cs(26,23): warning CS8618: O propriedade n├úo anul├ível 'SalaoLinkID' precisa conter um valor n├úo nulo ao sair do construtor. Considere declarar o propriedade como anul├ível. [C:\Welber\2022\GitHubDesktop\corte_cor_ag\CorteCor.csproj]
C:\Welber\2022\GitHubDesktop\corte_cor_ag\Handlers\EntityHandler.cs(430,28): warning CS8601: Poss├¡vel atribui├º├úo de refer├¬ncia nula. [C:\Welber\2022\GitHubDesktop\corte_cor_ag\CorteCor.csproj]
C:\Welber\2022\GitHubDesktop\corte_cor_ag\Handlers\EntityHandler.cs(431,35): warning CS8601: Poss├¡vel atribui├º├úo de refer├¬ncia nula. [C:\Welber\2022\GitHubDesktop\corte_cor_ag\CorteCor.csproj]
C:\Welber\2022\GitHubDesktop\corte_cor_ag\Handlers\EntityHandler.cs(432,29): warning CS8601: Poss├¡vel atribui├º├úo de refer├¬ncia nula. [C:\Welber\2022\GitHubDesktop\corte_cor_ag\CorteCor.csproj]
C:\Welber\2022\GitHubDesktop\corte_cor_ag\Handlers\EntityHandler.cs(433,32): warning CS8601: Poss├¡vel atribui├º├úo de refer├¬ncia nula. [C:\Welber\2022\GitHubDesktop\corte_cor_ag\CorteCor.csproj]
C:\Welber\2022\GitHubDesktop\corte_cor_ag\Handlers\EntityHandler.cs(434,32): warning CS8601: Poss├¡vel atribui├º├úo de refer├¬ncia nula. [C:\Welber\2022\GitHubDesktop\corte_cor_ag\CorteCor.csproj]
C:\Welber\2022\GitHubDesktop\corte_cor_ag\Handlers\EntityHandler.cs(435,28): warning CS8601: Poss├¡vel atribui├º├úo de refer├¬ncia nula. [C:\Welber\2022\GitHubDesktop\corte_cor_ag\CorteCor.csproj]
C:\Welber\2022\GitHubDesktop\corte_cor_ag\Handlers\EntityHandler.cs(436,30): warning CS8601: Poss├¡vel atribui├º├úo de refer├¬ncia nula. [C:\Welber\2022\GitHubDesktop\corte_cor_ag\CorteCor.csproj]
C:\Welber\2022\GitHubDesktop\corte_cor_ag\Handlers\EntityHandler.cs(443,20): warning CS8603: Poss├¡vel retorno de refer├¬ncia nula. [C:\Welber\2022\GitHubDesktop\corte_cor_ag\CorteCor.csproj]
C:\Welber\2022\GitHubDesktop\corte_cor_ag\Services\CriptografiaService.cs(27,58): warning CS8603: Poss├¡vel retorno de refer├¬ncia nula. [C:\Welber\2022\GitHubDesktop\corte_cor_ag\CorteCor.csproj]
C:\Welber\2022\GitHubDesktop\corte_cor_ag\Handlers\EntityHandler.cs(484,33): warning CS8600: Convers├úo de literal nula ou poss├¡vel valor nulo em tipo n├úo anul├ível. [C:\Welber\2022\GitHubDesktop\corte_cor_ag\CorteCor.csproj]
C:\Welber\2022\GitHubDesktop\corte_cor_ag\Services\CriptografiaService.cs(53,86): warning CS8603: Poss├¡vel retorno de refer├¬ncia nula. [C:\Welber\2022\GitHubDesktop\corte_cor_ag\CorteCor.csproj]
C:\Welber\2022\GitHubDesktop\corte_cor_ag\Services\NFSeEmissorService.cs(84,60): warning CS8602: Desrefer├¬ncia de uma refer├¬ncia possivelmente nula. [C:\Welber\2022\GitHubDesktop\corte_cor_ag\CorteCor.csproj]
C:\Welber\2022\GitHubDesktop\corte_cor_ag\Services\NFSeEmissorService.cs(85,59): warning CS8602: Desrefer├¬ncia de uma refer├¬ncia possivelmente nula. [C:\Welber\2022\GitHubDesktop\corte_cor_ag\CorteCor.csproj]
C:\Welber\2022\GitHubDesktop\corte_cor_ag\Services\NFSeEmissorService.cs(124,35): warning CS8600: Convers├úo de literal nula ou poss├¡vel valor nulo em tipo n├úo anul├ível. [C:\Welber\2022\GitHubDesktop\corte_cor_ag\CorteCor.csproj]
C:\Welber\2022\GitHubDesktop\corte_cor_ag\Services\NFSeEmissorService.cs(128,29): warning CS8600: Convers├úo de literal nula ou poss├¡vel valor nulo em tipo n├úo anul├ível. [C:\Welber\2022\GitHubDesktop\corte_cor_ag\CorteCor.csproj]
C:\Welber\2022\GitHubDesktop\corte_cor_ag\Handlers\EntityHandler.cs(622,33): warning CS8600: Convers├úo de literal nula ou poss├¡vel valor nulo em tipo n├úo anul├ível. [C:\Welber\2022\GitHubDesktop\corte_cor_ag\CorteCor.csproj]
C:\Welber\2022\GitHubDesktop\corte_cor_ag\Handlers\EntityHandler.cs(526,36): warning CS8601: Poss├¡vel atribui├º├úo de refer├¬ncia nula. [C:\Welber\2022\GitHubDesktop\corte_cor_ag\CorteCor.csproj]
C:\Welber\2022\GitHubDesktop\corte_cor_ag\Handlers\EntityHandler.cs(527,43): warning CS8601: Poss├¡vel atribui├º├úo de refer├¬ncia nula. [C:\Welber\2022\GitHubDesktop\corte_cor_ag\CorteCor.csproj]
C:\Welber\2022\GitHubDesktop\corte_cor_ag\Handlers\EntityHandler.cs(528,37): warning CS8601: Poss├¡vel atribui├º├úo de refer├¬ncia nula. [C:\Welber\2022\GitHubDesktop\corte_cor_ag\CorteCor.csproj]
C:\Welber\2022\GitHubDesktop\corte_cor_ag\Handlers\EntityHandler.cs(529,40): warning CS8601: Poss├¡vel atribui├º├úo de refer├¬ncia nula. [C:\Welber\2022\GitHubDesktop\corte_cor_ag\CorteCor.csproj]
C:\Welber\2022\GitHubDesktop\corte_cor_ag\Handlers\EntityHandler.cs(530,40): warning CS8601: Poss├¡vel atribui├º├úo de refer├¬ncia nula. [C:\Welber\2022\GitHubDesktop\corte_cor_ag\CorteCor.csproj]
C:\Welber\2022\GitHubDesktop\corte_cor_ag\Handlers\EntityHandler.cs(531,36): warning CS8601: Poss├¡vel atribui├º├úo de refer├¬ncia nula. [C:\Welber\2022\GitHubDesktop\corte_cor_ag\CorteCor.csproj]
C:\Welber\2022\GitHubDesktop\corte_cor_ag\Handlers\EntityHandler.cs(532,38): warning CS8601: Poss├¡vel atribui├º├úo de refer├¬ncia nula. [C:\Welber\2022\GitHubDesktop\corte_cor_ag\CorteCor.csproj]
C:\Welber\2022\GitHubDesktop\corte_cor_ag\Handlers\EntityHandler.cs(534,42): warning CS8601: Poss├¡vel atribui├º├úo de refer├¬ncia nula. [C:\Welber\2022\GitHubDesktop\corte_cor_ag\CorteCor.csproj]
C:\Welber\2022\GitHubDesktop\corte_cor_ag\Handlers\EntityHandler.cs(649,36): warning CS8601: Poss├¡vel atribui├º├úo de refer├¬ncia nula. [C:\Welber\2022\GitHubDesktop\corte_cor_ag\CorteCor.csproj]
C:\Welber\2022\GitHubDesktop\corte_cor_ag\Handlers\EntityHandler.cs(650,37): warning CS8601: Poss├¡vel atribui├º├úo de refer├¬ncia nula. [C:\Welber\2022\GitHubDesktop\corte_cor_ag\CorteCor.csproj]
C:\Welber\2022\GitHubDesktop\corte_cor_ag\Handlers\EntityHandler.cs(651,37): warning CS8601: Poss├¡vel atribui├º├úo de refer├¬ncia nula. [C:\Welber\2022\GitHubDesktop\corte_cor_ag\CorteCor.csproj]
C:\Welber\2022\GitHubDesktop\corte_cor_ag\Handlers\EntityHandler.cs(652,38): warning CS8601: Poss├¡vel atribui├º├úo de refer├¬ncia nula. [C:\Welber\2022\GitHubDesktop\corte_cor_ag\CorteCor.csproj]
C:\Welber\2022\GitHubDesktop\corte_cor_ag\Handlers\EntityHandler.cs(653,38): warning CS8601: Poss├¡vel atribui├º├úo de refer├¬ncia nula. [C:\Welber\2022\GitHubDesktop\corte_cor_ag\CorteCor.csproj]
C:\Welber\2022\GitHubDesktop\corte_cor_ag\Handlers\NotaFiscalInutilizacaoHandler.cs(72,49): warning CS8604: Poss├¡vel argumento de refer├¬ncia nula para o par├ómetro 'input' em 'Guid Guid.Parse(string input)'. [C:\Welber\2022\GitHubDesktop\corte_cor_ag\CorteCor.csproj]
C:\Welber\2022\GitHubDesktop\corte_cor_ag\Handlers\NotaFiscalInutilizacaoHandler.cs(79,37): warning CS8601: Poss├¡vel atribui├º├úo de refer├¬ncia nula. [C:\Welber\2022\GitHubDesktop\corte_cor_ag\CorteCor.csproj]
C:\Welber\2022\GitHubDesktop\corte_cor_ag\Handlers\NotaFiscalInutilizacaoHandler.cs(80,30): warning CS8601: Poss├¡vel atribui├º├úo de refer├¬ncia nula. [C:\Welber\2022\GitHubDesktop\corte_cor_ag\CorteCor.csproj]
C:\Welber\2022\GitHubDesktop\corte_cor_ag\Handlers\NotaFiscalHandler.cs(99,43): warning CS8604: Poss├¡vel argumento de refer├¬ncia nula para o par├ómetro 'input' em 'Guid Guid.Parse(string input)'. [C:\Welber\2022\GitHubDesktop\corte_cor_ag\CorteCor.csproj]
C:\Welber\2022\GitHubDesktop\corte_cor_ag\Handlers\NotaFiscalHandler.cs(103,28): warning CS8601: Poss├¡vel atribui├º├úo de refer├¬ncia nula. [C:\Welber\2022\GitHubDesktop\corte_cor_ag\CorteCor.csproj]
C:\Welber\2022\GitHubDesktop\corte_cor_ag\Handlers\NotaFiscalHandler.cs(108,26): warning CS8601: Poss├¡vel atribui├º├úo de refer├¬ncia nula. [C:\Welber\2022\GitHubDesktop\corte_cor_ag\CorteCor.csproj]
C:\Welber\2022\GitHubDesktop\corte_cor_ag\Handlers\NotaFiscalHandler.cs(110,39): warning CS8602: Desrefer├¬ncia de uma refer├¬ncia possivelmente nula. [C:\Welber\2022\GitHubDesktop\corte_cor_ag\CorteCor.csproj]
C:\Welber\2022\GitHubDesktop\corte_cor_ag\Handlers\NotaFiscalHandler.cs(111,38): warning CS8602: Desrefer├¬ncia de uma refer├¬ncia possivelmente nula. [C:\Welber\2022\GitHubDesktop\corte_cor_ag\CorteCor.csproj]
C:\Welber\2022\GitHubDesktop\corte_cor_ag\Pages\AdmAlterarSenha.cshtml.cs(22,16): warning CS8618: O propriedade n├úo anul├ível 'SenhaAtual' precisa conter um valor n├úo nulo ao sair do construtor. Considere declarar o propriedade como anul├ível. [C:\Welber\2022\GitHubDesktop\corte_cor_ag\CorteCor.csproj]
C:\Welber\2022\GitHubDesktop\corte_cor_ag\Pages\AdmAlterarSenha.cshtml.cs(22,16): warning CS8618: O propriedade n├úo anul├ível 'EmailUsuario' precisa conter um valor n├úo nulo ao sair do construtor. Considere declarar o propriedade como anul├ível. [C:\Welber\2022\GitHubDesktop\corte_cor_ag\CorteCor.csproj]
C:\Welber\2022\GitHubDesktop\corte_cor_ag\Pages\AdmAlterarSenha.cshtml.cs(22,16): warning CS8618: O propriedade n├úo anul├ível 'NovaSenha' precisa conter um valor n├úo nulo ao sair do construtor. Considere declarar o propriedade como anul├ível. [C:\Welber\2022\GitHubDesktop\corte_cor_ag\CorteCor.csproj]
C:\Welber\2022\GitHubDesktop\corte_cor_ag\Pages\AdmAlterarSenha.cshtml.cs(22,16): warning CS8618: O propriedade n├úo anul├ível 'ConfirmarSenha' precisa conter um valor n├úo nulo ao sair do construtor. Considere declarar o propriedade como anul├ível. [C:\Welber\2022\GitHubDesktop\corte_cor_ag\CorteCor.csproj]
C:\Welber\2022\GitHubDesktop\corte_cor_ag\Pages\AdmAlterarSenha.cshtml.cs(38,28): warning CS8602: Desrefer├¬ncia de uma refer├¬ncia possivelmente nula. [C:\Welber\2022\GitHubDesktop\corte_cor_ag\CorteCor.csproj]
C:\Welber\2022\GitHubDesktop\corte_cor_ag\Pages\AdmAlterarSenha.cshtml.cs(38,28): warning CS8601: Poss├¡vel atribui├º├úo de refer├¬ncia nula. [C:\Welber\2022\GitHubDesktop\corte_cor_ag\CorteCor.csproj]
C:\Welber\2022\GitHubDesktop\corte_cor_ag\Pages\AdmAlterarSenha.cshtml.cs(43,35): warning CS8602: Desrefer├¬ncia de uma refer├¬ncia possivelmente nula. [C:\Welber\2022\GitHubDesktop\corte_cor_ag\CorteCor.csproj]
C:\Welber\2022\GitHubDesktop\corte_cor_ag\Pages\AdmAlterarSenha.cshtml.cs(43,35): warning CS8600: Convers├úo de literal nula ou poss├¡vel valor nulo em tipo n├úo anul├ível. [C:\Welber\2022\GitHubDesktop\corte_cor_ag\CorteCor.csproj]
C:\Welber\2022\GitHubDesktop\corte_cor_ag\Pages\AdmAlterarSenha.cshtml.cs(44,28): warning CS8601: Poss├¡vel atribui├º├úo de refer├¬ncia nula. [C:\Welber\2022\GitHubDesktop\corte_cor_ag\CorteCor.csproj]
C:\Welber\2022\GitHubDesktop\corte_cor_ag\Pages\AdmAlterarSenha.cshtml.cs(59,52): warning CS8604: Poss├¡vel argumento de refer├¬ncia nula para o par├ómetro 'value' em 'void DbExtensions.AddWithValue(IDbCommand command, string parameterName, object value)'. [C:\Welber\2022\GitHubDesktop\corte_cor_ag\CorteCor.csproj]
C:\Welber\2022\GitHubDesktop\corte_cor_ag\Pages\AdmAlterarSenha.cshtml.cs(60,43): warning CS8600: Convers├úo de literal nula ou poss├¡vel valor nulo em tipo n├úo anul├ível. [C:\Welber\2022\GitHubDesktop\corte_cor_ag\CorteCor.csproj]
C:\Welber\2022\GitHubDesktop\corte_cor_ag\Services\FiscalActionService.cs(33,45): warning CS1998: Este m├®todo ass├¡ncrono n├úo possui operadores 'await' e ser├í executado de modo s├¡ncrono. ├ë recomend├ível o uso do operador 'await' para aguardar chamadas ├á API desbloqueadas ou do operador 'await Task.Run(...)' para realizar um trabalho associado ├á CPU em um thread em segundo plano. [C:\Welber\2022\GitHubDesktop\corte_cor_ag\CorteCor.csproj]
C:\Welber\2022\GitHubDesktop\corte_cor_ag\Handlers\EntityHandler.cs(743,47): warning CS8600: Convers├úo de literal nula ou poss├¡vel valor nulo em tipo n├úo anul├ível. [C:\Welber\2022\GitHubDesktop\corte_cor_ag\CorteCor.csproj]
C:\Welber\2022\GitHubDesktop\corte_cor_ag\Handlers\EntityHandler.cs(744,51): warning CS8600: Convers├úo de literal nula ou poss├¡vel valor nulo em tipo n├úo anul├ível. [C:\Welber\2022\GitHubDesktop\corte_cor_ag\CorteCor.csproj]
C:\Welber\2022\GitHubDesktop\corte_cor_ag\Handlers\EntityHandler.cs(745,45): warning CS8600: Convers├úo de literal nula ou poss├¡vel valor nulo em tipo n├úo anul├ível. [C:\Welber\2022\GitHubDesktop\corte_cor_ag\CorteCor.csproj]
C:\Welber\2022\GitHubDesktop\corte_cor_ag\Handlers\EntityHandler.cs(746,46): warning CS8600: Convers├úo de literal nula ou poss├¡vel valor nulo em tipo n├úo anul├ível. [C:\Welber\2022\GitHubDesktop\corte_cor_ag\CorteCor.csproj]
C:\Welber\2022\GitHubDesktop\corte_cor_ag\Handlers\EntityHandler.cs(747,57): warning CS8600: Convers├úo de literal nula ou poss├¡vel valor nulo em tipo n├úo anul├ível. [C:\Welber\2022\GitHubDesktop\corte_cor_ag\CorteCor.csproj]
C:\Welber\2022\GitHubDesktop\corte_cor_ag\Handlers\EntityHandler.cs(748,56): warning CS8600: Convers├úo de literal nula ou poss├¡vel valor nulo em tipo n├úo anul├ível. [C:\Welber\2022\GitHubDesktop\corte_cor_ag\CorteCor.csproj]
C:\Welber\2022\GitHubDesktop\corte_cor_ag\Handlers\EntityHandler.cs(749,46): warning CS8600: Convers├úo de literal nula ou poss├¡vel valor nulo em tipo n├úo anul├ível. [C:\Welber\2022\GitHubDesktop\corte_cor_ag\CorteCor.csproj]
C:\Welber\2022\GitHubDesktop\corte_cor_ag\Handlers\EntityHandler.cs(750,54): warning CS8600: Convers├úo de literal nula ou poss├¡vel valor nulo em tipo n├úo anul├ível. [C:\Welber\2022\GitHubDesktop\corte_cor_ag\CorteCor.csproj]
C:\Welber\2022\GitHubDesktop\corte_cor_ag\Handlers\EntityHandler.cs(751,58): warning CS8600: Convers├úo de literal nula ou poss├¡vel valor nulo em tipo n├úo anul├ível. [C:\Welber\2022\GitHubDesktop\corte_cor_ag\CorteCor.csproj]
C:\Welber\2022\GitHubDesktop\corte_cor_ag\Handlers\EntityHandler.cs(752,63): warning CS8600: Convers├úo de literal nula ou poss├¡vel valor nulo em tipo n├úo anul├ível. [C:\Welber\2022\GitHubDesktop\corte_cor_ag\CorteCor.csproj]
C:\Welber\2022\GitHubDesktop\corte_cor_ag\Handlers\EntityHandler.cs(753,52): warning CS8600: Convers├úo de literal nula ou poss├¡vel valor nulo em tipo n├úo anul├ível. [C:\Welber\2022\GitHubDesktop\corte_cor_ag\CorteCor.csproj]
C:\Welber\2022\GitHubDesktop\corte_cor_ag\Handlers\EntityHandler.cs(754,56): warning CS8600: Convers├úo de literal nula ou poss├¡vel valor nulo em tipo n├úo anul├ível. [C:\Welber\2022\GitHubDesktop\corte_cor_ag\CorteCor.csproj]
C:\Welber\2022\GitHubDesktop\corte_cor_ag\Handlers\EntityHandler.cs(755,51): warning CS8600: Convers├úo de literal nula ou poss├¡vel valor nulo em tipo n├úo anul├ível. [C:\Welber\2022\GitHubDesktop\corte_cor_ag\CorteCor.csproj]
C:\Welber\2022\GitHubDesktop\corte_cor_ag\Handlers\EntityHandler.cs(756,50): warning CS8600: Convers├úo de literal nula ou poss├¡vel valor nulo em tipo n├úo anul├ível. [C:\Welber\2022\GitHubDesktop\corte_cor_ag\CorteCor.csproj]
C:\Welber\2022\GitHubDesktop\corte_cor_ag\Handlers\EntityHandler.cs(757,59): warning CS8600: Convers├úo de literal nula ou poss├¡vel valor nulo em tipo n├úo anul├ível. [C:\Welber\2022\GitHubDesktop\corte_cor_ag\CorteCor.csproj]
C:\Welber\2022\GitHubDesktop\corte_cor_ag\Handlers\EntityHandler.cs(758,54): warning CS8600: Convers├úo de literal nula ou poss├¡vel valor nulo em tipo n├úo anul├ível. [C:\Welber\2022\GitHubDesktop\corte_cor_ag\CorteCor.csproj]
C:\Welber\2022\GitHubDesktop\corte_cor_ag\Handlers\EntityHandler.cs(759,51): warning CS8600: Convers├úo de literal nula ou poss├¡vel valor nulo em tipo n├úo anul├ível. [C:\Welber\2022\GitHubDesktop\corte_cor_ag\CorteCor.csproj]
C:\Welber\2022\GitHubDesktop\corte_cor_ag\Handlers\EntityHandler.cs(760,49): warning CS8600: Convers├úo de literal nula ou poss├¡vel valor nulo em tipo n├úo anul├ível. [C:\Welber\2022\GitHubDesktop\corte_cor_ag\CorteCor.csproj]
C:\Welber\2022\GitHubDesktop\corte_cor_ag\Handlers\EntityHandler.cs(761,58): warning CS8600: Convers├úo de literal nula ou poss├¡vel valor nulo em tipo n├úo anul├ível. [C:\Welber\2022\GitHubDesktop\corte_cor_ag\CorteCor.csproj]
C:\Welber\2022\GitHubDesktop\corte_cor_ag\Handlers\EntityHandler.cs(762,49): warning CS8600: Convers├úo de literal nula ou poss├¡vel valor nulo em tipo n├úo anul├ível. [C:\Welber\2022\GitHubDesktop\corte_cor_ag\CorteCor.csproj]
C:\Welber\2022\GitHubDesktop\corte_cor_ag\Handlers\EntityHandler.cs(763,47): warning CS8600: Convers├úo de literal nula ou poss├¡vel valor nulo em tipo n├úo anul├ível. [C:\Welber\2022\GitHubDesktop\corte_cor_ag\CorteCor.csproj]
C:\Welber\2022\GitHubDesktop\corte_cor_ag\Handlers\EntityHandler.cs(764,62): warning CS8604: Poss├¡vel argumento de refer├¬ncia nula para o par├ómetro 'value' em 'void DbExtensions.AddWithValue(IDbCommand command, string parameterName, object value)'. [C:\Welber\2022\GitHubDesktop\corte_cor_ag\CorteCor.csproj]
C:\Welber\2022\GitHubDesktop\corte_cor_ag\Handlers\EntityHandler.cs(765,51): warning CS8600: Convers├úo de literal nula ou poss├¡vel valor nulo em tipo n├úo anul├ível. [C:\Welber\2022\GitHubDesktop\corte_cor_ag\CorteCor.csproj]
C:\Welber\2022\GitHubDesktop\corte_cor_ag\Handlers\EntityHandler.cs(766,50): warning CS8600: Convers├úo de literal nula ou poss├¡vel valor nulo em tipo n├úo anul├ível. [C:\Welber\2022\GitHubDesktop\corte_cor_ag\CorteCor.csproj]
C:\Welber\2022\GitHubDesktop\corte_cor_ag\Handlers\EntityHandler.cs(767,54): warning CS8600: Convers├úo de literal nula ou poss├¡vel valor nulo em tipo n├úo anul├ível. [C:\Welber\2022\GitHubDesktop\corte_cor_ag\CorteCor.csproj]
C:\Welber\2022\GitHubDesktop\corte_cor_ag\Handlers\EntityHandler.cs(768,58): warning CS8600: Convers├úo de literal nula ou poss├¡vel valor nulo em tipo n├úo anul├ível. [C:\Welber\2022\GitHubDesktop\corte_cor_ag\CorteCor.csproj]
C:\Welber\2022\GitHubDesktop\corte_cor_ag\Handlers\EntityHandler.cs(769,52): warning CS8600: Convers├úo de literal nula ou poss├¡vel valor nulo em tipo n├úo anul├ível. [C:\Welber\2022\GitHubDesktop\corte_cor_ag\CorteCor.csproj]
C:\Welber\2022\GitHubDesktop\corte_cor_ag\Handlers\EntityHandler.cs(770,53): warning CS8600: Convers├úo de literal nula ou poss├¡vel valor nulo em tipo n├úo anul├ível. [C:\Welber\2022\GitHubDesktop\corte_cor_ag\CorteCor.csproj]
C:\Welber\2022\GitHubDesktop\corte_cor_ag\Handlers\EntityHandler.cs(771,55): warning CS8600: Convers├úo de literal nula ou poss├¡vel valor nulo em tipo n├úo anul├ível. [C:\Welber\2022\GitHubDesktop\corte_cor_ag\CorteCor.csproj]
C:\Welber\2022\GitHubDesktop\corte_cor_ag\Handlers\EntityHandler.cs(772,63): warning CS8600: Convers├úo de literal nula ou poss├¡vel valor nulo em tipo n├úo anul├ível. [C:\Welber\2022\GitHubDesktop\corte_cor_ag\CorteCor.csproj]
C:\Welber\2022\GitHubDesktop\corte_cor_ag\Handlers\EntityHandler.cs(773,70): warning CS8600: Convers├úo de literal nula ou poss├¡vel valor nulo em tipo n├úo anul├ível. [C:\Welber\2022\GitHubDesktop\corte_cor_ag\CorteCor.csproj]
C:\Welber\2022\GitHubDesktop\corte_cor_ag\Handlers\EntityHandler.cs(774,59): warning CS8600: Convers├úo de literal nula ou poss├¡vel valor nulo em tipo n├úo anul├ível. [C:\Welber\2022\GitHubDesktop\corte_cor_ag\CorteCor.csproj]
C:\Welber\2022\GitHubDesktop\corte_cor_ag\Handlers\EntityHandler.cs(775,63): warning CS8600: Convers├úo de literal nula ou poss├¡vel valor nulo em tipo n├úo anul├ível. [C:\Welber\2022\GitHubDesktop\corte_cor_ag\CorteCor.csproj]
C:\Welber\2022\GitHubDesktop\corte_cor_ag\Handlers\EntityHandler.cs(776,58): warning CS8600: Convers├úo de literal nula ou poss├¡vel valor nulo em tipo n├úo anul├ível. [C:\Welber\2022\GitHubDesktop\corte_cor_ag\CorteCor.csproj]
C:\Welber\2022\GitHubDesktop\corte_cor_ag\Handlers\EntityHandler.cs(777,57): warning CS8600: Convers├úo de literal nula ou poss├¡vel valor nulo em tipo n├úo anul├ível. [C:\Welber\2022\GitHubDesktop\corte_cor_ag\CorteCor.csproj]
C:\Welber\2022\GitHubDesktop\corte_cor_ag\Handlers\EntityHandler.cs(778,66): warning CS8600: Convers├úo de literal nula ou poss├¡vel valor nulo em tipo n├úo anul├ível. [C:\Welber\2022\GitHubDesktop\corte_cor_ag\CorteCor.csproj]
C:\Welber\2022\GitHubDesktop\corte_cor_ag\Handlers\EntityHandler.cs(779,61): warning CS8600: Convers├úo de literal nula ou poss├¡vel valor nulo em tipo n├úo anul├ível. [C:\Welber\2022\GitHubDesktop\corte_cor_ag\CorteCor.csproj]
C:\Welber\2022\GitHubDesktop\corte_cor_ag\Handlers\EntityHandler.cs(780,33): warning CS8600: Convers├úo de literal nula ou poss├¡vel valor nulo em tipo n├úo anul├ível. [C:\Welber\2022\GitHubDesktop\corte_cor_ag\CorteCor.csproj]
C:\Welber\2022\GitHubDesktop\corte_cor_ag\Handlers\EntityHandler.cs(1028,33): warning CS8600: Convers├úo de literal nula ou poss├¡vel valor nulo em tipo n├úo anul├ível. [C:\Welber\2022\GitHubDesktop\corte_cor_ag\CorteCor.csproj]
C:\Welber\2022\GitHubDesktop\corte_cor_ag\Handlers\EntityHandler.cs(1058,48): warning CS8603: Poss├¡vel retorno de refer├¬ncia nula. [C:\Welber\2022\GitHubDesktop\corte_cor_ag\CorteCor.csproj]
C:\Welber\2022\GitHubDesktop\corte_cor_ag\Handlers\EntityHandler.cs(1063,32): warning CS8601: Poss├¡vel atribui├º├úo de refer├¬ncia nula. [C:\Welber\2022\GitHubDesktop\corte_cor_ag\CorteCor.csproj]
C:\Welber\2022\GitHubDesktop\corte_cor_ag\Pages\AgendamentosLista.cshtml.cs(58,16): warning CS8618: O propriedade n├úo anul├ível 'Mensagem' precisa conter um valor n├úo nulo ao sair do construtor. Considere declarar o propriedade como anul├ível. [C:\Welber\2022\GitHubDesktop\corte_cor_ag\CorteCor.csproj]
C:\Welber\2022\GitHubDesktop\corte_cor_ag\Pages\AgendamentosLista.cshtml.cs(58,16): warning CS8618: O propriedade n├úo anul├ível 'Status' precisa conter um valor n├úo nulo ao sair do construtor. Considere declarar o propriedade como anul├ível. [C:\Welber\2022\GitHubDesktop\corte_cor_ag\CorteCor.csproj]
C:\Welber\2022\GitHubDesktop\corte_cor_ag\Services\LembreteService.cs(82,123): warning CS8604: Poss├¡vel argumento de refer├¬ncia nula para o par├ómetro 'assunto' em 'void ILembreteHandler.RegistrarLogEnvio(int idLembrete, int idAgendamento, string destinatario, string assunto, string status, string? mensagemErro, string tipoLembrete, string? telefone)'. [C:\Welber\2022\GitHubDesktop\corte_cor_ag\CorteCor.csproj]
C:\Welber\2022\GitHubDesktop\corte_cor_ag\Services\LembreteService.cs(90,38): warning CS8600: Convers├úo de literal nula ou poss├¡vel valor nulo em tipo n├úo anul├ível. [C:\Welber\2022\GitHubDesktop\corte_cor_ag\CorteCor.csproj]
C:\Welber\2022\GitHubDesktop\corte_cor_ag\Services\LembreteService.cs(158,115): warning CS8604: Poss├¡vel argumento de refer├¬ncia nula para o par├ómetro 'assunto' em 'void ILembreteHandler.RegistrarLogEnvio(int idLembrete, int idAgendamento, string destinatario, string assunto, string status, string? mensagemErro, string tipoLembrete, string? telefone)'. [C:\Welber\2022\GitHubDesktop\corte_cor_ag\CorteCor.csproj]
C:\Welber\2022\GitHubDesktop\corte_cor_ag\Handlers\NotaFiscalEventoHandler.cs(70,43): warning CS8604: Poss├¡vel argumento de refer├¬ncia nula para o par├ómetro 'input' em 'Guid Guid.Parse(string input)'. [C:\Welber\2022\GitHubDesktop\corte_cor_ag\CorteCor.csproj]
C:\Welber\2022\GitHubDesktop\corte_cor_ag\Handlers\NotaFiscalEventoHandler.cs(71,47): warning CS8604: Poss├¡vel argumento de refer├¬ncia nula para o par├ómetro 'input' em 'Guid Guid.Parse(string input)'. [C:\Welber\2022\GitHubDesktop\corte_cor_ag\CorteCor.csproj]
C:\Welber\2022\GitHubDesktop\corte_cor_ag\Handlers\NotaFiscalEventoHandler.cs(73,34): warning CS8601: Poss├¡vel atribui├º├úo de refer├¬ncia nula. [C:\Welber\2022\GitHubDesktop\corte_cor_ag\CorteCor.csproj]
C:\Welber\2022\GitHubDesktop\corte_cor_ag\Handlers\NotaFiscalEventoHandler.cs(74,37): warning CS8601: Poss├¡vel atribui├º├úo de refer├¬ncia nula. [C:\Welber\2022\GitHubDesktop\corte_cor_ag\CorteCor.csproj]
C:\Welber\2022\GitHubDesktop\corte_cor_ag\Handlers\NotaFiscalEventoHandler.cs(78,30): warning CS8601: Poss├¡vel atribui├º├úo de refer├¬ncia nula. [C:\Welber\2022\GitHubDesktop\corte_cor_ag\CorteCor.csproj]
C:\Welber\2022\GitHubDesktop\corte_cor_ag\Handlers\ModeloSMSHandler.cs(36,42): warning CS8601: Poss├¡vel atribui├º├úo de refer├¬ncia nula. [C:\Welber\2022\GitHubDesktop\corte_cor_ag\CorteCor.csproj]
C:\Welber\2022\GitHubDesktop\corte_cor_ag\Handlers\ModeloSMSHandler.cs(37,40): warning CS8601: Poss├¡vel atribui├º├úo de refer├¬ncia nula. [C:\Welber\2022\GitHubDesktop\corte_cor_ag\CorteCor.csproj]
C:\Welber\2022\GitHubDesktop\corte_cor_ag\Handlers\ModeloSMSHandler.cs(65,42): warning CS8601: Poss├¡vel atribui├º├úo de refer├¬ncia nula. [C:\Welber\2022\GitHubDesktop\corte_cor_ag\CorteCor.csproj]
C:\Welber\2022\GitHubDesktop\corte_cor_ag\Handlers\ModeloSMSHandler.cs(66,40): warning CS8601: Poss├¡vel atribui├º├úo de refer├¬ncia nula. [C:\Welber\2022\GitHubDesktop\corte_cor_ag\CorteCor.csproj]
C:\Welber\2022\GitHubDesktop\corte_cor_ag\Handlers\ModeloSMSHandler.cs(73,20): warning CS8603: Poss├¡vel retorno de refer├¬ncia nula. [C:\Welber\2022\GitHubDesktop\corte_cor_ag\CorteCor.csproj]
C:\Welber\2022\GitHubDesktop\corte_cor_ag\Handlers\ModeloSMSHandler.cs(94,42): warning CS8601: Poss├¡vel atribui├º├úo de refer├¬ncia nula. [C:\Welber\2022\GitHubDesktop\corte_cor_ag\CorteCor.csproj]
C:\Welber\2022\GitHubDesktop\corte_cor_ag\Handlers\ModeloSMSHandler.cs(95,40): warning CS8601: Poss├¡vel atribui├º├úo de refer├¬ncia nula. [C:\Welber\2022\GitHubDesktop\corte_cor_ag\CorteCor.csproj]
C:\Welber\2022\GitHubDesktop\corte_cor_ag\Handlers\ModeloSMSHandler.cs(102,20): warning CS8603: Poss├¡vel retorno de refer├¬ncia nula. [C:\Welber\2022\GitHubDesktop\corte_cor_ag\CorteCor.csproj]
C:\Welber\2022\GitHubDesktop\corte_cor_ag\Handlers\EntityHandler.cs(1129,36): warning CS8601: Poss├¡vel atribui├º├úo de refer├¬ncia nula. [C:\Welber\2022\GitHubDesktop\corte_cor_ag\CorteCor.csproj]
C:\Welber\2022\GitHubDesktop\corte_cor_ag\Handlers\EntityHandler.cs(909,47): warning CS8600: Convers├úo de literal nula ou poss├¡vel valor nulo em tipo n├úo anul├ível. [C:\Welber\2022\GitHubDesktop\corte_cor_ag\CorteCor.csproj]
C:\Welber\2022\GitHubDesktop\corte_cor_ag\Handlers\EntityHandler.cs(910,51): warning CS8600: Convers├úo de literal nula ou poss├¡vel valor nulo em tipo n├úo anul├ível. [C:\Welber\2022\GitHubDesktop\corte_cor_ag\CorteCor.csproj]
C:\Welber\2022\GitHubDesktop\corte_cor_ag\Handlers\EntityHandler.cs(911,45): warning CS8600: Convers├úo de literal nula ou poss├¡vel valor nulo em tipo n├úo anul├ível. [C:\Welber\2022\GitHubDesktop\corte_cor_ag\CorteCor.csproj]
C:\Welber\2022\GitHubDesktop\corte_cor_ag\Handlers\EntityHandler.cs(912,46): warning CS8600: Convers├úo de literal nula ou poss├¡vel valor nulo em tipo n├úo anul├ível. [C:\Welber\2022\GitHubDesktop\corte_cor_ag\CorteCor.csproj]
C:\Welber\2022\GitHubDesktop\corte_cor_ag\Handlers\EntityHandler.cs(913,57): warning CS8600: Convers├úo de literal nula ou poss├¡vel valor nulo em tipo n├úo anul├ível. [C:\Welber\2022\GitHubDesktop\corte_cor_ag\CorteCor.csproj]
C:\Welber\2022\GitHubDesktop\corte_cor_ag\Handlers\EntityHandler.cs(914,56): warning CS8600: Convers├úo de literal nula ou poss├¡vel valor nulo em tipo n├úo anul├ível. [C:\Welber\2022\GitHubDesktop\corte_cor_ag\CorteCor.csproj]
C:\Welber\2022\GitHubDesktop\corte_cor_ag\Handlers\EntityHandler.cs(915,46): warning CS8600: Convers├úo de literal nula ou poss├¡vel valor nulo em tipo n├úo anul├ível. [C:\Welber\2022\GitHubDesktop\corte_cor_ag\CorteCor.csproj]
C:\Welber\2022\GitHubDesktop\corte_cor_ag\Handlers\EntityHandler.cs(916,54): warning CS8600: Convers├úo de literal nula ou poss├¡vel valor nulo em tipo n├úo anul├ível. [C:\Welber\2022\GitHubDesktop\corte_cor_ag\CorteCor.csproj]
C:\Welber\2022\GitHubDesktop\corte_cor_ag\Handlers\EntityHandler.cs(917,58): warning CS8600: Convers├úo de literal nula ou poss├¡vel valor nulo em tipo n├úo anul├ível. [C:\Welber\2022\GitHubDesktop\corte_cor_ag\CorteCor.csproj]
C:\Welber\2022\GitHubDesktop\corte_cor_ag\Handlers\EntityHandler.cs(918,63): warning CS8600: Convers├úo de literal nula ou poss├¡vel valor nulo em tipo n├úo anul├ível. [C:\Welber\2022\GitHubDesktop\corte_cor_ag\CorteCor.csproj]
C:\Welber\2022\GitHubDesktop\corte_cor_ag\Handlers\EntityHandler.cs(919,52): warning CS8600: Convers├úo de literal nula ou poss├¡vel valor nulo em tipo n├úo anul├ível. [C:\Welber\2022\GitHubDesktop\corte_cor_ag\CorteCor.csproj]
C:\Welber\2022\GitHubDesktop\corte_cor_ag\Handlers\EntityHandler.cs(920,56): warning CS8600: Convers├úo de literal nula ou poss├¡vel valor nulo em tipo n├úo anul├ível. [C:\Welber\2022\GitHubDesktop\corte_cor_ag\CorteCor.csproj]
C:\Welber\2022\GitHubDesktop\corte_cor_ag\Handlers\EntityHandler.cs(921,51): warning CS8600: Convers├úo de literal nula ou poss├¡vel valor nulo em tipo n├úo anul├ível. [C:\Welber\2022\GitHubDesktop\corte_cor_ag\CorteCor.csproj]
C:\Welber\2022\GitHubDesktop\corte_cor_ag\Handlers\EntityHandler.cs(922,50): warning CS8600: Convers├úo de literal nula ou poss├¡vel valor nulo em tipo n├úo anul├ível. [C:\Welber\2022\GitHubDesktop\corte_cor_ag\CorteCor.csproj]
C:\Welber\2022\GitHubDesktop\corte_cor_ag\Handlers\EntityHandler.cs(923,59): warning CS8600: Convers├úo de literal nula ou poss├¡vel valor nulo em tipo n├úo anul├ível. [C:\Welber\2022\GitHubDesktop\corte_cor_ag\CorteCor.csproj]
C:\Welber\2022\GitHubDesktop\corte_cor_ag\Handlers\EntityHandler.cs(924,54): warning CS8600: Convers├úo de literal nula ou poss├¡vel valor nulo em tipo n├úo anul├ível. [C:\Welber\2022\GitHubDesktop\corte_cor_ag\CorteCor.csproj]
C:\Welber\2022\GitHubDesktop\corte_cor_ag\Handlers\EntityHandler.cs(925,51): warning CS8600: Convers├úo de literal nula ou poss├¡vel valor nulo em tipo n├úo anul├ível. [C:\Welber\2022\GitHubDesktop\corte_cor_ag\CorteCor.csproj]
C:\Welber\2022\GitHubDesktop\corte_cor_ag\Handlers\EntityHandler.cs(926,49): warning CS8600: Convers├úo de literal nula ou poss├¡vel valor nulo em tipo n├úo anul├ível. [C:\Welber\2022\GitHubDesktop\corte_cor_ag\CorteCor.csproj]
C:\Welber\2022\GitHubDesktop\corte_cor_ag\Handlers\EntityHandler.cs(927,58): warning CS8600: Convers├úo de literal nula ou poss├¡vel valor nulo em tipo n├úo anul├ível. [C:\Welber\2022\GitHubDesktop\corte_cor_ag\CorteCor.csproj]
C:\Welber\2022\GitHubDesktop\corte_cor_ag\Handlers\EntityHandler.cs(928,49): warning CS8600: Convers├úo de literal nula ou poss├¡vel valor nulo em tipo n├úo anul├ível. [C:\Welber\2022\GitHubDesktop\corte_cor_ag\CorteCor.csproj]
C:\Welber\2022\GitHubDesktop\corte_cor_ag\Handlers\EntityHandler.cs(929,47): warning CS8600: Convers├úo de literal nula ou poss├¡vel valor nulo em tipo n├úo anul├ível. [C:\Welber\2022\GitHubDesktop\corte_cor_ag\CorteCor.csproj]
C:\Welber\2022\GitHubDesktop\corte_cor_ag\Handlers\EntityHandler.cs(930,62): warning CS8600: Convers├úo de literal nula ou poss├¡vel valor nulo em tipo n├úo anul├ível. [C:\Welber\2022\GitHubDesktop\corte_cor_ag\CorteCor.csproj]
C:\Welber\2022\GitHubDesktop\corte_cor_ag\Handlers\EntityHandler.cs(931,51): warning CS8600: Convers├úo de literal nula ou poss├¡vel valor nulo em tipo n├úo anul├ível. [C:\Welber\2022\GitHubDesktop\corte_cor_ag\CorteCor.csproj]
C:\Welber\2022\GitHubDesktop\corte_cor_ag\Handlers\EntityHandler.cs(932,50): warning CS8600: Convers├úo de literal nula ou poss├¡vel valor nulo em tipo n├úo anul├ível. [C:\Welber\2022\GitHubDesktop\corte_cor_ag\CorteCor.csproj]
C:\Welber\2022\GitHubDesktop\corte_cor_ag\Handlers\EntityHandler.cs(933,54): warning CS8600: Convers├úo de literal nula ou poss├¡vel valor nulo em tipo n├úo anul├ível. [C:\Welber\2022\GitHubDesktop\corte_cor_ag\CorteCor.csproj]
C:\Welber\2022\GitHubDesktop\corte_cor_ag\Handlers\EntityHandler.cs(934,58): warning CS8600: Convers├úo de literal nula ou poss├¡vel valor nulo em tipo n├úo anul├ível. [C:\Welber\2022\GitHubDesktop\corte_cor_ag\CorteCor.csproj]
C:\Welber\2022\GitHubDesktop\corte_cor_ag\Handlers\EntityHandler.cs(935,52): warning CS8600: Convers├úo de literal nula ou poss├¡vel valor nulo em tipo n├úo anul├ível. [C:\Welber\2022\GitHubDesktop\corte_cor_ag\CorteCor.csproj]
C:\Welber\2022\GitHubDesktop\corte_cor_ag\Handlers\EntityHandler.cs(936,53): warning CS8600: Convers├úo de literal nula ou poss├¡vel valor nulo em tipo n├úo anul├ível. [C:\Welber\2022\GitHubDesktop\corte_cor_ag\CorteCor.csproj]
C:\Welber\2022\GitHubDesktop\corte_cor_ag\Handlers\EntityHandler.cs(937,55): warning CS8600: Convers├úo de literal nula ou poss├¡vel valor nulo em tipo n├úo anul├ível. [C:\Welber\2022\GitHubDesktop\corte_cor_ag\CorteCor.csproj]
C:\Welber\2022\GitHubDesktop\corte_cor_ag\Handlers\EntityHandler.cs(938,63): warning CS8600: Convers├úo de literal nula ou poss├¡vel valor nulo em tipo n├úo anul├ível. [C:\Welber\2022\GitHubDesktop\corte_cor_ag\CorteCor.csproj]
C:\Welber\2022\GitHubDesktop\corte_cor_ag\Handlers\EntityHandler.cs(939,70): warning CS8600: Convers├úo de literal nula ou poss├¡vel valor nulo em tipo n├úo anul├ível. [C:\Welber\2022\GitHubDesktop\corte_cor_ag\CorteCor.csproj]
C:\Welber\2022\GitHubDesktop\corte_cor_ag\Handlers\EntityHandler.cs(940,59): warning CS8600: Convers├úo de literal nula ou poss├¡vel valor nulo em tipo n├úo anul├ível. [C:\Welber\2022\GitHubDesktop\corte_cor_ag\CorteCor.csproj]
C:\Welber\2022\GitHubDesktop\corte_cor_ag\Handlers\EntityHandler.cs(941,63): warning CS8600: Convers├úo de literal nula ou poss├¡vel valor nulo em tipo n├úo anul├ível. [C:\Welber\2022\GitHubDesktop\corte_cor_ag\CorteCor.csproj]
C:\Welber\2022\GitHubDesktop\corte_cor_ag\Handlers\EntityHandler.cs(942,58): warning CS8600: Convers├úo de literal nula ou poss├¡vel valor nulo em tipo n├úo anul├ível. [C:\Welber\2022\GitHubDesktop\corte_cor_ag\CorteCor.csproj]
C:\Welber\2022\GitHubDesktop\corte_cor_ag\Handlers\EntityHandler.cs(943,57): warning CS8600: Convers├úo de literal nula ou poss├¡vel valor nulo em tipo n├úo anul├ível. [C:\Welber\2022\GitHubDesktop\corte_cor_ag\CorteCor.csproj]
C:\Welber\2022\GitHubDesktop\corte_cor_ag\Handlers\EntityHandler.cs(944,66): warning CS8600: Convers├úo de literal nula ou poss├¡vel valor nulo em tipo n├úo anul├ível. [C:\Welber\2022\GitHubDesktop\corte_cor_ag\CorteCor.csproj]
C:\Welber\2022\GitHubDesktop\corte_cor_ag\Handlers\EntityHandler.cs(945,61): warning CS8600: Convers├úo de literal nula ou poss├¡vel valor nulo em tipo n├úo anul├ível. [C:\Welber\2022\GitHubDesktop\corte_cor_ag\CorteCor.csproj]
C:\Welber\2022\GitHubDesktop\corte_cor_ag\Handlers\FornecedoresHandler.cs(29,20): warning CS8603: Poss├¡vel retorno de refer├¬ncia nula. [C:\Welber\2022\GitHubDesktop\corte_cor_ag\CorteCor.csproj]
C:\Welber\2022\GitHubDesktop\corte_cor_ag\Handlers\FornecedoresHandler.cs(35,20): warning CS8603: Poss├¡vel retorno de refer├¬ncia nula. [C:\Welber\2022\GitHubDesktop\corte_cor_ag\CorteCor.csproj]
C:\Welber\2022\GitHubDesktop\corte_cor_ag\Handlers\FornecedoresHandler.cs(89,20): warning CS8603: Poss├¡vel retorno de refer├¬ncia nula. [C:\Welber\2022\GitHubDesktop\corte_cor_ag\CorteCor.csproj]
C:\Welber\2022\GitHubDesktop\corte_cor_ag\Handlers\FornecedoresHandler.cs(95,20): warning CS8603: Poss├¡vel retorno de refer├¬ncia nula. [C:\Welber\2022\GitHubDesktop\corte_cor_ag\CorteCor.csproj]
C:\Welber\2022\GitHubDesktop\corte_cor_ag\Handlers\EntityHandler.cs(1747,33): warning CS8600: Convers├úo de literal nula ou poss├¡vel valor nulo em tipo n├úo anul├ível. [C:\Welber\2022\GitHubDesktop\corte_cor_ag\CorteCor.csproj]
C:\Welber\2022\GitHubDesktop\corte_cor_ag\Handlers\FornecedoresHandler.cs(147,20): warning CS8603: Poss├¡vel retorno de refer├¬ncia nula. [C:\Welber\2022\GitHubDesktop\corte_cor_ag\CorteCor.csproj]
C:\Welber\2022\GitHubDesktop\corte_cor_ag\Handlers\FornecedoresHandler.cs(153,20): warning CS8603: Poss├¡vel retorno de refer├¬ncia nula. [C:\Welber\2022\GitHubDesktop\corte_cor_ag\CorteCor.csproj]
C:\Welber\2022\GitHubDesktop\corte_cor_ag\Pages\Configuracoes\FornecedoresEmail.cshtml.cs(16,16): warning CS8618: O propriedade n├úo anul├ível 'Input' precisa conter um valor n├úo nulo ao sair do construtor. Considere declarar o propriedade como anul├ível. [C:\Welber\2022\GitHubDesktop\corte_cor_ag\CorteCor.csproj]
C:\Welber\2022\GitHubDesktop\corte_cor_ag\Pages\Configuracoes\FornecedoresEmail.cshtml.cs(35,44): warning CS8604: Poss├¡vel argumento de refer├¬ncia nula para o par├ómetro 's' em 'int int.Parse(string s)'. [C:\Welber\2022\GitHubDesktop\corte_cor_ag\CorteCor.csproj]
C:\Welber\2022\GitHubDesktop\corte_cor_ag\Pages\Configuracoes\FornecedoresEmail.cshtml.cs(36,26): warning CS8601: Poss├¡vel atribui├º├úo de refer├¬ncia nula. [C:\Welber\2022\GitHubDesktop\corte_cor_ag\CorteCor.csproj]
C:\Welber\2022\GitHubDesktop\corte_cor_ag\Pages\Configuracoes\FornecedoresEmail.cshtml.cs(37,28): warning CS8601: Poss├¡vel atribui├º├úo de refer├¬ncia nula. [C:\Welber\2022\GitHubDesktop\corte_cor_ag\CorteCor.csproj]
C:\Welber\2022\GitHubDesktop\corte_cor_ag\Pages\Configuracoes\FornecedoresEmail.cshtml.cs(39,30): warning CS8601: Poss├¡vel atribui├º├úo de refer├¬ncia nula. [C:\Welber\2022\GitHubDesktop\corte_cor_ag\CorteCor.csproj]
C:\Welber\2022\GitHubDesktop\corte_cor_ag\Pages\Configuracoes\FornecedoresEmail.cshtml.cs(40,35): warning CS8601: Poss├¡vel atribui├º├úo de refer├¬ncia nula. [C:\Welber\2022\GitHubDesktop\corte_cor_ag\CorteCor.csproj]
C:\Welber\2022\GitHubDesktop\corte_cor_ag\Pages\Configuracoes\FornecedoresEmail.cshtml.cs(41,36): warning CS8601: Poss├¡vel atribui├º├úo de refer├¬ncia nula. [C:\Welber\2022\GitHubDesktop\corte_cor_ag\CorteCor.csproj]
C:\Welber\2022\GitHubDesktop\corte_cor_ag\Handlers\EntityHandler.cs(1769,48): warning CS8603: Poss├¡vel retorno de refer├¬ncia nula. [C:\Welber\2022\GitHubDesktop\corte_cor_ag\CorteCor.csproj]
C:\Welber\2022\GitHubDesktop\corte_cor_ag\Handlers\EntityHandler.cs(1774,32): warning CS8601: Poss├¡vel atribui├º├úo de refer├¬ncia nula. [C:\Welber\2022\GitHubDesktop\corte_cor_ag\CorteCor.csproj]
C:\Welber\2022\GitHubDesktop\corte_cor_ag\Handlers\EntityHandler.cs(1775,36): warning CS8601: Poss├¡vel atribui├º├úo de refer├¬ncia nula. [C:\Welber\2022\GitHubDesktop\corte_cor_ag\CorteCor.csproj]
C:\Welber\2022\GitHubDesktop\corte_cor_ag\Handlers\EntityHandler.cs(1776,33): warning CS8601: Poss├¡vel atribui├º├úo de refer├¬ncia nula. [C:\Welber\2022\GitHubDesktop\corte_cor_ag\CorteCor.csproj]
C:\Welber\2022\GitHubDesktop\corte_cor_ag\Pages\Agendamentos2.cshtml.cs(385,34): warning CS8600: Convers├úo de literal nula ou poss├¡vel valor nulo em tipo n├úo anul├ível. [C:\Welber\2022\GitHubDesktop\corte_cor_ag\CorteCor.csproj]
C:\Welber\2022\GitHubDesktop\corte_cor_ag\Handlers\EntityHandler.cs(2081,33): warning CS8600: Convers├úo de literal nula ou poss├¡vel valor nulo em tipo n├úo anul├ível. [C:\Welber\2022\GitHubDesktop\corte_cor_ag\CorteCor.csproj]
C:\Welber\2022\GitHubDesktop\corte_cor_ag\Handlers\EntityHandler.cs(1837,40): warning CS8601: Poss├¡vel atribui├º├úo de refer├¬ncia nula. [C:\Welber\2022\GitHubDesktop\corte_cor_ag\CorteCor.csproj]
C:\Welber\2022\GitHubDesktop\corte_cor_ag\Handlers\EntityHandler.cs(1838,44): warning CS8601: Poss├¡vel atribui├º├úo de refer├¬ncia nula. [C:\Welber\2022\GitHubDesktop\corte_cor_ag\CorteCor.csproj]
C:\Welber\2022\GitHubDesktop\corte_cor_ag\Handlers\EntityHandler.cs(1839,41): warning CS8601: Poss├¡vel atribui├º├úo de refer├¬ncia nula. [C:\Welber\2022\GitHubDesktop\corte_cor_ag\CorteCor.csproj]
C:\Welber\2022\GitHubDesktop\corte_cor_ag\Handlers\EntityHandler.cs(2626,33): warning CS8600: Convers├úo de literal nula ou poss├¡vel valor nulo em tipo n├úo anul├ível. [C:\Welber\2022\GitHubDesktop\corte_cor_ag\CorteCor.csproj]
C:\Welber\2022\GitHubDesktop\corte_cor_ag\Handlers\EntityHandler.cs(2113,48): warning CS8603: Poss├¡vel retorno de refer├¬ncia nula. [C:\Welber\2022\GitHubDesktop\corte_cor_ag\CorteCor.csproj]
C:\Welber\2022\GitHubDesktop\corte_cor_ag\Handlers\EntityHandler.cs(2119,34): warning CS8601: Poss├¡vel atribui├º├úo de refer├¬ncia nula. [C:\Welber\2022\GitHubDesktop\corte_cor_ag\CorteCor.csproj]
C:\Welber\2022\GitHubDesktop\corte_cor_ag\Handlers\EntityHandler.cs(2149,34): warning CS8601: Poss├¡vel atribui├º├úo de refer├¬ncia nula. [C:\Welber\2022\GitHubDesktop\corte_cor_ag\CorteCor.csproj]
C:\Welber\2022\GitHubDesktop\corte_cor_ag\Handlers\EntityHandler.cs(1287,33): warning CS8600: Convers├úo de literal nula ou poss├¡vel valor nulo em tipo n├úo anul├ível. [C:\Welber\2022\GitHubDesktop\corte_cor_ag\CorteCor.csproj]
C:\Welber\2022\GitHubDesktop\corte_cor_ag\Handlers\EntityHandler.cs(3705,43): warning CS8601: Poss├¡vel atribui├º├úo de refer├¬ncia nula. [C:\Welber\2022\GitHubDesktop\corte_cor_ag\CorteCor.csproj]
C:\Welber\2022\GitHubDesktop\corte_cor_ag\Handlers\EntityHandler.cs(3706,44): warning CS8601: Poss├¡vel atribui├º├úo de refer├¬ncia nula. [C:\Welber\2022\GitHubDesktop\corte_cor_ag\CorteCor.csproj]
C:\Welber\2022\GitHubDesktop\corte_cor_ag\Handlers\EntityHandler.cs(3707,47): warning CS8601: Poss├¡vel atribui├º├úo de refer├¬ncia nula. [C:\Welber\2022\GitHubDesktop\corte_cor_ag\CorteCor.csproj]
C:\Welber\2022\GitHubDesktop\corte_cor_ag\Handlers\EntityHandler.cs(3709,43): warning CS8601: Poss├¡vel atribui├º├úo de refer├¬ncia nula. [C:\Welber\2022\GitHubDesktop\corte_cor_ag\CorteCor.csproj]
C:\Welber\2022\GitHubDesktop\corte_cor_ag\Handlers\EntityHandler.cs(3710,48): warning CS8601: Poss├¡vel atribui├º├úo de refer├¬ncia nula. [C:\Welber\2022\GitHubDesktop\corte_cor_ag\CorteCor.csproj]
C:\Welber\2022\GitHubDesktop\corte_cor_ag\Handlers\EntityHandler.cs(3711,41): warning CS8601: Poss├¡vel atribui├º├úo de refer├¬ncia nula. [C:\Welber\2022\GitHubDesktop\corte_cor_ag\CorteCor.csproj]
C:\Welber\2022\GitHubDesktop\corte_cor_ag\Handlers\EntityHandler.cs(3713,44): warning CS8601: Poss├¡vel atribui├º├úo de refer├¬ncia nula. [C:\Welber\2022\GitHubDesktop\corte_cor_ag\CorteCor.csproj]
C:\Welber\2022\GitHubDesktop\corte_cor_ag\Handlers\EntityHandler.cs(3731,20): warning CS8603: Poss├¡vel retorno de refer├¬ncia nula. [C:\Welber\2022\GitHubDesktop\corte_cor_ag\CorteCor.csproj]
C:\Welber\2022\GitHubDesktop\corte_cor_ag\Pages\Agendamentos2.cshtml.cs(506,79): warning CS8602: Desrefer├¬ncia de uma refer├¬ncia possivelmente nula. [C:\Welber\2022\GitHubDesktop\corte_cor_ag\CorteCor.csproj]
C:\Welber\2022\GitHubDesktop\corte_cor_ag\Pages\Agendamentos2.cshtml.cs(550,83): warning CS8602: Desrefer├¬ncia de uma refer├¬ncia possivelmente nula. [C:\Welber\2022\GitHubDesktop\corte_cor_ag\CorteCor.csproj]
C:\Welber\2022\GitHubDesktop\corte_cor_ag\Handlers\EntityHandler.cs(1311,48): warning CS8603: Poss├¡vel retorno de refer├¬ncia nula. [C:\Welber\2022\GitHubDesktop\corte_cor_ag\CorteCor.csproj]
C:\Welber\2022\GitHubDesktop\corte_cor_ag\Handlers\EntityHandler.cs(1316,32): warning CS8601: Poss├¡vel atribui├º├úo de refer├¬ncia nula. [C:\Welber\2022\GitHubDesktop\corte_cor_ag\CorteCor.csproj]
C:\Welber\2022\GitHubDesktop\corte_cor_ag\Handlers\EntityHandler.cs(1883,36): warning CS8601: Poss├¡vel atribui├º├úo de refer├¬ncia nula. [C:\Welber\2022\GitHubDesktop\corte_cor_ag\CorteCor.csproj]
C:\Welber\2022\GitHubDesktop\corte_cor_ag\Handlers\EntityHandler.cs(1884,40): warning CS8601: Poss├¡vel atribui├º├úo de refer├¬ncia nula. [C:\Welber\2022\GitHubDesktop\corte_cor_ag\CorteCor.csproj]
C:\Welber\2022\GitHubDesktop\corte_cor_ag\Handlers\EntityHandler.cs(1885,37): warning CS8601: Poss├¡vel atribui├º├úo de refer├¬ncia nula. [C:\Welber\2022\GitHubDesktop\corte_cor_ag\CorteCor.csproj]
C:\Welber\2022\GitHubDesktop\corte_cor_ag\Handlers\EntityHandler.cs(1346,32): warning CS8601: Poss├¡vel atribui├º├úo de refer├¬ncia nula. [C:\Welber\2022\GitHubDesktop\corte_cor_ag\CorteCor.csproj]
C:\Welber\2022\GitHubDesktop\corte_cor_ag\Handlers\EntityHandler.cs(3021,48): warning CS8603: Poss├¡vel retorno de refer├¬ncia nula. [C:\Welber\2022\GitHubDesktop\corte_cor_ag\CorteCor.csproj]
C:\Welber\2022\GitHubDesktop\corte_cor_ag\Handlers\EntityHandler.cs(3037,48): warning CS8603: Poss├¡vel retorno de refer├¬ncia nula. [C:\Welber\2022\GitHubDesktop\corte_cor_ag\CorteCor.csproj]
C:\Welber\2022\GitHubDesktop\corte_cor_ag\Handlers\EntityHandler.cs(2184,38): warning CS8601: Poss├¡vel atribui├º├úo de refer├¬ncia nula. [C:\Welber\2022\GitHubDesktop\corte_cor_ag\CorteCor.csproj]
C:\Welber\2022\GitHubDesktop\corte_cor_ag\Handlers\EntityHandler.cs(3053,48): warning CS8603: Poss├¡vel retorno de refer├¬ncia nula. [C:\Welber\2022\GitHubDesktop\corte_cor_ag\CorteCor.csproj]
C:\Welber\2022\GitHubDesktop\corte_cor_ag\Handlers\EntityHandler.cs(2651,48): warning CS8603: Poss├¡vel retorno de refer├¬ncia nula. [C:\Welber\2022\GitHubDesktop\corte_cor_ag\CorteCor.csproj]
C:\Welber\2022\GitHubDesktop\corte_cor_ag\Handlers\EntityHandler.cs(2656,32): warning CS8601: Poss├¡vel atribui├º├úo de refer├¬ncia nula. [C:\Welber\2022\GitHubDesktop\corte_cor_ag\CorteCor.csproj]
C:\Welber\2022\GitHubDesktop\corte_cor_ag\Handlers\EntityHandler.cs(2657,32): warning CS8601: Poss├¡vel atribui├º├úo de refer├¬ncia nula. [C:\Welber\2022\GitHubDesktop\corte_cor_ag\CorteCor.csproj]
C:\Welber\2022\GitHubDesktop\corte_cor_ag\Handlers\EntityHandler.cs(2658,35): warning CS8601: Poss├¡vel atribui├º├úo de refer├¬ncia nula. [C:\Welber\2022\GitHubDesktop\corte_cor_ag\CorteCor.csproj]
C:\Welber\2022\GitHubDesktop\corte_cor_ag\Handlers\EntityHandler.cs(2226,38): warning CS8601: Poss├¡vel atribui├º├úo de refer├¬ncia nula. [C:\Welber\2022\GitHubDesktop\corte_cor_ag\CorteCor.csproj]
C:\Welber\2022\GitHubDesktop\corte_cor_ag\Handlers\EntityHandler.cs(3561,20): warning CS8603: Poss├¡vel retorno de refer├¬ncia nula. [C:\Welber\2022\GitHubDesktop\corte_cor_ag\CorteCor.csproj]
C:\Welber\2022\GitHubDesktop\corte_cor_ag\Handlers\EntityHandler.cs(3577,20): warning CS8603: Poss├¡vel retorno de refer├¬ncia nula. [C:\Welber\2022\GitHubDesktop\corte_cor_ag\CorteCor.csproj]
C:\Welber\2022\GitHubDesktop\corte_cor_ag\Handlers\EntityHandler.cs(3099,26): warning CS8601: Poss├¡vel atribui├º├úo de refer├¬ncia nula. [C:\Welber\2022\GitHubDesktop\corte_cor_ag\CorteCor.csproj]
C:\Welber\2022\GitHubDesktop\corte_cor_ag\Handlers\EntityHandler.cs(3101,25): warning CS8601: Poss├¡vel atribui├º├úo de refer├¬ncia nula. [C:\Welber\2022\GitHubDesktop\corte_cor_ag\CorteCor.csproj]
C:\Welber\2022\GitHubDesktop\corte_cor_ag\Handlers\EntityHandler.cs(2702,32): warning CS8601: Poss├¡vel atribui├º├úo de refer├¬ncia nula. [C:\Welber\2022\GitHubDesktop\corte_cor_ag\CorteCor.csproj]
C:\Welber\2022\GitHubDesktop\corte_cor_ag\Handlers\EntityHandler.cs(2703,32): warning CS8601: Poss├¡vel atribui├º├úo de refer├¬ncia nula. [C:\Welber\2022\GitHubDesktop\corte_cor_ag\CorteCor.csproj]
C:\Welber\2022\GitHubDesktop\corte_cor_ag\Handlers\EntityHandler.cs(2704,35): warning CS8601: Poss├¡vel atribui├º├úo de refer├¬ncia nula. [C:\Welber\2022\GitHubDesktop\corte_cor_ag\CorteCor.csproj]
C:\Welber\2022\GitHubDesktop\corte_cor_ag\Handlers\EntityHandler.cs(3612,30): warning CS8601: Poss├¡vel atribui├º├úo de refer├¬ncia nula. [C:\Welber\2022\GitHubDesktop\corte_cor_ag\CorteCor.csproj]
C:\Welber\2022\GitHubDesktop\corte_cor_ag\Handlers\EntityHandler.cs(3613,27): warning CS8601: Poss├¡vel atribui├º├úo de refer├¬ncia nula. [C:\Welber\2022\GitHubDesktop\corte_cor_ag\CorteCor.csproj]
C:\Welber\2022\GitHubDesktop\corte_cor_ag\Handlers\EntityHandler.cs(3614,29): warning CS8601: Poss├¡vel atribui├º├úo de refer├¬ncia nula. [C:\Welber\2022\GitHubDesktop\corte_cor_ag\CorteCor.csproj]
C:\Welber\2022\GitHubDesktop\corte_cor_ag\Handlers\EntityHandler.cs(1380,36): warning CS8601: Poss├¡vel atribui├º├úo de refer├¬ncia nula. [C:\Welber\2022\GitHubDesktop\corte_cor_ag\CorteCor.csproj]
C:\Welber\2022\GitHubDesktop\corte_cor_ag\Pages\Configuracoes\FornecedoresWhatsapp.cshtml.cs(31,44): warning CS8604: Poss├¡vel argumento de refer├¬ncia nula para o par├ómetro 's' em 'int int.Parse(string s)'. [C:\Welber\2022\GitHubDesktop\corte_cor_ag\CorteCor.csproj]
C:\Welber\2022\GitHubDesktop\corte_cor_ag\Pages\Configuracoes\FornecedoresWhatsapp.cshtml.cs(32,26): warning CS8601: Poss├¡vel atribui├º├úo de refer├¬ncia nula. [C:\Welber\2022\GitHubDesktop\corte_cor_ag\CorteCor.csproj]
C:\Welber\2022\GitHubDesktop\corte_cor_ag\Pages\Configuracoes\FornecedoresWhatsapp.cshtml.cs(35,30): warning CS8601: Poss├¡vel atribui├º├úo de refer├¬ncia nula. [C:\Welber\2022\GitHubDesktop\corte_cor_ag\CorteCor.csproj]
C:\Welber\2022\GitHubDesktop\corte_cor_ag\Handlers\EntityHandler.cs(3851,56): warning CS8600: Convers├úo de literal nula ou poss├¡vel valor nulo em tipo n├úo anul├ível. [C:\Welber\2022\GitHubDesktop\corte_cor_ag\CorteCor.csproj]
C:\Welber\2022\GitHubDesktop\corte_cor_ag\Handlers\EntityHandler.cs(3852,54): warning CS8600: Convers├úo de literal nula ou poss├¡vel valor nulo em tipo n├úo anul├ível. [C:\Welber\2022\GitHubDesktop\corte_cor_ag\CorteCor.csproj]
C:\Welber\2022\GitHubDesktop\corte_cor_ag\Handlers\EntityHandler.cs(3856,50): warning CS8600: Convers├úo de literal nula ou poss├¡vel valor nulo em tipo n├úo anul├ível. [C:\Welber\2022\GitHubDesktop\corte_cor_ag\CorteCor.csproj]
C:\Welber\2022\GitHubDesktop\corte_cor_ag\Handlers\EntityHandler.cs(3864,37): warning CS8600: Convers├úo de literal nula ou poss├¡vel valor nulo em tipo n├úo anul├ível. [C:\Welber\2022\GitHubDesktop\corte_cor_ag\CorteCor.csproj]
C:\Welber\2022\GitHubDesktop\corte_cor_ag\Handlers\EntityHandler.cs(2011,36): warning CS8601: Poss├¡vel atribui├º├úo de refer├¬ncia nula. [C:\Welber\2022\GitHubDesktop\corte_cor_ag\CorteCor.csproj]
C:\Welber\2022\GitHubDesktop\corte_cor_ag\Handlers\EntityHandler.cs(2012,40): warning CS8601: Poss├¡vel atribui├º├úo de refer├¬ncia nula. [C:\Welber\2022\GitHubDesktop\corte_cor_ag\CorteCor.csproj]
C:\Welber\2022\GitHubDesktop\corte_cor_ag\Handlers\EntityHandler.cs(2013,37): warning CS8601: Poss├¡vel atribui├º├úo de refer├¬ncia nula. [C:\Welber\2022\GitHubDesktop\corte_cor_ag\CorteCor.csproj]
C:\Welber\2022\GitHubDesktop\corte_cor_ag\Handlers\EntityHandler.cs(2268,38): warning CS8601: Poss├¡vel atribui├º├úo de refer├¬ncia nula. [C:\Welber\2022\GitHubDesktop\corte_cor_ag\CorteCor.csproj]
C:\Welber\2022\GitHubDesktop\corte_cor_ag\Handlers\EntityHandler.cs(2341,29): warning CS8605: Executando a convers├úo unboxing de um valor possivelmente nulo. [C:\Welber\2022\GitHubDesktop\corte_cor_ag\CorteCor.csproj]
C:\Welber\2022\GitHubDesktop\corte_cor_ag\Handlers\EntityHandler.cs(2471,38): warning CS8601: Poss├¡vel atribui├º├úo de refer├¬ncia nula. [C:\Welber\2022\GitHubDesktop\corte_cor_ag\CorteCor.csproj]
C:\Welber\2022\GitHubDesktop\corte_cor_ag\Pages\EsqueciSenha.cshtml.cs(78,30): warning CS8600: Convers├úo de literal nula ou poss├¡vel valor nulo em tipo n├úo anul├ível. [C:\Welber\2022\GitHubDesktop\corte_cor_ag\CorteCor.csproj]
C:\Welber\2022\GitHubDesktop\corte_cor_ag\Pages\EsqueciSenha.cshtml.cs(93,35): warning CS8600: Convers├úo de literal nula ou poss├¡vel valor nulo em tipo n├úo anul├ível. [C:\Welber\2022\GitHubDesktop\corte_cor_ag\CorteCor.csproj]
C:\Welber\2022\GitHubDesktop\corte_cor_ag\Pages\EsqueciSenha.cshtml.cs(21,23): warning CS8618: O propriedade n├úo anul├ível 'Email' precisa conter um valor n├úo nulo ao sair do construtor. Considere declarar o propriedade como anul├ível. [C:\Welber\2022\GitHubDesktop\corte_cor_ag\CorteCor.csproj]
C:\Welber\2022\GitHubDesktop\corte_cor_ag\Pages\EsqueciSenha.cshtml.cs(24,23): warning CS8618: O propriedade n├úo anul├ível 'TipoUsuario' precisa conter um valor n├úo nulo ao sair do construtor. Considere declarar o propriedade como anul├ível. [C:\Welber\2022\GitHubDesktop\corte_cor_ag\CorteCor.csproj]
C:\Welber\2022\GitHubDesktop\corte_cor_ag\Pages\EsqueciSenha.cshtml.cs(26,23): warning CS8618: O propriedade n├úo anul├ível 'Mensagem' precisa conter um valor n├úo nulo ao sair do construtor. Considere declarar o propriedade como anul├ível. [C:\Welber\2022\GitHubDesktop\corte_cor_ag\CorteCor.csproj]
C:\Welber\2022\GitHubDesktop\corte_cor_ag\Pages\EsqueciSenha.cshtml.cs(28,23): warning CS8618: O propriedade n├úo anul├ível 'NomeCurto' precisa conter um valor n├úo nulo ao sair do construtor. Considere declarar o propriedade como anul├ível. [C:\Welber\2022\GitHubDesktop\corte_cor_ag\CorteCor.csproj]
C:\Welber\2022\GitHubDesktop\corte_cor_ag\Pages\EsqueciSenha.cshtml.cs(29,23): warning CS8618: O propriedade n├úo anul├ível 'SalaoLink' precisa conter um valor n├úo nulo ao sair do construtor. Considere declarar o propriedade como anul├ível. [C:\Welber\2022\GitHubDesktop\corte_cor_ag\CorteCor.csproj]
C:\Welber\2022\GitHubDesktop\corte_cor_ag\Pages\EsqueciSenha.cshtml.cs(30,23): warning CS8618: O propriedade n├úo anul├ível 'SalaoLinkID' precisa conter um valor n├úo nulo ao sair do construtor. Considere declarar o propriedade como anul├ível. [C:\Welber\2022\GitHubDesktop\corte_cor_ag\CorteCor.csproj]
C:\Welber\2022\GitHubDesktop\corte_cor_ag\Pages\EsqueciSenha.cshtml.cs(31,23): warning CS8618: O propriedade n├úo anul├ível 'NomeSalao' precisa conter um valor n├úo nulo ao sair do construtor. Considere declarar o propriedade como anul├ível. [C:\Welber\2022\GitHubDesktop\corte_cor_ag\CorteCor.csproj]
C:\Welber\2022\GitHubDesktop\corte_cor_ag\Pages\Configuracoes\FornecedoresSMS.cshtml.cs(31,44): warning CS8604: Poss├¡vel argumento de refer├¬ncia nula para o par├ómetro 's' em 'int int.Parse(string s)'. [C:\Welber\2022\GitHubDesktop\corte_cor_ag\CorteCor.csproj]
C:\Welber\2022\GitHubDesktop\corte_cor_ag\Pages\Configuracoes\FornecedoresSMS.cshtml.cs(32,26): warning CS8601: Poss├¡vel atribui├º├úo de refer├¬ncia nula. [C:\Welber\2022\GitHubDesktop\corte_cor_ag\CorteCor.csproj]
C:\Welber\2022\GitHubDesktop\corte_cor_ag\Pages\Configuracoes\FornecedoresSMS.cshtml.cs(33,28): warning CS8601: Poss├¡vel atribui├º├úo de refer├¬ncia nula. [C:\Welber\2022\GitHubDesktop\corte_cor_ag\CorteCor.csproj]
C:\Welber\2022\GitHubDesktop\corte_cor_ag\Pages\Configuracoes\FornecedoresSMS.cshtml.cs(35,30): warning CS8601: Poss├¡vel atribui├º├úo de refer├¬ncia nula. [C:\Welber\2022\GitHubDesktop\corte_cor_ag\CorteCor.csproj]
C:\Welber\2022\GitHubDesktop\corte_cor_ag\Pages\Configuracoes\FornecedoresSMS.cshtml.cs(36,31): warning CS8601: Poss├¡vel atribui├º├úo de refer├¬ncia nula. [C:\Welber\2022\GitHubDesktop\corte_cor_ag\CorteCor.csproj]
C:\Welber\2022\GitHubDesktop\corte_cor_ag\Pages\FuncionarioCadastro.cshtml.cs(24,31): warning CS8601: Poss├¡vel atribui├º├úo de refer├¬ncia nula. [C:\Welber\2022\GitHubDesktop\corte_cor_ag\CorteCor.csproj]
C:\Welber\2022\GitHubDesktop\corte_cor_ag\Handlers\EntityHandler.cs(2754,36): warning CS8601: Poss├¡vel atribui├º├úo de refer├¬ncia nula. [C:\Welber\2022\GitHubDesktop\corte_cor_ag\CorteCor.csproj]
C:\Welber\2022\GitHubDesktop\corte_cor_ag\Handlers\EntityHandler.cs(2755,36): warning CS8601: Poss├¡vel atribui├º├úo de refer├¬ncia nula. [C:\Welber\2022\GitHubDesktop\corte_cor_ag\CorteCor.csproj]
C:\Welber\2022\GitHubDesktop\corte_cor_ag\Handlers\EntityHandler.cs(2756,39): warning CS8601: Poss├¡vel atribui├º├úo de refer├¬ncia nula. [C:\Welber\2022\GitHubDesktop\corte_cor_ag\CorteCor.csproj]
C:\Welber\2022\GitHubDesktop\corte_cor_ag\Pages\FuncionarioCadastro.cshtml.cs(56,24): warning CS8601: Poss├¡vel atribui├º├úo de refer├¬ncia nula. [C:\Welber\2022\GitHubDesktop\corte_cor_ag\CorteCor.csproj]
C:\Welber\2022\GitHubDesktop\corte_cor_ag\Pages\FuncionarioCadastro.cshtml.cs(12,28): warning CS8618: O propriedade n├úo anul├ível 'Funcionario' precisa conter um valor n├úo nulo ao sair do construtor. Considere declarar o propriedade como anul├ível. [C:\Welber\2022\GitHubDesktop\corte_cor_ag\CorteCor.csproj]
C:\Welber\2022\GitHubDesktop\corte_cor_ag\Pages\FuncionarioCadastro.cshtml.cs(14,23): warning CS8618: O propriedade n├úo anul├ível 'Mensagem' precisa conter um valor n├úo nulo ao sair do construtor. Considere declarar o propriedade como anul├ível. [C:\Welber\2022\GitHubDesktop\corte_cor_ag\CorteCor.csproj]
C:\Welber\2022\GitHubDesktop\corte_cor_ag\Pages\FuncionarioLista.cshtml.cs(31,32): warning CS8604: Poss├¡vel argumento de refer├¬ncia nula para o par├ómetro 's' em 'int int.Parse(string s)'. [C:\Welber\2022\GitHubDesktop\corte_cor_ag\CorteCor.csproj]
C:\Welber\2022\GitHubDesktop\corte_cor_ag\Pages\FuncionarioLista.cshtml.cs(32,29): warning CS8600: Convers├úo de literal nula ou poss├¡vel valor nulo em tipo n├úo anul├ível. [C:\Welber\2022\GitHubDesktop\corte_cor_ag\CorteCor.csproj]
C:\Welber\2022\GitHubDesktop\corte_cor_ag\Pages\FuncionarioLista.cshtml.cs(16,23): warning CS8618: O propriedade n├úo anul├ível 'Mensagem' precisa conter um valor n├úo nulo ao sair do construtor. Considere declarar o propriedade como anul├ível. [C:\Welber\2022\GitHubDesktop\corte_cor_ag\CorteCor.csproj]
C:\Welber\2022\GitHubDesktop\corte_cor_ag\Handlers\EntityHandler.cs(2808,36): warning CS8601: Poss├¡vel atribui├º├úo de refer├¬ncia nula. [C:\Welber\2022\GitHubDesktop\corte_cor_ag\CorteCor.csproj]
C:\Welber\2022\GitHubDesktop\corte_cor_ag\Handlers\EntityHandler.cs(2809,36): warning CS8601: Poss├¡vel atribui├º├úo de refer├¬ncia nula. [C:\Welber\2022\GitHubDesktop\corte_cor_ag\CorteCor.csproj]
C:\Welber\2022\GitHubDesktop\corte_cor_ag\Handlers\EntityHandler.cs(2810,39): warning CS8601: Poss├¡vel atribui├º├úo de refer├¬ncia nula. [C:\Welber\2022\GitHubDesktop\corte_cor_ag\CorteCor.csproj]
C:\Welber\2022\GitHubDesktop\corte_cor_ag\Handlers\EntityHandler.cs(4000,37): warning CS8600: Convers├úo de literal nula ou poss├¡vel valor nulo em tipo n├úo anul├ível. [C:\Welber\2022\GitHubDesktop\corte_cor_ag\CorteCor.csproj]
C:\Welber\2022\GitHubDesktop\corte_cor_ag\Handlers\EntityHandler.cs(4015,51): warning CS8601: Poss├¡vel atribui├º├úo de refer├¬ncia nula. [C:\Welber\2022\GitHubDesktop\corte_cor_ag\CorteCor.csproj]
C:\Welber\2022\GitHubDesktop\corte_cor_ag\Handlers\EntityHandler.cs(4048,50): warning CS8600: Convers├úo de literal nula ou poss├¡vel valor nulo em tipo n├úo anul├ível. [C:\Welber\2022\GitHubDesktop\corte_cor_ag\CorteCor.csproj]
C:\Welber\2022\GitHubDesktop\corte_cor_ag\Handlers\EntityHandler.cs(2552,42): warning CS8601: Poss├¡vel atribui├º├úo de refer├¬ncia nula. [C:\Welber\2022\GitHubDesktop\corte_cor_ag\CorteCor.csproj]
C:\Welber\2022\GitHubDesktop\corte_cor_ag\Pages\LembreteConfigLista.cshtml.cs(21,16): warning CS8618: O propriedade n├úo anul├ível 'Mensagem' precisa conter um valor n├úo nulo ao sair do construtor. Considere declarar o propriedade como anul├ível. [C:\Welber\2022\GitHubDesktop\corte_cor_ag\CorteCor.csproj]
C:\Welber\2022\GitHubDesktop\corte_cor_ag\Pages\LembreteConfigCadastro.cshtml.cs(38,16): warning CS8618: O propriedade n├úo anul├ível 'Mensagem' precisa conter um valor n├úo nulo ao sair do construtor. Considere declarar o propriedade como anul├ível. [C:\Welber\2022\GitHubDesktop\corte_cor_ag\CorteCor.csproj]
C:\Welber\2022\GitHubDesktop\corte_cor_ag\Pages\FuncionarioServicoLista.cshtml.cs(19,27): warning CS8618: O propriedade n├úo anul├ível 'FuncionarioNome' precisa conter um valor n├úo nulo ao sair do construtor. Considere declarar o propriedade como anul├ível. [C:\Welber\2022\GitHubDesktop\corte_cor_ag\CorteCor.csproj]
C:\Welber\2022\GitHubDesktop\corte_cor_ag\Pages\FuncionarioServicoLista.cshtml.cs(22,27): warning CS8618: O propriedade n├úo anul├ível 'ServicoNome' precisa conter um valor n├úo nulo ao sair do construtor. Considere declarar o propriedade como anul├ível. [C:\Welber\2022\GitHubDesktop\corte_cor_ag\CorteCor.csproj]
C:\Welber\2022\GitHubDesktop\corte_cor_ag\Handlers\EntityHandler.cs(4145,48): warning CS8601: Poss├¡vel atribui├º├úo de refer├¬ncia nula. [C:\Welber\2022\GitHubDesktop\corte_cor_ag\CorteCor.csproj]
C:\Welber\2022\GitHubDesktop\corte_cor_ag\Handlers\EntityHandler.cs(4146,43): warning CS8601: Poss├¡vel atribui├º├úo de refer├¬ncia nula. [C:\Welber\2022\GitHubDesktop\corte_cor_ag\CorteCor.csproj]
C:\Welber\2022\GitHubDesktop\corte_cor_ag\Handlers\EntityHandler.cs(4147,42): warning CS8601: Poss├¡vel atribui├º├úo de refer├¬ncia nula. [C:\Welber\2022\GitHubDesktop\corte_cor_ag\CorteCor.csproj]
C:\Welber\2022\GitHubDesktop\corte_cor_ag\Handlers\EntityHandler.cs(4153,54): warning CS8601: Poss├¡vel atribui├º├úo de refer├¬ncia nula. [C:\Welber\2022\GitHubDesktop\corte_cor_ag\CorteCor.csproj]
C:\Welber\2022\GitHubDesktop\corte_cor_ag\Pages\Index.cshtml.cs(51,49): warning CS8600: Convers├úo de literal nula ou poss├¡vel valor nulo em tipo n├úo anul├ível. [C:\Welber\2022\GitHubDesktop\corte_cor_ag\CorteCor.csproj]
C:\Welber\2022\GitHubDesktop\corte_cor_ag\Pages\Index.cshtml.cs(59,60): warning CS8604: Poss├¡vel argumento de refer├¬ncia nula para o par├ómetro 's' em 'int int.Parse(string s)'. [C:\Welber\2022\GitHubDesktop\corte_cor_ag\CorteCor.csproj]
C:\Welber\2022\GitHubDesktop\corte_cor_ag\Pages\Index.cshtml.cs(17,23): warning CS8618: O propriedade n├úo anul├ível 'ErrorMessage' precisa conter um valor n├úo nulo ao sair do construtor. Considere declarar o propriedade como anul├ível. [C:\Welber\2022\GitHubDesktop\corte_cor_ag\CorteCor.csproj]
C:\Welber\2022\GitHubDesktop\corte_cor_ag\Pages\Index.cshtml.cs(18,23): warning CS8618: O propriedade n├úo anul├ível 'NomeSalao' precisa conter um valor n├úo nulo ao sair do construtor. Considere declarar o propriedade como anul├ível. [C:\Welber\2022\GitHubDesktop\corte_cor_ag\CorteCor.csproj]
C:\Welber\2022\GitHubDesktop\corte_cor_ag\Pages\Logout2.cshtml.cs(10,42): warning CS1998: Este m├®todo ass├¡ncrono n├úo possui operadores 'await' e ser├í executado de modo s├¡ncrono. ├ë recomend├ível o uso do operador 'await' para aguardar chamadas ├á API desbloqueadas ou do operador 'await Task.Run(...)' para realizar um trabalho associado ├á CPU em um thread em segundo plano. [C:\Welber\2022\GitHubDesktop\corte_cor_ag\CorteCor.csproj]
C:\Welber\2022\GitHubDesktop\corte_cor_ag\Pages\ModeloEmailCadastro.cshtml.cs(17,16): warning CS8618: O propriedade n├úo anul├ível 'Modelo' precisa conter um valor n├úo nulo ao sair do construtor. Considere declarar o propriedade como anul├ível. [C:\Welber\2022\GitHubDesktop\corte_cor_ag\CorteCor.csproj]
C:\Welber\2022\GitHubDesktop\corte_cor_ag\Pages\ModeloEmailCadastro.cshtml.cs(17,16): warning CS8618: O propriedade n├úo anul├ível 'Mensagem' precisa conter um valor n├úo nulo ao sair do construtor. Considere declarar o propriedade como anul├ível. [C:\Welber\2022\GitHubDesktop\corte_cor_ag\CorteCor.csproj]
C:\Welber\2022\GitHubDesktop\corte_cor_ag\Pages\FuncionarioServicoLista.cshtml.cs(83,29): warning CS8600: Convers├úo de literal nula ou poss├¡vel valor nulo em tipo n├úo anul├ível. [C:\Welber\2022\GitHubDesktop\corte_cor_ag\CorteCor.csproj]
C:\Welber\2022\GitHubDesktop\corte_cor_ag\Pages\FuncionarioServicoLista.cshtml.cs(28,23): warning CS8618: O propriedade n├úo anul├ível 'Mensagem' precisa conter um valor n├úo nulo ao sair do construtor. Considere declarar o propriedade como anul├ível. [C:\Welber\2022\GitHubDesktop\corte_cor_ag\CorteCor.csproj]
C:\Welber\2022\GitHubDesktop\corte_cor_ag\Pages\ModeloEmailLista.cshtml.cs(19,16): warning CS8618: O propriedade n├úo anul├ível 'Mensagem' precisa conter um valor n├úo nulo ao sair do construtor. Considere declarar o propriedade como anul├ível. [C:\Welber\2022\GitHubDesktop\corte_cor_ag\CorteCor.csproj]
C:\Welber\2022\GitHubDesktop\corte_cor_ag\Pages\MeioPagamentoLista.cshtml.cs(30,32): warning CS8604: Poss├¡vel argumento de refer├¬ncia nula para o par├ómetro 's' em 'int int.Parse(string s)'. [C:\Welber\2022\GitHubDesktop\corte_cor_ag\CorteCor.csproj]
C:\Welber\2022\GitHubDesktop\corte_cor_ag\Pages\MeioPagamentoLista.cshtml.cs(31,29): warning CS8600: Convers├úo de literal nula ou poss├¡vel valor nulo em tipo n├úo anul├ível. [C:\Welber\2022\GitHubDesktop\corte_cor_ag\CorteCor.csproj]
C:\Welber\2022\GitHubDesktop\corte_cor_ag\Pages\MeioPagamentoLista.cshtml.cs(16,23): warning CS8618: O propriedade n├úo anul├ível 'Mensagem' precisa conter um valor n├úo nulo ao sair do construtor. Considere declarar o propriedade como anul├ível. [C:\Welber\2022\GitHubDesktop\corte_cor_ag\CorteCor.csproj]
C:\Welber\2022\GitHubDesktop\corte_cor_ag\Pages\ModeloSMSCadastro.cshtml.cs(19,16): warning CS8618: O propriedade n├úo anul├ível 'Modelo' precisa conter um valor n├úo nulo ao sair do construtor. Considere declarar o propriedade como anul├ível. [C:\Welber\2022\GitHubDesktop\corte_cor_ag\CorteCor.csproj]
C:\Welber\2022\GitHubDesktop\corte_cor_ag\Pages\ModeloSMSCadastro.cshtml.cs(19,16): warning CS8618: O propriedade n├úo anul├ível 'Mensagem' precisa conter um valor n├úo nulo ao sair do construtor. Considere declarar o propriedade como anul├ível. [C:\Welber\2022\GitHubDesktop\corte_cor_ag\CorteCor.csproj]
C:\Welber\2022\GitHubDesktop\corte_cor_ag\Pages\ModeloSMSLista.cshtml.cs(21,16): warning CS8618: O propriedade n├úo anul├ível 'Mensagem' precisa conter um valor n├úo nulo ao sair do construtor. Considere declarar o propriedade como anul├ível. [C:\Welber\2022\GitHubDesktop\corte_cor_ag\CorteCor.csproj]
C:\Welber\2022\GitHubDesktop\corte_cor_ag\Pages\NotaFiscalLista.cshtml.cs(14,16): warning CS8618: O propriedade n├úo anul├ível 'Mensagem' precisa conter um valor n├úo nulo ao sair do construtor. Considere declarar o propriedade como anul├ível. [C:\Welber\2022\GitHubDesktop\corte_cor_ag\CorteCor.csproj]
C:\Welber\2022\GitHubDesktop\corte_cor_ag\Pages\NotaFiscalLista.cshtml.cs(14,16): warning CS8618: O propriedade n├úo anul├ível 'Erro' precisa conter um valor n├úo nulo ao sair do construtor. Considere declarar o propriedade como anul├ível. [C:\Welber\2022\GitHubDesktop\corte_cor_ag\CorteCor.csproj]
C:\Welber\2022\GitHubDesktop\corte_cor_ag\Pages\FuncionarioServicoCadastro.cshtml.cs(24,23): warning CS8618: O propriedade n├úo anul├ível 'Mensagem' precisa conter um valor n├úo nulo ao sair do construtor. Considere declarar o propriedade como anul├ível. [C:\Welber\2022\GitHubDesktop\corte_cor_ag\CorteCor.csproj]
C:\Welber\2022\GitHubDesktop\corte_cor_ag\Pages\Painel.cshtml.cs(13,40): warning CS8618: O propriedade n├úo anul├ível 'DocumentacaoChartData' precisa conter um valor n├úo nulo ao sair do construtor. Considere declarar o propriedade como anul├ível. [C:\Welber\2022\GitHubDesktop\corte_cor_ag\CorteCor.csproj]
C:\Welber\2022\GitHubDesktop\corte_cor_ag\Pages\Painel.cshtml.cs(14,40): warning CS8618: O propriedade n├úo anul├ível 'TipoImovelChartData' precisa conter um valor n├úo nulo ao sair do construtor. Considere declarar o propriedade como anul├ível. [C:\Welber\2022\GitHubDesktop\corte_cor_ag\CorteCor.csproj]
C:\Welber\2022\GitHubDesktop\corte_cor_ag\Pages\Painel.cshtml.cs(15,40): warning CS8618: O propriedade n├úo anul├ível 'TipoEdificacaoChartData' precisa conter um valor n├úo nulo ao sair do construtor. Considere declarar o propriedade como anul├ível. [C:\Welber\2022\GitHubDesktop\corte_cor_ag\CorteCor.csproj]
C:\Welber\2022\GitHubDesktop\corte_cor_ag\Pages\Painel.cshtml.cs(16,40): warning CS8618: O propriedade n├úo anul├ível 'AcabamentoChartData' precisa conter um valor n├úo nulo ao sair do construtor. Considere declarar o propriedade como anul├ível. [C:\Welber\2022\GitHubDesktop\corte_cor_ag\CorteCor.csproj]
C:\Welber\2022\GitHubDesktop\corte_cor_ag\Pages\Painel.cshtml.cs(17,40): warning CS8618: O propriedade n├úo anul├ível 'AguaPotavelChartData' precisa conter um valor n├úo nulo ao sair do construtor. Considere declarar o propriedade como anul├ível. [C:\Welber\2022\GitHubDesktop\corte_cor_ag\CorteCor.csproj]
C:\Welber\2022\GitHubDesktop\corte_cor_ag\Pages\Painel.cshtml.cs(18,40): warning CS8618: O propriedade n├úo anul├ível 'EsgotamentoSanitarioChartData' precisa conter um valor n├úo nulo ao sair do construtor. Considere declarar o propriedade como anul├ível. [C:\Welber\2022\GitHubDesktop\corte_cor_ag\CorteCor.csproj]
C:\Welber\2022\GitHubDesktop\corte_cor_ag\Pages\Painel.cshtml.cs(19,40): warning CS8618: O propriedade n├úo anul├ível 'EnergiaEletricaChartData' precisa conter um valor n├úo nulo ao sair do construtor. Considere declarar o propriedade como anul├ível. [C:\Welber\2022\GitHubDesktop\corte_cor_ag\CorteCor.csproj]
C:\Welber\2022\GitHubDesktop\corte_cor_ag\Pages\Painel.cshtml.cs(20,40): warning CS8618: O propriedade n├úo anul├ível 'DestinoLixoChartData' precisa conter um valor n├úo nulo ao sair do construtor. Considere declarar o propriedade como anul├ível. [C:\Welber\2022\GitHubDesktop\corte_cor_ag\CorteCor.csproj]
C:\Welber\2022\GitHubDesktop\corte_cor_ag\Pages\Painel.cshtml.cs(21,40): warning CS8618: O propriedade n├úo anul├ível 'CondicaoOcupacaoLoteChartData' precisa conter um valor n├úo nulo ao sair do construtor. Considere declarar o propriedade como anul├ível. [C:\Welber\2022\GitHubDesktop\corte_cor_ag\CorteCor.csproj]
C:\Welber\2022\GitHubDesktop\corte_cor_ag\Pages\Painel.cshtml.cs(22,40): warning CS8618: O propriedade n├úo anul├ível 'NumeroOcupacaoChartData' precisa conter um valor n├úo nulo ao sair do construtor. Considere declarar o propriedade como anul├ível. [C:\Welber\2022\GitHubDesktop\corte_cor_ag\CorteCor.csproj]
C:\Welber\2022\GitHubDesktop\corte_cor_ag\Pages\Painel.cshtml.cs(23,40): warning CS8618: O propriedade n├úo anul├ível 'PossuiOutroImovelChartData' precisa conter um valor n├úo nulo ao sair do construtor. Considere declarar o propriedade como anul├ível. [C:\Welber\2022\GitHubDesktop\corte_cor_ag\CorteCor.csproj]
C:\Welber\2022\GitHubDesktop\corte_cor_ag\Pages\Painel.cshtml.cs(24,40): warning CS8618: O propriedade n├úo anul├ível 'PossuiIPTUChartData' precisa conter um valor n├úo nulo ao sair do construtor. Considere declarar o propriedade como anul├ível. [C:\Welber\2022\GitHubDesktop\corte_cor_ag\CorteCor.csproj]
C:\Welber\2022\GitHubDesktop\corte_cor_ag\Pages\PessoaCadastro.cshtml.cs(46,49): warning CS8604: Poss├¡vel argumento de refer├¬ncia nula para o par├ómetro 's' em 'DateTime DateTime.Parse(string s)'. [C:\Welber\2022\GitHubDesktop\corte_cor_ag\CorteCor.csproj]
C:\Welber\2022\GitHubDesktop\corte_cor_ag\Pages\PessoaCadastro.cshtml.cs(51,24): warning CS8601: Poss├¡vel atribui├º├úo de refer├¬ncia nula. [C:\Welber\2022\GitHubDesktop\corte_cor_ag\CorteCor.csproj]
C:\Welber\2022\GitHubDesktop\corte_cor_ag\Pages\PessoaCadastro.cshtml.cs(52,28): warning CS8601: Poss├¡vel atribui├º├úo de refer├¬ncia nula. [C:\Welber\2022\GitHubDesktop\corte_cor_ag\CorteCor.csproj]
C:\Welber\2022\GitHubDesktop\corte_cor_ag\Pages\PessoaCadastro.cshtml.cs(53,25): warning CS8601: Poss├¡vel atribui├º├úo de refer├¬ncia nula. [C:\Welber\2022\GitHubDesktop\corte_cor_ag\CorteCor.csproj]
C:\Welber\2022\GitHubDesktop\corte_cor_ag\Pages\PessoaCadastro.cshtml.cs(12,23): warning CS8618: O propriedade n├úo anul├ível 'Pessoa' precisa conter um valor n├úo nulo ao sair do construtor. Considere declarar o propriedade como anul├ível. [C:\Welber\2022\GitHubDesktop\corte_cor_ag\CorteCor.csproj]
C:\Welber\2022\GitHubDesktop\corte_cor_ag\Pages\PessoaCadastro.cshtml.cs(14,23): warning CS8618: O propriedade n├úo anul├ível 'Mensagem' precisa conter um valor n├úo nulo ao sair do construtor. Considere declarar o propriedade como anul├ível. [C:\Welber\2022\GitHubDesktop\corte_cor_ag\CorteCor.csproj]
C:\Welber\2022\GitHubDesktop\corte_cor_ag\Pages\NotaFiscalLista.cshtml.cs(70,42): warning CS1998: Este m├®todo ass├¡ncrono n├úo possui operadores 'await' e ser├í executado de modo s├¡ncrono. ├ë recomend├ível o uso do operador 'await' para aguardar chamadas ├á API desbloqueadas ou do operador 'await Task.Run(...)' para realizar um trabalho associado ├á CPU em um thread em segundo plano. [C:\Welber\2022\GitHubDesktop\corte_cor_ag\CorteCor.csproj]
C:\Welber\2022\GitHubDesktop\corte_cor_ag\Pages\MeioPagamentoCadastro.cshtml.cs(72,47): warning CS8604: Poss├¡vel argumento de refer├¬ncia nula para o par├ómetro 's' em 'DateTime DateTime.Parse(string s)'. [C:\Welber\2022\GitHubDesktop\corte_cor_ag\CorteCor.csproj]
C:\Welber\2022\GitHubDesktop\corte_cor_ag\Pages\MeioPagamentoCadastro.cshtml.cs(77,73): warning CS8604: Poss├¡vel argumento de refer├¬ncia nula para o par├ómetro 'valor' em 'byte? MeioPagamentoCadastroModel.ParseByteNullable(string valor)'. [C:\Welber\2022\GitHubDesktop\corte_cor_ag\CorteCor.csproj]
C:\Welber\2022\GitHubDesktop\corte_cor_ag\Pages\MeioPagamentoCadastro.cshtml.cs(82,24): warning CS8601: Poss├¡vel atribui├º├úo de refer├¬ncia nula. [C:\Welber\2022\GitHubDesktop\corte_cor_ag\CorteCor.csproj]
C:\Welber\2022\GitHubDesktop\corte_cor_ag\Pages\MeioPagamentoCadastro.cshtml.cs(83,24): warning CS8601: Poss├¡vel atribui├º├úo de refer├¬ncia nula. [C:\Welber\2022\GitHubDesktop\corte_cor_ag\CorteCor.csproj]
C:\Welber\2022\GitHubDesktop\corte_cor_ag\Pages\MeioPagamentoCadastro.cshtml.cs(84,27): warning CS8601: Poss├¡vel atribui├º├úo de refer├¬ncia nula. [C:\Welber\2022\GitHubDesktop\corte_cor_ag\CorteCor.csproj]
C:\Welber\2022\GitHubDesktop\corte_cor_ag\Pages\MeioPagamentoCadastro.cshtml.cs(89,49): warning CS8604: Poss├¡vel argumento de refer├¬ncia nula para o par├ómetro 'valor' em 'decimal MeioPagamentoCadastroModel.ParseDecimalBR(string valor)'. [C:\Welber\2022\GitHubDesktop\corte_cor_ag\CorteCor.csproj]
C:\Welber\2022\GitHubDesktop\corte_cor_ag\Pages\MeioPagamentoCadastro.cshtml.cs(90,43): warning CS8604: Poss├¡vel argumento de refer├¬ncia nula para o par├ómetro 'valor' em 'decimal MeioPagamentoCadastroModel.ParseDecimalBR(string valor)'. [C:\Welber\2022\GitHubDesktop\corte_cor_ag\CorteCor.csproj]
C:\Welber\2022\GitHubDesktop\corte_cor_ag\Pages\MeioPagamentoCadastro.cshtml.cs(12,30): warning CS8618: O propriedade n├úo anul├ível 'MeioPagamento' precisa conter um valor n├úo nulo ao sair do construtor. Considere declarar o propriedade como anul├ível. [C:\Welber\2022\GitHubDesktop\corte_cor_ag\CorteCor.csproj]
C:\Welber\2022\GitHubDesktop\corte_cor_ag\Pages\MeioPagamentoCadastro.cshtml.cs(14,23): warning CS8618: O propriedade n├úo anul├ível 'Mensagem' precisa conter um valor n├úo nulo ao sair do construtor. Considere declarar o propriedade como anul├ível. [C:\Welber\2022\GitHubDesktop\corte_cor_ag\CorteCor.csproj]
C:\Welber\2022\GitHubDesktop\corte_cor_ag\Handlers\EntityHandler.cs(3358,48): warning CS8603: Poss├¡vel retorno de refer├¬ncia nula. [C:\Welber\2022\GitHubDesktop\corte_cor_ag\CorteCor.csproj]
C:\Welber\2022\GitHubDesktop\corte_cor_ag\Pages\SalaoCadastro.cshtml.cs(22,25): warning CS8601: Poss├¡vel atribui├º├úo de refer├¬ncia nula. [C:\Welber\2022\GitHubDesktop\corte_cor_ag\CorteCor.csproj]
C:\Welber\2022\GitHubDesktop\corte_cor_ag\Pages\SalaoCadastro.cshtml.cs(35,24): warning CS8601: Poss├¡vel atribui├º├úo de refer├¬ncia nula. [C:\Welber\2022\GitHubDesktop\corte_cor_ag\CorteCor.csproj]
C:\Welber\2022\GitHubDesktop\corte_cor_ag\Pages\SalaoCadastro.cshtml.cs(36,31): warning CS8601: Poss├¡vel atribui├º├úo de refer├¬ncia nula. [C:\Welber\2022\GitHubDesktop\corte_cor_ag\CorteCor.csproj]
C:\Welber\2022\GitHubDesktop\corte_cor_ag\Pages\SalaoCadastro.cshtml.cs(37,25): warning CS8601: Poss├¡vel atribui├º├úo de refer├¬ncia nula. [C:\Welber\2022\GitHubDesktop\corte_cor_ag\CorteCor.csproj]
C:\Welber\2022\GitHubDesktop\corte_cor_ag\Pages\SalaoCadastro.cshtml.cs(38,28): warning CS8601: Poss├¡vel atribui├º├úo de refer├¬ncia nula. [C:\Welber\2022\GitHubDesktop\corte_cor_ag\CorteCor.csproj]
C:\Welber\2022\GitHubDesktop\corte_cor_ag\Pages\SalaoCadastro.cshtml.cs(39,28): warning CS8601: Poss├¡vel atribui├º├úo de refer├¬ncia nula. [C:\Welber\2022\GitHubDesktop\corte_cor_ag\CorteCor.csproj]
C:\Welber\2022\GitHubDesktop\corte_cor_ag\Pages\SalaoCadastro.cshtml.cs(40,24): warning CS8601: Poss├¡vel atribui├º├úo de refer├¬ncia nula. [C:\Welber\2022\GitHubDesktop\corte_cor_ag\CorteCor.csproj]
C:\Welber\2022\GitHubDesktop\corte_cor_ag\Pages\SalaoCadastro.cshtml.cs(42,47): warning CS8604: Poss├¡vel argumento de refer├¬ncia nula para o par├ómetro 's' em 'DateTime DateTime.Parse(string s)'. [C:\Welber\2022\GitHubDesktop\corte_cor_ag\CorteCor.csproj]
C:\Welber\2022\GitHubDesktop\corte_cor_ag\Pages\SalaoCadastro.cshtml.cs(43,30): warning CS8601: Poss├¡vel atribui├º├úo de refer├¬ncia nula. [C:\Welber\2022\GitHubDesktop\corte_cor_ag\CorteCor.csproj]
C:\Welber\2022\GitHubDesktop\corte_cor_ag\Pages\SalaoCadastro.cshtml.cs(44,46): warning CS8604: Poss├¡vel argumento de refer├¬ncia nula para o par├ómetro 's' em 'int int.Parse(string s)'. [C:\Welber\2022\GitHubDesktop\corte_cor_ag\CorteCor.csproj]
C:\Welber\2022\GitHubDesktop\corte_cor_ag\Pages\SalaoCadastro.cshtml.cs(45,44): warning CS8604: Poss├¡vel argumento de refer├¬ncia nula para o par├ómetro 's' em 'int int.Parse(string s)'. [C:\Welber\2022\GitHubDesktop\corte_cor_ag\CorteCor.csproj]
C:\Welber\2022\GitHubDesktop\corte_cor_ag\Pages\SalaoCadastro.cshtml.cs(46,49): warning CS8604: Poss├¡vel argumento de refer├¬ncia nula para o par├ómetro 's' em 'int int.Parse(string s)'. [C:\Welber\2022\GitHubDesktop\corte_cor_ag\CorteCor.csproj]
C:\Welber\2022\GitHubDesktop\corte_cor_ag\Pages\SalaoConfigFiscal.cshtml.cs(15,16): warning CS8618: O propriedade n├úo anul├ível 'Configuracao' precisa conter um valor n├úo nulo ao sair do construtor. Considere declarar o propriedade como anul├ível. [C:\Welber\2022\GitHubDesktop\corte_cor_ag\CorteCor.csproj]
C:\Welber\2022\GitHubDesktop\corte_cor_ag\Pages\SalaoConfigFiscal.cshtml.cs(15,16): warning CS8618: O propriedade n├úo anul├ível 'Mensagem' precisa conter um valor n├úo nulo ao sair do construtor. Considere declarar o propriedade como anul├ível. [C:\Welber\2022\GitHubDesktop\corte_cor_ag\CorteCor.csproj]
C:\Welber\2022\GitHubDesktop\corte_cor_ag\Pages\SalaoConfigFiscal.cshtml.cs(15,16): warning CS8618: O propriedade n├úo anul├ível 'Erro' precisa conter um valor n├úo nulo ao sair do construtor. Considere declarar o propriedade como anul├ível. [C:\Welber\2022\GitHubDesktop\corte_cor_ag\CorteCor.csproj]
C:\Welber\2022\GitHubDesktop\corte_cor_ag\Pages\SalaoCadastro.cshtml.cs(13,22): warning CS8618: O propriedade n├úo anul├ível 'Salao' precisa conter um valor n├úo nulo ao sair do construtor. Considere declarar o propriedade como anul├ível. [C:\Welber\2022\GitHubDesktop\corte_cor_ag\CorteCor.csproj]
C:\Welber\2022\GitHubDesktop\corte_cor_ag\Pages\SalaoCadastro.cshtml.cs(15,23): warning CS8618: O propriedade n├úo anul├ível 'Mensagem' precisa conter um valor n├úo nulo ao sair do construtor. Considere declarar o propriedade como anul├ível. [C:\Welber\2022\GitHubDesktop\corte_cor_ag\CorteCor.csproj]
C:\Welber\2022\GitHubDesktop\corte_cor_ag\Handlers\EntityHandler.cs(3442,48): warning CS8600: Convers├úo de literal nula ou poss├¡vel valor nulo em tipo n├úo anul├ível. [C:\Welber\2022\GitHubDesktop\corte_cor_ag\CorteCor.csproj]
C:\Welber\2022\GitHubDesktop\corte_cor_ag\Pages\PagamentoLista.cshtml.cs(74,29): warning CS8600: Convers├úo de literal nula ou poss├¡vel valor nulo em tipo n├úo anul├ível. [C:\Welber\2022\GitHubDesktop\corte_cor_ag\CorteCor.csproj]
C:\Welber\2022\GitHubDesktop\corte_cor_ag\Pages\PagamentoLista.cshtml.cs(19,39): warning CS8618: O propriedade n├úo anul├ível 'Pagamentos' precisa conter um valor n├úo nulo ao sair do construtor. Considere declarar o propriedade como anul├ível. [C:\Welber\2022\GitHubDesktop\corte_cor_ag\CorteCor.csproj]
C:\Welber\2022\GitHubDesktop\corte_cor_ag\Pages\PagamentoLista.cshtml.cs(20,23): warning CS8618: O propriedade n├úo anul├ível 'Mensagem' precisa conter um valor n├úo nulo ao sair do construtor. Considere declarar o propriedade como anul├ível. [C:\Welber\2022\GitHubDesktop\corte_cor_ag\CorteCor.csproj]
C:\Welber\2022\GitHubDesktop\corte_cor_ag\Pages\SalaoLeitura.cshtml.cs(22,21): warning CS8601: Poss├¡vel atribui├º├úo de refer├¬ncia nula. [C:\Welber\2022\GitHubDesktop\corte_cor_ag\CorteCor.csproj]
C:\Welber\2022\GitHubDesktop\corte_cor_ag\Pages\SalaoLeitura.cshtml.cs(12,22): warning CS8618: O propriedade n├úo anul├ível 'Salao' precisa conter um valor n├úo nulo ao sair do construtor. Considere declarar o propriedade como anul├ível. [C:\Welber\2022\GitHubDesktop\corte_cor_ag\CorteCor.csproj]
C:\Welber\2022\GitHubDesktop\corte_cor_ag\Pages\SalaoLeitura.cshtml.cs(14,23): warning CS8618: O propriedade n├úo anul├ível 'Mensagem' precisa conter um valor n├úo nulo ao sair do construtor. Considere declarar o propriedade como anul├ível. [C:\Welber\2022\GitHubDesktop\corte_cor_ag\CorteCor.csproj]
C:\Welber\2022\GitHubDesktop\corte_cor_ag\Pages\PessoaLista.cshtml.cs(47,32): warning CS8604: Poss├¡vel argumento de refer├¬ncia nula para o par├ómetro 's' em 'int int.Parse(string s)'. [C:\Welber\2022\GitHubDesktop\corte_cor_ag\CorteCor.csproj]
C:\Welber\2022\GitHubDesktop\corte_cor_ag\Pages\PessoaLista.cshtml.cs(48,29): warning CS8600: Convers├úo de literal nula ou poss├¡vel valor nulo em tipo n├úo anul├ível. [C:\Welber\2022\GitHubDesktop\corte_cor_ag\CorteCor.csproj]
C:\Welber\2022\GitHubDesktop\corte_cor_ag\Pages\PessoaLista.cshtml.cs(17,23): warning CS8618: O propriedade n├úo anul├ível 'Mensagem' precisa conter um valor n├úo nulo ao sair do construtor. Considere declarar o propriedade como anul├ível. [C:\Welber\2022\GitHubDesktop\corte_cor_ag\CorteCor.csproj]
C:\Welber\2022\GitHubDesktop\corte_cor_ag\Pages\UsuarioAlterarSenha.cshtml.cs(22,16): warning CS8618: O propriedade n├úo anul├ível 'SenhaAtual' precisa conter um valor n├úo nulo ao sair do construtor. Considere declarar o propriedade como anul├ível. [C:\Welber\2022\GitHubDesktop\corte_cor_ag\CorteCor.csproj]
C:\Welber\2022\GitHubDesktop\corte_cor_ag\Pages\UsuarioAlterarSenha.cshtml.cs(22,16): warning CS8618: O propriedade n├úo anul├ível 'EmailUsuario' precisa conter um valor n├úo nulo ao sair do construtor. Considere declarar o propriedade como anul├ível. [C:\Welber\2022\GitHubDesktop\corte_cor_ag\CorteCor.csproj]
C:\Welber\2022\GitHubDesktop\corte_cor_ag\Pages\UsuarioAlterarSenha.cshtml.cs(22,16): warning CS8618: O propriedade n├úo anul├ível 'NovaSenha' precisa conter um valor n├úo nulo ao sair do construtor. Considere declarar o propriedade como anul├ível. [C:\Welber\2022\GitHubDesktop\corte_cor_ag\CorteCor.csproj]
C:\Welber\2022\GitHubDesktop\corte_cor_ag\Pages\UsuarioAlterarSenha.cshtml.cs(22,16): warning CS8618: O propriedade n├úo anul├ível 'ConfirmarSenha' precisa conter um valor n├úo nulo ao sair do construtor. Considere declarar o propriedade como anul├ível. [C:\Welber\2022\GitHubDesktop\corte_cor_ag\CorteCor.csproj]
C:\Welber\2022\GitHubDesktop\corte_cor_ag\Pages\UsuarioAlterarSenha.cshtml.cs(22,16): warning CS8618: O propriedade n├úo anul├ível 'NomeCurto' precisa conter um valor n├úo nulo ao sair do construtor. Considere declarar o propriedade como anul├ível. [C:\Welber\2022\GitHubDesktop\corte_cor_ag\CorteCor.csproj]
C:\Welber\2022\GitHubDesktop\corte_cor_ag\Pages\UsuarioAlterarSenha.cshtml.cs(42,28): warning CS8602: Desrefer├¬ncia de uma refer├¬ncia possivelmente nula. [C:\Welber\2022\GitHubDesktop\corte_cor_ag\CorteCor.csproj]
C:\Welber\2022\GitHubDesktop\corte_cor_ag\Pages\UsuarioAlterarSenha.cshtml.cs(42,28): warning CS8601: Poss├¡vel atribui├º├úo de refer├¬ncia nula. [C:\Welber\2022\GitHubDesktop\corte_cor_ag\CorteCor.csproj]
C:\Welber\2022\GitHubDesktop\corte_cor_ag\Pages\ServicoLista.cshtml.cs(31,32): warning CS8604: Poss├¡vel argumento de refer├¬ncia nula para o par├ómetro 's' em 'int int.Parse(string s)'. [C:\Welber\2022\GitHubDesktop\corte_cor_ag\CorteCor.csproj]
C:\Welber\2022\GitHubDesktop\corte_cor_ag\Pages\ServicoLista.cshtml.cs(32,29): warning CS8600: Convers├úo de literal nula ou poss├¡vel valor nulo em tipo n├úo anul├ível. [C:\Welber\2022\GitHubDesktop\corte_cor_ag\CorteCor.csproj]
C:\Welber\2022\GitHubDesktop\corte_cor_ag\Pages\ServicoCadastro.cshtml.cs(68,42): warning CS8604: Poss├¡vel argumento de refer├¬ncia nula para o par├ómetro 'valor' em 'decimal ServicoCadastroModel.ParsePrecoBR(string valor)'. [C:\Welber\2022\GitHubDesktop\corte_cor_ag\CorteCor.csproj]
C:\Welber\2022\GitHubDesktop\corte_cor_ag\Pages\ServicoCadastro.cshtml.cs(70,45): warning CS8604: Poss├¡vel argumento de refer├¬ncia nula para o par├ómetro 'valor' em 'TimeSpan ServicoCadastroModel.ParseDuracao(string valor)'. [C:\Welber\2022\GitHubDesktop\corte_cor_ag\CorteCor.csproj]
C:\Welber\2022\GitHubDesktop\corte_cor_ag\Pages\ServicoCadastro.cshtml.cs(75,44): warning CS8604: Poss├¡vel argumento de refer├¬ncia nula para o par├ómetro 'valor' em 'decimal ServicoCadastroModel.ParsePrecoBR(string valor)'. [C:\Welber\2022\GitHubDesktop\corte_cor_ag\CorteCor.csproj]
C:\Welber\2022\GitHubDesktop\corte_cor_ag\Pages\ServicoCadastro.cshtml.cs(81,24): warning CS8601: Poss├¡vel atribui├º├úo de refer├¬ncia nula. [C:\Welber\2022\GitHubDesktop\corte_cor_ag\CorteCor.csproj]
C:\Welber\2022\GitHubDesktop\corte_cor_ag\Pages\ServicoLista.cshtml.cs(16,23): warning CS8618: O propriedade n├úo anul├ível 'Mensagem' precisa conter um valor n├úo nulo ao sair do construtor. Considere declarar o propriedade como anul├ível. [C:\Welber\2022\GitHubDesktop\corte_cor_ag\CorteCor.csproj]
C:\Welber\2022\GitHubDesktop\corte_cor_ag\Pages\ServicoCadastro.cshtml.cs(12,24): warning CS8618: O propriedade n├úo anul├ível 'Servico' precisa conter um valor n├úo nulo ao sair do construtor. Considere declarar o propriedade como anul├ível. [C:\Welber\2022\GitHubDesktop\corte_cor_ag\CorteCor.csproj]
C:\Welber\2022\GitHubDesktop\corte_cor_ag\Pages\ServicoCadastro.cshtml.cs(14,23): warning CS8618: O propriedade n├úo anul├ível 'Mensagem' precisa conter um valor n├úo nulo ao sair do construtor. Considere declarar o propriedade como anul├ível. [C:\Welber\2022\GitHubDesktop\corte_cor_ag\CorteCor.csproj]
C:\Welber\2022\GitHubDesktop\corte_cor_ag\Pages\PagamentoCadastro.cshtml.cs(97,44): warning CS8604: Poss├¡vel argumento de refer├¬ncia nula para o par├ómetro 'valor' em 'decimal PagamentoCadastroModel.ParseDecimalBR(string valor)'. [C:\Welber\2022\GitHubDesktop\corte_cor_ag\CorteCor.csproj]
C:\Welber\2022\GitHubDesktop\corte_cor_ag\Pages\PagamentoCadastro.cshtml.cs(98,48): warning CS8604: Poss├¡vel argumento de refer├¬ncia nula para o par├ómetro 'valor' em 'DateTime PagamentoCadastroModel.ParseDateTimeLocal(string valor)'. [C:\Welber\2022\GitHubDesktop\corte_cor_ag\CorteCor.csproj]
C:\Welber\2022\GitHubDesktop\corte_cor_ag\Pages\PagamentoCadastro.cshtml.cs(99,106): warning CS8604: Poss├¡vel argumento de refer├¬ncia nula para o par├ómetro 's' em 'DateTime DateTime.Parse(string s)'. [C:\Welber\2022\GitHubDesktop\corte_cor_ag\CorteCor.csproj]
C:\Welber\2022\GitHubDesktop\corte_cor_ag\Pages\PagamentoCadastro.cshtml.cs(13,26): warning CS8618: O propriedade n├úo anul├ível 'Pagamento' precisa conter um valor n├úo nulo ao sair do construtor. Considere declarar o propriedade como anul├ível. [C:\Welber\2022\GitHubDesktop\corte_cor_ag\CorteCor.csproj]
C:\Welber\2022\GitHubDesktop\corte_cor_ag\Pages\PagamentoCadastro.cshtml.cs(15,23): warning CS8618: O propriedade n├úo anul├ível 'Mensagem' precisa conter um valor n├úo nulo ao sair do construtor. Considere declarar o propriedade como anul├ível. [C:\Welber\2022\GitHubDesktop\corte_cor_ag\CorteCor.csproj]
C:\Welber\2022\GitHubDesktop\corte_cor_ag\Pages\UsuarioCadastro.cshtml.cs(34,27): warning CS8601: Poss├¡vel atribui├º├úo de refer├¬ncia nula. [C:\Welber\2022\GitHubDesktop\corte_cor_ag\CorteCor.csproj]
C:\Welber\2022\GitHubDesktop\corte_cor_ag\Pages\UsuarioDashboard.cshtml.cs(47,16): warning CS8618: O propriedade n├úo anul├ível 'ErrorMessage' precisa conter um valor n├úo nulo ao sair do construtor. Considere declarar o propriedade como anul├ível. [C:\Welber\2022\GitHubDesktop\corte_cor_ag\CorteCor.csproj]
C:\Welber\2022\GitHubDesktop\corte_cor_ag\Pages\UsuarioDashboard.cshtml.cs(47,16): warning CS8618: O propriedade n├úo anul├ível 'NomeUsuario' precisa conter um valor n├úo nulo ao sair do construtor. Considere declarar o propriedade como anul├ível. [C:\Welber\2022\GitHubDesktop\corte_cor_ag\CorteCor.csproj]
C:\Welber\2022\GitHubDesktop\corte_cor_ag\Pages\UsuarioDashboard.cshtml.cs(47,16): warning CS8618: O propriedade n├úo anul├ível 'NomeSalao' precisa conter um valor n├úo nulo ao sair do construtor. Considere declarar o propriedade como anul├ível. [C:\Welber\2022\GitHubDesktop\corte_cor_ag\CorteCor.csproj]
C:\Welber\2022\GitHubDesktop\corte_cor_ag\Pages\UsuarioDashboard.cshtml.cs(47,16): warning CS8618: O propriedade n├úo anul├ível 'DocumentacaoChartData' precisa conter um valor n├úo nulo ao sair do construtor. Considere declarar o propriedade como anul├ível. [C:\Welber\2022\GitHubDesktop\corte_cor_ag\CorteCor.csproj]
C:\Welber\2022\GitHubDesktop\corte_cor_ag\Pages\UsuarioDashboard.cshtml.cs(47,16): warning CS8618: O propriedade n├úo anul├ível 'TipoImovelChartData' precisa conter um valor n├úo nulo ao sair do construtor. Considere declarar o propriedade como anul├ível. [C:\Welber\2022\GitHubDesktop\corte_cor_ag\CorteCor.csproj]
C:\Welber\2022\GitHubDesktop\corte_cor_ag\Pages\UsuarioDashboard.cshtml.cs(47,16): warning CS8618: O propriedade n├úo anul├ível 'TipoEdificacaoChartData' precisa conter um valor n├úo nulo ao sair do construtor. Considere declarar o propriedade como anul├ível. [C:\Welber\2022\GitHubDesktop\corte_cor_ag\CorteCor.csproj]
C:\Welber\2022\GitHubDesktop\corte_cor_ag\Pages\UsuarioDashboard.cshtml.cs(47,16): warning CS8618: O propriedade n├úo anul├ível 'AcabamentoChartData' precisa conter um valor n├úo nulo ao sair do construtor. Considere declarar o propriedade como anul├ível. [C:\Welber\2022\GitHubDesktop\corte_cor_ag\CorteCor.csproj]
C:\Welber\2022\GitHubDesktop\corte_cor_ag\Pages\UsuarioDashboard.cshtml.cs(47,16): warning CS8618: O propriedade n├úo anul├ível 'AguaPotavelChartData' precisa conter um valor n├úo nulo ao sair do construtor. Considere declarar o propriedade como anul├ível. [C:\Welber\2022\GitHubDesktop\corte_cor_ag\CorteCor.csproj]
C:\Welber\2022\GitHubDesktop\corte_cor_ag\Pages\UsuarioDashboard.cshtml.cs(47,16): warning CS8618: O propriedade n├úo anul├ível 'EsgotamentoSanitarioChartData' precisa conter um valor n├úo nulo ao sair do construtor. Considere declarar o propriedade como anul├ível. [C:\Welber\2022\GitHubDesktop\corte_cor_ag\CorteCor.csproj]
C:\Welber\2022\GitHubDesktop\corte_cor_ag\Pages\UsuarioDashboard.cshtml.cs(47,16): warning CS8618: O propriedade n├úo anul├ível 'EnergiaEletricaChartData' precisa conter um valor n├úo nulo ao sair do construtor. Considere declarar o propriedade como anul├ível. [C:\Welber\2022\GitHubDesktop\corte_cor_ag\CorteCor.csproj]
C:\Welber\2022\GitHubDesktop\corte_cor_ag\Pages\UsuarioDashboard.cshtml.cs(47,16): warning CS8618: O propriedade n├úo anul├ível 'DestinoLixoChartData' precisa conter um valor n├úo nulo ao sair do construtor. Considere declarar o propriedade como anul├ível. [C:\Welber\2022\GitHubDesktop\corte_cor_ag\CorteCor.csproj]
C:\Welber\2022\GitHubDesktop\corte_cor_ag\Pages\UsuarioDashboard.cshtml.cs(47,16): warning CS8618: O propriedade n├úo anul├ível 'CondicaoOcupacaoLoteChartData' precisa conter um valor n├úo nulo ao sair do construtor. Considere declarar o propriedade como anul├ível. [C:\Welber\2022\GitHubDesktop\corte_cor_ag\CorteCor.csproj]
C:\Welber\2022\GitHubDesktop\corte_cor_ag\Pages\UsuarioDashboard.cshtml.cs(47,16): warning CS8618: O propriedade n├úo anul├ível 'NumeroOcupacaoChartData' precisa conter um valor n├úo nulo ao sair do construtor. Considere declarar o propriedade como anul├ível. [C:\Welber\2022\GitHubDesktop\corte_cor_ag\CorteCor.csproj]
C:\Welber\2022\GitHubDesktop\corte_cor_ag\Pages\UsuarioDashboard.cshtml.cs(47,16): warning CS8618: O propriedade n├úo anul├ível 'PossuiOutroImovelChartData' precisa conter um valor n├úo nulo ao sair do construtor. Considere declarar o propriedade como anul├ível. [C:\Welber\2022\GitHubDesktop\corte_cor_ag\CorteCor.csproj]
C:\Welber\2022\GitHubDesktop\corte_cor_ag\Pages\UsuarioDashboard.cshtml.cs(47,16): warning CS8618: O propriedade n├úo anul├ível 'PossuiIPTUChartData' precisa conter um valor n├úo nulo ao sair do construtor. Considere declarar o propriedade como anul├ível. [C:\Welber\2022\GitHubDesktop\corte_cor_ag\CorteCor.csproj]
C:\Welber\2022\GitHubDesktop\corte_cor_ag\Pages\UsuarioAlterarSenha.cshtml.cs(49,35): warning CS8602: Desrefer├¬ncia de uma refer├¬ncia possivelmente nula. [C:\Welber\2022\GitHubDesktop\corte_cor_ag\CorteCor.csproj]
C:\Welber\2022\GitHubDesktop\corte_cor_ag\Pages\UsuarioAlterarSenha.cshtml.cs(49,35): warning CS8600: Convers├úo de literal nula ou poss├¡vel valor nulo em tipo n├úo anul├ível. [C:\Welber\2022\GitHubDesktop\corte_cor_ag\CorteCor.csproj]
C:\Welber\2022\GitHubDesktop\corte_cor_ag\Pages\UsuarioAlterarSenha.cshtml.cs(50,28): warning CS8601: Poss├¡vel atribui├º├úo de refer├¬ncia nula. [C:\Welber\2022\GitHubDesktop\corte_cor_ag\CorteCor.csproj]
C:\Welber\2022\GitHubDesktop\corte_cor_ag\Pages\UsuarioAlterarSenha.cshtml.cs(65,52): warning CS8604: Poss├¡vel argumento de refer├¬ncia nula para o par├ómetro 'value' em 'void DbExtensions.AddWithValue(IDbCommand command, string parameterName, object value)'. [C:\Welber\2022\GitHubDesktop\corte_cor_ag\CorteCor.csproj]
C:\Welber\2022\GitHubDesktop\corte_cor_ag\Pages\UsuarioAlterarSenha.cshtml.cs(66,43): warning CS8600: Convers├úo de literal nula ou poss├¡vel valor nulo em tipo n├úo anul├ível. [C:\Welber\2022\GitHubDesktop\corte_cor_ag\CorteCor.csproj]
C:\Welber\2022\GitHubDesktop\corte_cor_ag\Pages\UsuarioDashboard.cshtml.cs(54,35): warning CS8602: Desrefer├¬ncia de uma refer├¬ncia possivelmente nula. [C:\Welber\2022\GitHubDesktop\corte_cor_ag\CorteCor.csproj]
C:\Welber\2022\GitHubDesktop\corte_cor_ag\Pages\UsuarioDashboard.cshtml.cs(54,35): warning CS8600: Convers├úo de literal nula ou poss├¡vel valor nulo em tipo n├úo anul├ível. [C:\Welber\2022\GitHubDesktop\corte_cor_ag\CorteCor.csproj]
C:\Welber\2022\GitHubDesktop\corte_cor_ag\Pages\UsuarioDashboard.cshtml.cs(62,48): warning CS8604: Poss├¡vel argumento de refer├¬ncia nula para o par├ómetro 'value' em 'void DbExtensions.AddWithValue(IDbCommand command, string parameterName, object value)'. [C:\Welber\2022\GitHubDesktop\corte_cor_ag\CorteCor.csproj]
C:\Welber\2022\GitHubDesktop\corte_cor_ag\Pages\UsuarioCadastro.cshtml.cs(54,24): warning CS8601: Poss├¡vel atribui├º├úo de refer├¬ncia nula. [C:\Welber\2022\GitHubDesktop\corte_cor_ag\CorteCor.csproj]
C:\Welber\2022\GitHubDesktop\corte_cor_ag\Pages\UsuarioCadastro.cshtml.cs(55,28): warning CS8601: Poss├¡vel atribui├º├úo de refer├¬ncia nula. [C:\Welber\2022\GitHubDesktop\corte_cor_ag\CorteCor.csproj]
C:\Welber\2022\GitHubDesktop\corte_cor_ag\Pages\UsuarioCadastro.cshtml.cs(56,22): warning CS8601: Poss├¡vel atribui├º├úo de refer├¬ncia nula. [C:\Welber\2022\GitHubDesktop\corte_cor_ag\CorteCor.csproj]
C:\Welber\2022\GitHubDesktop\corte_cor_ag\Pages\UsuarioCadastro.cshtml.cs(57,25): warning CS8601: Poss├¡vel atribui├º├úo de refer├¬ncia nula. [C:\Welber\2022\GitHubDesktop\corte_cor_ag\CorteCor.csproj]
C:\Welber\2022\GitHubDesktop\corte_cor_ag\Pages\UsuarioCadastro.cshtml.cs(58,28): warning CS8601: Poss├¡vel atribui├º├úo de refer├¬ncia nula. [C:\Welber\2022\GitHubDesktop\corte_cor_ag\CorteCor.csproj]
C:\Welber\2022\GitHubDesktop\corte_cor_ag\Pages\UsuarioCadastro.cshtml.cs(59,46): warning CS8604: Poss├¡vel argumento de refer├¬ncia nula para o par├ómetro 's' em 'DateTime DateTime.Parse(string s)'. [C:\Welber\2022\GitHubDesktop\corte_cor_ag\CorteCor.csproj]
C:\Welber\2022\GitHubDesktop\corte_cor_ag\Pages\UsuarioCadastro.cshtml.cs(78,52): warning CS8604: Poss├¡vel argumento de refer├¬ncia nula para o par├ómetro 'value' em 'void DbExtensions.AddWithValue(IDbCommand command, string parameterName, object value)'. [C:\Welber\2022\GitHubDesktop\corte_cor_ag\CorteCor.csproj]
C:\Welber\2022\GitHubDesktop\corte_cor_ag\Pages\UsuarioCadastro.cshtml.cs(79,35): warning CS8605: Executando a convers├úo unboxing de um valor possivelmente nulo. [C:\Welber\2022\GitHubDesktop\corte_cor_ag\CorteCor.csproj]
C:\Welber\2022\GitHubDesktop\corte_cor_ag\Pages\UsuarioLista.cshtml.cs(47,32): warning CS8604: Poss├¡vel argumento de refer├¬ncia nula para o par├ómetro 's' em 'int int.Parse(string s)'. [C:\Welber\2022\GitHubDesktop\corte_cor_ag\CorteCor.csproj]
C:\Welber\2022\GitHubDesktop\corte_cor_ag\Pages\UsuarioLista.cshtml.cs(14,23): warning CS8618: O propriedade n├úo anul├ível 'Mensagem' precisa conter um valor n├úo nulo ao sair do construtor. Considere declarar o propriedade como anul├ível. [C:\Welber\2022\GitHubDesktop\corte_cor_ag\CorteCor.csproj]
C:\Welber\2022\GitHubDesktop\corte_cor_ag\Pages\UsuarioLista.cshtml.cs(17,23): warning CS8618: O propriedade n├úo anul├ível 'NomeClientes' precisa conter um valor n├úo nulo ao sair do construtor. Considere declarar o propriedade como anul├ível. [C:\Welber\2022\GitHubDesktop\corte_cor_ag\CorteCor.csproj]
C:\Welber\2022\GitHubDesktop\corte_cor_ag\Pages\UsuarioLista.cshtml.cs(18,23): warning CS8618: O propriedade n├úo anul├ível 'NomeCliente' precisa conter um valor n├úo nulo ao sair do construtor. Considere declarar o propriedade como anul├ível. [C:\Welber\2022\GitHubDesktop\corte_cor_ag\CorteCor.csproj]
C:\Welber\2022\GitHubDesktop\corte_cor_ag\Pages\UsuarioCadastro.cshtml.cs(98,28): warning CS8600: Convers├úo de literal nula ou poss├¡vel valor nulo em tipo n├úo anul├ível. [C:\Welber\2022\GitHubDesktop\corte_cor_ag\CorteCor.csproj]
C:\Welber\2022\GitHubDesktop\corte_cor_ag\Pages\UsuarioCadastro.cshtml.cs(120,38): warning CS8604: Poss├¡vel argumento de refer├¬ncia nula para o par├ómetro 'email' em 'void LoginManager.EnviarEmail(string email, string from, string subject, string body)'. [C:\Welber\2022\GitHubDesktop\corte_cor_ag\CorteCor.csproj]
C:\Welber\2022\GitHubDesktop\corte_cor_ag\Pages\UsuarioCadastro.cshtml.cs(16,24): warning CS8618: O propriedade n├úo anul├ível 'Usuario' precisa conter um valor n├úo nulo ao sair do construtor. Considere declarar o propriedade como anul├ível. [C:\Welber\2022\GitHubDesktop\corte_cor_ag\CorteCor.csproj]
C:\Welber\2022\GitHubDesktop\corte_cor_ag\Pages\UsuarioCadastro.cshtml.cs(19,23): warning CS8618: O propriedade n├úo anul├ível 'Mensagem' precisa conter um valor n├úo nulo ao sair do construtor. Considere declarar o propriedade como anul├ível. [C:\Welber\2022\GitHubDesktop\corte_cor_ag\CorteCor.csproj]
C:\Welber\2022\GitHubDesktop\corte_cor_ag\Pages\UsuarioCadastro.cshtml.cs(20,23): warning CS8618: O propriedade n├úo anul├ível 'NomeClientes' precisa conter um valor n├úo nulo ao sair do construtor. Considere declarar o propriedade como anul├ível. [C:\Welber\2022\GitHubDesktop\corte_cor_ag\CorteCor.csproj]
C:\Welber\2022\GitHubDesktop\corte_cor_ag\Pages\UsuarioCadastro.cshtml.cs(21,23): warning CS8618: O propriedade n├úo anul├ível 'NomeCliente' precisa conter um valor n├úo nulo ao sair do construtor. Considere declarar o propriedade como anul├ível. [C:\Welber\2022\GitHubDesktop\corte_cor_ag\CorteCor.csproj]
C:\Welber\2022\GitHubDesktop\corte_cor_ag\Pages\UsuarioCadastro.cshtml.cs(22,23): warning CS8618: O propriedade n├úo anul├ível 'NomeCurto' precisa conter um valor n├úo nulo ao sair do construtor. Considere declarar o propriedade como anul├ível. [C:\Welber\2022\GitHubDesktop\corte_cor_ag\CorteCor.csproj]
C:\Welber\2022\GitHubDesktop\corte_cor_ag\Pages\SalaoLista.cshtml.cs(37,32): warning CS8604: Poss├¡vel argumento de refer├¬ncia nula para o par├ómetro 's' em 'int int.Parse(string s)'. [C:\Welber\2022\GitHubDesktop\corte_cor_ag\CorteCor.csproj]
C:\Welber\2022\GitHubDesktop\corte_cor_ag\Pages\SalaoLista.cshtml.cs(38,29): warning CS8600: Convers├úo de literal nula ou poss├¡vel valor nulo em tipo n├úo anul├ível. [C:\Welber\2022\GitHubDesktop\corte_cor_ag\CorteCor.csproj]
C:\Welber\2022\GitHubDesktop\corte_cor_ag\Pages\SalaoLista.cshtml.cs(17,23): warning CS8618: O propriedade n├úo anul├ível 'Mensagem' precisa conter um valor n├úo nulo ao sair do construtor. Considere declarar o propriedade como anul├ível. [C:\Welber\2022\GitHubDesktop\corte_cor_ag\CorteCor.csproj]
C:\Welber\2022\GitHubDesktop\corte_cor_ag\Pages\Relatorios\LogEmail.cshtml.cs(20,16): warning CS8618: O propriedade n├úo anul├ível 'Destinatario' precisa conter um valor n├úo nulo ao sair do construtor. Considere declarar o propriedade como anul├ível. [C:\Welber\2022\GitHubDesktop\corte_cor_ag\CorteCor.csproj]
C:\Welber\2022\GitHubDesktop\corte_cor_ag\Pages\Relatorios\LogEmail.cshtml.cs(20,16): warning CS8618: O propriedade n├úo anul├ível 'Assunto' precisa conter um valor n├úo nulo ao sair do construtor. Considere declarar o propriedade como anul├ível. [C:\Welber\2022\GitHubDesktop\corte_cor_ag\CorteCor.csproj]
C:\Welber\2022\GitHubDesktop\corte_cor_ag\Pages\Relatorios\LogEmail.cshtml.cs(20,16): warning CS8618: O propriedade n├úo anul├ível 'Status' precisa conter um valor n├úo nulo ao sair do construtor. Considere declarar o propriedade como anul├ível. [C:\Welber\2022\GitHubDesktop\corte_cor_ag\CorteCor.csproj]
C:\Welber\2022\GitHubDesktop\corte_cor_ag\Pages\Relatorios\LogEmail.cshtml.cs(20,16): warning CS8618: O propriedade n├úo anul├ível 'TipoLembrete' precisa conter um valor n├úo nulo ao sair do construtor. Considere declarar o propriedade como anul├ível. [C:\Welber\2022\GitHubDesktop\corte_cor_ag\CorteCor.csproj]
C:\Welber\2022\GitHubDesktop\corte_cor_ag\Pages\PessoaExcluidos.cshtml.cs(81,32): warning CS8604: Poss├¡vel argumento de refer├¬ncia nula para o par├ómetro 's' em 'int int.Parse(string s)'. [C:\Welber\2022\GitHubDesktop\corte_cor_ag\CorteCor.csproj]
C:\Welber\2022\GitHubDesktop\corte_cor_ag\Pages\PessoaExcluidos.cshtml.cs(82,29): warning CS8600: Convers├úo de literal nula ou poss├¡vel valor nulo em tipo n├úo anul├ível. [C:\Welber\2022\GitHubDesktop\corte_cor_ag\CorteCor.csproj]
C:\Welber\2022\GitHubDesktop\corte_cor_ag\Pages\PessoaExcluidos.cshtml.cs(16,23): warning CS8618: O propriedade n├úo anul├ível 'Mensagem' precisa conter um valor n├úo nulo ao sair do construtor. Considere declarar o propriedade como anul├ível. [C:\Welber\2022\GitHubDesktop\corte_cor_ag\CorteCor.csproj]
C:\Welber\2022\GitHubDesktop\corte_cor_ag\Pages\Webhooks\MercadoPago.cshtml.cs(61,37): warning CS8600: Convers├úo de literal nula ou poss├¡vel valor nulo em tipo n├úo anul├ível. [C:\Welber\2022\GitHubDesktop\corte_cor_ag\CorteCor.csproj]
C:\Welber\2022\GitHubDesktop\corte_cor_ag\Pages\Webhooks\MercadoPago.cshtml.cs(75,43): warning CS8600: Convers├úo de literal nula ou poss├¡vel valor nulo em tipo n├úo anul├ível. [C:\Welber\2022\GitHubDesktop\corte_cor_ag\CorteCor.csproj]
C:\Welber\2022\GitHubDesktop\corte_cor_ag\Pages\NotaFiscalLogLista.cshtml(48,130): warning CS8602: Desrefer├¬ncia de uma refer├¬ncia possivelmente nula. [C:\Welber\2022\GitHubDesktop\corte_cor_ag\CorteCor.csproj]
C:\Welber\2022\GitHubDesktop\corte_cor_ag\TestUnimake2.cs(13,16): error CS0117: "PedRegEvento" n├úo cont├®m uma defini├º├úo para "InfPedRegEvento" [C:\Welber\2022\GitHubDesktop\corte_cor_ag\CorteCor.csproj]
C:\Welber\2022\GitHubDesktop\corte_cor_ag\TestUnimake2.cs(16,20): error CS0117: "InfPedReg" n├úo cont├®m uma defini├º├úo para "DetEvento" [C:\Welber\2022\GitHubDesktop\corte_cor_ag\CorteCor.csproj]
C:\Welber\2022\GitHubDesktop\corte_cor_ag\TestUnimake2.cs(18,25): error CS0117: "E101101" n├úo cont├®m uma defini├º├úo para "CJustMotiCanc" [C:\Welber\2022\GitHubDesktop\corte_cor_ag\CorteCor.csproj]
C:\Welber\2022\GitHubDesktop\corte_cor_ag\TestUnimake2.cs(23,43): error CS1503: Argumento 1: n├úo ├® poss├¡vel converter de "Unimake.Business.DFe.Xml.NFSe.NACIONAL.PedRegEvento" para "string" [C:\Welber\2022\GitHubDesktop\corte_cor_ag\CorteCor.csproj]
C:\Welber\2022\GitHubDesktop\corte_cor_ag\TestUnimake2.cs(27,18): error CS0117: "NFSe" n├úo cont├®m uma defini├º├úo para "ConsNFSe" [C:\Welber\2022\GitHubDesktop\corte_cor_ag\CorteCor.csproj]
C:\Welber\2022\GitHubDesktop\corte_cor_ag\TestUnimake2.cs(29,23): error CS0117: "InfNFSe" n├úo cont├®m uma defini├º├úo para "ChNFSe" [C:\Welber\2022\GitHubDesktop\corte_cor_ag\CorteCor.csproj]
C:\Welber\2022\GitHubDesktop\corte_cor_ag\TestUnimake2.cs(33,45): error CS1503: Argumento 1: n├úo ├® poss├¡vel converter de "Unimake.Business.DFe.Xml.NFSe.NACIONAL.Consulta.NFSe" para "System.Xml.XmlDocument" [C:\Welber\2022\GitHubDesktop\corte_cor_ag\CorteCor.csproj]
C:\Welber\2022\GitHubDesktop\corte_cor_ag\Services\NFSeVerificadorRetornoJob.cs(75,80): error CS0234: O nome de tipo ou namespace "PedSitNFSe" n├úo existe no namespace "Unimake.Business.DFe.Xml.NFSe.NACIONAL" (voc├¬ est├í sem uma refer├¬ncia de assembly?) [C:\Welber\2022\GitHubDesktop\corte_cor_ag\CorteCor.csproj]
C:\Welber\2022\GitHubDesktop\corte_cor_ag\Services\NFSeVerificadorRetornoJob.cs(78,84): error CS0234: O nome de tipo ou namespace "InfPedSitNFSe" n├úo existe no namespace "Unimake.Business.DFe.Xml.NFSe.NACIONAL" (voc├¬ est├í sem uma refer├¬ncia de assembly?) [C:\Welber\2022\GitHubDesktop\corte_cor_ag\CorteCor.csproj]
C:\Welber\2022\GitHubDesktop\corte_cor_ag\Services\NFSeVerificadorRetornoJob.cs(91,40): error CS0104: "Servico" ├® uma refer├¬ncia amb├¡gua entre "CorteCor.Models.Servico" e "Unimake.Business.DFe.Servicos.Servico" [C:\Welber\2022\GitHubDesktop\corte_cor_ag\CorteCor.csproj]
C:\Welber\2022\GitHubDesktop\corte_cor_ag\Services\FiscalActionService.cs(49,21): error CS0117: "PedRegEvento" n├úo cont├®m uma defini├º├úo para "InfPedRegEvento" [C:\Welber\2022\GitHubDesktop\corte_cor_ag\CorteCor.csproj]
C:\Welber\2022\GitHubDesktop\corte_cor_ag\Services\FiscalActionService.cs(49,82): error CS0234: O nome de tipo ou namespace "InfPedRegEvento" n├úo existe no namespace "Unimake.Business.DFe.Xml.NFSe.NACIONAL" (voc├¬ est├í sem uma refer├¬ncia de assembly?) [C:\Welber\2022\GitHubDesktop\corte_cor_ag\CorteCor.csproj]
C:\Welber\2022\GitHubDesktop\corte_cor_ag\Services\FiscalActionService.cs(58,80): error CS0234: O nome de tipo ou namespace "DetEvento" n├úo existe no namespace "Unimake.Business.DFe.Xml.NFSe.NACIONAL" (voc├¬ est├í sem uma refer├¬ncia de assembly?) [C:\Welber\2022\GitHubDesktop\corte_cor_ag\CorteCor.csproj]
C:\Welber\2022\GitHubDesktop\corte_cor_ag\Services\FiscalActionService.cs(60,87): error CS0234: O nome de tipo ou namespace "Cancelamento" n├úo existe no namespace "Unimake.Business.DFe.Xml.NFSe.NACIONAL" (voc├¬ est├í sem uma refer├¬ncia de assembly?) [C:\Welber\2022\GitHubDesktop\corte_cor_ag\CorteCor.csproj]
C:\Welber\2022\GitHubDesktop\corte_cor_ag\Services\FiscalActionService.cs(77,69): error CS0117: "Servico" n├úo cont├®m uma defini├º├úo para "NFSeRecepcaoEvento" [C:\Welber\2022\GitHubDesktop\corte_cor_ag\CorteCor.csproj]
C:\Welber\2022\GitHubDesktop\corte_cor_ag\Services\FiscalActionService.cs(80,77): error CS0234: O nome de tipo ou namespace "RecepcaoEvento" n├úo existe no namespace "Unimake.Business.DFe.Servicos.NFSe" (voc├¬ est├í sem uma refer├¬ncia de assembly?) [C:\Welber\2022\GitHubDesktop\corte_cor_ag\CorteCor.csproj]
    573 Aviso(s)
    16 Erro(s)

Tempo Decorrido 00:00:04.63
