  Determinando os projetos a serem restaurados...
  Todos os projetos estão atualizados para restauração.
C:\Welber\Github\corte_cor_ag.git\DatabaseHandler.cs(49,51): warning CS0618: "SqlParameter" é obsoleto: "Use the Microsoft.Data.SqlClient package instead." [C:\Welber\Github\corte_cor_ag.git\CorteCor.csproj]
C:\Welber\Github\corte_cor_ag.git\EntityHandler.cs(158,54): warning CS8625: Não é possível converter um literal nulo em um tipo de referência não anulável. [C:\Welber\Github\corte_cor_ag.git\CorteCor.csproj]
C:\Welber\Github\corte_cor_ag.git\EntityHandler.cs(15,58): warning CS8625: Não é possível converter um literal nulo em um tipo de referência não anulável. [C:\Welber\Github\corte_cor_ag.git\CorteCor.csproj]
C:\Welber\Github\corte_cor_ag.git\EntityHandler.cs(305,73): warning CS8625: Não é possível converter um literal nulo em um tipo de referência não anulável. [C:\Welber\Github\corte_cor_ag.git\CorteCor.csproj]
C:\Welber\Github\corte_cor_ag.git\EntityHandler.cs(365,54): warning CS8625: Não é possível converter um literal nulo em um tipo de referência não anulável. [C:\Welber\Github\corte_cor_ag.git\CorteCor.csproj]
C:\Welber\Github\corte_cor_ag.git\EntityHandler.cs(860,60): warning CS8625: Não é possível converter um literal nulo em um tipo de referência não anulável. [C:\Welber\Github\corte_cor_ag.git\CorteCor.csproj]
C:\Welber\Github\corte_cor_ag.git\EntityHandler.cs(497,62): warning CS8625: Não é possível converter um literal nulo em um tipo de referência não anulável. [C:\Welber\Github\corte_cor_ag.git\CorteCor.csproj]
C:\Welber\Github\corte_cor_ag.git\EntityHandler.cs(1144,56): warning CS8625: Não é possível converter um literal nulo em um tipo de referência não anulável. [C:\Welber\Github\corte_cor_ag.git\CorteCor.csproj]
C:\Welber\Github\corte_cor_ag.git\EntityHandler.cs(617,60): warning CS8625: Não é possível converter um literal nulo em um tipo de referência não anulável. [C:\Welber\Github\corte_cor_ag.git\CorteCor.csproj]
C:\Welber\Github\corte_cor_ag.git\EntityHandler.cs(1558,55): warning CS8625: Não é possível converter um literal nulo em um tipo de referência não anulável. [C:\Welber\Github\corte_cor_ag.git\CorteCor.csproj]
C:\Welber\Github\corte_cor_ag.git\EntityHandler.cs(1319,67): warning CS8625: Não é possível converter um literal nulo em um tipo de referência não anulável. [C:\Welber\Github\corte_cor_ag.git\CorteCor.csproj]
C:\Welber\Github\corte_cor_ag.git\EntityHandler.cs(28,56): warning CS8625: Não é possível converter um literal nulo em um tipo de referência não anulável. [C:\Welber\Github\corte_cor_ag.git\CorteCor.csproj]
C:\Welber\Github\corte_cor_ag.git\EntityHandler.cs(2073,62): warning CS8625: Não é possível converter um literal nulo em um tipo de referência não anulável. [C:\Welber\Github\corte_cor_ag.git\CorteCor.csproj]
C:\Welber\Github\corte_cor_ag.git\EntityHandler.cs(1801,60): warning CS8625: Não é possível converter um literal nulo em um tipo de referência não anulável. [C:\Welber\Github\corte_cor_ag.git\CorteCor.csproj]
C:\Welber\Github\corte_cor_ag.git\EntityHandler.cs(2320,58): warning CS8625: Não é possível converter um literal nulo em um tipo de referência não anulável. [C:\Welber\Github\corte_cor_ag.git\CorteCor.csproj]
C:\Welber\Github\corte_cor_ag.git\MercadoPagoService.cs(13,85): warning CS8625: Não é possível converter um literal nulo em um tipo de referência não anulável. [C:\Welber\Github\corte_cor_ag.git\CorteCor.csproj]
C:\Welber\Github\corte_cor_ag.git\Pages\Estabelecimentos.cshtml.cs(114,59): warning CS0108: "EstabelecimentosModel.Page" oculta o membro herdado "PageModel.Page()". Use a nova palavra-chave se foi pretendido ocultar. [C:\Welber\Github\corte_cor_ag.git\CorteCor.csproj]
C:\Welber\Github\corte_cor_ag.git\DatabaseHandler.cs(38,34): warning CS0618: "SqlConnection" é obsoleto: "Use the Microsoft.Data.SqlClient package instead." [C:\Welber\Github\corte_cor_ag.git\CorteCor.csproj]
C:\Welber\Github\corte_cor_ag.git\EntityHandler.cs(178,40): warning CS8600: Conversão de literal nula ou possível valor nulo em tipo não anulável. [C:\Welber\Github\corte_cor_ag.git\CorteCor.csproj]
C:\Welber\Github\corte_cor_ag.git\EntityHandler.cs(179,50): warning CS8604: Possível argumento de referência nula para o parâmetro 'senhaHash' em 'bool LoginManager.VerificarSenha(string senha, string senhaHash)'. [C:\Welber\Github\corte_cor_ag.git\CorteCor.csproj]
C:\Welber\Github\corte_cor_ag.git\EntityHandler.cs(57,29): warning CS8600: Conversão de literal nula ou possível valor nulo em tipo não anulável. [C:\Welber\Github\corte_cor_ag.git\CorteCor.csproj]
C:\Welber\Github\corte_cor_ag.git\EntityHandler.cs(314,47): warning CS8600: Conversão de literal nula ou possível valor nulo em tipo não anulável. [C:\Welber\Github\corte_cor_ag.git\CorteCor.csproj]
C:\Welber\Github\corte_cor_ag.git\EntityHandler.cs(323,16): warning CS8603: Possível retorno de referência nula. [C:\Welber\Github\corte_cor_ag.git\CorteCor.csproj]
C:\Welber\Github\corte_cor_ag.git\EntityHandler.cs(201,40): warning CS8600: Conversão de literal nula ou possível valor nulo em tipo não anulável. [C:\Welber\Github\corte_cor_ag.git\CorteCor.csproj]
C:\Welber\Github\corte_cor_ag.git\EntityHandler.cs(202,50): warning CS8604: Possível argumento de referência nula para o parâmetro 'senhaHash' em 'bool LoginManager.VerificarSenha(string senha, string senhaHash)'. [C:\Welber\Github\corte_cor_ag.git\CorteCor.csproj]
C:\Welber\Github\corte_cor_ag.git\EntityHandler.cs(293,26): warning CS0168: A variável "ex" está declarada, mas nunca é usada [C:\Welber\Github\corte_cor_ag.git\CorteCor.csproj]
C:\Welber\Github\corte_cor_ag.git\EntityHandler.cs(517,29): warning CS8600: Conversão de literal nula ou possível valor nulo em tipo não anulável. [C:\Welber\Github\corte_cor_ag.git\CorteCor.csproj]
C:\Welber\Github\corte_cor_ag.git\EntityHandler.cs(343,24): warning CS8601: Possível atribuição de referência nula. [C:\Welber\Github\corte_cor_ag.git\CorteCor.csproj]
C:\Welber\Github\corte_cor_ag.git\EntityHandler.cs(344,31): warning CS8601: Possível atribuição de referência nula. [C:\Welber\Github\corte_cor_ag.git\CorteCor.csproj]
C:\Welber\Github\corte_cor_ag.git\EntityHandler.cs(345,25): warning CS8601: Possível atribuição de referência nula. [C:\Welber\Github\corte_cor_ag.git\CorteCor.csproj]
C:\Welber\Github\corte_cor_ag.git\EntityHandler.cs(346,28): warning CS8601: Possível atribuição de referência nula. [C:\Welber\Github\corte_cor_ag.git\CorteCor.csproj]
C:\Welber\Github\corte_cor_ag.git\EntityHandler.cs(347,28): warning CS8601: Possível atribuição de referência nula. [C:\Welber\Github\corte_cor_ag.git\CorteCor.csproj]
C:\Welber\Github\corte_cor_ag.git\EntityHandler.cs(348,24): warning CS8601: Possível atribuição de referência nula. [C:\Welber\Github\corte_cor_ag.git\CorteCor.csproj]
C:\Welber\Github\corte_cor_ag.git\EntityHandler.cs(349,26): warning CS8601: Possível atribuição de referência nula. [C:\Welber\Github\corte_cor_ag.git\CorteCor.csproj]
C:\Welber\Github\corte_cor_ag.git\EntityHandler.cs(353,16): warning CS8603: Possível retorno de referência nula. [C:\Welber\Github\corte_cor_ag.git\CorteCor.csproj]
C:\Welber\Github\corte_cor_ag.git\EntityHandler.cs(389,29): warning CS8600: Conversão de literal nula ou possível valor nulo em tipo não anulável. [C:\Welber\Github\corte_cor_ag.git\CorteCor.csproj]
C:\Welber\Github\corte_cor_ag.git\EntityHandler.cs(95,32): warning CS8601: Possível atribuição de referência nula. [C:\Welber\Github\corte_cor_ag.git\CorteCor.csproj]
C:\Welber\Github\corte_cor_ag.git\EntityHandler.cs(96,33): warning CS8601: Possível atribuição de referência nula. [C:\Welber\Github\corte_cor_ag.git\CorteCor.csproj]
C:\Welber\Github\corte_cor_ag.git\EntityHandler.cs(97,36): warning CS8601: Possível atribuição de referência nula. [C:\Welber\Github\corte_cor_ag.git\CorteCor.csproj]
C:\Welber\Github\corte_cor_ag.git\EntityHandler.cs(99,34): warning CS8601: Possível atribuição de referência nula. [C:\Welber\Github\corte_cor_ag.git\CorteCor.csproj]
C:\Welber\Github\corte_cor_ag.git\EntityHandler.cs(100,37): warning CS8601: Possível atribuição de referência nula. [C:\Welber\Github\corte_cor_ag.git\CorteCor.csproj]
C:\Welber\Github\corte_cor_ag.git\EntityHandler.cs(101,31): warning CS8601: Possível atribuição de referência nula. [C:\Welber\Github\corte_cor_ag.git\CorteCor.csproj]
C:\Welber\Github\corte_cor_ag.git\EntityHandler.cs(102,33): warning CS8601: Possível atribuição de referência nula. [C:\Welber\Github\corte_cor_ag.git\CorteCor.csproj]
C:\Welber\Github\corte_cor_ag.git\EntityHandler.cs(544,32): warning CS8601: Possível atribuição de referência nula. [C:\Welber\Github\corte_cor_ag.git\CorteCor.csproj]
C:\Welber\Github\corte_cor_ag.git\EntityHandler.cs(545,33): warning CS8601: Possível atribuição de referência nula. [C:\Welber\Github\corte_cor_ag.git\CorteCor.csproj]
C:\Welber\Github\corte_cor_ag.git\EntityHandler.cs(546,33): warning CS8601: Possível atribuição de referência nula. [C:\Welber\Github\corte_cor_ag.git\CorteCor.csproj]
C:\Welber\Github\corte_cor_ag.git\EntityHandler.cs(547,34): warning CS8601: Possível atribuição de referência nula. [C:\Welber\Github\corte_cor_ag.git\CorteCor.csproj]
C:\Welber\Github\corte_cor_ag.git\EntityHandler.cs(548,34): warning CS8601: Possível atribuição de referência nula. [C:\Welber\Github\corte_cor_ag.git\CorteCor.csproj]
C:\Welber\Github\corte_cor_ag.git\EntityHandler.cs(923,29): warning CS8600: Conversão de literal nula ou possível valor nulo em tipo não anulável. [C:\Welber\Github\corte_cor_ag.git\CorteCor.csproj]
C:\Welber\Github\corte_cor_ag.git\EntityHandler.cs(430,32): warning CS8601: Possível atribuição de referência nula. [C:\Welber\Github\corte_cor_ag.git\CorteCor.csproj]
C:\Welber\Github\corte_cor_ag.git\EntityHandler.cs(431,39): warning CS8601: Possível atribuição de referência nula. [C:\Welber\Github\corte_cor_ag.git\CorteCor.csproj]
C:\Welber\Github\corte_cor_ag.git\EntityHandler.cs(432,33): warning CS8601: Possível atribuição de referência nula. [C:\Welber\Github\corte_cor_ag.git\CorteCor.csproj]
C:\Welber\Github\corte_cor_ag.git\EntityHandler.cs(433,36): warning CS8601: Possível atribuição de referência nula. [C:\Welber\Github\corte_cor_ag.git\CorteCor.csproj]
C:\Welber\Github\corte_cor_ag.git\EntityHandler.cs(434,36): warning CS8601: Possível atribuição de referência nula. [C:\Welber\Github\corte_cor_ag.git\CorteCor.csproj]
C:\Welber\Github\corte_cor_ag.git\EntityHandler.cs(435,32): warning CS8601: Possível atribuição de referência nula. [C:\Welber\Github\corte_cor_ag.git\CorteCor.csproj]
C:\Welber\Github\corte_cor_ag.git\EntityHandler.cs(436,34): warning CS8601: Possível atribuição de referência nula. [C:\Welber\Github\corte_cor_ag.git\CorteCor.csproj]
C:\Welber\Github\corte_cor_ag.git\EntityHandler.cs(438,38): warning CS8601: Possível atribuição de referência nula. [C:\Welber\Github\corte_cor_ag.git\CorteCor.csproj]
C:\Welber\Github\corte_cor_ag.git\EntityHandler.cs(1168,29): warning CS8600: Conversão de literal nula ou possível valor nulo em tipo não anulável. [C:\Welber\Github\corte_cor_ag.git\CorteCor.csproj]
C:\Welber\Github\corte_cor_ag.git\EntityHandler.cs(1192,44): warning CS8603: Possível retorno de referência nula. [C:\Welber\Github\corte_cor_ag.git\CorteCor.csproj]
C:\Welber\Github\corte_cor_ag.git\EntityHandler.cs(1197,28): warning CS8601: Possível atribuição de referência nula. [C:\Welber\Github\corte_cor_ag.git\CorteCor.csproj]
C:\Welber\Github\corte_cor_ag.git\EntityHandler.cs(1822,29): warning CS8600: Conversão de literal nula ou possível valor nulo em tipo não anulável. [C:\Welber\Github\corte_cor_ag.git\CorteCor.csproj]
C:\Welber\Github\corte_cor_ag.git\EntityHandler.cs(1224,28): warning CS8601: Possível atribuição de referência nula. [C:\Welber\Github\corte_cor_ag.git\CorteCor.csproj]
C:\Welber\Github\corte_cor_ag.git\EntityHandler.cs(953,44): warning CS8603: Possível retorno de referência nula. [C:\Welber\Github\corte_cor_ag.git\CorteCor.csproj]
C:\Welber\Github\corte_cor_ag.git\EntityHandler.cs(958,28): warning CS8601: Possível atribuição de referência nula. [C:\Welber\Github\corte_cor_ag.git\CorteCor.csproj]
C:\Welber\Github\corte_cor_ag.git\EntityHandler.cs(1844,44): warning CS8603: Possível retorno de referência nula. [C:\Welber\Github\corte_cor_ag.git\CorteCor.csproj]
C:\Welber\Github\corte_cor_ag.git\EntityHandler.cs(1850,30): warning CS8601: Possível atribuição de referência nula. [C:\Welber\Github\corte_cor_ag.git\CorteCor.csproj]
C:\Welber\Github\corte_cor_ag.git\EntityHandler.cs(1257,32): warning CS8601: Possível atribuição de referência nula. [C:\Welber\Github\corte_cor_ag.git\CorteCor.csproj]
C:\Welber\Github\corte_cor_ag.git\EntityHandler.cs(638,43): warning CS8600: Conversão de literal nula ou possível valor nulo em tipo não anulável. [C:\Welber\Github\corte_cor_ag.git\CorteCor.csproj]
C:\Welber\Github\corte_cor_ag.git\EntityHandler.cs(639,47): warning CS8600: Conversão de literal nula ou possível valor nulo em tipo não anulável. [C:\Welber\Github\corte_cor_ag.git\CorteCor.csproj]
C:\Welber\Github\corte_cor_ag.git\EntityHandler.cs(640,41): warning CS8600: Conversão de literal nula ou possível valor nulo em tipo não anulável. [C:\Welber\Github\corte_cor_ag.git\CorteCor.csproj]
C:\Welber\Github\corte_cor_ag.git\EntityHandler.cs(641,42): warning CS8600: Conversão de literal nula ou possível valor nulo em tipo não anulável. [C:\Welber\Github\corte_cor_ag.git\CorteCor.csproj]
C:\Welber\Github\corte_cor_ag.git\EntityHandler.cs(642,53): warning CS8600: Conversão de literal nula ou possível valor nulo em tipo não anulável. [C:\Welber\Github\corte_cor_ag.git\CorteCor.csproj]
C:\Welber\Github\corte_cor_ag.git\EntityHandler.cs(643,52): warning CS8600: Conversão de literal nula ou possível valor nulo em tipo não anulável. [C:\Welber\Github\corte_cor_ag.git\CorteCor.csproj]
C:\Welber\Github\corte_cor_ag.git\EntityHandler.cs(644,42): warning CS8600: Conversão de literal nula ou possível valor nulo em tipo não anulável. [C:\Welber\Github\corte_cor_ag.git\CorteCor.csproj]
C:\Welber\Github\corte_cor_ag.git\EntityHandler.cs(645,50): warning CS8600: Conversão de literal nula ou possível valor nulo em tipo não anulável. [C:\Welber\Github\corte_cor_ag.git\CorteCor.csproj]
C:\Welber\Github\corte_cor_ag.git\EntityHandler.cs(646,54): warning CS8600: Conversão de literal nula ou possível valor nulo em tipo não anulável. [C:\Welber\Github\corte_cor_ag.git\CorteCor.csproj]
C:\Welber\Github\corte_cor_ag.git\EntityHandler.cs(647,59): warning CS8600: Conversão de literal nula ou possível valor nulo em tipo não anulável. [C:\Welber\Github\corte_cor_ag.git\CorteCor.csproj]
C:\Welber\Github\corte_cor_ag.git\EntityHandler.cs(648,48): warning CS8600: Conversão de literal nula ou possível valor nulo em tipo não anulável. [C:\Welber\Github\corte_cor_ag.git\CorteCor.csproj]
C:\Welber\Github\corte_cor_ag.git\EntityHandler.cs(649,52): warning CS8600: Conversão de literal nula ou possível valor nulo em tipo não anulável. [C:\Welber\Github\corte_cor_ag.git\CorteCor.csproj]
C:\Welber\Github\corte_cor_ag.git\EntityHandler.cs(650,47): warning CS8600: Conversão de literal nula ou possível valor nulo em tipo não anulável. [C:\Welber\Github\corte_cor_ag.git\CorteCor.csproj]
C:\Welber\Github\corte_cor_ag.git\EntityHandler.cs(651,46): warning CS8600: Conversão de literal nula ou possível valor nulo em tipo não anulável. [C:\Welber\Github\corte_cor_ag.git\CorteCor.csproj]
C:\Welber\Github\corte_cor_ag.git\EntityHandler.cs(652,55): warning CS8600: Conversão de literal nula ou possível valor nulo em tipo não anulável. [C:\Welber\Github\corte_cor_ag.git\CorteCor.csproj]
C:\Welber\Github\corte_cor_ag.git\EntityHandler.cs(653,50): warning CS8600: Conversão de literal nula ou possível valor nulo em tipo não anulável. [C:\Welber\Github\corte_cor_ag.git\CorteCor.csproj]
C:\Welber\Github\corte_cor_ag.git\EntityHandler.cs(654,47): warning CS8600: Conversão de literal nula ou possível valor nulo em tipo não anulável. [C:\Welber\Github\corte_cor_ag.git\CorteCor.csproj]
C:\Welber\Github\corte_cor_ag.git\EntityHandler.cs(655,45): warning CS8600: Conversão de literal nula ou possível valor nulo em tipo não anulável. [C:\Welber\Github\corte_cor_ag.git\CorteCor.csproj]
C:\Welber\Github\corte_cor_ag.git\EntityHandler.cs(656,54): warning CS8600: Conversão de literal nula ou possível valor nulo em tipo não anulável. [C:\Welber\Github\corte_cor_ag.git\CorteCor.csproj]
C:\Welber\Github\corte_cor_ag.git\EntityHandler.cs(657,45): warning CS8600: Conversão de literal nula ou possível valor nulo em tipo não anulável. [C:\Welber\Github\corte_cor_ag.git\CorteCor.csproj]
C:\Welber\Github\corte_cor_ag.git\EntityHandler.cs(658,43): warning CS8600: Conversão de literal nula ou possível valor nulo em tipo não anulável. [C:\Welber\Github\corte_cor_ag.git\CorteCor.csproj]
C:\Welber\Github\corte_cor_ag.git\EntityHandler.cs(659,58): warning CS8604: Possível argumento de referência nula para o parâmetro 'value' em 'void DbExtensions.AddWithValue(IDbCommand command, string parameterName, object value)'. [C:\Welber\Github\corte_cor_ag.git\CorteCor.csproj]
C:\Welber\Github\corte_cor_ag.git\EntityHandler.cs(660,47): warning CS8600: Conversão de literal nula ou possível valor nulo em tipo não anulável. [C:\Welber\Github\corte_cor_ag.git\CorteCor.csproj]
C:\Welber\Github\corte_cor_ag.git\EntityHandler.cs(661,46): warning CS8600: Conversão de literal nula ou possível valor nulo em tipo não anulável. [C:\Welber\Github\corte_cor_ag.git\CorteCor.csproj]
C:\Welber\Github\corte_cor_ag.git\EntityHandler.cs(662,50): warning CS8600: Conversão de literal nula ou possível valor nulo em tipo não anulável. [C:\Welber\Github\corte_cor_ag.git\CorteCor.csproj]
C:\Welber\Github\corte_cor_ag.git\EntityHandler.cs(663,54): warning CS8600: Conversão de literal nula ou possível valor nulo em tipo não anulável. [C:\Welber\Github\corte_cor_ag.git\CorteCor.csproj]
C:\Welber\Github\corte_cor_ag.git\EntityHandler.cs(664,48): warning CS8600: Conversão de literal nula ou possível valor nulo em tipo não anulável. [C:\Welber\Github\corte_cor_ag.git\CorteCor.csproj]
C:\Welber\Github\corte_cor_ag.git\EntityHandler.cs(665,49): warning CS8600: Conversão de literal nula ou possível valor nulo em tipo não anulável. [C:\Welber\Github\corte_cor_ag.git\CorteCor.csproj]
C:\Welber\Github\corte_cor_ag.git\EntityHandler.cs(666,51): warning CS8600: Conversão de literal nula ou possível valor nulo em tipo não anulável. [C:\Welber\Github\corte_cor_ag.git\CorteCor.csproj]
C:\Welber\Github\corte_cor_ag.git\EntityHandler.cs(667,59): warning CS8600: Conversão de literal nula ou possível valor nulo em tipo não anulável. [C:\Welber\Github\corte_cor_ag.git\CorteCor.csproj]
C:\Welber\Github\corte_cor_ag.git\EntityHandler.cs(668,66): warning CS8600: Conversão de literal nula ou possível valor nulo em tipo não anulável. [C:\Welber\Github\corte_cor_ag.git\CorteCor.csproj]
C:\Welber\Github\corte_cor_ag.git\EntityHandler.cs(669,55): warning CS8600: Conversão de literal nula ou possível valor nulo em tipo não anulável. [C:\Welber\Github\corte_cor_ag.git\CorteCor.csproj]
C:\Welber\Github\corte_cor_ag.git\EntityHandler.cs(670,59): warning CS8600: Conversão de literal nula ou possível valor nulo em tipo não anulável. [C:\Welber\Github\corte_cor_ag.git\CorteCor.csproj]
C:\Welber\Github\corte_cor_ag.git\EntityHandler.cs(671,54): warning CS8600: Conversão de literal nula ou possível valor nulo em tipo não anulável. [C:\Welber\Github\corte_cor_ag.git\CorteCor.csproj]
C:\Welber\Github\corte_cor_ag.git\EntityHandler.cs(672,53): warning CS8600: Conversão de literal nula ou possível valor nulo em tipo não anulável. [C:\Welber\Github\corte_cor_ag.git\CorteCor.csproj]
C:\Welber\Github\corte_cor_ag.git\EntityHandler.cs(673,62): warning CS8600: Conversão de literal nula ou possível valor nulo em tipo não anulável. [C:\Welber\Github\corte_cor_ag.git\CorteCor.csproj]
C:\Welber\Github\corte_cor_ag.git\EntityHandler.cs(674,57): warning CS8600: Conversão de literal nula ou possível valor nulo em tipo não anulável. [C:\Welber\Github\corte_cor_ag.git\CorteCor.csproj]
C:\Welber\Github\corte_cor_ag.git\EntityHandler.cs(675,29): warning CS8600: Conversão de literal nula ou possível valor nulo em tipo não anulável. [C:\Welber\Github\corte_cor_ag.git\CorteCor.csproj]
C:\Welber\Github\corte_cor_ag.git\EntityHandler.cs(1589,29): warning CS8600: Conversão de literal nula ou possível valor nulo em tipo não anulável. [C:\Welber\Github\corte_cor_ag.git\CorteCor.csproj]
C:\Welber\Github\corte_cor_ag.git\EntityHandler.cs(1878,30): warning CS8601: Possível atribuição de referência nula. [C:\Welber\Github\corte_cor_ag.git\CorteCor.csproj]
C:\Welber\Github\corte_cor_ag.git\EntityHandler.cs(2108,29): warning CS8600: Conversão de literal nula ou possível valor nulo em tipo não anulável. [C:\Welber\Github\corte_cor_ag.git\CorteCor.csproj]
C:\Welber\Github\corte_cor_ag.git\EntityHandler.cs(1611,44): warning CS8603: Possível retorno de referência nula. [C:\Welber\Github\corte_cor_ag.git\CorteCor.csproj]
C:\Welber\Github\corte_cor_ag.git\EntityHandler.cs(1616,28): warning CS8601: Possível atribuição de referência nula. [C:\Welber\Github\corte_cor_ag.git\CorteCor.csproj]
C:\Welber\Github\corte_cor_ag.git\EntityHandler.cs(1617,32): warning CS8601: Possível atribuição de referência nula. [C:\Welber\Github\corte_cor_ag.git\CorteCor.csproj]
C:\Welber\Github\corte_cor_ag.git\EntityHandler.cs(1618,29): warning CS8601: Possível atribuição de referência nula. [C:\Welber\Github\corte_cor_ag.git\CorteCor.csproj]
C:\Welber\Github\corte_cor_ag.git\EntityHandler.cs(1917,34): warning CS8601: Possível atribuição de referência nula. [C:\Welber\Github\corte_cor_ag.git\CorteCor.csproj]
C:\Welber\Github\corte_cor_ag.git\EntityHandler.cs(1646,28): warning CS8601: Possível atribuição de referência nula. [C:\Welber\Github\corte_cor_ag.git\CorteCor.csproj]
C:\Welber\Github\corte_cor_ag.git\EntityHandler.cs(1647,32): warning CS8601: Possível atribuição de referência nula. [C:\Welber\Github\corte_cor_ag.git\CorteCor.csproj]
C:\Welber\Github\corte_cor_ag.git\EntityHandler.cs(1648,29): warning CS8601: Possível atribuição de referência nula. [C:\Welber\Github\corte_cor_ag.git\CorteCor.csproj]
C:\Welber\Github\corte_cor_ag.git\EntityHandler.cs(2131,44): warning CS8603: Possível retorno de referência nula. [C:\Welber\Github\corte_cor_ag.git\CorteCor.csproj]
C:\Welber\Github\corte_cor_ag.git\EntityHandler.cs(2136,28): warning CS8601: Possível atribuição de referência nula. [C:\Welber\Github\corte_cor_ag.git\CorteCor.csproj]
C:\Welber\Github\corte_cor_ag.git\EntityHandler.cs(2137,28): warning CS8601: Possível atribuição de referência nula. [C:\Welber\Github\corte_cor_ag.git\CorteCor.csproj]
C:\Welber\Github\corte_cor_ag.git\EntityHandler.cs(2138,31): warning CS8601: Possível atribuição de referência nula. [C:\Welber\Github\corte_cor_ag.git\CorteCor.csproj]
C:\Welber\Github\corte_cor_ag.git\EntityHandler.cs(1680,32): warning CS8601: Possível atribuição de referência nula. [C:\Welber\Github\corte_cor_ag.git\CorteCor.csproj]
C:\Welber\Github\corte_cor_ag.git\EntityHandler.cs(1681,36): warning CS8601: Possível atribuição de referência nula. [C:\Welber\Github\corte_cor_ag.git\CorteCor.csproj]
C:\Welber\Github\corte_cor_ag.git\EntityHandler.cs(1682,33): warning CS8601: Possível atribuição de referência nula. [C:\Welber\Github\corte_cor_ag.git\CorteCor.csproj]
C:\Welber\Github\corte_cor_ag.git\EntityHandler.cs(1024,32): warning CS8601: Possível atribuição de referência nula. [C:\Welber\Github\corte_cor_ag.git\CorteCor.csproj]
C:\Welber\Github\corte_cor_ag.git\EntityHandler.cs(1957,34): warning CS8601: Possível atribuição de referência nula. [C:\Welber\Github\corte_cor_ag.git\CorteCor.csproj]
C:\Welber\Github\corte_cor_ag.git\EntityHandler.cs(2175,28): warning CS8601: Possível atribuição de referência nula. [C:\Welber\Github\corte_cor_ag.git\CorteCor.csproj]
C:\Welber\Github\corte_cor_ag.git\EntityHandler.cs(2176,28): warning CS8601: Possível atribuição de referência nula. [C:\Welber\Github\corte_cor_ag.git\CorteCor.csproj]
C:\Welber\Github\corte_cor_ag.git\EntityHandler.cs(2177,31): warning CS8601: Possível atribuição de referência nula. [C:\Welber\Github\corte_cor_ag.git\CorteCor.csproj]
C:\Welber\Github\corte_cor_ag.git\EntityHandler.cs(2378,44): warning CS8603: Possível retorno de referência nula. [C:\Welber\Github\corte_cor_ag.git\CorteCor.csproj]
C:\Welber\Github\corte_cor_ag.git\EntityHandler.cs(2394,44): warning CS8603: Possível retorno de referência nula. [C:\Welber\Github\corte_cor_ag.git\CorteCor.csproj]
C:\Welber\Github\corte_cor_ag.git\EntityHandler.cs(2410,44): warning CS8603: Possível retorno de referência nula. [C:\Welber\Github\corte_cor_ag.git\CorteCor.csproj]
C:\Welber\Github\corte_cor_ag.git\EntityHandler.cs(2016,25): warning CS8605: Executando a conversão unboxing de um valor possivelmente nulo. [C:\Welber\Github\corte_cor_ag.git\CorteCor.csproj]
C:\Welber\Github\corte_cor_ag.git\EntityHandler.cs(1762,32): warning CS8601: Possível atribuição de referência nula. [C:\Welber\Github\corte_cor_ag.git\CorteCor.csproj]
C:\Welber\Github\corte_cor_ag.git\EntityHandler.cs(1763,36): warning CS8601: Possível atribuição de referência nula. [C:\Welber\Github\corte_cor_ag.git\CorteCor.csproj]
C:\Welber\Github\corte_cor_ag.git\EntityHandler.cs(1764,33): warning CS8601: Possível atribuição de referência nula. [C:\Welber\Github\corte_cor_ag.git\CorteCor.csproj]
C:\Welber\Github\corte_cor_ag.git\EntityHandler.cs(2451,22): warning CS8601: Possível atribuição de referência nula. [C:\Welber\Github\corte_cor_ag.git\CorteCor.csproj]
C:\Welber\Github\corte_cor_ag.git\EntityHandler.cs(2453,21): warning CS8601: Possível atribuição de referência nula. [C:\Welber\Github\corte_cor_ag.git\CorteCor.csproj]
C:\Welber\Github\corte_cor_ag.git\Models.cs(197,23): warning CS8618: O propriedade não anulável 'Status' precisa conter um valor não nulo ao sair do construtor. Considere adicionar o modificador "obrigatório" ou declarar o propriedade como anulável. [C:\Welber\Github\corte_cor_ag.git\CorteCor.csproj]
C:\Welber\Github\corte_cor_ag.git\Models.cs(199,23): warning CS8618: O propriedade não anulável 'Moeda' precisa conter um valor não nulo ao sair do construtor. Considere adicionar o modificador "obrigatório" ou declarar o propriedade como anulável. [C:\Welber\Github\corte_cor_ag.git\CorteCor.csproj]
C:\Welber\Github\corte_cor_ag.git\EntityHandler.cs(2222,32): warning CS8601: Possível atribuição de referência nula. [C:\Welber\Github\corte_cor_ag.git\CorteCor.csproj]
C:\Welber\Github\corte_cor_ag.git\EntityHandler.cs(2223,32): warning CS8601: Possível atribuição de referência nula. [C:\Welber\Github\corte_cor_ag.git\CorteCor.csproj]
C:\Welber\Github\corte_cor_ag.git\EntityHandler.cs(2224,35): warning CS8601: Possível atribuição de referência nula. [C:\Welber\Github\corte_cor_ag.git\CorteCor.csproj]
C:\Welber\Github\corte_cor_ag.git\Models.cs(175,23): warning CS8618: O propriedade não anulável 'Nome' precisa conter um valor não nulo ao sair do construtor. Considere adicionar o modificador "obrigatório" ou declarar o propriedade como anulável. [C:\Welber\Github\corte_cor_ag.git\CorteCor.csproj]
C:\Welber\Github\corte_cor_ag.git\Models.cs(176,23): warning CS8618: O propriedade não anulável 'Tipo' precisa conter um valor não nulo ao sair do construtor. Considere adicionar o modificador "obrigatório" ou declarar o propriedade como anulável. [C:\Welber\Github\corte_cor_ag.git\CorteCor.csproj]
C:\Welber\Github\corte_cor_ag.git\Models.cs(177,23): warning CS8618: O propriedade não anulável 'Gateway' precisa conter um valor não nulo ao sair do construtor. Considere adicionar o modificador "obrigatório" ou declarar o propriedade como anulável. [C:\Welber\Github\corte_cor_ag.git\CorteCor.csproj]
C:\Welber\Github\corte_cor_ag.git\Models.cs(165,23): warning CS8618: O propriedade não anulável 'Status' precisa conter um valor não nulo ao sair do construtor. Considere adicionar o modificador "obrigatório" ou declarar o propriedade como anulável. [C:\Welber\Github\corte_cor_ag.git\CorteCor.csproj]
C:\Welber\Github\corte_cor_ag.git\Models.cs(153,23): warning CS8618: O propriedade não anulável 'Nome' precisa conter um valor não nulo ao sair do construtor. Considere adicionar o modificador "obrigatório" ou declarar o propriedade como anulável. [C:\Welber\Github\corte_cor_ag.git\CorteCor.csproj]
C:\Welber\Github\corte_cor_ag.git\Models.cs(154,23): warning CS8618: O propriedade não anulável 'Telefone' precisa conter um valor não nulo ao sair do construtor. Considere adicionar o modificador "obrigatório" ou declarar o propriedade como anulável. [C:\Welber\Github\corte_cor_ag.git\CorteCor.csproj]
C:\Welber\Github\corte_cor_ag.git\Models.cs(155,23): warning CS8618: O propriedade não anulável 'Email' precisa conter um valor não nulo ao sair do construtor. Considere adicionar o modificador "obrigatório" ou declarar o propriedade como anulável. [C:\Welber\Github\corte_cor_ag.git\CorteCor.csproj]
C:\Welber\Github\corte_cor_ag.git\Models.cs(137,23): warning CS8618: O propriedade não anulável 'Nome' precisa conter um valor não nulo ao sair do construtor. Considere adicionar o modificador "obrigatório" ou declarar o propriedade como anulável. [C:\Welber\Github\corte_cor_ag.git\CorteCor.csproj]
C:\Welber\Github\corte_cor_ag.git\EntityHandler.cs(804,43): warning CS8600: Conversão de literal nula ou possível valor nulo em tipo não anulável. [C:\Welber\Github\corte_cor_ag.git\CorteCor.csproj]
C:\Welber\Github\corte_cor_ag.git\EntityHandler.cs(805,47): warning CS8600: Conversão de literal nula ou possível valor nulo em tipo não anulável. [C:\Welber\Github\corte_cor_ag.git\CorteCor.csproj]
C:\Welber\Github\corte_cor_ag.git\EntityHandler.cs(806,41): warning CS8600: Conversão de literal nula ou possível valor nulo em tipo não anulável. [C:\Welber\Github\corte_cor_ag.git\CorteCor.csproj]
C:\Welber\Github\corte_cor_ag.git\EntityHandler.cs(807,42): warning CS8600: Conversão de literal nula ou possível valor nulo em tipo não anulável. [C:\Welber\Github\corte_cor_ag.git\CorteCor.csproj]
C:\Welber\Github\corte_cor_ag.git\EntityHandler.cs(808,53): warning CS8600: Conversão de literal nula ou possível valor nulo em tipo não anulável. [C:\Welber\Github\corte_cor_ag.git\CorteCor.csproj]
C:\Welber\Github\corte_cor_ag.git\EntityHandler.cs(809,52): warning CS8600: Conversão de literal nula ou possível valor nulo em tipo não anulável. [C:\Welber\Github\corte_cor_ag.git\CorteCor.csproj]
C:\Welber\Github\corte_cor_ag.git\EntityHandler.cs(810,42): warning CS8600: Conversão de literal nula ou possível valor nulo em tipo não anulável. [C:\Welber\Github\corte_cor_ag.git\CorteCor.csproj]
C:\Welber\Github\corte_cor_ag.git\EntityHandler.cs(811,50): warning CS8600: Conversão de literal nula ou possível valor nulo em tipo não anulável. [C:\Welber\Github\corte_cor_ag.git\CorteCor.csproj]
C:\Welber\Github\corte_cor_ag.git\EntityHandler.cs(812,54): warning CS8600: Conversão de literal nula ou possível valor nulo em tipo não anulável. [C:\Welber\Github\corte_cor_ag.git\CorteCor.csproj]
C:\Welber\Github\corte_cor_ag.git\EntityHandler.cs(813,59): warning CS8600: Conversão de literal nula ou possível valor nulo em tipo não anulável. [C:\Welber\Github\corte_cor_ag.git\CorteCor.csproj]
C:\Welber\Github\corte_cor_ag.git\EntityHandler.cs(814,48): warning CS8600: Conversão de literal nula ou possível valor nulo em tipo não anulável. [C:\Welber\Github\corte_cor_ag.git\CorteCor.csproj]
C:\Welber\Github\corte_cor_ag.git\EntityHandler.cs(815,52): warning CS8600: Conversão de literal nula ou possível valor nulo em tipo não anulável. [C:\Welber\Github\corte_cor_ag.git\CorteCor.csproj]
C:\Welber\Github\corte_cor_ag.git\EntityHandler.cs(816,47): warning CS8600: Conversão de literal nula ou possível valor nulo em tipo não anulável. [C:\Welber\Github\corte_cor_ag.git\CorteCor.csproj]
C:\Welber\Github\corte_cor_ag.git\EntityHandler.cs(817,46): warning CS8600: Conversão de literal nula ou possível valor nulo em tipo não anulável. [C:\Welber\Github\corte_cor_ag.git\CorteCor.csproj]
C:\Welber\Github\corte_cor_ag.git\EntityHandler.cs(818,55): warning CS8600: Conversão de literal nula ou possível valor nulo em tipo não anulável. [C:\Welber\Github\corte_cor_ag.git\CorteCor.csproj]
C:\Welber\Github\corte_cor_ag.git\EntityHandler.cs(819,50): warning CS8600: Conversão de literal nula ou possível valor nulo em tipo não anulável. [C:\Welber\Github\corte_cor_ag.git\CorteCor.csproj]
C:\Welber\Github\corte_cor_ag.git\EntityHandler.cs(820,47): warning CS8600: Conversão de literal nula ou possível valor nulo em tipo não anulável. [C:\Welber\Github\corte_cor_ag.git\CorteCor.csproj]
C:\Welber\Github\corte_cor_ag.git\EntityHandler.cs(821,45): warning CS8600: Conversão de literal nula ou possível valor nulo em tipo não anulável. [C:\Welber\Github\corte_cor_ag.git\CorteCor.csproj]
C:\Welber\Github\corte_cor_ag.git\EntityHandler.cs(822,54): warning CS8600: Conversão de literal nula ou possível valor nulo em tipo não anulável. [C:\Welber\Github\corte_cor_ag.git\CorteCor.csproj]
C:\Welber\Github\corte_cor_ag.git\EntityHandler.cs(823,45): warning CS8600: Conversão de literal nula ou possível valor nulo em tipo não anulável. [C:\Welber\Github\corte_cor_ag.git\CorteCor.csproj]
C:\Welber\Github\corte_cor_ag.git\EntityHandler.cs(824,43): warning CS8600: Conversão de literal nula ou possível valor nulo em tipo não anulável. [C:\Welber\Github\corte_cor_ag.git\CorteCor.csproj]
C:\Welber\Github\corte_cor_ag.git\EntityHandler.cs(825,58): warning CS8600: Conversão de literal nula ou possível valor nulo em tipo não anulável. [C:\Welber\Github\corte_cor_ag.git\CorteCor.csproj]
C:\Welber\Github\corte_cor_ag.git\EntityHandler.cs(826,47): warning CS8600: Conversão de literal nula ou possível valor nulo em tipo não anulável. [C:\Welber\Github\corte_cor_ag.git\CorteCor.csproj]
C:\Welber\Github\corte_cor_ag.git\EntityHandler.cs(827,46): warning CS8600: Conversão de literal nula ou possível valor nulo em tipo não anulável. [C:\Welber\Github\corte_cor_ag.git\CorteCor.csproj]
C:\Welber\Github\corte_cor_ag.git\EntityHandler.cs(828,50): warning CS8600: Conversão de literal nula ou possível valor nulo em tipo não anulável. [C:\Welber\Github\corte_cor_ag.git\CorteCor.csproj]
C:\Welber\Github\corte_cor_ag.git\EntityHandler.cs(829,54): warning CS8600: Conversão de literal nula ou possível valor nulo em tipo não anulável. [C:\Welber\Github\corte_cor_ag.git\CorteCor.csproj]
C:\Welber\Github\corte_cor_ag.git\EntityHandler.cs(830,48): warning CS8600: Conversão de literal nula ou possível valor nulo em tipo não anulável. [C:\Welber\Github\corte_cor_ag.git\CorteCor.csproj]
C:\Welber\Github\corte_cor_ag.git\EntityHandler.cs(831,49): warning CS8600: Conversão de literal nula ou possível valor nulo em tipo não anulável. [C:\Welber\Github\corte_cor_ag.git\CorteCor.csproj]
C:\Welber\Github\corte_cor_ag.git\EntityHandler.cs(832,51): warning CS8600: Conversão de literal nula ou possível valor nulo em tipo não anulável. [C:\Welber\Github\corte_cor_ag.git\CorteCor.csproj]
C:\Welber\Github\corte_cor_ag.git\EntityHandler.cs(833,59): warning CS8600: Conversão de literal nula ou possível valor nulo em tipo não anulável. [C:\Welber\Github\corte_cor_ag.git\CorteCor.csproj]
C:\Welber\Github\corte_cor_ag.git\EntityHandler.cs(834,66): warning CS8600: Conversão de literal nula ou possível valor nulo em tipo não anulável. [C:\Welber\Github\corte_cor_ag.git\CorteCor.csproj]
C:\Welber\Github\corte_cor_ag.git\EntityHandler.cs(835,55): warning CS8600: Conversão de literal nula ou possível valor nulo em tipo não anulável. [C:\Welber\Github\corte_cor_ag.git\CorteCor.csproj]
C:\Welber\Github\corte_cor_ag.git\EntityHandler.cs(836,59): warning CS8600: Conversão de literal nula ou possível valor nulo em tipo não anulável. [C:\Welber\Github\corte_cor_ag.git\CorteCor.csproj]
C:\Welber\Github\corte_cor_ag.git\EntityHandler.cs(837,54): warning CS8600: Conversão de literal nula ou possível valor nulo em tipo não anulável. [C:\Welber\Github\corte_cor_ag.git\CorteCor.csproj]
C:\Welber\Github\corte_cor_ag.git\EntityHandler.cs(838,53): warning CS8600: Conversão de literal nula ou possível valor nulo em tipo não anulável. [C:\Welber\Github\corte_cor_ag.git\CorteCor.csproj]
C:\Welber\Github\corte_cor_ag.git\EntityHandler.cs(839,62): warning CS8600: Conversão de literal nula ou possível valor nulo em tipo não anulável. [C:\Welber\Github\corte_cor_ag.git\CorteCor.csproj]
C:\Welber\Github\corte_cor_ag.git\EntityHandler.cs(840,57): warning CS8600: Conversão de literal nula ou possível valor nulo em tipo não anulável. [C:\Welber\Github\corte_cor_ag.git\CorteCor.csproj]
C:\Welber\Github\corte_cor_ag.git\Models.cs(101,23): warning CS8618: O propriedade não anulável 'Nome' precisa conter um valor não nulo ao sair do construtor. Considere adicionar o modificador "obrigatório" ou declarar o propriedade como anulável. [C:\Welber\Github\corte_cor_ag.git\CorteCor.csproj]
C:\Welber\Github\corte_cor_ag.git\Pages\AdmAlterarSenha.cshtml.cs(20,16): warning CS8618: O propriedade não anulável 'SenhaAtual' precisa conter um valor não nulo ao sair do construtor. Considere adicionar o modificador "obrigatório" ou declarar o propriedade como anulável. [C:\Welber\Github\corte_cor_ag.git\CorteCor.csproj]
C:\Welber\Github\corte_cor_ag.git\Pages\AdmAlterarSenha.cshtml.cs(20,16): warning CS8618: O propriedade não anulável 'EmailUsuario' precisa conter um valor não nulo ao sair do construtor. Considere adicionar o modificador "obrigatório" ou declarar o propriedade como anulável. [C:\Welber\Github\corte_cor_ag.git\CorteCor.csproj]
C:\Welber\Github\corte_cor_ag.git\Pages\AdmAlterarSenha.cshtml.cs(20,16): warning CS8618: O propriedade não anulável 'NovaSenha' precisa conter um valor não nulo ao sair do construtor. Considere adicionar o modificador "obrigatório" ou declarar o propriedade como anulável. [C:\Welber\Github\corte_cor_ag.git\CorteCor.csproj]
C:\Welber\Github\corte_cor_ag.git\Pages\AdmAlterarSenha.cshtml.cs(20,16): warning CS8618: O propriedade não anulável 'ConfirmarSenha' precisa conter um valor não nulo ao sair do construtor. Considere adicionar o modificador "obrigatório" ou declarar o propriedade como anulável. [C:\Welber\Github\corte_cor_ag.git\CorteCor.csproj]
C:\Welber\Github\corte_cor_ag.git\Pages\AdmAlterarSenha.cshtml.cs(36,28): warning CS8602: Desreferência de uma referência possivelmente nula. [C:\Welber\Github\corte_cor_ag.git\CorteCor.csproj]
C:\Welber\Github\corte_cor_ag.git\Pages\AdmAlterarSenha.cshtml.cs(36,28): warning CS8601: Possível atribuição de referência nula. [C:\Welber\Github\corte_cor_ag.git\CorteCor.csproj]
C:\Welber\Github\corte_cor_ag.git\Pages\Adm.cshtml.cs(16,23): warning CS8618: O propriedade não anulável 'ErrorMessage' precisa conter um valor não nulo ao sair do construtor. Considere adicionar o modificador "obrigatório" ou declarar o propriedade como anulável. [C:\Welber\Github\corte_cor_ag.git\CorteCor.csproj]
C:\Welber\Github\corte_cor_ag.git\Pages\Adm.cshtml.cs(19,23): warning CS8618: O propriedade não anulável 'NomeSalao' precisa conter um valor não nulo ao sair do construtor. Considere adicionar o modificador "obrigatório" ou declarar o propriedade como anulável. [C:\Welber\Github\corte_cor_ag.git\CorteCor.csproj]
C:\Welber\Github\corte_cor_ag.git\Pages\Adm.cshtml.cs(20,23): warning CS8618: O propriedade não anulável 'NomeCliente' precisa conter um valor não nulo ao sair do construtor. Considere adicionar o modificador "obrigatório" ou declarar o propriedade como anulável. [C:\Welber\Github\corte_cor_ag.git\CorteCor.csproj]
C:\Welber\Github\corte_cor_ag.git\Pages\Adm.cshtml.cs(23,23): warning CS8618: O propriedade não anulável 'SalaoLink' precisa conter um valor não nulo ao sair do construtor. Considere adicionar o modificador "obrigatório" ou declarar o propriedade como anulável. [C:\Welber\Github\corte_cor_ag.git\CorteCor.csproj]
C:\Welber\Github\corte_cor_ag.git\Pages\Adm.cshtml.cs(24,23): warning CS8618: O propriedade não anulável 'SalaoLinkID' precisa conter um valor não nulo ao sair do construtor. Considere adicionar o modificador "obrigatório" ou declarar o propriedade como anulável. [C:\Welber\Github\corte_cor_ag.git\CorteCor.csproj]
C:\Welber\Github\corte_cor_ag.git\Pages\AdmAlterarSenha.cshtml.cs(41,35): warning CS8602: Desreferência de uma referência possivelmente nula. [C:\Welber\Github\corte_cor_ag.git\CorteCor.csproj]
C:\Welber\Github\corte_cor_ag.git\Pages\AdmAlterarSenha.cshtml.cs(41,35): warning CS8600: Conversão de literal nula ou possível valor nulo em tipo não anulável. [C:\Welber\Github\corte_cor_ag.git\CorteCor.csproj]
C:\Welber\Github\corte_cor_ag.git\Pages\AdmAlterarSenha.cshtml.cs(42,28): warning CS8601: Possível atribuição de referência nula. [C:\Welber\Github\corte_cor_ag.git\CorteCor.csproj]
C:\Welber\Github\corte_cor_ag.git\Pages\AdmAlterarSenha.cshtml.cs(57,52): warning CS8604: Possível argumento de referência nula para o parâmetro 'value' em 'void DbExtensions.AddWithValue(IDbCommand command, string parameterName, object value)'. [C:\Welber\Github\corte_cor_ag.git\CorteCor.csproj]
C:\Welber\Github\corte_cor_ag.git\Pages\AdmAlterarSenha.cshtml.cs(58,43): warning CS8600: Conversão de literal nula ou possível valor nulo em tipo não anulável. [C:\Welber\Github\corte_cor_ag.git\CorteCor.csproj]
C:\Welber\Github\corte_cor_ag.git\Pages\UsuarioLista.cshtml(48,38): warning CS8602: Desreferência de uma referência possivelmente nula. [C:\Welber\Github\corte_cor_ag.git\CorteCor.csproj]
C:\Welber\Github\corte_cor_ag.git\Models.cs(22,23): warning CS8618: O propriedade não anulável 'Nome' precisa conter um valor não nulo ao sair do construtor. Considere adicionar o modificador "obrigatório" ou declarar o propriedade como anulável. [C:\Welber\Github\corte_cor_ag.git\CorteCor.csproj]
C:\Welber\Github\corte_cor_ag.git\Models.cs(23,23): warning CS8618: O propriedade não anulável 'Sobrenome' precisa conter um valor não nulo ao sair do construtor. Considere adicionar o modificador "obrigatório" ou declarar o propriedade como anulável. [C:\Welber\Github\corte_cor_ag.git\CorteCor.csproj]
C:\Welber\Github\corte_cor_ag.git\Models.cs(24,23): warning CS8618: O propriedade não anulável 'CPF' precisa conter um valor não nulo ao sair do construtor. Considere adicionar o modificador "obrigatório" ou declarar o propriedade como anulável. [C:\Welber\Github\corte_cor_ag.git\CorteCor.csproj]
C:\Welber\Github\corte_cor_ag.git\Models.cs(25,23): warning CS8618: O propriedade não anulável 'Email' precisa conter um valor não nulo ao sair do construtor. Considere adicionar o modificador "obrigatório" ou declarar o propriedade como anulável. [C:\Welber\Github\corte_cor_ag.git\CorteCor.csproj]
C:\Welber\Github\corte_cor_ag.git\Models.cs(26,23): warning CS8618: O propriedade não anulável 'Telefone' precisa conter um valor não nulo ao sair do construtor. Considere adicionar o modificador "obrigatório" ou declarar o propriedade como anulável. [C:\Welber\Github\corte_cor_ag.git\CorteCor.csproj]
C:\Welber\Github\corte_cor_ag.git\Models.cs(28,23): warning CS8618: O propriedade não anulável 'Status' precisa conter um valor não nulo ao sair do construtor. Considere adicionar o modificador "obrigatório" ou declarar o propriedade como anulável. [C:\Welber\Github\corte_cor_ag.git\CorteCor.csproj]
C:\Welber\Github\corte_cor_ag.git\Models.cs(30,23): warning CS8618: O propriedade não anulável 'Senha' precisa conter um valor não nulo ao sair do construtor. Considere adicionar o modificador "obrigatório" ou declarar o propriedade como anulável. [C:\Welber\Github\corte_cor_ag.git\CorteCor.csproj]
C:\Welber\Github\corte_cor_ag.git\Models.cs(11,23): warning CS8618: O propriedade não anulável 'Nome' precisa conter um valor não nulo ao sair do construtor. Considere adicionar o modificador "obrigatório" ou declarar o propriedade como anulável. [C:\Welber\Github\corte_cor_ag.git\CorteCor.csproj]
C:\Welber\Github\corte_cor_ag.git\Models.cs(12,23): warning CS8618: O propriedade não anulável 'Email' precisa conter um valor não nulo ao sair do construtor. Considere adicionar o modificador "obrigatório" ou declarar o propriedade como anulável. [C:\Welber\Github\corte_cor_ag.git\CorteCor.csproj]
C:\Welber\Github\corte_cor_ag.git\Models.cs(13,23): warning CS8618: O propriedade não anulável 'Senha' precisa conter um valor não nulo ao sair do construtor. Considere adicionar o modificador "obrigatório" ou declarar o propriedade como anulável. [C:\Welber\Github\corte_cor_ag.git\CorteCor.csproj]
C:\Welber\Github\corte_cor_ag.git\Models.cs(14,23): warning CS8618: O propriedade não anulável 'Perfil' precisa conter um valor não nulo ao sair do construtor. Considere adicionar o modificador "obrigatório" ou declarar o propriedade como anulável. [C:\Welber\Github\corte_cor_ag.git\CorteCor.csproj]
C:\Welber\Github\corte_cor_ag.git\Models.cs(15,23): warning CS8618: O propriedade não anulável 'Status' precisa conter um valor não nulo ao sair do construtor. Considere adicionar o modificador "obrigatório" ou declarar o propriedade como anulável. [C:\Welber\Github\corte_cor_ag.git\CorteCor.csproj]
C:\Welber\Github\corte_cor_ag.git\EntityHandler.cs(2616,44): warning CS8603: Possível retorno de referência nula. [C:\Welber\Github\corte_cor_ag.git\CorteCor.csproj]
C:\Welber\Github\corte_cor_ag.git\Models.cs(39,23): warning CS8618: O propriedade não anulável 'Nome' precisa conter um valor não nulo ao sair do construtor. Considere adicionar o modificador "obrigatório" ou declarar o propriedade como anulável. [C:\Welber\Github\corte_cor_ag.git\CorteCor.csproj]
C:\Welber\Github\corte_cor_ag.git\Models.cs(40,23): warning CS8618: O propriedade não anulável 'Responsavel' precisa conter um valor não nulo ao sair do construtor. Considere adicionar o modificador "obrigatório" ou declarar o propriedade como anulável. [C:\Welber\Github\corte_cor_ag.git\CorteCor.csproj]
C:\Welber\Github\corte_cor_ag.git\Models.cs(41,23): warning CS8618: O propriedade não anulável 'Email' precisa conter um valor não nulo ao sair do construtor. Considere adicionar o modificador "obrigatório" ou declarar o propriedade como anulável. [C:\Welber\Github\corte_cor_ag.git\CorteCor.csproj]
C:\Welber\Github\corte_cor_ag.git\Models.cs(42,23): warning CS8618: O propriedade não anulável 'Telefone' precisa conter um valor não nulo ao sair do construtor. Considere adicionar o modificador "obrigatório" ou declarar o propriedade como anulável. [C:\Welber\Github\corte_cor_ag.git\CorteCor.csproj]
C:\Welber\Github\corte_cor_ag.git\Models.cs(43,23): warning CS8618: O propriedade não anulável 'Endereco' precisa conter um valor não nulo ao sair do construtor. Considere adicionar o modificador "obrigatório" ou declarar o propriedade como anulável. [C:\Welber\Github\corte_cor_ag.git\CorteCor.csproj]
C:\Welber\Github\corte_cor_ag.git\Models.cs(44,23): warning CS8618: O propriedade não anulável 'CNPJ' precisa conter um valor não nulo ao sair do construtor. Considere adicionar o modificador "obrigatório" ou declarar o propriedade como anulável. [C:\Welber\Github\corte_cor_ag.git\CorteCor.csproj]
C:\Welber\Github\corte_cor_ag.git\Models.cs(45,23): warning CS8618: O propriedade não anulável 'Status' precisa conter um valor não nulo ao sair do construtor. Considere adicionar o modificador "obrigatório" ou declarar o propriedade como anulável. [C:\Welber\Github\corte_cor_ag.git\CorteCor.csproj]
C:\Welber\Github\corte_cor_ag.git\Models.cs(46,23): warning CS8618: O propriedade não anulável 'Observacao' precisa conter um valor não nulo ao sair do construtor. Considere adicionar o modificador "obrigatório" ou declarar o propriedade como anulável. [C:\Welber\Github\corte_cor_ag.git\CorteCor.csproj]
C:\Welber\Github\corte_cor_ag.git\EntityHandler.cs(2700,44): warning CS8600: Conversão de literal nula ou possível valor nulo em tipo não anulável. [C:\Welber\Github\corte_cor_ag.git\CorteCor.csproj]
C:\Welber\Github\corte_cor_ag.git\Pages\EsqueciSenha.cshtml.cs(74,30): warning CS8600: Conversão de literal nula ou possível valor nulo em tipo não anulável. [C:\Welber\Github\corte_cor_ag.git\CorteCor.csproj]
C:\Welber\Github\corte_cor_ag.git\Pages\EsqueciSenha.cshtml.cs(89,35): warning CS8600: Conversão de literal nula ou possível valor nulo em tipo não anulável. [C:\Welber\Github\corte_cor_ag.git\CorteCor.csproj]
C:\Welber\Github\corte_cor_ag.git\Pages\EsqueciSenha.cshtml.cs(17,23): warning CS8618: O propriedade não anulável 'Email' precisa conter um valor não nulo ao sair do construtor. Considere adicionar o modificador "obrigatório" ou declarar o propriedade como anulável. [C:\Welber\Github\corte_cor_ag.git\CorteCor.csproj]
C:\Welber\Github\corte_cor_ag.git\Pages\EsqueciSenha.cshtml.cs(20,23): warning CS8618: O propriedade não anulável 'TipoUsuario' precisa conter um valor não nulo ao sair do construtor. Considere adicionar o modificador "obrigatório" ou declarar o propriedade como anulável. [C:\Welber\Github\corte_cor_ag.git\CorteCor.csproj]
C:\Welber\Github\corte_cor_ag.git\Pages\EsqueciSenha.cshtml.cs(22,23): warning CS8618: O propriedade não anulável 'Mensagem' precisa conter um valor não nulo ao sair do construtor. Considere adicionar o modificador "obrigatório" ou declarar o propriedade como anulável. [C:\Welber\Github\corte_cor_ag.git\CorteCor.csproj]
C:\Welber\Github\corte_cor_ag.git\Pages\EsqueciSenha.cshtml.cs(24,23): warning CS8618: O propriedade não anulável 'NomeCurto' precisa conter um valor não nulo ao sair do construtor. Considere adicionar o modificador "obrigatório" ou declarar o propriedade como anulável. [C:\Welber\Github\corte_cor_ag.git\CorteCor.csproj]
C:\Welber\Github\corte_cor_ag.git\Pages\EsqueciSenha.cshtml.cs(25,23): warning CS8618: O propriedade não anulável 'SalaoLink' precisa conter um valor não nulo ao sair do construtor. Considere adicionar o modificador "obrigatório" ou declarar o propriedade como anulável. [C:\Welber\Github\corte_cor_ag.git\CorteCor.csproj]
C:\Welber\Github\corte_cor_ag.git\Pages\EsqueciSenha.cshtml.cs(26,23): warning CS8618: O propriedade não anulável 'SalaoLinkID' precisa conter um valor não nulo ao sair do construtor. Considere adicionar o modificador "obrigatório" ou declarar o propriedade como anulável. [C:\Welber\Github\corte_cor_ag.git\CorteCor.csproj]
C:\Welber\Github\corte_cor_ag.git\Pages\EsqueciSenha.cshtml.cs(27,23): warning CS8618: O propriedade não anulável 'NomeSalao' precisa conter um valor não nulo ao sair do construtor. Considere adicionar o modificador "obrigatório" ou declarar o propriedade como anulável. [C:\Welber\Github\corte_cor_ag.git\CorteCor.csproj]
C:\Welber\Github\corte_cor_ag.git\Pages\FuncionarioCadastro.cshtml.cs(22,31): warning CS8601: Possível atribuição de referência nula. [C:\Welber\Github\corte_cor_ag.git\CorteCor.csproj]
C:\Welber\Github\corte_cor_ag.git\Pages\FuncionarioLista.cshtml.cs(29,32): warning CS8604: Possível argumento de referência nula para o parâmetro 's' em 'int int.Parse(string s)'. [C:\Welber\Github\corte_cor_ag.git\CorteCor.csproj]
C:\Welber\Github\corte_cor_ag.git\Pages\FuncionarioLista.cshtml.cs(30,29): warning CS8600: Conversão de literal nula ou possível valor nulo em tipo não anulável. [C:\Welber\Github\corte_cor_ag.git\CorteCor.csproj]
C:\Welber\Github\corte_cor_ag.git\Pages\FuncionarioLista.cshtml.cs(13,34): warning CS8618: O propriedade não anulável 'Funcionarios' precisa conter um valor não nulo ao sair do construtor. Considere adicionar o modificador "obrigatório" ou declarar o propriedade como anulável. [C:\Welber\Github\corte_cor_ag.git\CorteCor.csproj]
C:\Welber\Github\corte_cor_ag.git\Pages\FuncionarioLista.cshtml.cs(14,23): warning CS8618: O propriedade não anulável 'Mensagem' precisa conter um valor não nulo ao sair do construtor. Considere adicionar o modificador "obrigatório" ou declarar o propriedade como anulável. [C:\Welber\Github\corte_cor_ag.git\CorteCor.csproj]
C:\Welber\Github\corte_cor_ag.git\Pages\FuncionarioCadastro.cshtml.cs(54,24): warning CS8601: Possível atribuição de referência nula. [C:\Welber\Github\corte_cor_ag.git\CorteCor.csproj]
C:\Welber\Github\corte_cor_ag.git\Pages\FuncionarioServicoLista.cshtml.cs(17,27): warning CS8618: O propriedade não anulável 'FuncionarioNome' precisa conter um valor não nulo ao sair do construtor. Considere adicionar o modificador "obrigatório" ou declarar o propriedade como anulável. [C:\Welber\Github\corte_cor_ag.git\CorteCor.csproj]
C:\Welber\Github\corte_cor_ag.git\Pages\FuncionarioServicoLista.cshtml.cs(20,27): warning CS8618: O propriedade não anulável 'ServicoNome' precisa conter um valor não nulo ao sair do construtor. Considere adicionar o modificador "obrigatório" ou declarar o propriedade como anulável. [C:\Welber\Github\corte_cor_ag.git\CorteCor.csproj]
C:\Welber\Github\corte_cor_ag.git\Pages\FuncionarioCadastro.cshtml.cs(10,28): warning CS8618: O propriedade não anulável 'Funcionario' precisa conter um valor não nulo ao sair do construtor. Considere adicionar o modificador "obrigatório" ou declarar o propriedade como anulável. [C:\Welber\Github\corte_cor_ag.git\CorteCor.csproj]
C:\Welber\Github\corte_cor_ag.git\Pages\FuncionarioCadastro.cshtml.cs(12,23): warning CS8618: O propriedade não anulável 'Mensagem' precisa conter um valor não nulo ao sair do construtor. Considere adicionar o modificador "obrigatório" ou declarar o propriedade como anulável. [C:\Welber\Github\corte_cor_ag.git\CorteCor.csproj]
C:\Welber\Github\corte_cor_ag.git\Pages\MeioPagamentoCadastro.cshtml.cs(19,33): warning CS8601: Possível atribuição de referência nula. [C:\Welber\Github\corte_cor_ag.git\CorteCor.csproj]
C:\Welber\Github\corte_cor_ag.git\Pages\Logout2.cshtml.cs(10,42): warning CS1998: This async method lacks 'await' operators and will run synchronously. Consider using the 'await' operator to await non-blocking API calls, or 'await Task.Run(...)' to do CPU-bound work on a background thread. [C:\Welber\Github\corte_cor_ag.git\CorteCor.csproj]
C:\Welber\Github\corte_cor_ag.git\Pages\FuncionarioServicoCadastro.cshtml.cs(13,34): warning CS8618: O propriedade não anulável 'Funcionarios' precisa conter um valor não nulo ao sair do construtor. Considere adicionar o modificador "obrigatório" ou declarar o propriedade como anulável. [C:\Welber\Github\corte_cor_ag.git\CorteCor.csproj]
C:\Welber\Github\corte_cor_ag.git\Pages\FuncionarioServicoCadastro.cshtml.cs(14,30): warning CS8618: O propriedade não anulável 'Servicos' precisa conter um valor não nulo ao sair do construtor. Considere adicionar o modificador "obrigatório" ou declarar o propriedade como anulável. [C:\Welber\Github\corte_cor_ag.git\CorteCor.csproj]
C:\Welber\Github\corte_cor_ag.git\Pages\FuncionarioServicoCadastro.cshtml.cs(20,23): warning CS8618: O propriedade não anulável 'Mensagem' precisa conter um valor não nulo ao sair do construtor. Considere adicionar o modificador "obrigatório" ou declarar o propriedade como anulável. [C:\Welber\Github\corte_cor_ag.git\CorteCor.csproj]
C:\Welber\Github\corte_cor_ag.git\Pages\MeioPagamentoLista.cshtml.cs(26,32): warning CS8604: Possível argumento de referência nula para o parâmetro 's' em 'int int.Parse(string s)'. [C:\Welber\Github\corte_cor_ag.git\CorteCor.csproj]
C:\Welber\Github\corte_cor_ag.git\Pages\MeioPagamentoLista.cshtml.cs(27,29): warning CS8600: Conversão de literal nula ou possível valor nulo em tipo não anulável. [C:\Welber\Github\corte_cor_ag.git\CorteCor.csproj]
C:\Welber\Github\corte_cor_ag.git\Pages\MeioPagamentoLista.cshtml.cs(13,36): warning CS8618: O propriedade não anulável 'MeiosPagamento' precisa conter um valor não nulo ao sair do construtor. Considere adicionar o modificador "obrigatório" ou declarar o propriedade como anulável. [C:\Welber\Github\corte_cor_ag.git\CorteCor.csproj]
C:\Welber\Github\corte_cor_ag.git\Pages\MeioPagamentoLista.cshtml.cs(14,23): warning CS8618: O propriedade não anulável 'Mensagem' precisa conter um valor não nulo ao sair do construtor. Considere adicionar o modificador "obrigatório" ou declarar o propriedade como anulável. [C:\Welber\Github\corte_cor_ag.git\CorteCor.csproj]
C:\Welber\Github\corte_cor_ag.git\Pages\Painel.cshtml.cs(12,40): warning CS8618: O propriedade não anulável 'DocumentacaoChartData' precisa conter um valor não nulo ao sair do construtor. Considere adicionar o modificador "obrigatório" ou declarar o propriedade como anulável. [C:\Welber\Github\corte_cor_ag.git\CorteCor.csproj]
C:\Welber\Github\corte_cor_ag.git\Pages\Painel.cshtml.cs(13,40): warning CS8618: O propriedade não anulável 'TipoImovelChartData' precisa conter um valor não nulo ao sair do construtor. Considere adicionar o modificador "obrigatório" ou declarar o propriedade como anulável. [C:\Welber\Github\corte_cor_ag.git\CorteCor.csproj]
C:\Welber\Github\corte_cor_ag.git\Pages\Painel.cshtml.cs(14,40): warning CS8618: O propriedade não anulável 'TipoEdificacaoChartData' precisa conter um valor não nulo ao sair do construtor. Considere adicionar o modificador "obrigatório" ou declarar o propriedade como anulável. [C:\Welber\Github\corte_cor_ag.git\CorteCor.csproj]
C:\Welber\Github\corte_cor_ag.git\Pages\Painel.cshtml.cs(15,40): warning CS8618: O propriedade não anulável 'AcabamentoChartData' precisa conter um valor não nulo ao sair do construtor. Considere adicionar o modificador "obrigatório" ou declarar o propriedade como anulável. [C:\Welber\Github\corte_cor_ag.git\CorteCor.csproj]
C:\Welber\Github\corte_cor_ag.git\Pages\Painel.cshtml.cs(16,40): warning CS8618: O propriedade não anulável 'AguaPotavelChartData' precisa conter um valor não nulo ao sair do construtor. Considere adicionar o modificador "obrigatório" ou declarar o propriedade como anulável. [C:\Welber\Github\corte_cor_ag.git\CorteCor.csproj]
C:\Welber\Github\corte_cor_ag.git\Pages\Painel.cshtml.cs(17,40): warning CS8618: O propriedade não anulável 'EsgotamentoSanitarioChartData' precisa conter um valor não nulo ao sair do construtor. Considere adicionar o modificador "obrigatório" ou declarar o propriedade como anulável. [C:\Welber\Github\corte_cor_ag.git\CorteCor.csproj]
C:\Welber\Github\corte_cor_ag.git\Pages\Painel.cshtml.cs(18,40): warning CS8618: O propriedade não anulável 'EnergiaEletricaChartData' precisa conter um valor não nulo ao sair do construtor. Considere adicionar o modificador "obrigatório" ou declarar o propriedade como anulável. [C:\Welber\Github\corte_cor_ag.git\CorteCor.csproj]
C:\Welber\Github\corte_cor_ag.git\Pages\Painel.cshtml.cs(19,40): warning CS8618: O propriedade não anulável 'DestinoLixoChartData' precisa conter um valor não nulo ao sair do construtor. Considere adicionar o modificador "obrigatório" ou declarar o propriedade como anulável. [C:\Welber\Github\corte_cor_ag.git\CorteCor.csproj]
C:\Welber\Github\corte_cor_ag.git\Pages\Painel.cshtml.cs(20,40): warning CS8618: O propriedade não anulável 'CondicaoOcupacaoLoteChartData' precisa conter um valor não nulo ao sair do construtor. Considere adicionar o modificador "obrigatório" ou declarar o propriedade como anulável. [C:\Welber\Github\corte_cor_ag.git\CorteCor.csproj]
C:\Welber\Github\corte_cor_ag.git\Pages\Painel.cshtml.cs(21,40): warning CS8618: O propriedade não anulável 'NumeroOcupacaoChartData' precisa conter um valor não nulo ao sair do construtor. Considere adicionar o modificador "obrigatório" ou declarar o propriedade como anulável. [C:\Welber\Github\corte_cor_ag.git\CorteCor.csproj]
C:\Welber\Github\corte_cor_ag.git\Pages\Painel.cshtml.cs(22,40): warning CS8618: O propriedade não anulável 'PossuiOutroImovelChartData' precisa conter um valor não nulo ao sair do construtor. Considere adicionar o modificador "obrigatório" ou declarar o propriedade como anulável. [C:\Welber\Github\corte_cor_ag.git\CorteCor.csproj]
C:\Welber\Github\corte_cor_ag.git\Pages\Painel.cshtml.cs(23,40): warning CS8618: O propriedade não anulável 'PossuiIPTUChartData' precisa conter um valor não nulo ao sair do construtor. Considere adicionar o modificador "obrigatório" ou declarar o propriedade como anulável. [C:\Welber\Github\corte_cor_ag.git\CorteCor.csproj]
C:\Welber\Github\corte_cor_ag.git\Pages\Index.cshtml.cs(48,49): warning CS8600: Conversão de literal nula ou possível valor nulo em tipo não anulável. [C:\Welber\Github\corte_cor_ag.git\CorteCor.csproj]
C:\Welber\Github\corte_cor_ag.git\Pages\Index.cshtml.cs(63,44): warning CS8604: Possível argumento de referência nula para o parâmetro 'value' em 'Claim.Claim(string type, string value)'. [C:\Welber\Github\corte_cor_ag.git\CorteCor.csproj]
C:\Welber\Github\corte_cor_ag.git\Pages\Index.cshtml.cs(64,42): warning CS8602: Desreferência de uma referência possivelmente nula. [C:\Welber\Github\corte_cor_ag.git\CorteCor.csproj]
C:\Welber\Github\corte_cor_ag.git\Pages\Index.cshtml.cs(14,23): warning CS8618: O propriedade não anulável 'ErrorMessage' precisa conter um valor não nulo ao sair do construtor. Considere adicionar o modificador "obrigatório" ou declarar o propriedade como anulável. [C:\Welber\Github\corte_cor_ag.git\CorteCor.csproj]
C:\Welber\Github\corte_cor_ag.git\Pages\Index.cshtml.cs(15,23): warning CS8618: O propriedade não anulável 'NomeSalao' precisa conter um valor não nulo ao sair do construtor. Considere adicionar o modificador "obrigatório" ou declarar o propriedade como anulável. [C:\Welber\Github\corte_cor_ag.git\CorteCor.csproj]
C:\Welber\Github\corte_cor_ag.git\Pages\PessoaCadastro.cshtml.cs(19,26): warning CS8601: Possível atribuição de referência nula. [C:\Welber\Github\corte_cor_ag.git\CorteCor.csproj]
C:\Welber\Github\corte_cor_ag.git\Pages\MeioPagamentoCadastro.cshtml.cs(58,47): warning CS8604: Possível argumento de referência nula para o parâmetro 's' em 'DateTime DateTime.Parse(string s)'. [C:\Welber\Github\corte_cor_ag.git\CorteCor.csproj]
C:\Welber\Github\corte_cor_ag.git\Pages\MeioPagamentoCadastro.cshtml.cs(63,73): warning CS8604: Possível argumento de referência nula para o parâmetro 'valor' em 'byte? MeioPagamentoCadastroModel.ParseByteNullable(string valor)'. [C:\Welber\Github\corte_cor_ag.git\CorteCor.csproj]
C:\Welber\Github\corte_cor_ag.git\Pages\MeioPagamentoCadastro.cshtml.cs(68,24): warning CS8601: Possível atribuição de referência nula. [C:\Welber\Github\corte_cor_ag.git\CorteCor.csproj]
C:\Welber\Github\corte_cor_ag.git\Pages\MeioPagamentoCadastro.cshtml.cs(69,24): warning CS8601: Possível atribuição de referência nula. [C:\Welber\Github\corte_cor_ag.git\CorteCor.csproj]
C:\Welber\Github\corte_cor_ag.git\Pages\MeioPagamentoCadastro.cshtml.cs(70,27): warning CS8601: Possível atribuição de referência nula. [C:\Welber\Github\corte_cor_ag.git\CorteCor.csproj]
C:\Welber\Github\corte_cor_ag.git\Pages\MeioPagamentoCadastro.cshtml.cs(75,49): warning CS8604: Possível argumento de referência nula para o parâmetro 'valor' em 'decimal MeioPagamentoCadastroModel.ParseDecimalBR(string valor)'. [C:\Welber\Github\corte_cor_ag.git\CorteCor.csproj]
C:\Welber\Github\corte_cor_ag.git\Pages\MeioPagamentoCadastro.cshtml.cs(76,43): warning CS8604: Possível argumento de referência nula para o parâmetro 'valor' em 'decimal MeioPagamentoCadastroModel.ParseDecimalBR(string valor)'. [C:\Welber\Github\corte_cor_ag.git\CorteCor.csproj]
C:\Welber\Github\corte_cor_ag.git\Pages\MeioPagamentoCadastro.cshtml.cs(10,30): warning CS8618: O propriedade não anulável 'MeioPagamento' precisa conter um valor não nulo ao sair do construtor. Considere adicionar o modificador "obrigatório" ou declarar o propriedade como anulável. [C:\Welber\Github\corte_cor_ag.git\CorteCor.csproj]
C:\Welber\Github\corte_cor_ag.git\Pages\MeioPagamentoCadastro.cshtml.cs(12,23): warning CS8618: O propriedade não anulável 'Mensagem' precisa conter um valor não nulo ao sair do construtor. Considere adicionar o modificador "obrigatório" ou declarar o propriedade como anulável. [C:\Welber\Github\corte_cor_ag.git\CorteCor.csproj]
C:\Welber\Github\corte_cor_ag.git\Pages\SalaoCadastro.cshtml.cs(19,25): warning CS8601: Possível atribuição de referência nula. [C:\Welber\Github\corte_cor_ag.git\CorteCor.csproj]
C:\Welber\Github\corte_cor_ag.git\Pages\PagamentoLista.cshtml.cs(52,29): warning CS8600: Conversão de literal nula ou possível valor nulo em tipo não anulável. [C:\Welber\Github\corte_cor_ag.git\CorteCor.csproj]
C:\Welber\Github\corte_cor_ag.git\Pages\PagamentoLista.cshtml.cs(14,32): warning CS8618: O propriedade não anulável 'Pagamentos' precisa conter um valor não nulo ao sair do construtor. Considere adicionar o modificador "obrigatório" ou declarar o propriedade como anulável. [C:\Welber\Github\corte_cor_ag.git\CorteCor.csproj]
C:\Welber\Github\corte_cor_ag.git\Pages\PagamentoLista.cshtml.cs(15,23): warning CS8618: O propriedade não anulável 'Mensagem' precisa conter um valor não nulo ao sair do construtor. Considere adicionar o modificador "obrigatório" ou declarar o propriedade como anulável. [C:\Welber\Github\corte_cor_ag.git\CorteCor.csproj]
C:\Welber\Github\corte_cor_ag.git\Pages\SalaoCadastro.cshtml.cs(32,24): warning CS8601: Possível atribuição de referência nula. [C:\Welber\Github\corte_cor_ag.git\CorteCor.csproj]
C:\Welber\Github\corte_cor_ag.git\Pages\SalaoCadastro.cshtml.cs(33,31): warning CS8601: Possível atribuição de referência nula. [C:\Welber\Github\corte_cor_ag.git\CorteCor.csproj]
C:\Welber\Github\corte_cor_ag.git\Pages\SalaoCadastro.cshtml.cs(34,25): warning CS8601: Possível atribuição de referência nula. [C:\Welber\Github\corte_cor_ag.git\CorteCor.csproj]
C:\Welber\Github\corte_cor_ag.git\Pages\SalaoCadastro.cshtml.cs(35,28): warning CS8601: Possível atribuição de referência nula. [C:\Welber\Github\corte_cor_ag.git\CorteCor.csproj]
C:\Welber\Github\corte_cor_ag.git\Pages\SalaoCadastro.cshtml.cs(36,28): warning CS8601: Possível atribuição de referência nula. [C:\Welber\Github\corte_cor_ag.git\CorteCor.csproj]
C:\Welber\Github\corte_cor_ag.git\Pages\SalaoCadastro.cshtml.cs(37,24): warning CS8601: Possível atribuição de referência nula. [C:\Welber\Github\corte_cor_ag.git\CorteCor.csproj]
C:\Welber\Github\corte_cor_ag.git\Pages\SalaoCadastro.cshtml.cs(39,47): warning CS8604: Possível argumento de referência nula para o parâmetro 's' em 'DateTime DateTime.Parse(string s)'. [C:\Welber\Github\corte_cor_ag.git\CorteCor.csproj]
C:\Welber\Github\corte_cor_ag.git\Pages\SalaoCadastro.cshtml.cs(40,30): warning CS8601: Possível atribuição de referência nula. [C:\Welber\Github\corte_cor_ag.git\CorteCor.csproj]
C:\Welber\Github\corte_cor_ag.git\Pages\SalaoCadastro.cshtml.cs(10,22): warning CS8618: O propriedade não anulável 'Salao' precisa conter um valor não nulo ao sair do construtor. Considere adicionar o modificador "obrigatório" ou declarar o propriedade como anulável. [C:\Welber\Github\corte_cor_ag.git\CorteCor.csproj]
C:\Welber\Github\corte_cor_ag.git\Pages\SalaoCadastro.cshtml.cs(12,23): warning CS8618: O propriedade não anulável 'Mensagem' precisa conter um valor não nulo ao sair do construtor. Considere adicionar o modificador "obrigatório" ou declarar o propriedade como anulável. [C:\Welber\Github\corte_cor_ag.git\CorteCor.csproj]
C:\Welber\Github\corte_cor_ag.git\Pages\FuncionarioServicoLista.cshtml.cs(81,29): warning CS8600: Conversão de literal nula ou possível valor nulo em tipo não anulável. [C:\Welber\Github\corte_cor_ag.git\CorteCor.csproj]
C:\Welber\Github\corte_cor_ag.git\Pages\FuncionarioServicoLista.cshtml.cs(26,23): warning CS8618: O propriedade não anulável 'Mensagem' precisa conter um valor não nulo ao sair do construtor. Considere adicionar o modificador "obrigatório" ou declarar o propriedade como anulável. [C:\Welber\Github\corte_cor_ag.git\CorteCor.csproj]
C:\Welber\Github\corte_cor_ag.git\Pages\PessoaCadastro.cshtml.cs(34,49): warning CS8604: Possível argumento de referência nula para o parâmetro 's' em 'DateTime DateTime.Parse(string s)'. [C:\Welber\Github\corte_cor_ag.git\CorteCor.csproj]
C:\Welber\Github\corte_cor_ag.git\Pages\PessoaCadastro.cshtml.cs(39,24): warning CS8601: Possível atribuição de referência nula. [C:\Welber\Github\corte_cor_ag.git\CorteCor.csproj]
C:\Welber\Github\corte_cor_ag.git\Pages\PessoaCadastro.cshtml.cs(40,28): warning CS8601: Possível atribuição de referência nula. [C:\Welber\Github\corte_cor_ag.git\CorteCor.csproj]
C:\Welber\Github\corte_cor_ag.git\Pages\PessoaCadastro.cshtml.cs(41,25): warning CS8601: Possível atribuição de referência nula. [C:\Welber\Github\corte_cor_ag.git\CorteCor.csproj]
C:\Welber\Github\corte_cor_ag.git\Pages\PessoaCadastro.cshtml.cs(10,23): warning CS8618: O propriedade não anulável 'Pessoa' precisa conter um valor não nulo ao sair do construtor. Considere adicionar o modificador "obrigatório" ou declarar o propriedade como anulável. [C:\Welber\Github\corte_cor_ag.git\CorteCor.csproj]
C:\Welber\Github\corte_cor_ag.git\Pages\PessoaCadastro.cshtml.cs(12,23): warning CS8618: O propriedade não anulável 'Mensagem' precisa conter um valor não nulo ao sair do construtor. Considere adicionar o modificador "obrigatório" ou declarar o propriedade como anulável. [C:\Welber\Github\corte_cor_ag.git\CorteCor.csproj]
C:\Welber\Github\corte_cor_ag.git\Pages\PessoaExcluidos.cshtml.cs(79,32): warning CS8604: Possível argumento de referência nula para o parâmetro 's' em 'int int.Parse(string s)'. [C:\Welber\Github\corte_cor_ag.git\CorteCor.csproj]
C:\Welber\Github\corte_cor_ag.git\Pages\PessoaExcluidos.cshtml.cs(80,29): warning CS8600: Conversão de literal nula ou possível valor nulo em tipo não anulável. [C:\Welber\Github\corte_cor_ag.git\CorteCor.csproj]
C:\Welber\Github\corte_cor_ag.git\Pages\PessoaExcluidos.cshtml.cs(13,29): warning CS8618: O propriedade não anulável 'Pessoas' precisa conter um valor não nulo ao sair do construtor. Considere adicionar o modificador "obrigatório" ou declarar o propriedade como anulável. [C:\Welber\Github\corte_cor_ag.git\CorteCor.csproj]
C:\Welber\Github\corte_cor_ag.git\Pages\PessoaExcluidos.cshtml.cs(14,23): warning CS8618: O propriedade não anulável 'Mensagem' precisa conter um valor não nulo ao sair do construtor. Considere adicionar o modificador "obrigatório" ou declarar o propriedade como anulável. [C:\Welber\Github\corte_cor_ag.git\CorteCor.csproj]
C:\Welber\Github\corte_cor_ag.git\Pages\ServicoLista.cshtml.cs(26,32): warning CS8604: Possível argumento de referência nula para o parâmetro 's' em 'int int.Parse(string s)'. [C:\Welber\Github\corte_cor_ag.git\CorteCor.csproj]
C:\Welber\Github\corte_cor_ag.git\Pages\ServicoLista.cshtml.cs(27,29): warning CS8600: Conversão de literal nula ou possível valor nulo em tipo não anulável. [C:\Welber\Github\corte_cor_ag.git\CorteCor.csproj]
C:\Welber\Github\corte_cor_ag.git\Pages\ServicoLista.cshtml.cs(13,30): warning CS8618: O propriedade não anulável 'Servicos' precisa conter um valor não nulo ao sair do construtor. Considere adicionar o modificador "obrigatório" ou declarar o propriedade como anulável. [C:\Welber\Github\corte_cor_ag.git\CorteCor.csproj]
C:\Welber\Github\corte_cor_ag.git\Pages\ServicoLista.cshtml.cs(14,23): warning CS8618: O propriedade não anulável 'Mensagem' precisa conter um valor não nulo ao sair do construtor. Considere adicionar o modificador "obrigatório" ou declarar o propriedade como anulável. [C:\Welber\Github\corte_cor_ag.git\CorteCor.csproj]
C:\Welber\Github\corte_cor_ag.git\Pages\UsuarioAlterarSenha.cshtml.cs(20,16): warning CS8618: O propriedade não anulável 'SenhaAtual' precisa conter um valor não nulo ao sair do construtor. Considere adicionar o modificador "obrigatório" ou declarar o propriedade como anulável. [C:\Welber\Github\corte_cor_ag.git\CorteCor.csproj]
C:\Welber\Github\corte_cor_ag.git\Pages\UsuarioAlterarSenha.cshtml.cs(20,16): warning CS8618: O propriedade não anulável 'EmailUsuario' precisa conter um valor não nulo ao sair do construtor. Considere adicionar o modificador "obrigatório" ou declarar o propriedade como anulável. [C:\Welber\Github\corte_cor_ag.git\CorteCor.csproj]
C:\Welber\Github\corte_cor_ag.git\Pages\UsuarioAlterarSenha.cshtml.cs(20,16): warning CS8618: O propriedade não anulável 'NovaSenha' precisa conter um valor não nulo ao sair do construtor. Considere adicionar o modificador "obrigatório" ou declarar o propriedade como anulável. [C:\Welber\Github\corte_cor_ag.git\CorteCor.csproj]
C:\Welber\Github\corte_cor_ag.git\Pages\UsuarioAlterarSenha.cshtml.cs(20,16): warning CS8618: O propriedade não anulável 'ConfirmarSenha' precisa conter um valor não nulo ao sair do construtor. Considere adicionar o modificador "obrigatório" ou declarar o propriedade como anulável. [C:\Welber\Github\corte_cor_ag.git\CorteCor.csproj]
C:\Welber\Github\corte_cor_ag.git\Pages\UsuarioAlterarSenha.cshtml.cs(20,16): warning CS8618: O propriedade não anulável 'NomeCurto' precisa conter um valor não nulo ao sair do construtor. Considere adicionar o modificador "obrigatório" ou declarar o propriedade como anulável. [C:\Welber\Github\corte_cor_ag.git\CorteCor.csproj]
C:\Welber\Github\corte_cor_ag.git\Pages\UsuarioAlterarSenha.cshtml.cs(40,28): warning CS8602: Desreferência de uma referência possivelmente nula. [C:\Welber\Github\corte_cor_ag.git\CorteCor.csproj]
C:\Welber\Github\corte_cor_ag.git\Pages\UsuarioAlterarSenha.cshtml.cs(40,28): warning CS8601: Possível atribuição de referência nula. [C:\Welber\Github\corte_cor_ag.git\CorteCor.csproj]
C:\Welber\Github\corte_cor_ag.git\Pages\PessoaLista.cshtml.cs(26,32): warning CS8604: Possível argumento de referência nula para o parâmetro 's' em 'int int.Parse(string s)'. [C:\Welber\Github\corte_cor_ag.git\CorteCor.csproj]
C:\Welber\Github\corte_cor_ag.git\Pages\PessoaLista.cshtml.cs(27,29): warning CS8600: Conversão de literal nula ou possível valor nulo em tipo não anulável. [C:\Welber\Github\corte_cor_ag.git\CorteCor.csproj]
C:\Welber\Github\corte_cor_ag.git\Pages\PessoaLista.cshtml.cs(13,29): warning CS8618: O propriedade não anulável 'Pessoas' precisa conter um valor não nulo ao sair do construtor. Considere adicionar o modificador "obrigatório" ou declarar o propriedade como anulável. [C:\Welber\Github\corte_cor_ag.git\CorteCor.csproj]
C:\Welber\Github\corte_cor_ag.git\Pages\PessoaLista.cshtml.cs(14,23): warning CS8618: O propriedade não anulável 'Mensagem' precisa conter um valor não nulo ao sair do construtor. Considere adicionar o modificador "obrigatório" ou declarar o propriedade como anulável. [C:\Welber\Github\corte_cor_ag.git\CorteCor.csproj]
C:\Welber\Github\corte_cor_ag.git\Pages\UsuarioCadastro.cshtml.cs(31,27): warning CS8601: Possível atribuição de referência nula. [C:\Welber\Github\corte_cor_ag.git\CorteCor.csproj]
C:\Welber\Github\corte_cor_ag.git\Pages\UsuarioDashboard.cshtml.cs(44,16): warning CS8618: O propriedade não anulável 'ErrorMessage' precisa conter um valor não nulo ao sair do construtor. Considere adicionar o modificador "obrigatório" ou declarar o propriedade como anulável. [C:\Welber\Github\corte_cor_ag.git\CorteCor.csproj]
C:\Welber\Github\corte_cor_ag.git\Pages\UsuarioDashboard.cshtml.cs(44,16): warning CS8618: O propriedade não anulável 'NomeUsuario' precisa conter um valor não nulo ao sair do construtor. Considere adicionar o modificador "obrigatório" ou declarar o propriedade como anulável. [C:\Welber\Github\corte_cor_ag.git\CorteCor.csproj]
C:\Welber\Github\corte_cor_ag.git\Pages\UsuarioDashboard.cshtml.cs(44,16): warning CS8618: O propriedade não anulável 'NomeSalao' precisa conter um valor não nulo ao sair do construtor. Considere adicionar o modificador "obrigatório" ou declarar o propriedade como anulável. [C:\Welber\Github\corte_cor_ag.git\CorteCor.csproj]
C:\Welber\Github\corte_cor_ag.git\Pages\UsuarioDashboard.cshtml.cs(44,16): warning CS8618: O propriedade não anulável 'Saloes' precisa conter um valor não nulo ao sair do construtor. Considere adicionar o modificador "obrigatório" ou declarar o propriedade como anulável. [C:\Welber\Github\corte_cor_ag.git\CorteCor.csproj]
C:\Welber\Github\corte_cor_ag.git\Pages\UsuarioDashboard.cshtml.cs(44,16): warning CS8618: O propriedade não anulável 'DocumentacaoChartData' precisa conter um valor não nulo ao sair do construtor. Considere adicionar o modificador "obrigatório" ou declarar o propriedade como anulável. [C:\Welber\Github\corte_cor_ag.git\CorteCor.csproj]
C:\Welber\Github\corte_cor_ag.git\Pages\UsuarioDashboard.cshtml.cs(44,16): warning CS8618: O propriedade não anulável 'TipoImovelChartData' precisa conter um valor não nulo ao sair do construtor. Considere adicionar o modificador "obrigatório" ou declarar o propriedade como anulável. [C:\Welber\Github\corte_cor_ag.git\CorteCor.csproj]
C:\Welber\Github\corte_cor_ag.git\Pages\UsuarioDashboard.cshtml.cs(44,16): warning CS8618: O propriedade não anulável 'TipoEdificacaoChartData' precisa conter um valor não nulo ao sair do construtor. Considere adicionar o modificador "obrigatório" ou declarar o propriedade como anulável. [C:\Welber\Github\corte_cor_ag.git\CorteCor.csproj]
C:\Welber\Github\corte_cor_ag.git\Pages\UsuarioDashboard.cshtml.cs(44,16): warning CS8618: O propriedade não anulável 'AcabamentoChartData' precisa conter um valor não nulo ao sair do construtor. Considere adicionar o modificador "obrigatório" ou declarar o propriedade como anulável. [C:\Welber\Github\corte_cor_ag.git\CorteCor.csproj]
C:\Welber\Github\corte_cor_ag.git\Pages\UsuarioDashboard.cshtml.cs(44,16): warning CS8618: O propriedade não anulável 'AguaPotavelChartData' precisa conter um valor não nulo ao sair do construtor. Considere adicionar o modificador "obrigatório" ou declarar o propriedade como anulável. [C:\Welber\Github\corte_cor_ag.git\CorteCor.csproj]
C:\Welber\Github\corte_cor_ag.git\Pages\UsuarioDashboard.cshtml.cs(44,16): warning CS8618: O propriedade não anulável 'EsgotamentoSanitarioChartData' precisa conter um valor não nulo ao sair do construtor. Considere adicionar o modificador "obrigatório" ou declarar o propriedade como anulável. [C:\Welber\Github\corte_cor_ag.git\CorteCor.csproj]
C:\Welber\Github\corte_cor_ag.git\Pages\UsuarioDashboard.cshtml.cs(44,16): warning CS8618: O propriedade não anulável 'EnergiaEletricaChartData' precisa conter um valor não nulo ao sair do construtor. Considere adicionar o modificador "obrigatório" ou declarar o propriedade como anulável. [C:\Welber\Github\corte_cor_ag.git\CorteCor.csproj]
C:\Welber\Github\corte_cor_ag.git\Pages\UsuarioDashboard.cshtml.cs(44,16): warning CS8618: O propriedade não anulável 'DestinoLixoChartData' precisa conter um valor não nulo ao sair do construtor. Considere adicionar o modificador "obrigatório" ou declarar o propriedade como anulável. [C:\Welber\Github\corte_cor_ag.git\CorteCor.csproj]
C:\Welber\Github\corte_cor_ag.git\Pages\UsuarioDashboard.cshtml.cs(44,16): warning CS8618: O propriedade não anulável 'CondicaoOcupacaoLoteChartData' precisa conter um valor não nulo ao sair do construtor. Considere adicionar o modificador "obrigatório" ou declarar o propriedade como anulável. [C:\Welber\Github\corte_cor_ag.git\CorteCor.csproj]
C:\Welber\Github\corte_cor_ag.git\Pages\UsuarioDashboard.cshtml.cs(44,16): warning CS8618: O propriedade não anulável 'NumeroOcupacaoChartData' precisa conter um valor não nulo ao sair do construtor. Considere adicionar o modificador "obrigatório" ou declarar o propriedade como anulável. [C:\Welber\Github\corte_cor_ag.git\CorteCor.csproj]
C:\Welber\Github\corte_cor_ag.git\Pages\UsuarioDashboard.cshtml.cs(44,16): warning CS8618: O propriedade não anulável 'PossuiOutroImovelChartData' precisa conter um valor não nulo ao sair do construtor. Considere adicionar o modificador "obrigatório" ou declarar o propriedade como anulável. [C:\Welber\Github\corte_cor_ag.git\CorteCor.csproj]
C:\Welber\Github\corte_cor_ag.git\Pages\UsuarioDashboard.cshtml.cs(44,16): warning CS8618: O propriedade não anulável 'PossuiIPTUChartData' precisa conter um valor não nulo ao sair do construtor. Considere adicionar o modificador "obrigatório" ou declarar o propriedade como anulável. [C:\Welber\Github\corte_cor_ag.git\CorteCor.csproj]
C:\Welber\Github\corte_cor_ag.git\Pages\PagamentoCadastro.cshtml.cs(95,44): warning CS8604: Possível argumento de referência nula para o parâmetro 'valor' em 'decimal PagamentoCadastroModel.ParseDecimalBR(string valor)'. [C:\Welber\Github\corte_cor_ag.git\CorteCor.csproj]
C:\Welber\Github\corte_cor_ag.git\Pages\PagamentoCadastro.cshtml.cs(96,48): warning CS8604: Possível argumento de referência nula para o parâmetro 'valor' em 'DateTime PagamentoCadastroModel.ParseDateTimeLocal(string valor)'. [C:\Welber\Github\corte_cor_ag.git\CorteCor.csproj]
C:\Welber\Github\corte_cor_ag.git\Pages\PagamentoCadastro.cshtml.cs(97,106): warning CS8604: Possível argumento de referência nula para o parâmetro 's' em 'DateTime DateTime.Parse(string s)'. [C:\Welber\Github\corte_cor_ag.git\CorteCor.csproj]
C:\Welber\Github\corte_cor_ag.git\Pages\PagamentoCadastro.cshtml.cs(11,26): warning CS8618: O propriedade não anulável 'Pagamento' precisa conter um valor não nulo ao sair do construtor. Considere adicionar o modificador "obrigatório" ou declarar o propriedade como anulável. [C:\Welber\Github\corte_cor_ag.git\CorteCor.csproj]
C:\Welber\Github\corte_cor_ag.git\Pages\PagamentoCadastro.cshtml.cs(13,23): warning CS8618: O propriedade não anulável 'Mensagem' precisa conter um valor não nulo ao sair do construtor. Considere adicionar o modificador "obrigatório" ou declarar o propriedade como anulável. [C:\Welber\Github\corte_cor_ag.git\CorteCor.csproj]
C:\Welber\Github\corte_cor_ag.git\Pages\SalaoLeitura.cshtml.cs(20,21): warning CS8601: Possível atribuição de referência nula. [C:\Welber\Github\corte_cor_ag.git\CorteCor.csproj]
C:\Welber\Github\corte_cor_ag.git\Pages\SalaoLeitura.cshtml.cs(10,22): warning CS8618: O propriedade não anulável 'Salao' precisa conter um valor não nulo ao sair do construtor. Considere adicionar o modificador "obrigatório" ou declarar o propriedade como anulável. [C:\Welber\Github\corte_cor_ag.git\CorteCor.csproj]
C:\Welber\Github\corte_cor_ag.git\Pages\SalaoLeitura.cshtml.cs(12,23): warning CS8618: O propriedade não anulável 'Mensagem' precisa conter um valor não nulo ao sair do construtor. Considere adicionar o modificador "obrigatório" ou declarar o propriedade como anulável. [C:\Welber\Github\corte_cor_ag.git\CorteCor.csproj]
C:\Welber\Github\corte_cor_ag.git\Pages\ServicoCadastro.cshtml.cs(19,27): warning CS8601: Possível atribuição de referência nula. [C:\Welber\Github\corte_cor_ag.git\CorteCor.csproj]
C:\Welber\Github\corte_cor_ag.git\Pages\SalaoLista.cshtml.cs(35,32): warning CS8604: Possível argumento de referência nula para o parâmetro 's' em 'int int.Parse(string s)'. [C:\Welber\Github\corte_cor_ag.git\CorteCor.csproj]
C:\Welber\Github\corte_cor_ag.git\Pages\SalaoLista.cshtml.cs(36,29): warning CS8600: Conversão de literal nula ou possível valor nulo em tipo não anulável. [C:\Welber\Github\corte_cor_ag.git\CorteCor.csproj]
C:\Welber\Github\corte_cor_ag.git\Pages\SalaoLista.cshtml.cs(14,28): warning CS8618: O propriedade não anulável 'Saloes' precisa conter um valor não nulo ao sair do construtor. Considere adicionar o modificador "obrigatório" ou declarar o propriedade como anulável. [C:\Welber\Github\corte_cor_ag.git\CorteCor.csproj]
C:\Welber\Github\corte_cor_ag.git\Pages\SalaoLista.cshtml.cs(15,23): warning CS8618: O propriedade não anulável 'Mensagem' precisa conter um valor não nulo ao sair do construtor. Considere adicionar o modificador "obrigatório" ou declarar o propriedade como anulável. [C:\Welber\Github\corte_cor_ag.git\CorteCor.csproj]
C:\Welber\Github\corte_cor_ag.git\Pages\UsuarioAlterarSenha.cshtml.cs(47,35): warning CS8602: Desreferência de uma referência possivelmente nula. [C:\Welber\Github\corte_cor_ag.git\CorteCor.csproj]
C:\Welber\Github\corte_cor_ag.git\Pages\UsuarioAlterarSenha.cshtml.cs(47,35): warning CS8600: Conversão de literal nula ou possível valor nulo em tipo não anulável. [C:\Welber\Github\corte_cor_ag.git\CorteCor.csproj]
C:\Welber\Github\corte_cor_ag.git\Pages\UsuarioAlterarSenha.cshtml.cs(48,28): warning CS8601: Possível atribuição de referência nula. [C:\Welber\Github\corte_cor_ag.git\CorteCor.csproj]
C:\Welber\Github\corte_cor_ag.git\Pages\UsuarioAlterarSenha.cshtml.cs(63,52): warning CS8604: Possível argumento de referência nula para o parâmetro 'value' em 'void DbExtensions.AddWithValue(IDbCommand command, string parameterName, object value)'. [C:\Welber\Github\corte_cor_ag.git\CorteCor.csproj]
C:\Welber\Github\corte_cor_ag.git\Pages\UsuarioAlterarSenha.cshtml.cs(64,43): warning CS8600: Conversão de literal nula ou possível valor nulo em tipo não anulável. [C:\Welber\Github\corte_cor_ag.git\CorteCor.csproj]
C:\Welber\Github\corte_cor_ag.git\Pages\UsuarioCadastro.cshtml.cs(43,48): warning CS8604: Possível argumento de referência nula para o parâmetro 's' em 'int int.Parse(string s)'. [C:\Welber\Github\corte_cor_ag.git\CorteCor.csproj]
C:\Welber\Github\corte_cor_ag.git\Pages\UsuarioCadastro.cshtml.cs(49,24): warning CS8601: Possível atribuição de referência nula. [C:\Welber\Github\corte_cor_ag.git\CorteCor.csproj]
C:\Welber\Github\corte_cor_ag.git\Pages\UsuarioCadastro.cshtml.cs(50,28): warning CS8601: Possível atribuição de referência nula. [C:\Welber\Github\corte_cor_ag.git\CorteCor.csproj]
C:\Welber\Github\corte_cor_ag.git\Pages\UsuarioCadastro.cshtml.cs(51,22): warning CS8601: Possível atribuição de referência nula. [C:\Welber\Github\corte_cor_ag.git\CorteCor.csproj]
C:\Welber\Github\corte_cor_ag.git\Pages\UsuarioCadastro.cshtml.cs(52,25): warning CS8601: Possível atribuição de referência nula. [C:\Welber\Github\corte_cor_ag.git\CorteCor.csproj]
C:\Welber\Github\corte_cor_ag.git\Pages\UsuarioCadastro.cshtml.cs(53,28): warning CS8601: Possível atribuição de referência nula. [C:\Welber\Github\corte_cor_ag.git\CorteCor.csproj]
C:\Welber\Github\corte_cor_ag.git\Pages\UsuarioCadastro.cshtml.cs(54,46): warning CS8604: Possível argumento de referência nula para o parâmetro 's' em 'DateTime DateTime.Parse(string s)'. [C:\Welber\Github\corte_cor_ag.git\CorteCor.csproj]
C:\Welber\Github\corte_cor_ag.git\Pages\UsuarioDashboard.cshtml.cs(51,35): warning CS8602: Desreferência de uma referência possivelmente nula. [C:\Welber\Github\corte_cor_ag.git\CorteCor.csproj]
C:\Welber\Github\corte_cor_ag.git\Pages\UsuarioDashboard.cshtml.cs(51,35): warning CS8600: Conversão de literal nula ou possível valor nulo em tipo não anulável. [C:\Welber\Github\corte_cor_ag.git\CorteCor.csproj]
C:\Welber\Github\corte_cor_ag.git\Pages\UsuarioDashboard.cshtml.cs(55,29): warning CS8602: Desreferência de uma referência possivelmente nula. [C:\Welber\Github\corte_cor_ag.git\CorteCor.csproj]
C:\Welber\Github\corte_cor_ag.git\Pages\UsuarioDashboard.cshtml.cs(70,65): warning CS8602: Desreferência de uma referência possivelmente nula. [C:\Welber\Github\corte_cor_ag.git\CorteCor.csproj]
C:\Welber\Github\corte_cor_ag.git\Pages\UsuarioDashboard.cshtml.cs(70,25): warning CS8602: Desreferência de uma referência possivelmente nula. [C:\Welber\Github\corte_cor_ag.git\CorteCor.csproj]
C:\Welber\Github\corte_cor_ag.git\Pages\UsuarioLista.cshtml.cs(43,32): warning CS8604: Possível argumento de referência nula para o parâmetro 's' em 'int int.Parse(string s)'. [C:\Welber\Github\corte_cor_ag.git\CorteCor.csproj]
C:\Welber\Github\corte_cor_ag.git\Pages\UsuarioLista.cshtml.cs(12,23): warning CS8618: O propriedade não anulável 'Mensagem' precisa conter um valor não nulo ao sair do construtor. Considere adicionar o modificador "obrigatório" ou declarar o propriedade como anulável. [C:\Welber\Github\corte_cor_ag.git\CorteCor.csproj]
C:\Welber\Github\corte_cor_ag.git\Pages\UsuarioLista.cshtml.cs(15,23): warning CS8618: O propriedade não anulável 'NomeClientes' precisa conter um valor não nulo ao sair do construtor. Considere adicionar o modificador "obrigatório" ou declarar o propriedade como anulável. [C:\Welber\Github\corte_cor_ag.git\CorteCor.csproj]
C:\Welber\Github\corte_cor_ag.git\Pages\UsuarioLista.cshtml.cs(16,23): warning CS8618: O propriedade não anulável 'NomeCliente' precisa conter um valor não nulo ao sair do construtor. Considere adicionar o modificador "obrigatório" ou declarar o propriedade como anulável. [C:\Welber\Github\corte_cor_ag.git\CorteCor.csproj]
C:\Welber\Github\corte_cor_ag.git\Pages\UsuarioLista.cshtml.cs(18,28): warning CS8618: O propriedade não anulável 'Saloes' precisa conter um valor não nulo ao sair do construtor. Considere adicionar o modificador "obrigatório" ou declarar o propriedade como anulável. [C:\Welber\Github\corte_cor_ag.git\CorteCor.csproj]
C:\Welber\Github\corte_cor_ag.git\Pages\ServicoCadastro.cshtml.cs(56,42): warning CS8604: Possível argumento de referência nula para o parâmetro 'valor' em 'decimal ServicoCadastroModel.ParsePrecoBR(string valor)'. [C:\Welber\Github\corte_cor_ag.git\CorteCor.csproj]
C:\Welber\Github\corte_cor_ag.git\Pages\ServicoCadastro.cshtml.cs(58,45): warning CS8604: Possível argumento de referência nula para o parâmetro 'valor' em 'TimeSpan ServicoCadastroModel.ParseDuracao(string valor)'. [C:\Welber\Github\corte_cor_ag.git\CorteCor.csproj]
C:\Welber\Github\corte_cor_ag.git\Pages\ServicoCadastro.cshtml.cs(63,24): warning CS8601: Possível atribuição de referência nula. [C:\Welber\Github\corte_cor_ag.git\CorteCor.csproj]
C:\Welber\Github\corte_cor_ag.git\Pages\ServicoCadastro.cshtml.cs(10,24): warning CS8618: O propriedade não anulável 'Servico' precisa conter um valor não nulo ao sair do construtor. Considere adicionar o modificador "obrigatório" ou declarar o propriedade como anulável. [C:\Welber\Github\corte_cor_ag.git\CorteCor.csproj]
C:\Welber\Github\corte_cor_ag.git\Pages\ServicoCadastro.cshtml.cs(12,23): warning CS8618: O propriedade não anulável 'Mensagem' precisa conter um valor não nulo ao sair do construtor. Considere adicionar o modificador "obrigatório" ou declarar o propriedade como anulável. [C:\Welber\Github\corte_cor_ag.git\CorteCor.csproj]
C:\Welber\Github\corte_cor_ag.git\Pages\UsuarioCadastro.cshtml.cs(83,28): warning CS8600: Conversão de literal nula ou possível valor nulo em tipo não anulável. [C:\Welber\Github\corte_cor_ag.git\CorteCor.csproj]
C:\Welber\Github\corte_cor_ag.git\Pages\UsuarioCadastro.cshtml.cs(90,41): warning CS8602: Desreferência de uma referência possivelmente nula. [C:\Welber\Github\corte_cor_ag.git\CorteCor.csproj]
C:\Welber\Github\corte_cor_ag.git\Pages\UsuarioCadastro.cshtml.cs(99,57): warning CS8602: Desreferência de uma referência possivelmente nula. [C:\Welber\Github\corte_cor_ag.git\CorteCor.csproj]
C:\Welber\Github\corte_cor_ag.git\Pages\UsuarioCadastro.cshtml.cs(105,38): warning CS8604: Possível argumento de referência nula para o parâmetro 'email' em 'void LoginManager.EnviarEmail(string email, string from, string subject, string body)'. [C:\Welber\Github\corte_cor_ag.git\CorteCor.csproj]
C:\Welber\Github\corte_cor_ag.git\Pages\UsuarioCadastro.cshtml.cs(13,24): warning CS8618: O propriedade não anulável 'Usuario' precisa conter um valor não nulo ao sair do construtor. Considere adicionar o modificador "obrigatório" ou declarar o propriedade como anulável. [C:\Welber\Github\corte_cor_ag.git\CorteCor.csproj]
C:\Welber\Github\corte_cor_ag.git\Pages\UsuarioCadastro.cshtml.cs(16,23): warning CS8618: O propriedade não anulável 'Mensagem' precisa conter um valor não nulo ao sair do construtor. Considere adicionar o modificador "obrigatório" ou declarar o propriedade como anulável. [C:\Welber\Github\corte_cor_ag.git\CorteCor.csproj]
C:\Welber\Github\corte_cor_ag.git\Pages\UsuarioCadastro.cshtml.cs(17,23): warning CS8618: O propriedade não anulável 'NomeClientes' precisa conter um valor não nulo ao sair do construtor. Considere adicionar o modificador "obrigatório" ou declarar o propriedade como anulável. [C:\Welber\Github\corte_cor_ag.git\CorteCor.csproj]
C:\Welber\Github\corte_cor_ag.git\Pages\UsuarioCadastro.cshtml.cs(18,23): warning CS8618: O propriedade não anulável 'NomeCliente' precisa conter um valor não nulo ao sair do construtor. Considere adicionar o modificador "obrigatório" ou declarar o propriedade como anulável. [C:\Welber\Github\corte_cor_ag.git\CorteCor.csproj]
C:\Welber\Github\corte_cor_ag.git\Pages\UsuarioCadastro.cshtml.cs(19,23): warning CS8618: O propriedade não anulável 'NomeCurto' precisa conter um valor não nulo ao sair do construtor. Considere adicionar o modificador "obrigatório" ou declarar o propriedade como anulável. [C:\Welber\Github\corte_cor_ag.git\CorteCor.csproj]
C:\Welber\Github\corte_cor_ag.git\Pages\UsuarioCadastro.cshtml.cs(20,28): warning CS8618: O propriedade não anulável 'Saloes' precisa conter um valor não nulo ao sair do construtor. Considere adicionar o modificador "obrigatório" ou declarar o propriedade como anulável. [C:\Welber\Github\corte_cor_ag.git\CorteCor.csproj]
C:\Welber\Github\corte_cor_ag.git\Pages\Webhooks\MercadoPago.cshtml.cs(58,37): warning CS8600: Conversão de literal nula ou possível valor nulo em tipo não anulável. [C:\Welber\Github\corte_cor_ag.git\CorteCor.csproj]
C:\Welber\Github\corte_cor_ag.git\Pages\Webhooks\MercadoPago.cshtml.cs(72,43): warning CS8600: Conversão de literal nula ou possível valor nulo em tipo não anulável. [C:\Welber\Github\corte_cor_ag.git\CorteCor.csproj]
C:\Welber\Github\corte_cor_ag.git\Pages\PessoaLista.cshtml(5,6): error CS0103: O nome "media" não existe no contexto atual [C:\Welber\Github\corte_cor_ag.git\CorteCor.csproj]

FALHA da compilação.

C:\Welber\Github\corte_cor_ag.git\DatabaseHandler.cs(49,51): warning CS0618: "SqlParameter" é obsoleto: "Use the Microsoft.Data.SqlClient package instead." [C:\Welber\Github\corte_cor_ag.git\CorteCor.csproj]
C:\Welber\Github\corte_cor_ag.git\EntityHandler.cs(158,54): warning CS8625: Não é possível converter um literal nulo em um tipo de referência não anulável. [C:\Welber\Github\corte_cor_ag.git\CorteCor.csproj]
C:\Welber\Github\corte_cor_ag.git\EntityHandler.cs(15,58): warning CS8625: Não é possível converter um literal nulo em um tipo de referência não anulável. [C:\Welber\Github\corte_cor_ag.git\CorteCor.csproj]
C:\Welber\Github\corte_cor_ag.git\EntityHandler.cs(305,73): warning CS8625: Não é possível converter um literal nulo em um tipo de referência não anulável. [C:\Welber\Github\corte_cor_ag.git\CorteCor.csproj]
C:\Welber\Github\corte_cor_ag.git\EntityHandler.cs(365,54): warning CS8625: Não é possível converter um literal nulo em um tipo de referência não anulável. [C:\Welber\Github\corte_cor_ag.git\CorteCor.csproj]
C:\Welber\Github\corte_cor_ag.git\EntityHandler.cs(860,60): warning CS8625: Não é possível converter um literal nulo em um tipo de referência não anulável. [C:\Welber\Github\corte_cor_ag.git\CorteCor.csproj]
C:\Welber\Github\corte_cor_ag.git\EntityHandler.cs(497,62): warning CS8625: Não é possível converter um literal nulo em um tipo de referência não anulável. [C:\Welber\Github\corte_cor_ag.git\CorteCor.csproj]
C:\Welber\Github\corte_cor_ag.git\EntityHandler.cs(1144,56): warning CS8625: Não é possível converter um literal nulo em um tipo de referência não anulável. [C:\Welber\Github\corte_cor_ag.git\CorteCor.csproj]
C:\Welber\Github\corte_cor_ag.git\EntityHandler.cs(617,60): warning CS8625: Não é possível converter um literal nulo em um tipo de referência não anulável. [C:\Welber\Github\corte_cor_ag.git\CorteCor.csproj]
C:\Welber\Github\corte_cor_ag.git\EntityHandler.cs(1558,55): warning CS8625: Não é possível converter um literal nulo em um tipo de referência não anulável. [C:\Welber\Github\corte_cor_ag.git\CorteCor.csproj]
C:\Welber\Github\corte_cor_ag.git\EntityHandler.cs(1319,67): warning CS8625: Não é possível converter um literal nulo em um tipo de referência não anulável. [C:\Welber\Github\corte_cor_ag.git\CorteCor.csproj]
C:\Welber\Github\corte_cor_ag.git\EntityHandler.cs(28,56): warning CS8625: Não é possível converter um literal nulo em um tipo de referência não anulável. [C:\Welber\Github\corte_cor_ag.git\CorteCor.csproj]
C:\Welber\Github\corte_cor_ag.git\EntityHandler.cs(2073,62): warning CS8625: Não é possível converter um literal nulo em um tipo de referência não anulável. [C:\Welber\Github\corte_cor_ag.git\CorteCor.csproj]
C:\Welber\Github\corte_cor_ag.git\EntityHandler.cs(1801,60): warning CS8625: Não é possível converter um literal nulo em um tipo de referência não anulável. [C:\Welber\Github\corte_cor_ag.git\CorteCor.csproj]
C:\Welber\Github\corte_cor_ag.git\EntityHandler.cs(2320,58): warning CS8625: Não é possível converter um literal nulo em um tipo de referência não anulável. [C:\Welber\Github\corte_cor_ag.git\CorteCor.csproj]
C:\Welber\Github\corte_cor_ag.git\MercadoPagoService.cs(13,85): warning CS8625: Não é possível converter um literal nulo em um tipo de referência não anulável. [C:\Welber\Github\corte_cor_ag.git\CorteCor.csproj]
C:\Welber\Github\corte_cor_ag.git\Pages\Estabelecimentos.cshtml.cs(114,59): warning CS0108: "EstabelecimentosModel.Page" oculta o membro herdado "PageModel.Page()". Use a nova palavra-chave se foi pretendido ocultar. [C:\Welber\Github\corte_cor_ag.git\CorteCor.csproj]
C:\Welber\Github\corte_cor_ag.git\DatabaseHandler.cs(38,34): warning CS0618: "SqlConnection" é obsoleto: "Use the Microsoft.Data.SqlClient package instead." [C:\Welber\Github\corte_cor_ag.git\CorteCor.csproj]
C:\Welber\Github\corte_cor_ag.git\EntityHandler.cs(178,40): warning CS8600: Conversão de literal nula ou possível valor nulo em tipo não anulável. [C:\Welber\Github\corte_cor_ag.git\CorteCor.csproj]
C:\Welber\Github\corte_cor_ag.git\EntityHandler.cs(179,50): warning CS8604: Possível argumento de referência nula para o parâmetro 'senhaHash' em 'bool LoginManager.VerificarSenha(string senha, string senhaHash)'. [C:\Welber\Github\corte_cor_ag.git\CorteCor.csproj]
C:\Welber\Github\corte_cor_ag.git\EntityHandler.cs(57,29): warning CS8600: Conversão de literal nula ou possível valor nulo em tipo não anulável. [C:\Welber\Github\corte_cor_ag.git\CorteCor.csproj]
C:\Welber\Github\corte_cor_ag.git\EntityHandler.cs(314,47): warning CS8600: Conversão de literal nula ou possível valor nulo em tipo não anulável. [C:\Welber\Github\corte_cor_ag.git\CorteCor.csproj]
C:\Welber\Github\corte_cor_ag.git\EntityHandler.cs(323,16): warning CS8603: Possível retorno de referência nula. [C:\Welber\Github\corte_cor_ag.git\CorteCor.csproj]
C:\Welber\Github\corte_cor_ag.git\EntityHandler.cs(201,40): warning CS8600: Conversão de literal nula ou possível valor nulo em tipo não anulável. [C:\Welber\Github\corte_cor_ag.git\CorteCor.csproj]
C:\Welber\Github\corte_cor_ag.git\EntityHandler.cs(202,50): warning CS8604: Possível argumento de referência nula para o parâmetro 'senhaHash' em 'bool LoginManager.VerificarSenha(string senha, string senhaHash)'. [C:\Welber\Github\corte_cor_ag.git\CorteCor.csproj]
C:\Welber\Github\corte_cor_ag.git\EntityHandler.cs(293,26): warning CS0168: A variável "ex" está declarada, mas nunca é usada [C:\Welber\Github\corte_cor_ag.git\CorteCor.csproj]
C:\Welber\Github\corte_cor_ag.git\EntityHandler.cs(517,29): warning CS8600: Conversão de literal nula ou possível valor nulo em tipo não anulável. [C:\Welber\Github\corte_cor_ag.git\CorteCor.csproj]
C:\Welber\Github\corte_cor_ag.git\EntityHandler.cs(343,24): warning CS8601: Possível atribuição de referência nula. [C:\Welber\Github\corte_cor_ag.git\CorteCor.csproj]
C:\Welber\Github\corte_cor_ag.git\EntityHandler.cs(344,31): warning CS8601: Possível atribuição de referência nula. [C:\Welber\Github\corte_cor_ag.git\CorteCor.csproj]
C:\Welber\Github\corte_cor_ag.git\EntityHandler.cs(345,25): warning CS8601: Possível atribuição de referência nula. [C:\Welber\Github\corte_cor_ag.git\CorteCor.csproj]
C:\Welber\Github\corte_cor_ag.git\EntityHandler.cs(346,28): warning CS8601: Possível atribuição de referência nula. [C:\Welber\Github\corte_cor_ag.git\CorteCor.csproj]
C:\Welber\Github\corte_cor_ag.git\EntityHandler.cs(347,28): warning CS8601: Possível atribuição de referência nula. [C:\Welber\Github\corte_cor_ag.git\CorteCor.csproj]
C:\Welber\Github\corte_cor_ag.git\EntityHandler.cs(348,24): warning CS8601: Possível atribuição de referência nula. [C:\Welber\Github\corte_cor_ag.git\CorteCor.csproj]
C:\Welber\Github\corte_cor_ag.git\EntityHandler.cs(349,26): warning CS8601: Possível atribuição de referência nula. [C:\Welber\Github\corte_cor_ag.git\CorteCor.csproj]
C:\Welber\Github\corte_cor_ag.git\EntityHandler.cs(353,16): warning CS8603: Possível retorno de referência nula. [C:\Welber\Github\corte_cor_ag.git\CorteCor.csproj]
C:\Welber\Github\corte_cor_ag.git\EntityHandler.cs(389,29): warning CS8600: Conversão de literal nula ou possível valor nulo em tipo não anulável. [C:\Welber\Github\corte_cor_ag.git\CorteCor.csproj]
C:\Welber\Github\corte_cor_ag.git\EntityHandler.cs(95,32): warning CS8601: Possível atribuição de referência nula. [C:\Welber\Github\corte_cor_ag.git\CorteCor.csproj]
C:\Welber\Github\corte_cor_ag.git\EntityHandler.cs(96,33): warning CS8601: Possível atribuição de referência nula. [C:\Welber\Github\corte_cor_ag.git\CorteCor.csproj]
C:\Welber\Github\corte_cor_ag.git\EntityHandler.cs(97,36): warning CS8601: Possível atribuição de referência nula. [C:\Welber\Github\corte_cor_ag.git\CorteCor.csproj]
C:\Welber\Github\corte_cor_ag.git\EntityHandler.cs(99,34): warning CS8601: Possível atribuição de referência nula. [C:\Welber\Github\corte_cor_ag.git\CorteCor.csproj]
C:\Welber\Github\corte_cor_ag.git\EntityHandler.cs(100,37): warning CS8601: Possível atribuição de referência nula. [C:\Welber\Github\corte_cor_ag.git\CorteCor.csproj]
C:\Welber\Github\corte_cor_ag.git\EntityHandler.cs(101,31): warning CS8601: Possível atribuição de referência nula. [C:\Welber\Github\corte_cor_ag.git\CorteCor.csproj]
C:\Welber\Github\corte_cor_ag.git\EntityHandler.cs(102,33): warning CS8601: Possível atribuição de referência nula. [C:\Welber\Github\corte_cor_ag.git\CorteCor.csproj]
C:\Welber\Github\corte_cor_ag.git\EntityHandler.cs(544,32): warning CS8601: Possível atribuição de referência nula. [C:\Welber\Github\corte_cor_ag.git\CorteCor.csproj]
C:\Welber\Github\corte_cor_ag.git\EntityHandler.cs(545,33): warning CS8601: Possível atribuição de referência nula. [C:\Welber\Github\corte_cor_ag.git\CorteCor.csproj]
C:\Welber\Github\corte_cor_ag.git\EntityHandler.cs(546,33): warning CS8601: Possível atribuição de referência nula. [C:\Welber\Github\corte_cor_ag.git\CorteCor.csproj]
C:\Welber\Github\corte_cor_ag.git\EntityHandler.cs(547,34): warning CS8601: Possível atribuição de referência nula. [C:\Welber\Github\corte_cor_ag.git\CorteCor.csproj]
C:\Welber\Github\corte_cor_ag.git\EntityHandler.cs(548,34): warning CS8601: Possível atribuição de referência nula. [C:\Welber\Github\corte_cor_ag.git\CorteCor.csproj]
C:\Welber\Github\corte_cor_ag.git\EntityHandler.cs(923,29): warning CS8600: Conversão de literal nula ou possível valor nulo em tipo não anulável. [C:\Welber\Github\corte_cor_ag.git\CorteCor.csproj]
C:\Welber\Github\corte_cor_ag.git\EntityHandler.cs(430,32): warning CS8601: Possível atribuição de referência nula. [C:\Welber\Github\corte_cor_ag.git\CorteCor.csproj]
C:\Welber\Github\corte_cor_ag.git\EntityHandler.cs(431,39): warning CS8601: Possível atribuição de referência nula. [C:\Welber\Github\corte_cor_ag.git\CorteCor.csproj]
C:\Welber\Github\corte_cor_ag.git\EntityHandler.cs(432,33): warning CS8601: Possível atribuição de referência nula. [C:\Welber\Github\corte_cor_ag.git\CorteCor.csproj]
C:\Welber\Github\corte_cor_ag.git\EntityHandler.cs(433,36): warning CS8601: Possível atribuição de referência nula. [C:\Welber\Github\corte_cor_ag.git\CorteCor.csproj]
C:\Welber\Github\corte_cor_ag.git\EntityHandler.cs(434,36): warning CS8601: Possível atribuição de referência nula. [C:\Welber\Github\corte_cor_ag.git\CorteCor.csproj]
C:\Welber\Github\corte_cor_ag.git\EntityHandler.cs(435,32): warning CS8601: Possível atribuição de referência nula. [C:\Welber\Github\corte_cor_ag.git\CorteCor.csproj]
C:\Welber\Github\corte_cor_ag.git\EntityHandler.cs(436,34): warning CS8601: Possível atribuição de referência nula. [C:\Welber\Github\corte_cor_ag.git\CorteCor.csproj]
C:\Welber\Github\corte_cor_ag.git\EntityHandler.cs(438,38): warning CS8601: Possível atribuição de referência nula. [C:\Welber\Github\corte_cor_ag.git\CorteCor.csproj]
C:\Welber\Github\corte_cor_ag.git\EntityHandler.cs(1168,29): warning CS8600: Conversão de literal nula ou possível valor nulo em tipo não anulável. [C:\Welber\Github\corte_cor_ag.git\CorteCor.csproj]
C:\Welber\Github\corte_cor_ag.git\EntityHandler.cs(1192,44): warning CS8603: Possível retorno de referência nula. [C:\Welber\Github\corte_cor_ag.git\CorteCor.csproj]
C:\Welber\Github\corte_cor_ag.git\EntityHandler.cs(1197,28): warning CS8601: Possível atribuição de referência nula. [C:\Welber\Github\corte_cor_ag.git\CorteCor.csproj]
C:\Welber\Github\corte_cor_ag.git\EntityHandler.cs(1822,29): warning CS8600: Conversão de literal nula ou possível valor nulo em tipo não anulável. [C:\Welber\Github\corte_cor_ag.git\CorteCor.csproj]
C:\Welber\Github\corte_cor_ag.git\EntityHandler.cs(1224,28): warning CS8601: Possível atribuição de referência nula. [C:\Welber\Github\corte_cor_ag.git\CorteCor.csproj]
C:\Welber\Github\corte_cor_ag.git\EntityHandler.cs(953,44): warning CS8603: Possível retorno de referência nula. [C:\Welber\Github\corte_cor_ag.git\CorteCor.csproj]
C:\Welber\Github\corte_cor_ag.git\EntityHandler.cs(958,28): warning CS8601: Possível atribuição de referência nula. [C:\Welber\Github\corte_cor_ag.git\CorteCor.csproj]
C:\Welber\Github\corte_cor_ag.git\EntityHandler.cs(1844,44): warning CS8603: Possível retorno de referência nula. [C:\Welber\Github\corte_cor_ag.git\CorteCor.csproj]
C:\Welber\Github\corte_cor_ag.git\EntityHandler.cs(1850,30): warning CS8601: Possível atribuição de referência nula. [C:\Welber\Github\corte_cor_ag.git\CorteCor.csproj]
C:\Welber\Github\corte_cor_ag.git\EntityHandler.cs(1257,32): warning CS8601: Possível atribuição de referência nula. [C:\Welber\Github\corte_cor_ag.git\CorteCor.csproj]
C:\Welber\Github\corte_cor_ag.git\EntityHandler.cs(638,43): warning CS8600: Conversão de literal nula ou possível valor nulo em tipo não anulável. [C:\Welber\Github\corte_cor_ag.git\CorteCor.csproj]
C:\Welber\Github\corte_cor_ag.git\EntityHandler.cs(639,47): warning CS8600: Conversão de literal nula ou possível valor nulo em tipo não anulável. [C:\Welber\Github\corte_cor_ag.git\CorteCor.csproj]
C:\Welber\Github\corte_cor_ag.git\EntityHandler.cs(640,41): warning CS8600: Conversão de literal nula ou possível valor nulo em tipo não anulável. [C:\Welber\Github\corte_cor_ag.git\CorteCor.csproj]
C:\Welber\Github\corte_cor_ag.git\EntityHandler.cs(641,42): warning CS8600: Conversão de literal nula ou possível valor nulo em tipo não anulável. [C:\Welber\Github\corte_cor_ag.git\CorteCor.csproj]
C:\Welber\Github\corte_cor_ag.git\EntityHandler.cs(642,53): warning CS8600: Conversão de literal nula ou possível valor nulo em tipo não anulável. [C:\Welber\Github\corte_cor_ag.git\CorteCor.csproj]
C:\Welber\Github\corte_cor_ag.git\EntityHandler.cs(643,52): warning CS8600: Conversão de literal nula ou possível valor nulo em tipo não anulável. [C:\Welber\Github\corte_cor_ag.git\CorteCor.csproj]
C:\Welber\Github\corte_cor_ag.git\EntityHandler.cs(644,42): warning CS8600: Conversão de literal nula ou possível valor nulo em tipo não anulável. [C:\Welber\Github\corte_cor_ag.git\CorteCor.csproj]
C:\Welber\Github\corte_cor_ag.git\EntityHandler.cs(645,50): warning CS8600: Conversão de literal nula ou possível valor nulo em tipo não anulável. [C:\Welber\Github\corte_cor_ag.git\CorteCor.csproj]
C:\Welber\Github\corte_cor_ag.git\EntityHandler.cs(646,54): warning CS8600: Conversão de literal nula ou possível valor nulo em tipo não anulável. [C:\Welber\Github\corte_cor_ag.git\CorteCor.csproj]
C:\Welber\Github\corte_cor_ag.git\EntityHandler.cs(647,59): warning CS8600: Conversão de literal nula ou possível valor nulo em tipo não anulável. [C:\Welber\Github\corte_cor_ag.git\CorteCor.csproj]
C:\Welber\Github\corte_cor_ag.git\EntityHandler.cs(648,48): warning CS8600: Conversão de literal nula ou possível valor nulo em tipo não anulável. [C:\Welber\Github\corte_cor_ag.git\CorteCor.csproj]
C:\Welber\Github\corte_cor_ag.git\EntityHandler.cs(649,52): warning CS8600: Conversão de literal nula ou possível valor nulo em tipo não anulável. [C:\Welber\Github\corte_cor_ag.git\CorteCor.csproj]
C:\Welber\Github\corte_cor_ag.git\EntityHandler.cs(650,47): warning CS8600: Conversão de literal nula ou possível valor nulo em tipo não anulável. [C:\Welber\Github\corte_cor_ag.git\CorteCor.csproj]
C:\Welber\Github\corte_cor_ag.git\EntityHandler.cs(651,46): warning CS8600: Conversão de literal nula ou possível valor nulo em tipo não anulável. [C:\Welber\Github\corte_cor_ag.git\CorteCor.csproj]
C:\Welber\Github\corte_cor_ag.git\EntityHandler.cs(652,55): warning CS8600: Conversão de literal nula ou possível valor nulo em tipo não anulável. [C:\Welber\Github\corte_cor_ag.git\CorteCor.csproj]
C:\Welber\Github\corte_cor_ag.git\EntityHandler.cs(653,50): warning CS8600: Conversão de literal nula ou possível valor nulo em tipo não anulável. [C:\Welber\Github\corte_cor_ag.git\CorteCor.csproj]
C:\Welber\Github\corte_cor_ag.git\EntityHandler.cs(654,47): warning CS8600: Conversão de literal nula ou possível valor nulo em tipo não anulável. [C:\Welber\Github\corte_cor_ag.git\CorteCor.csproj]
C:\Welber\Github\corte_cor_ag.git\EntityHandler.cs(655,45): warning CS8600: Conversão de literal nula ou possível valor nulo em tipo não anulável. [C:\Welber\Github\corte_cor_ag.git\CorteCor.csproj]
C:\Welber\Github\corte_cor_ag.git\EntityHandler.cs(656,54): warning CS8600: Conversão de literal nula ou possível valor nulo em tipo não anulável. [C:\Welber\Github\corte_cor_ag.git\CorteCor.csproj]
C:\Welber\Github\corte_cor_ag.git\EntityHandler.cs(657,45): warning CS8600: Conversão de literal nula ou possível valor nulo em tipo não anulável. [C:\Welber\Github\corte_cor_ag.git\CorteCor.csproj]
C:\Welber\Github\corte_cor_ag.git\EntityHandler.cs(658,43): warning CS8600: Conversão de literal nula ou possível valor nulo em tipo não anulável. [C:\Welber\Github\corte_cor_ag.git\CorteCor.csproj]
C:\Welber\Github\corte_cor_ag.git\EntityHandler.cs(659,58): warning CS8604: Possível argumento de referência nula para o parâmetro 'value' em 'void DbExtensions.AddWithValue(IDbCommand command, string parameterName, object value)'. [C:\Welber\Github\corte_cor_ag.git\CorteCor.csproj]
C:\Welber\Github\corte_cor_ag.git\EntityHandler.cs(660,47): warning CS8600: Conversão de literal nula ou possível valor nulo em tipo não anulável. [C:\Welber\Github\corte_cor_ag.git\CorteCor.csproj]
C:\Welber\Github\corte_cor_ag.git\EntityHandler.cs(661,46): warning CS8600: Conversão de literal nula ou possível valor nulo em tipo não anulável. [C:\Welber\Github\corte_cor_ag.git\CorteCor.csproj]
C:\Welber\Github\corte_cor_ag.git\EntityHandler.cs(662,50): warning CS8600: Conversão de literal nula ou possível valor nulo em tipo não anulável. [C:\Welber\Github\corte_cor_ag.git\CorteCor.csproj]
C:\Welber\Github\corte_cor_ag.git\EntityHandler.cs(663,54): warning CS8600: Conversão de literal nula ou possível valor nulo em tipo não anulável. [C:\Welber\Github\corte_cor_ag.git\CorteCor.csproj]
C:\Welber\Github\corte_cor_ag.git\EntityHandler.cs(664,48): warning CS8600: Conversão de literal nula ou possível valor nulo em tipo não anulável. [C:\Welber\Github\corte_cor_ag.git\CorteCor.csproj]
C:\Welber\Github\corte_cor_ag.git\EntityHandler.cs(665,49): warning CS8600: Conversão de literal nula ou possível valor nulo em tipo não anulável. [C:\Welber\Github\corte_cor_ag.git\CorteCor.csproj]
C:\Welber\Github\corte_cor_ag.git\EntityHandler.cs(666,51): warning CS8600: Conversão de literal nula ou possível valor nulo em tipo não anulável. [C:\Welber\Github\corte_cor_ag.git\CorteCor.csproj]
C:\Welber\Github\corte_cor_ag.git\EntityHandler.cs(667,59): warning CS8600: Conversão de literal nula ou possível valor nulo em tipo não anulável. [C:\Welber\Github\corte_cor_ag.git\CorteCor.csproj]
C:\Welber\Github\corte_cor_ag.git\EntityHandler.cs(668,66): warning CS8600: Conversão de literal nula ou possível valor nulo em tipo não anulável. [C:\Welber\Github\corte_cor_ag.git\CorteCor.csproj]
C:\Welber\Github\corte_cor_ag.git\EntityHandler.cs(669,55): warning CS8600: Conversão de literal nula ou possível valor nulo em tipo não anulável. [C:\Welber\Github\corte_cor_ag.git\CorteCor.csproj]
C:\Welber\Github\corte_cor_ag.git\EntityHandler.cs(670,59): warning CS8600: Conversão de literal nula ou possível valor nulo em tipo não anulável. [C:\Welber\Github\corte_cor_ag.git\CorteCor.csproj]
C:\Welber\Github\corte_cor_ag.git\EntityHandler.cs(671,54): warning CS8600: Conversão de literal nula ou possível valor nulo em tipo não anulável. [C:\Welber\Github\corte_cor_ag.git\CorteCor.csproj]
C:\Welber\Github\corte_cor_ag.git\EntityHandler.cs(672,53): warning CS8600: Conversão de literal nula ou possível valor nulo em tipo não anulável. [C:\Welber\Github\corte_cor_ag.git\CorteCor.csproj]
C:\Welber\Github\corte_cor_ag.git\EntityHandler.cs(673,62): warning CS8600: Conversão de literal nula ou possível valor nulo em tipo não anulável. [C:\Welber\Github\corte_cor_ag.git\CorteCor.csproj]
C:\Welber\Github\corte_cor_ag.git\EntityHandler.cs(674,57): warning CS8600: Conversão de literal nula ou possível valor nulo em tipo não anulável. [C:\Welber\Github\corte_cor_ag.git\CorteCor.csproj]
C:\Welber\Github\corte_cor_ag.git\EntityHandler.cs(675,29): warning CS8600: Conversão de literal nula ou possível valor nulo em tipo não anulável. [C:\Welber\Github\corte_cor_ag.git\CorteCor.csproj]
C:\Welber\Github\corte_cor_ag.git\EntityHandler.cs(1589,29): warning CS8600: Conversão de literal nula ou possível valor nulo em tipo não anulável. [C:\Welber\Github\corte_cor_ag.git\CorteCor.csproj]
C:\Welber\Github\corte_cor_ag.git\EntityHandler.cs(1878,30): warning CS8601: Possível atribuição de referência nula. [C:\Welber\Github\corte_cor_ag.git\CorteCor.csproj]
C:\Welber\Github\corte_cor_ag.git\EntityHandler.cs(2108,29): warning CS8600: Conversão de literal nula ou possível valor nulo em tipo não anulável. [C:\Welber\Github\corte_cor_ag.git\CorteCor.csproj]
C:\Welber\Github\corte_cor_ag.git\EntityHandler.cs(1611,44): warning CS8603: Possível retorno de referência nula. [C:\Welber\Github\corte_cor_ag.git\CorteCor.csproj]
C:\Welber\Github\corte_cor_ag.git\EntityHandler.cs(1616,28): warning CS8601: Possível atribuição de referência nula. [C:\Welber\Github\corte_cor_ag.git\CorteCor.csproj]
C:\Welber\Github\corte_cor_ag.git\EntityHandler.cs(1617,32): warning CS8601: Possível atribuição de referência nula. [C:\Welber\Github\corte_cor_ag.git\CorteCor.csproj]
C:\Welber\Github\corte_cor_ag.git\EntityHandler.cs(1618,29): warning CS8601: Possível atribuição de referência nula. [C:\Welber\Github\corte_cor_ag.git\CorteCor.csproj]
C:\Welber\Github\corte_cor_ag.git\EntityHandler.cs(1917,34): warning CS8601: Possível atribuição de referência nula. [C:\Welber\Github\corte_cor_ag.git\CorteCor.csproj]
C:\Welber\Github\corte_cor_ag.git\EntityHandler.cs(1646,28): warning CS8601: Possível atribuição de referência nula. [C:\Welber\Github\corte_cor_ag.git\CorteCor.csproj]
C:\Welber\Github\corte_cor_ag.git\EntityHandler.cs(1647,32): warning CS8601: Possível atribuição de referência nula. [C:\Welber\Github\corte_cor_ag.git\CorteCor.csproj]
C:\Welber\Github\corte_cor_ag.git\EntityHandler.cs(1648,29): warning CS8601: Possível atribuição de referência nula. [C:\Welber\Github\corte_cor_ag.git\CorteCor.csproj]
C:\Welber\Github\corte_cor_ag.git\EntityHandler.cs(2131,44): warning CS8603: Possível retorno de referência nula. [C:\Welber\Github\corte_cor_ag.git\CorteCor.csproj]
C:\Welber\Github\corte_cor_ag.git\EntityHandler.cs(2136,28): warning CS8601: Possível atribuição de referência nula. [C:\Welber\Github\corte_cor_ag.git\CorteCor.csproj]
C:\Welber\Github\corte_cor_ag.git\EntityHandler.cs(2137,28): warning CS8601: Possível atribuição de referência nula. [C:\Welber\Github\corte_cor_ag.git\CorteCor.csproj]
C:\Welber\Github\corte_cor_ag.git\EntityHandler.cs(2138,31): warning CS8601: Possível atribuição de referência nula. [C:\Welber\Github\corte_cor_ag.git\CorteCor.csproj]
C:\Welber\Github\corte_cor_ag.git\EntityHandler.cs(1680,32): warning CS8601: Possível atribuição de referência nula. [C:\Welber\Github\corte_cor_ag.git\CorteCor.csproj]
C:\Welber\Github\corte_cor_ag.git\EntityHandler.cs(1681,36): warning CS8601: Possível atribuição de referência nula. [C:\Welber\Github\corte_cor_ag.git\CorteCor.csproj]
C:\Welber\Github\corte_cor_ag.git\EntityHandler.cs(1682,33): warning CS8601: Possível atribuição de referência nula. [C:\Welber\Github\corte_cor_ag.git\CorteCor.csproj]
C:\Welber\Github\corte_cor_ag.git\EntityHandler.cs(1024,32): warning CS8601: Possível atribuição de referência nula. [C:\Welber\Github\corte_cor_ag.git\CorteCor.csproj]
C:\Welber\Github\corte_cor_ag.git\EntityHandler.cs(1957,34): warning CS8601: Possível atribuição de referência nula. [C:\Welber\Github\corte_cor_ag.git\CorteCor.csproj]
C:\Welber\Github\corte_cor_ag.git\EntityHandler.cs(2175,28): warning CS8601: Possível atribuição de referência nula. [C:\Welber\Github\corte_cor_ag.git\CorteCor.csproj]
C:\Welber\Github\corte_cor_ag.git\EntityHandler.cs(2176,28): warning CS8601: Possível atribuição de referência nula. [C:\Welber\Github\corte_cor_ag.git\CorteCor.csproj]
C:\Welber\Github\corte_cor_ag.git\EntityHandler.cs(2177,31): warning CS8601: Possível atribuição de referência nula. [C:\Welber\Github\corte_cor_ag.git\CorteCor.csproj]
C:\Welber\Github\corte_cor_ag.git\EntityHandler.cs(2378,44): warning CS8603: Possível retorno de referência nula. [C:\Welber\Github\corte_cor_ag.git\CorteCor.csproj]
C:\Welber\Github\corte_cor_ag.git\EntityHandler.cs(2394,44): warning CS8603: Possível retorno de referência nula. [C:\Welber\Github\corte_cor_ag.git\CorteCor.csproj]
C:\Welber\Github\corte_cor_ag.git\EntityHandler.cs(2410,44): warning CS8603: Possível retorno de referência nula. [C:\Welber\Github\corte_cor_ag.git\CorteCor.csproj]
C:\Welber\Github\corte_cor_ag.git\EntityHandler.cs(2016,25): warning CS8605: Executando a conversão unboxing de um valor possivelmente nulo. [C:\Welber\Github\corte_cor_ag.git\CorteCor.csproj]
C:\Welber\Github\corte_cor_ag.git\EntityHandler.cs(1762,32): warning CS8601: Possível atribuição de referência nula. [C:\Welber\Github\corte_cor_ag.git\CorteCor.csproj]
C:\Welber\Github\corte_cor_ag.git\EntityHandler.cs(1763,36): warning CS8601: Possível atribuição de referência nula. [C:\Welber\Github\corte_cor_ag.git\CorteCor.csproj]
C:\Welber\Github\corte_cor_ag.git\EntityHandler.cs(1764,33): warning CS8601: Possível atribuição de referência nula. [C:\Welber\Github\corte_cor_ag.git\CorteCor.csproj]
C:\Welber\Github\corte_cor_ag.git\EntityHandler.cs(2451,22): warning CS8601: Possível atribuição de referência nula. [C:\Welber\Github\corte_cor_ag.git\CorteCor.csproj]
C:\Welber\Github\corte_cor_ag.git\EntityHandler.cs(2453,21): warning CS8601: Possível atribuição de referência nula. [C:\Welber\Github\corte_cor_ag.git\CorteCor.csproj]
C:\Welber\Github\corte_cor_ag.git\Models.cs(197,23): warning CS8618: O propriedade não anulável 'Status' precisa conter um valor não nulo ao sair do construtor. Considere adicionar o modificador "obrigatório" ou declarar o propriedade como anulável. [C:\Welber\Github\corte_cor_ag.git\CorteCor.csproj]
C:\Welber\Github\corte_cor_ag.git\Models.cs(199,23): warning CS8618: O propriedade não anulável 'Moeda' precisa conter um valor não nulo ao sair do construtor. Considere adicionar o modificador "obrigatório" ou declarar o propriedade como anulável. [C:\Welber\Github\corte_cor_ag.git\CorteCor.csproj]
C:\Welber\Github\corte_cor_ag.git\EntityHandler.cs(2222,32): warning CS8601: Possível atribuição de referência nula. [C:\Welber\Github\corte_cor_ag.git\CorteCor.csproj]
C:\Welber\Github\corte_cor_ag.git\EntityHandler.cs(2223,32): warning CS8601: Possível atribuição de referência nula. [C:\Welber\Github\corte_cor_ag.git\CorteCor.csproj]
C:\Welber\Github\corte_cor_ag.git\EntityHandler.cs(2224,35): warning CS8601: Possível atribuição de referência nula. [C:\Welber\Github\corte_cor_ag.git\CorteCor.csproj]
C:\Welber\Github\corte_cor_ag.git\Models.cs(175,23): warning CS8618: O propriedade não anulável 'Nome' precisa conter um valor não nulo ao sair do construtor. Considere adicionar o modificador "obrigatório" ou declarar o propriedade como anulável. [C:\Welber\Github\corte_cor_ag.git\CorteCor.csproj]
C:\Welber\Github\corte_cor_ag.git\Models.cs(176,23): warning CS8618: O propriedade não anulável 'Tipo' precisa conter um valor não nulo ao sair do construtor. Considere adicionar o modificador "obrigatório" ou declarar o propriedade como anulável. [C:\Welber\Github\corte_cor_ag.git\CorteCor.csproj]
C:\Welber\Github\corte_cor_ag.git\Models.cs(177,23): warning CS8618: O propriedade não anulável 'Gateway' precisa conter um valor não nulo ao sair do construtor. Considere adicionar o modificador "obrigatório" ou declarar o propriedade como anulável. [C:\Welber\Github\corte_cor_ag.git\CorteCor.csproj]
C:\Welber\Github\corte_cor_ag.git\Models.cs(165,23): warning CS8618: O propriedade não anulável 'Status' precisa conter um valor não nulo ao sair do construtor. Considere adicionar o modificador "obrigatório" ou declarar o propriedade como anulável. [C:\Welber\Github\corte_cor_ag.git\CorteCor.csproj]
C:\Welber\Github\corte_cor_ag.git\Models.cs(153,23): warning CS8618: O propriedade não anulável 'Nome' precisa conter um valor não nulo ao sair do construtor. Considere adicionar o modificador "obrigatório" ou declarar o propriedade como anulável. [C:\Welber\Github\corte_cor_ag.git\CorteCor.csproj]
C:\Welber\Github\corte_cor_ag.git\Models.cs(154,23): warning CS8618: O propriedade não anulável 'Telefone' precisa conter um valor não nulo ao sair do construtor. Considere adicionar o modificador "obrigatório" ou declarar o propriedade como anulável. [C:\Welber\Github\corte_cor_ag.git\CorteCor.csproj]
C:\Welber\Github\corte_cor_ag.git\Models.cs(155,23): warning CS8618: O propriedade não anulável 'Email' precisa conter um valor não nulo ao sair do construtor. Considere adicionar o modificador "obrigatório" ou declarar o propriedade como anulável. [C:\Welber\Github\corte_cor_ag.git\CorteCor.csproj]
C:\Welber\Github\corte_cor_ag.git\Models.cs(137,23): warning CS8618: O propriedade não anulável 'Nome' precisa conter um valor não nulo ao sair do construtor. Considere adicionar o modificador "obrigatório" ou declarar o propriedade como anulável. [C:\Welber\Github\corte_cor_ag.git\CorteCor.csproj]
C:\Welber\Github\corte_cor_ag.git\EntityHandler.cs(804,43): warning CS8600: Conversão de literal nula ou possível valor nulo em tipo não anulável. [C:\Welber\Github\corte_cor_ag.git\CorteCor.csproj]
C:\Welber\Github\corte_cor_ag.git\EntityHandler.cs(805,47): warning CS8600: Conversão de literal nula ou possível valor nulo em tipo não anulável. [C:\Welber\Github\corte_cor_ag.git\CorteCor.csproj]
C:\Welber\Github\corte_cor_ag.git\EntityHandler.cs(806,41): warning CS8600: Conversão de literal nula ou possível valor nulo em tipo não anulável. [C:\Welber\Github\corte_cor_ag.git\CorteCor.csproj]
C:\Welber\Github\corte_cor_ag.git\EntityHandler.cs(807,42): warning CS8600: Conversão de literal nula ou possível valor nulo em tipo não anulável. [C:\Welber\Github\corte_cor_ag.git\CorteCor.csproj]
C:\Welber\Github\corte_cor_ag.git\EntityHandler.cs(808,53): warning CS8600: Conversão de literal nula ou possível valor nulo em tipo não anulável. [C:\Welber\Github\corte_cor_ag.git\CorteCor.csproj]
C:\Welber\Github\corte_cor_ag.git\EntityHandler.cs(809,52): warning CS8600: Conversão de literal nula ou possível valor nulo em tipo não anulável. [C:\Welber\Github\corte_cor_ag.git\CorteCor.csproj]
C:\Welber\Github\corte_cor_ag.git\EntityHandler.cs(810,42): warning CS8600: Conversão de literal nula ou possível valor nulo em tipo não anulável. [C:\Welber\Github\corte_cor_ag.git\CorteCor.csproj]
C:\Welber\Github\corte_cor_ag.git\EntityHandler.cs(811,50): warning CS8600: Conversão de literal nula ou possível valor nulo em tipo não anulável. [C:\Welber\Github\corte_cor_ag.git\CorteCor.csproj]
C:\Welber\Github\corte_cor_ag.git\EntityHandler.cs(812,54): warning CS8600: Conversão de literal nula ou possível valor nulo em tipo não anulável. [C:\Welber\Github\corte_cor_ag.git\CorteCor.csproj]
C:\Welber\Github\corte_cor_ag.git\EntityHandler.cs(813,59): warning CS8600: Conversão de literal nula ou possível valor nulo em tipo não anulável. [C:\Welber\Github\corte_cor_ag.git\CorteCor.csproj]
C:\Welber\Github\corte_cor_ag.git\EntityHandler.cs(814,48): warning CS8600: Conversão de literal nula ou possível valor nulo em tipo não anulável. [C:\Welber\Github\corte_cor_ag.git\CorteCor.csproj]
C:\Welber\Github\corte_cor_ag.git\EntityHandler.cs(815,52): warning CS8600: Conversão de literal nula ou possível valor nulo em tipo não anulável. [C:\Welber\Github\corte_cor_ag.git\CorteCor.csproj]
C:\Welber\Github\corte_cor_ag.git\EntityHandler.cs(816,47): warning CS8600: Conversão de literal nula ou possível valor nulo em tipo não anulável. [C:\Welber\Github\corte_cor_ag.git\CorteCor.csproj]
C:\Welber\Github\corte_cor_ag.git\EntityHandler.cs(817,46): warning CS8600: Conversão de literal nula ou possível valor nulo em tipo não anulável. [C:\Welber\Github\corte_cor_ag.git\CorteCor.csproj]
C:\Welber\Github\corte_cor_ag.git\EntityHandler.cs(818,55): warning CS8600: Conversão de literal nula ou possível valor nulo em tipo não anulável. [C:\Welber\Github\corte_cor_ag.git\CorteCor.csproj]
C:\Welber\Github\corte_cor_ag.git\EntityHandler.cs(819,50): warning CS8600: Conversão de literal nula ou possível valor nulo em tipo não anulável. [C:\Welber\Github\corte_cor_ag.git\CorteCor.csproj]
C:\Welber\Github\corte_cor_ag.git\EntityHandler.cs(820,47): warning CS8600: Conversão de literal nula ou possível valor nulo em tipo não anulável. [C:\Welber\Github\corte_cor_ag.git\CorteCor.csproj]
C:\Welber\Github\corte_cor_ag.git\EntityHandler.cs(821,45): warning CS8600: Conversão de literal nula ou possível valor nulo em tipo não anulável. [C:\Welber\Github\corte_cor_ag.git\CorteCor.csproj]
C:\Welber\Github\corte_cor_ag.git\EntityHandler.cs(822,54): warning CS8600: Conversão de literal nula ou possível valor nulo em tipo não anulável. [C:\Welber\Github\corte_cor_ag.git\CorteCor.csproj]
C:\Welber\Github\corte_cor_ag.git\EntityHandler.cs(823,45): warning CS8600: Conversão de literal nula ou possível valor nulo em tipo não anulável. [C:\Welber\Github\corte_cor_ag.git\CorteCor.csproj]
C:\Welber\Github\corte_cor_ag.git\EntityHandler.cs(824,43): warning CS8600: Conversão de literal nula ou possível valor nulo em tipo não anulável. [C:\Welber\Github\corte_cor_ag.git\CorteCor.csproj]
C:\Welber\Github\corte_cor_ag.git\EntityHandler.cs(825,58): warning CS8600: Conversão de literal nula ou possível valor nulo em tipo não anulável. [C:\Welber\Github\corte_cor_ag.git\CorteCor.csproj]
C:\Welber\Github\corte_cor_ag.git\EntityHandler.cs(826,47): warning CS8600: Conversão de literal nula ou possível valor nulo em tipo não anulável. [C:\Welber\Github\corte_cor_ag.git\CorteCor.csproj]
C:\Welber\Github\corte_cor_ag.git\EntityHandler.cs(827,46): warning CS8600: Conversão de literal nula ou possível valor nulo em tipo não anulável. [C:\Welber\Github\corte_cor_ag.git\CorteCor.csproj]
C:\Welber\Github\corte_cor_ag.git\EntityHandler.cs(828,50): warning CS8600: Conversão de literal nula ou possível valor nulo em tipo não anulável. [C:\Welber\Github\corte_cor_ag.git\CorteCor.csproj]
C:\Welber\Github\corte_cor_ag.git\EntityHandler.cs(829,54): warning CS8600: Conversão de literal nula ou possível valor nulo em tipo não anulável. [C:\Welber\Github\corte_cor_ag.git\CorteCor.csproj]
C:\Welber\Github\corte_cor_ag.git\EntityHandler.cs(830,48): warning CS8600: Conversão de literal nula ou possível valor nulo em tipo não anulável. [C:\Welber\Github\corte_cor_ag.git\CorteCor.csproj]
C:\Welber\Github\corte_cor_ag.git\EntityHandler.cs(831,49): warning CS8600: Conversão de literal nula ou possível valor nulo em tipo não anulável. [C:\Welber\Github\corte_cor_ag.git\CorteCor.csproj]
C:\Welber\Github\corte_cor_ag.git\EntityHandler.cs(832,51): warning CS8600: Conversão de literal nula ou possível valor nulo em tipo não anulável. [C:\Welber\Github\corte_cor_ag.git\CorteCor.csproj]
C:\Welber\Github\corte_cor_ag.git\EntityHandler.cs(833,59): warning CS8600: Conversão de literal nula ou possível valor nulo em tipo não anulável. [C:\Welber\Github\corte_cor_ag.git\CorteCor.csproj]
C:\Welber\Github\corte_cor_ag.git\EntityHandler.cs(834,66): warning CS8600: Conversão de literal nula ou possível valor nulo em tipo não anulável. [C:\Welber\Github\corte_cor_ag.git\CorteCor.csproj]
C:\Welber\Github\corte_cor_ag.git\EntityHandler.cs(835,55): warning CS8600: Conversão de literal nula ou possível valor nulo em tipo não anulável. [C:\Welber\Github\corte_cor_ag.git\CorteCor.csproj]
C:\Welber\Github\corte_cor_ag.git\EntityHandler.cs(836,59): warning CS8600: Conversão de literal nula ou possível valor nulo em tipo não anulável. [C:\Welber\Github\corte_cor_ag.git\CorteCor.csproj]
C:\Welber\Github\corte_cor_ag.git\EntityHandler.cs(837,54): warning CS8600: Conversão de literal nula ou possível valor nulo em tipo não anulável. [C:\Welber\Github\corte_cor_ag.git\CorteCor.csproj]
C:\Welber\Github\corte_cor_ag.git\EntityHandler.cs(838,53): warning CS8600: Conversão de literal nula ou possível valor nulo em tipo não anulável. [C:\Welber\Github\corte_cor_ag.git\CorteCor.csproj]
C:\Welber\Github\corte_cor_ag.git\EntityHandler.cs(839,62): warning CS8600: Conversão de literal nula ou possível valor nulo em tipo não anulável. [C:\Welber\Github\corte_cor_ag.git\CorteCor.csproj]
C:\Welber\Github\corte_cor_ag.git\EntityHandler.cs(840,57): warning CS8600: Conversão de literal nula ou possível valor nulo em tipo não anulável. [C:\Welber\Github\corte_cor_ag.git\CorteCor.csproj]
C:\Welber\Github\corte_cor_ag.git\Models.cs(101,23): warning CS8618: O propriedade não anulável 'Nome' precisa conter um valor não nulo ao sair do construtor. Considere adicionar o modificador "obrigatório" ou declarar o propriedade como anulável. [C:\Welber\Github\corte_cor_ag.git\CorteCor.csproj]
C:\Welber\Github\corte_cor_ag.git\Pages\AdmAlterarSenha.cshtml.cs(20,16): warning CS8618: O propriedade não anulável 'SenhaAtual' precisa conter um valor não nulo ao sair do construtor. Considere adicionar o modificador "obrigatório" ou declarar o propriedade como anulável. [C:\Welber\Github\corte_cor_ag.git\CorteCor.csproj]
C:\Welber\Github\corte_cor_ag.git\Pages\AdmAlterarSenha.cshtml.cs(20,16): warning CS8618: O propriedade não anulável 'EmailUsuario' precisa conter um valor não nulo ao sair do construtor. Considere adicionar o modificador "obrigatório" ou declarar o propriedade como anulável. [C:\Welber\Github\corte_cor_ag.git\CorteCor.csproj]
C:\Welber\Github\corte_cor_ag.git\Pages\AdmAlterarSenha.cshtml.cs(20,16): warning CS8618: O propriedade não anulável 'NovaSenha' precisa conter um valor não nulo ao sair do construtor. Considere adicionar o modificador "obrigatório" ou declarar o propriedade como anulável. [C:\Welber\Github\corte_cor_ag.git\CorteCor.csproj]
C:\Welber\Github\corte_cor_ag.git\Pages\AdmAlterarSenha.cshtml.cs(20,16): warning CS8618: O propriedade não anulável 'ConfirmarSenha' precisa conter um valor não nulo ao sair do construtor. Considere adicionar o modificador "obrigatório" ou declarar o propriedade como anulável. [C:\Welber\Github\corte_cor_ag.git\CorteCor.csproj]
C:\Welber\Github\corte_cor_ag.git\Pages\AdmAlterarSenha.cshtml.cs(36,28): warning CS8602: Desreferência de uma referência possivelmente nula. [C:\Welber\Github\corte_cor_ag.git\CorteCor.csproj]
C:\Welber\Github\corte_cor_ag.git\Pages\AdmAlterarSenha.cshtml.cs(36,28): warning CS8601: Possível atribuição de referência nula. [C:\Welber\Github\corte_cor_ag.git\CorteCor.csproj]
C:\Welber\Github\corte_cor_ag.git\Pages\Adm.cshtml.cs(16,23): warning CS8618: O propriedade não anulável 'ErrorMessage' precisa conter um valor não nulo ao sair do construtor. Considere adicionar o modificador "obrigatório" ou declarar o propriedade como anulável. [C:\Welber\Github\corte_cor_ag.git\CorteCor.csproj]
C:\Welber\Github\corte_cor_ag.git\Pages\Adm.cshtml.cs(19,23): warning CS8618: O propriedade não anulável 'NomeSalao' precisa conter um valor não nulo ao sair do construtor. Considere adicionar o modificador "obrigatório" ou declarar o propriedade como anulável. [C:\Welber\Github\corte_cor_ag.git\CorteCor.csproj]
C:\Welber\Github\corte_cor_ag.git\Pages\Adm.cshtml.cs(20,23): warning CS8618: O propriedade não anulável 'NomeCliente' precisa conter um valor não nulo ao sair do construtor. Considere adicionar o modificador "obrigatório" ou declarar o propriedade como anulável. [C:\Welber\Github\corte_cor_ag.git\CorteCor.csproj]
C:\Welber\Github\corte_cor_ag.git\Pages\Adm.cshtml.cs(23,23): warning CS8618: O propriedade não anulável 'SalaoLink' precisa conter um valor não nulo ao sair do construtor. Considere adicionar o modificador "obrigatório" ou declarar o propriedade como anulável. [C:\Welber\Github\corte_cor_ag.git\CorteCor.csproj]
C:\Welber\Github\corte_cor_ag.git\Pages\Adm.cshtml.cs(24,23): warning CS8618: O propriedade não anulável 'SalaoLinkID' precisa conter um valor não nulo ao sair do construtor. Considere adicionar o modificador "obrigatório" ou declarar o propriedade como anulável. [C:\Welber\Github\corte_cor_ag.git\CorteCor.csproj]
C:\Welber\Github\corte_cor_ag.git\Pages\AdmAlterarSenha.cshtml.cs(41,35): warning CS8602: Desreferência de uma referência possivelmente nula. [C:\Welber\Github\corte_cor_ag.git\CorteCor.csproj]
C:\Welber\Github\corte_cor_ag.git\Pages\AdmAlterarSenha.cshtml.cs(41,35): warning CS8600: Conversão de literal nula ou possível valor nulo em tipo não anulável. [C:\Welber\Github\corte_cor_ag.git\CorteCor.csproj]
C:\Welber\Github\corte_cor_ag.git\Pages\AdmAlterarSenha.cshtml.cs(42,28): warning CS8601: Possível atribuição de referência nula. [C:\Welber\Github\corte_cor_ag.git\CorteCor.csproj]
C:\Welber\Github\corte_cor_ag.git\Pages\AdmAlterarSenha.cshtml.cs(57,52): warning CS8604: Possível argumento de referência nula para o parâmetro 'value' em 'void DbExtensions.AddWithValue(IDbCommand command, string parameterName, object value)'. [C:\Welber\Github\corte_cor_ag.git\CorteCor.csproj]
C:\Welber\Github\corte_cor_ag.git\Pages\AdmAlterarSenha.cshtml.cs(58,43): warning CS8600: Conversão de literal nula ou possível valor nulo em tipo não anulável. [C:\Welber\Github\corte_cor_ag.git\CorteCor.csproj]
C:\Welber\Github\corte_cor_ag.git\Pages\UsuarioLista.cshtml(48,38): warning CS8602: Desreferência de uma referência possivelmente nula. [C:\Welber\Github\corte_cor_ag.git\CorteCor.csproj]
C:\Welber\Github\corte_cor_ag.git\Models.cs(22,23): warning CS8618: O propriedade não anulável 'Nome' precisa conter um valor não nulo ao sair do construtor. Considere adicionar o modificador "obrigatório" ou declarar o propriedade como anulável. [C:\Welber\Github\corte_cor_ag.git\CorteCor.csproj]
C:\Welber\Github\corte_cor_ag.git\Models.cs(23,23): warning CS8618: O propriedade não anulável 'Sobrenome' precisa conter um valor não nulo ao sair do construtor. Considere adicionar o modificador "obrigatório" ou declarar o propriedade como anulável. [C:\Welber\Github\corte_cor_ag.git\CorteCor.csproj]
C:\Welber\Github\corte_cor_ag.git\Models.cs(24,23): warning CS8618: O propriedade não anulável 'CPF' precisa conter um valor não nulo ao sair do construtor. Considere adicionar o modificador "obrigatório" ou declarar o propriedade como anulável. [C:\Welber\Github\corte_cor_ag.git\CorteCor.csproj]
C:\Welber\Github\corte_cor_ag.git\Models.cs(25,23): warning CS8618: O propriedade não anulável 'Email' precisa conter um valor não nulo ao sair do construtor. Considere adicionar o modificador "obrigatório" ou declarar o propriedade como anulável. [C:\Welber\Github\corte_cor_ag.git\CorteCor.csproj]
C:\Welber\Github\corte_cor_ag.git\Models.cs(26,23): warning CS8618: O propriedade não anulável 'Telefone' precisa conter um valor não nulo ao sair do construtor. Considere adicionar o modificador "obrigatório" ou declarar o propriedade como anulável. [C:\Welber\Github\corte_cor_ag.git\CorteCor.csproj]
C:\Welber\Github\corte_cor_ag.git\Models.cs(28,23): warning CS8618: O propriedade não anulável 'Status' precisa conter um valor não nulo ao sair do construtor. Considere adicionar o modificador "obrigatório" ou declarar o propriedade como anulável. [C:\Welber\Github\corte_cor_ag.git\CorteCor.csproj]
C:\Welber\Github\corte_cor_ag.git\Models.cs(30,23): warning CS8618: O propriedade não anulável 'Senha' precisa conter um valor não nulo ao sair do construtor. Considere adicionar o modificador "obrigatório" ou declarar o propriedade como anulável. [C:\Welber\Github\corte_cor_ag.git\CorteCor.csproj]
C:\Welber\Github\corte_cor_ag.git\Models.cs(11,23): warning CS8618: O propriedade não anulável 'Nome' precisa conter um valor não nulo ao sair do construtor. Considere adicionar o modificador "obrigatório" ou declarar o propriedade como anulável. [C:\Welber\Github\corte_cor_ag.git\CorteCor.csproj]
C:\Welber\Github\corte_cor_ag.git\Models.cs(12,23): warning CS8618: O propriedade não anulável 'Email' precisa conter um valor não nulo ao sair do construtor. Considere adicionar o modificador "obrigatório" ou declarar o propriedade como anulável. [C:\Welber\Github\corte_cor_ag.git\CorteCor.csproj]
C:\Welber\Github\corte_cor_ag.git\Models.cs(13,23): warning CS8618: O propriedade não anulável 'Senha' precisa conter um valor não nulo ao sair do construtor. Considere adicionar o modificador "obrigatório" ou declarar o propriedade como anulável. [C:\Welber\Github\corte_cor_ag.git\CorteCor.csproj]
C:\Welber\Github\corte_cor_ag.git\Models.cs(14,23): warning CS8618: O propriedade não anulável 'Perfil' precisa conter um valor não nulo ao sair do construtor. Considere adicionar o modificador "obrigatório" ou declarar o propriedade como anulável. [C:\Welber\Github\corte_cor_ag.git\CorteCor.csproj]
C:\Welber\Github\corte_cor_ag.git\Models.cs(15,23): warning CS8618: O propriedade não anulável 'Status' precisa conter um valor não nulo ao sair do construtor. Considere adicionar o modificador "obrigatório" ou declarar o propriedade como anulável. [C:\Welber\Github\corte_cor_ag.git\CorteCor.csproj]
C:\Welber\Github\corte_cor_ag.git\EntityHandler.cs(2616,44): warning CS8603: Possível retorno de referência nula. [C:\Welber\Github\corte_cor_ag.git\CorteCor.csproj]
C:\Welber\Github\corte_cor_ag.git\Models.cs(39,23): warning CS8618: O propriedade não anulável 'Nome' precisa conter um valor não nulo ao sair do construtor. Considere adicionar o modificador "obrigatório" ou declarar o propriedade como anulável. [C:\Welber\Github\corte_cor_ag.git\CorteCor.csproj]
C:\Welber\Github\corte_cor_ag.git\Models.cs(40,23): warning CS8618: O propriedade não anulável 'Responsavel' precisa conter um valor não nulo ao sair do construtor. Considere adicionar o modificador "obrigatório" ou declarar o propriedade como anulável. [C:\Welber\Github\corte_cor_ag.git\CorteCor.csproj]
C:\Welber\Github\corte_cor_ag.git\Models.cs(41,23): warning CS8618: O propriedade não anulável 'Email' precisa conter um valor não nulo ao sair do construtor. Considere adicionar o modificador "obrigatório" ou declarar o propriedade como anulável. [C:\Welber\Github\corte_cor_ag.git\CorteCor.csproj]
C:\Welber\Github\corte_cor_ag.git\Models.cs(42,23): warning CS8618: O propriedade não anulável 'Telefone' precisa conter um valor não nulo ao sair do construtor. Considere adicionar o modificador "obrigatório" ou declarar o propriedade como anulável. [C:\Welber\Github\corte_cor_ag.git\CorteCor.csproj]
C:\Welber\Github\corte_cor_ag.git\Models.cs(43,23): warning CS8618: O propriedade não anulável 'Endereco' precisa conter um valor não nulo ao sair do construtor. Considere adicionar o modificador "obrigatório" ou declarar o propriedade como anulável. [C:\Welber\Github\corte_cor_ag.git\CorteCor.csproj]
C:\Welber\Github\corte_cor_ag.git\Models.cs(44,23): warning CS8618: O propriedade não anulável 'CNPJ' precisa conter um valor não nulo ao sair do construtor. Considere adicionar o modificador "obrigatório" ou declarar o propriedade como anulável. [C:\Welber\Github\corte_cor_ag.git\CorteCor.csproj]
C:\Welber\Github\corte_cor_ag.git\Models.cs(45,23): warning CS8618: O propriedade não anulável 'Status' precisa conter um valor não nulo ao sair do construtor. Considere adicionar o modificador "obrigatório" ou declarar o propriedade como anulável. [C:\Welber\Github\corte_cor_ag.git\CorteCor.csproj]
C:\Welber\Github\corte_cor_ag.git\Models.cs(46,23): warning CS8618: O propriedade não anulável 'Observacao' precisa conter um valor não nulo ao sair do construtor. Considere adicionar o modificador "obrigatório" ou declarar o propriedade como anulável. [C:\Welber\Github\corte_cor_ag.git\CorteCor.csproj]
C:\Welber\Github\corte_cor_ag.git\EntityHandler.cs(2700,44): warning CS8600: Conversão de literal nula ou possível valor nulo em tipo não anulável. [C:\Welber\Github\corte_cor_ag.git\CorteCor.csproj]
C:\Welber\Github\corte_cor_ag.git\Pages\EsqueciSenha.cshtml.cs(74,30): warning CS8600: Conversão de literal nula ou possível valor nulo em tipo não anulável. [C:\Welber\Github\corte_cor_ag.git\CorteCor.csproj]
C:\Welber\Github\corte_cor_ag.git\Pages\EsqueciSenha.cshtml.cs(89,35): warning CS8600: Conversão de literal nula ou possível valor nulo em tipo não anulável. [C:\Welber\Github\corte_cor_ag.git\CorteCor.csproj]
C:\Welber\Github\corte_cor_ag.git\Pages\EsqueciSenha.cshtml.cs(17,23): warning CS8618: O propriedade não anulável 'Email' precisa conter um valor não nulo ao sair do construtor. Considere adicionar o modificador "obrigatório" ou declarar o propriedade como anulável. [C:\Welber\Github\corte_cor_ag.git\CorteCor.csproj]
C:\Welber\Github\corte_cor_ag.git\Pages\EsqueciSenha.cshtml.cs(20,23): warning CS8618: O propriedade não anulável 'TipoUsuario' precisa conter um valor não nulo ao sair do construtor. Considere adicionar o modificador "obrigatório" ou declarar o propriedade como anulável. [C:\Welber\Github\corte_cor_ag.git\CorteCor.csproj]
C:\Welber\Github\corte_cor_ag.git\Pages\EsqueciSenha.cshtml.cs(22,23): warning CS8618: O propriedade não anulável 'Mensagem' precisa conter um valor não nulo ao sair do construtor. Considere adicionar o modificador "obrigatório" ou declarar o propriedade como anulável. [C:\Welber\Github\corte_cor_ag.git\CorteCor.csproj]
C:\Welber\Github\corte_cor_ag.git\Pages\EsqueciSenha.cshtml.cs(24,23): warning CS8618: O propriedade não anulável 'NomeCurto' precisa conter um valor não nulo ao sair do construtor. Considere adicionar o modificador "obrigatório" ou declarar o propriedade como anulável. [C:\Welber\Github\corte_cor_ag.git\CorteCor.csproj]
C:\Welber\Github\corte_cor_ag.git\Pages\EsqueciSenha.cshtml.cs(25,23): warning CS8618: O propriedade não anulável 'SalaoLink' precisa conter um valor não nulo ao sair do construtor. Considere adicionar o modificador "obrigatório" ou declarar o propriedade como anulável. [C:\Welber\Github\corte_cor_ag.git\CorteCor.csproj]
C:\Welber\Github\corte_cor_ag.git\Pages\EsqueciSenha.cshtml.cs(26,23): warning CS8618: O propriedade não anulável 'SalaoLinkID' precisa conter um valor não nulo ao sair do construtor. Considere adicionar o modificador "obrigatório" ou declarar o propriedade como anulável. [C:\Welber\Github\corte_cor_ag.git\CorteCor.csproj]
C:\Welber\Github\corte_cor_ag.git\Pages\EsqueciSenha.cshtml.cs(27,23): warning CS8618: O propriedade não anulável 'NomeSalao' precisa conter um valor não nulo ao sair do construtor. Considere adicionar o modificador "obrigatório" ou declarar o propriedade como anulável. [C:\Welber\Github\corte_cor_ag.git\CorteCor.csproj]
C:\Welber\Github\corte_cor_ag.git\Pages\FuncionarioCadastro.cshtml.cs(22,31): warning CS8601: Possível atribuição de referência nula. [C:\Welber\Github\corte_cor_ag.git\CorteCor.csproj]
C:\Welber\Github\corte_cor_ag.git\Pages\FuncionarioLista.cshtml.cs(29,32): warning CS8604: Possível argumento de referência nula para o parâmetro 's' em 'int int.Parse(string s)'. [C:\Welber\Github\corte_cor_ag.git\CorteCor.csproj]
C:\Welber\Github\corte_cor_ag.git\Pages\FuncionarioLista.cshtml.cs(30,29): warning CS8600: Conversão de literal nula ou possível valor nulo em tipo não anulável. [C:\Welber\Github\corte_cor_ag.git\CorteCor.csproj]
C:\Welber\Github\corte_cor_ag.git\Pages\FuncionarioLista.cshtml.cs(13,34): warning CS8618: O propriedade não anulável 'Funcionarios' precisa conter um valor não nulo ao sair do construtor. Considere adicionar o modificador "obrigatório" ou declarar o propriedade como anulável. [C:\Welber\Github\corte_cor_ag.git\CorteCor.csproj]
C:\Welber\Github\corte_cor_ag.git\Pages\FuncionarioLista.cshtml.cs(14,23): warning CS8618: O propriedade não anulável 'Mensagem' precisa conter um valor não nulo ao sair do construtor. Considere adicionar o modificador "obrigatório" ou declarar o propriedade como anulável. [C:\Welber\Github\corte_cor_ag.git\CorteCor.csproj]
C:\Welber\Github\corte_cor_ag.git\Pages\FuncionarioCadastro.cshtml.cs(54,24): warning CS8601: Possível atribuição de referência nula. [C:\Welber\Github\corte_cor_ag.git\CorteCor.csproj]
C:\Welber\Github\corte_cor_ag.git\Pages\FuncionarioServicoLista.cshtml.cs(17,27): warning CS8618: O propriedade não anulável 'FuncionarioNome' precisa conter um valor não nulo ao sair do construtor. Considere adicionar o modificador "obrigatório" ou declarar o propriedade como anulável. [C:\Welber\Github\corte_cor_ag.git\CorteCor.csproj]
C:\Welber\Github\corte_cor_ag.git\Pages\FuncionarioServicoLista.cshtml.cs(20,27): warning CS8618: O propriedade não anulável 'ServicoNome' precisa conter um valor não nulo ao sair do construtor. Considere adicionar o modificador "obrigatório" ou declarar o propriedade como anulável. [C:\Welber\Github\corte_cor_ag.git\CorteCor.csproj]
C:\Welber\Github\corte_cor_ag.git\Pages\FuncionarioCadastro.cshtml.cs(10,28): warning CS8618: O propriedade não anulável 'Funcionario' precisa conter um valor não nulo ao sair do construtor. Considere adicionar o modificador "obrigatório" ou declarar o propriedade como anulável. [C:\Welber\Github\corte_cor_ag.git\CorteCor.csproj]
C:\Welber\Github\corte_cor_ag.git\Pages\FuncionarioCadastro.cshtml.cs(12,23): warning CS8618: O propriedade não anulável 'Mensagem' precisa conter um valor não nulo ao sair do construtor. Considere adicionar o modificador "obrigatório" ou declarar o propriedade como anulável. [C:\Welber\Github\corte_cor_ag.git\CorteCor.csproj]
C:\Welber\Github\corte_cor_ag.git\Pages\MeioPagamentoCadastro.cshtml.cs(19,33): warning CS8601: Possível atribuição de referência nula. [C:\Welber\Github\corte_cor_ag.git\CorteCor.csproj]
C:\Welber\Github\corte_cor_ag.git\Pages\Logout2.cshtml.cs(10,42): warning CS1998: This async method lacks 'await' operators and will run synchronously. Consider using the 'await' operator to await non-blocking API calls, or 'await Task.Run(...)' to do CPU-bound work on a background thread. [C:\Welber\Github\corte_cor_ag.git\CorteCor.csproj]
C:\Welber\Github\corte_cor_ag.git\Pages\FuncionarioServicoCadastro.cshtml.cs(13,34): warning CS8618: O propriedade não anulável 'Funcionarios' precisa conter um valor não nulo ao sair do construtor. Considere adicionar o modificador "obrigatório" ou declarar o propriedade como anulável. [C:\Welber\Github\corte_cor_ag.git\CorteCor.csproj]
C:\Welber\Github\corte_cor_ag.git\Pages\FuncionarioServicoCadastro.cshtml.cs(14,30): warning CS8618: O propriedade não anulável 'Servicos' precisa conter um valor não nulo ao sair do construtor. Considere adicionar o modificador "obrigatório" ou declarar o propriedade como anulável. [C:\Welber\Github\corte_cor_ag.git\CorteCor.csproj]
C:\Welber\Github\corte_cor_ag.git\Pages\FuncionarioServicoCadastro.cshtml.cs(20,23): warning CS8618: O propriedade não anulável 'Mensagem' precisa conter um valor não nulo ao sair do construtor. Considere adicionar o modificador "obrigatório" ou declarar o propriedade como anulável. [C:\Welber\Github\corte_cor_ag.git\CorteCor.csproj]
C:\Welber\Github\corte_cor_ag.git\Pages\MeioPagamentoLista.cshtml.cs(26,32): warning CS8604: Possível argumento de referência nula para o parâmetro 's' em 'int int.Parse(string s)'. [C:\Welber\Github\corte_cor_ag.git\CorteCor.csproj]
C:\Welber\Github\corte_cor_ag.git\Pages\MeioPagamentoLista.cshtml.cs(27,29): warning CS8600: Conversão de literal nula ou possível valor nulo em tipo não anulável. [C:\Welber\Github\corte_cor_ag.git\CorteCor.csproj]
C:\Welber\Github\corte_cor_ag.git\Pages\MeioPagamentoLista.cshtml.cs(13,36): warning CS8618: O propriedade não anulável 'MeiosPagamento' precisa conter um valor não nulo ao sair do construtor. Considere adicionar o modificador "obrigatório" ou declarar o propriedade como anulável. [C:\Welber\Github\corte_cor_ag.git\CorteCor.csproj]
C:\Welber\Github\corte_cor_ag.git\Pages\MeioPagamentoLista.cshtml.cs(14,23): warning CS8618: O propriedade não anulável 'Mensagem' precisa conter um valor não nulo ao sair do construtor. Considere adicionar o modificador "obrigatório" ou declarar o propriedade como anulável. [C:\Welber\Github\corte_cor_ag.git\CorteCor.csproj]
C:\Welber\Github\corte_cor_ag.git\Pages\Painel.cshtml.cs(12,40): warning CS8618: O propriedade não anulável 'DocumentacaoChartData' precisa conter um valor não nulo ao sair do construtor. Considere adicionar o modificador "obrigatório" ou declarar o propriedade como anulável. [C:\Welber\Github\corte_cor_ag.git\CorteCor.csproj]
C:\Welber\Github\corte_cor_ag.git\Pages\Painel.cshtml.cs(13,40): warning CS8618: O propriedade não anulável 'TipoImovelChartData' precisa conter um valor não nulo ao sair do construtor. Considere adicionar o modificador "obrigatório" ou declarar o propriedade como anulável. [C:\Welber\Github\corte_cor_ag.git\CorteCor.csproj]
C:\Welber\Github\corte_cor_ag.git\Pages\Painel.cshtml.cs(14,40): warning CS8618: O propriedade não anulável 'TipoEdificacaoChartData' precisa conter um valor não nulo ao sair do construtor. Considere adicionar o modificador "obrigatório" ou declarar o propriedade como anulável. [C:\Welber\Github\corte_cor_ag.git\CorteCor.csproj]
C:\Welber\Github\corte_cor_ag.git\Pages\Painel.cshtml.cs(15,40): warning CS8618: O propriedade não anulável 'AcabamentoChartData' precisa conter um valor não nulo ao sair do construtor. Considere adicionar o modificador "obrigatório" ou declarar o propriedade como anulável. [C:\Welber\Github\corte_cor_ag.git\CorteCor.csproj]
C:\Welber\Github\corte_cor_ag.git\Pages\Painel.cshtml.cs(16,40): warning CS8618: O propriedade não anulável 'AguaPotavelChartData' precisa conter um valor não nulo ao sair do construtor. Considere adicionar o modificador "obrigatório" ou declarar o propriedade como anulável. [C:\Welber\Github\corte_cor_ag.git\CorteCor.csproj]
C:\Welber\Github\corte_cor_ag.git\Pages\Painel.cshtml.cs(17,40): warning CS8618: O propriedade não anulável 'EsgotamentoSanitarioChartData' precisa conter um valor não nulo ao sair do construtor. Considere adicionar o modificador "obrigatório" ou declarar o propriedade como anulável. [C:\Welber\Github\corte_cor_ag.git\CorteCor.csproj]
C:\Welber\Github\corte_cor_ag.git\Pages\Painel.cshtml.cs(18,40): warning CS8618: O propriedade não anulável 'EnergiaEletricaChartData' precisa conter um valor não nulo ao sair do construtor. Considere adicionar o modificador "obrigatório" ou declarar o propriedade como anulável. [C:\Welber\Github\corte_cor_ag.git\CorteCor.csproj]
C:\Welber\Github\corte_cor_ag.git\Pages\Painel.cshtml.cs(19,40): warning CS8618: O propriedade não anulável 'DestinoLixoChartData' precisa conter um valor não nulo ao sair do construtor. Considere adicionar o modificador "obrigatório" ou declarar o propriedade como anulável. [C:\Welber\Github\corte_cor_ag.git\CorteCor.csproj]
C:\Welber\Github\corte_cor_ag.git\Pages\Painel.cshtml.cs(20,40): warning CS8618: O propriedade não anulável 'CondicaoOcupacaoLoteChartData' precisa conter um valor não nulo ao sair do construtor. Considere adicionar o modificador "obrigatório" ou declarar o propriedade como anulável. [C:\Welber\Github\corte_cor_ag.git\CorteCor.csproj]
C:\Welber\Github\corte_cor_ag.git\Pages\Painel.cshtml.cs(21,40): warning CS8618: O propriedade não anulável 'NumeroOcupacaoChartData' precisa conter um valor não nulo ao sair do construtor. Considere adicionar o modificador "obrigatório" ou declarar o propriedade como anulável. [C:\Welber\Github\corte_cor_ag.git\CorteCor.csproj]
C:\Welber\Github\corte_cor_ag.git\Pages\Painel.cshtml.cs(22,40): warning CS8618: O propriedade não anulável 'PossuiOutroImovelChartData' precisa conter um valor não nulo ao sair do construtor. Considere adicionar o modificador "obrigatório" ou declarar o propriedade como anulável. [C:\Welber\Github\corte_cor_ag.git\CorteCor.csproj]
C:\Welber\Github\corte_cor_ag.git\Pages\Painel.cshtml.cs(23,40): warning CS8618: O propriedade não anulável 'PossuiIPTUChartData' precisa conter um valor não nulo ao sair do construtor. Considere adicionar o modificador "obrigatório" ou declarar o propriedade como anulável. [C:\Welber\Github\corte_cor_ag.git\CorteCor.csproj]
C:\Welber\Github\corte_cor_ag.git\Pages\Index.cshtml.cs(48,49): warning CS8600: Conversão de literal nula ou possível valor nulo em tipo não anulável. [C:\Welber\Github\corte_cor_ag.git\CorteCor.csproj]
C:\Welber\Github\corte_cor_ag.git\Pages\Index.cshtml.cs(63,44): warning CS8604: Possível argumento de referência nula para o parâmetro 'value' em 'Claim.Claim(string type, string value)'. [C:\Welber\Github\corte_cor_ag.git\CorteCor.csproj]
C:\Welber\Github\corte_cor_ag.git\Pages\Index.cshtml.cs(64,42): warning CS8602: Desreferência de uma referência possivelmente nula. [C:\Welber\Github\corte_cor_ag.git\CorteCor.csproj]
C:\Welber\Github\corte_cor_ag.git\Pages\Index.cshtml.cs(14,23): warning CS8618: O propriedade não anulável 'ErrorMessage' precisa conter um valor não nulo ao sair do construtor. Considere adicionar o modificador "obrigatório" ou declarar o propriedade como anulável. [C:\Welber\Github\corte_cor_ag.git\CorteCor.csproj]
C:\Welber\Github\corte_cor_ag.git\Pages\Index.cshtml.cs(15,23): warning CS8618: O propriedade não anulável 'NomeSalao' precisa conter um valor não nulo ao sair do construtor. Considere adicionar o modificador "obrigatório" ou declarar o propriedade como anulável. [C:\Welber\Github\corte_cor_ag.git\CorteCor.csproj]
C:\Welber\Github\corte_cor_ag.git\Pages\PessoaCadastro.cshtml.cs(19,26): warning CS8601: Possível atribuição de referência nula. [C:\Welber\Github\corte_cor_ag.git\CorteCor.csproj]
C:\Welber\Github\corte_cor_ag.git\Pages\MeioPagamentoCadastro.cshtml.cs(58,47): warning CS8604: Possível argumento de referência nula para o parâmetro 's' em 'DateTime DateTime.Parse(string s)'. [C:\Welber\Github\corte_cor_ag.git\CorteCor.csproj]
C:\Welber\Github\corte_cor_ag.git\Pages\MeioPagamentoCadastro.cshtml.cs(63,73): warning CS8604: Possível argumento de referência nula para o parâmetro 'valor' em 'byte? MeioPagamentoCadastroModel.ParseByteNullable(string valor)'. [C:\Welber\Github\corte_cor_ag.git\CorteCor.csproj]
C:\Welber\Github\corte_cor_ag.git\Pages\MeioPagamentoCadastro.cshtml.cs(68,24): warning CS8601: Possível atribuição de referência nula. [C:\Welber\Github\corte_cor_ag.git\CorteCor.csproj]
C:\Welber\Github\corte_cor_ag.git\Pages\MeioPagamentoCadastro.cshtml.cs(69,24): warning CS8601: Possível atribuição de referência nula. [C:\Welber\Github\corte_cor_ag.git\CorteCor.csproj]
C:\Welber\Github\corte_cor_ag.git\Pages\MeioPagamentoCadastro.cshtml.cs(70,27): warning CS8601: Possível atribuição de referência nula. [C:\Welber\Github\corte_cor_ag.git\CorteCor.csproj]
C:\Welber\Github\corte_cor_ag.git\Pages\MeioPagamentoCadastro.cshtml.cs(75,49): warning CS8604: Possível argumento de referência nula para o parâmetro 'valor' em 'decimal MeioPagamentoCadastroModel.ParseDecimalBR(string valor)'. [C:\Welber\Github\corte_cor_ag.git\CorteCor.csproj]
C:\Welber\Github\corte_cor_ag.git\Pages\MeioPagamentoCadastro.cshtml.cs(76,43): warning CS8604: Possível argumento de referência nula para o parâmetro 'valor' em 'decimal MeioPagamentoCadastroModel.ParseDecimalBR(string valor)'. [C:\Welber\Github\corte_cor_ag.git\CorteCor.csproj]
C:\Welber\Github\corte_cor_ag.git\Pages\MeioPagamentoCadastro.cshtml.cs(10,30): warning CS8618: O propriedade não anulável 'MeioPagamento' precisa conter um valor não nulo ao sair do construtor. Considere adicionar o modificador "obrigatório" ou declarar o propriedade como anulável. [C:\Welber\Github\corte_cor_ag.git\CorteCor.csproj]
C:\Welber\Github\corte_cor_ag.git\Pages\MeioPagamentoCadastro.cshtml.cs(12,23): warning CS8618: O propriedade não anulável 'Mensagem' precisa conter um valor não nulo ao sair do construtor. Considere adicionar o modificador "obrigatório" ou declarar o propriedade como anulável. [C:\Welber\Github\corte_cor_ag.git\CorteCor.csproj]
C:\Welber\Github\corte_cor_ag.git\Pages\SalaoCadastro.cshtml.cs(19,25): warning CS8601: Possível atribuição de referência nula. [C:\Welber\Github\corte_cor_ag.git\CorteCor.csproj]
C:\Welber\Github\corte_cor_ag.git\Pages\PagamentoLista.cshtml.cs(52,29): warning CS8600: Conversão de literal nula ou possível valor nulo em tipo não anulável. [C:\Welber\Github\corte_cor_ag.git\CorteCor.csproj]
C:\Welber\Github\corte_cor_ag.git\Pages\PagamentoLista.cshtml.cs(14,32): warning CS8618: O propriedade não anulável 'Pagamentos' precisa conter um valor não nulo ao sair do construtor. Considere adicionar o modificador "obrigatório" ou declarar o propriedade como anulável. [C:\Welber\Github\corte_cor_ag.git\CorteCor.csproj]
C:\Welber\Github\corte_cor_ag.git\Pages\PagamentoLista.cshtml.cs(15,23): warning CS8618: O propriedade não anulável 'Mensagem' precisa conter um valor não nulo ao sair do construtor. Considere adicionar o modificador "obrigatório" ou declarar o propriedade como anulável. [C:\Welber\Github\corte_cor_ag.git\CorteCor.csproj]
C:\Welber\Github\corte_cor_ag.git\Pages\SalaoCadastro.cshtml.cs(32,24): warning CS8601: Possível atribuição de referência nula. [C:\Welber\Github\corte_cor_ag.git\CorteCor.csproj]
C:\Welber\Github\corte_cor_ag.git\Pages\SalaoCadastro.cshtml.cs(33,31): warning CS8601: Possível atribuição de referência nula. [C:\Welber\Github\corte_cor_ag.git\CorteCor.csproj]
C:\Welber\Github\corte_cor_ag.git\Pages\SalaoCadastro.cshtml.cs(34,25): warning CS8601: Possível atribuição de referência nula. [C:\Welber\Github\corte_cor_ag.git\CorteCor.csproj]
C:\Welber\Github\corte_cor_ag.git\Pages\SalaoCadastro.cshtml.cs(35,28): warning CS8601: Possível atribuição de referência nula. [C:\Welber\Github\corte_cor_ag.git\CorteCor.csproj]
C:\Welber\Github\corte_cor_ag.git\Pages\SalaoCadastro.cshtml.cs(36,28): warning CS8601: Possível atribuição de referência nula. [C:\Welber\Github\corte_cor_ag.git\CorteCor.csproj]
C:\Welber\Github\corte_cor_ag.git\Pages\SalaoCadastro.cshtml.cs(37,24): warning CS8601: Possível atribuição de referência nula. [C:\Welber\Github\corte_cor_ag.git\CorteCor.csproj]
C:\Welber\Github\corte_cor_ag.git\Pages\SalaoCadastro.cshtml.cs(39,47): warning CS8604: Possível argumento de referência nula para o parâmetro 's' em 'DateTime DateTime.Parse(string s)'. [C:\Welber\Github\corte_cor_ag.git\CorteCor.csproj]
C:\Welber\Github\corte_cor_ag.git\Pages\SalaoCadastro.cshtml.cs(40,30): warning CS8601: Possível atribuição de referência nula. [C:\Welber\Github\corte_cor_ag.git\CorteCor.csproj]
C:\Welber\Github\corte_cor_ag.git\Pages\SalaoCadastro.cshtml.cs(10,22): warning CS8618: O propriedade não anulável 'Salao' precisa conter um valor não nulo ao sair do construtor. Considere adicionar o modificador "obrigatório" ou declarar o propriedade como anulável. [C:\Welber\Github\corte_cor_ag.git\CorteCor.csproj]
C:\Welber\Github\corte_cor_ag.git\Pages\SalaoCadastro.cshtml.cs(12,23): warning CS8618: O propriedade não anulável 'Mensagem' precisa conter um valor não nulo ao sair do construtor. Considere adicionar o modificador "obrigatório" ou declarar o propriedade como anulável. [C:\Welber\Github\corte_cor_ag.git\CorteCor.csproj]
C:\Welber\Github\corte_cor_ag.git\Pages\FuncionarioServicoLista.cshtml.cs(81,29): warning CS8600: Conversão de literal nula ou possível valor nulo em tipo não anulável. [C:\Welber\Github\corte_cor_ag.git\CorteCor.csproj]
C:\Welber\Github\corte_cor_ag.git\Pages\FuncionarioServicoLista.cshtml.cs(26,23): warning CS8618: O propriedade não anulável 'Mensagem' precisa conter um valor não nulo ao sair do construtor. Considere adicionar o modificador "obrigatório" ou declarar o propriedade como anulável. [C:\Welber\Github\corte_cor_ag.git\CorteCor.csproj]
C:\Welber\Github\corte_cor_ag.git\Pages\PessoaCadastro.cshtml.cs(34,49): warning CS8604: Possível argumento de referência nula para o parâmetro 's' em 'DateTime DateTime.Parse(string s)'. [C:\Welber\Github\corte_cor_ag.git\CorteCor.csproj]
C:\Welber\Github\corte_cor_ag.git\Pages\PessoaCadastro.cshtml.cs(39,24): warning CS8601: Possível atribuição de referência nula. [C:\Welber\Github\corte_cor_ag.git\CorteCor.csproj]
C:\Welber\Github\corte_cor_ag.git\Pages\PessoaCadastro.cshtml.cs(40,28): warning CS8601: Possível atribuição de referência nula. [C:\Welber\Github\corte_cor_ag.git\CorteCor.csproj]
C:\Welber\Github\corte_cor_ag.git\Pages\PessoaCadastro.cshtml.cs(41,25): warning CS8601: Possível atribuição de referência nula. [C:\Welber\Github\corte_cor_ag.git\CorteCor.csproj]
C:\Welber\Github\corte_cor_ag.git\Pages\PessoaCadastro.cshtml.cs(10,23): warning CS8618: O propriedade não anulável 'Pessoa' precisa conter um valor não nulo ao sair do construtor. Considere adicionar o modificador "obrigatório" ou declarar o propriedade como anulável. [C:\Welber\Github\corte_cor_ag.git\CorteCor.csproj]
C:\Welber\Github\corte_cor_ag.git\Pages\PessoaCadastro.cshtml.cs(12,23): warning CS8618: O propriedade não anulável 'Mensagem' precisa conter um valor não nulo ao sair do construtor. Considere adicionar o modificador "obrigatório" ou declarar o propriedade como anulável. [C:\Welber\Github\corte_cor_ag.git\CorteCor.csproj]
C:\Welber\Github\corte_cor_ag.git\Pages\PessoaExcluidos.cshtml.cs(79,32): warning CS8604: Possível argumento de referência nula para o parâmetro 's' em 'int int.Parse(string s)'. [C:\Welber\Github\corte_cor_ag.git\CorteCor.csproj]
C:\Welber\Github\corte_cor_ag.git\Pages\PessoaExcluidos.cshtml.cs(80,29): warning CS8600: Conversão de literal nula ou possível valor nulo em tipo não anulável. [C:\Welber\Github\corte_cor_ag.git\CorteCor.csproj]
C:\Welber\Github\corte_cor_ag.git\Pages\PessoaExcluidos.cshtml.cs(13,29): warning CS8618: O propriedade não anulável 'Pessoas' precisa conter um valor não nulo ao sair do construtor. Considere adicionar o modificador "obrigatório" ou declarar o propriedade como anulável. [C:\Welber\Github\corte_cor_ag.git\CorteCor.csproj]
C:\Welber\Github\corte_cor_ag.git\Pages\PessoaExcluidos.cshtml.cs(14,23): warning CS8618: O propriedade não anulável 'Mensagem' precisa conter um valor não nulo ao sair do construtor. Considere adicionar o modificador "obrigatório" ou declarar o propriedade como anulável. [C:\Welber\Github\corte_cor_ag.git\CorteCor.csproj]
C:\Welber\Github\corte_cor_ag.git\Pages\ServicoLista.cshtml.cs(26,32): warning CS8604: Possível argumento de referência nula para o parâmetro 's' em 'int int.Parse(string s)'. [C:\Welber\Github\corte_cor_ag.git\CorteCor.csproj]
C:\Welber\Github\corte_cor_ag.git\Pages\ServicoLista.cshtml.cs(27,29): warning CS8600: Conversão de literal nula ou possível valor nulo em tipo não anulável. [C:\Welber\Github\corte_cor_ag.git\CorteCor.csproj]
C:\Welber\Github\corte_cor_ag.git\Pages\ServicoLista.cshtml.cs(13,30): warning CS8618: O propriedade não anulável 'Servicos' precisa conter um valor não nulo ao sair do construtor. Considere adicionar o modificador "obrigatório" ou declarar o propriedade como anulável. [C:\Welber\Github\corte_cor_ag.git\CorteCor.csproj]
C:\Welber\Github\corte_cor_ag.git\Pages\ServicoLista.cshtml.cs(14,23): warning CS8618: O propriedade não anulável 'Mensagem' precisa conter um valor não nulo ao sair do construtor. Considere adicionar o modificador "obrigatório" ou declarar o propriedade como anulável. [C:\Welber\Github\corte_cor_ag.git\CorteCor.csproj]
C:\Welber\Github\corte_cor_ag.git\Pages\UsuarioAlterarSenha.cshtml.cs(20,16): warning CS8618: O propriedade não anulável 'SenhaAtual' precisa conter um valor não nulo ao sair do construtor. Considere adicionar o modificador "obrigatório" ou declarar o propriedade como anulável. [C:\Welber\Github\corte_cor_ag.git\CorteCor.csproj]
C:\Welber\Github\corte_cor_ag.git\Pages\UsuarioAlterarSenha.cshtml.cs(20,16): warning CS8618: O propriedade não anulável 'EmailUsuario' precisa conter um valor não nulo ao sair do construtor. Considere adicionar o modificador "obrigatório" ou declarar o propriedade como anulável. [C:\Welber\Github\corte_cor_ag.git\CorteCor.csproj]
C:\Welber\Github\corte_cor_ag.git\Pages\UsuarioAlterarSenha.cshtml.cs(20,16): warning CS8618: O propriedade não anulável 'NovaSenha' precisa conter um valor não nulo ao sair do construtor. Considere adicionar o modificador "obrigatório" ou declarar o propriedade como anulável. [C:\Welber\Github\corte_cor_ag.git\CorteCor.csproj]
C:\Welber\Github\corte_cor_ag.git\Pages\UsuarioAlterarSenha.cshtml.cs(20,16): warning CS8618: O propriedade não anulável 'ConfirmarSenha' precisa conter um valor não nulo ao sair do construtor. Considere adicionar o modificador "obrigatório" ou declarar o propriedade como anulável. [C:\Welber\Github\corte_cor_ag.git\CorteCor.csproj]
C:\Welber\Github\corte_cor_ag.git\Pages\UsuarioAlterarSenha.cshtml.cs(20,16): warning CS8618: O propriedade não anulável 'NomeCurto' precisa conter um valor não nulo ao sair do construtor. Considere adicionar o modificador "obrigatório" ou declarar o propriedade como anulável. [C:\Welber\Github\corte_cor_ag.git\CorteCor.csproj]
C:\Welber\Github\corte_cor_ag.git\Pages\UsuarioAlterarSenha.cshtml.cs(40,28): warning CS8602: Desreferência de uma referência possivelmente nula. [C:\Welber\Github\corte_cor_ag.git\CorteCor.csproj]
C:\Welber\Github\corte_cor_ag.git\Pages\UsuarioAlterarSenha.cshtml.cs(40,28): warning CS8601: Possível atribuição de referência nula. [C:\Welber\Github\corte_cor_ag.git\CorteCor.csproj]
C:\Welber\Github\corte_cor_ag.git\Pages\PessoaLista.cshtml.cs(26,32): warning CS8604: Possível argumento de referência nula para o parâmetro 's' em 'int int.Parse(string s)'. [C:\Welber\Github\corte_cor_ag.git\CorteCor.csproj]
C:\Welber\Github\corte_cor_ag.git\Pages\PessoaLista.cshtml.cs(27,29): warning CS8600: Conversão de literal nula ou possível valor nulo em tipo não anulável. [C:\Welber\Github\corte_cor_ag.git\CorteCor.csproj]
C:\Welber\Github\corte_cor_ag.git\Pages\PessoaLista.cshtml.cs(13,29): warning CS8618: O propriedade não anulável 'Pessoas' precisa conter um valor não nulo ao sair do construtor. Considere adicionar o modificador "obrigatório" ou declarar o propriedade como anulável. [C:\Welber\Github\corte_cor_ag.git\CorteCor.csproj]
C:\Welber\Github\corte_cor_ag.git\Pages\PessoaLista.cshtml.cs(14,23): warning CS8618: O propriedade não anulável 'Mensagem' precisa conter um valor não nulo ao sair do construtor. Considere adicionar o modificador "obrigatório" ou declarar o propriedade como anulável. [C:\Welber\Github\corte_cor_ag.git\CorteCor.csproj]
C:\Welber\Github\corte_cor_ag.git\Pages\UsuarioCadastro.cshtml.cs(31,27): warning CS8601: Possível atribuição de referência nula. [C:\Welber\Github\corte_cor_ag.git\CorteCor.csproj]
C:\Welber\Github\corte_cor_ag.git\Pages\UsuarioDashboard.cshtml.cs(44,16): warning CS8618: O propriedade não anulável 'ErrorMessage' precisa conter um valor não nulo ao sair do construtor. Considere adicionar o modificador "obrigatório" ou declarar o propriedade como anulável. [C:\Welber\Github\corte_cor_ag.git\CorteCor.csproj]
C:\Welber\Github\corte_cor_ag.git\Pages\UsuarioDashboard.cshtml.cs(44,16): warning CS8618: O propriedade não anulável 'NomeUsuario' precisa conter um valor não nulo ao sair do construtor. Considere adicionar o modificador "obrigatório" ou declarar o propriedade como anulável. [C:\Welber\Github\corte_cor_ag.git\CorteCor.csproj]
C:\Welber\Github\corte_cor_ag.git\Pages\UsuarioDashboard.cshtml.cs(44,16): warning CS8618: O propriedade não anulável 'NomeSalao' precisa conter um valor não nulo ao sair do construtor. Considere adicionar o modificador "obrigatório" ou declarar o propriedade como anulável. [C:\Welber\Github\corte_cor_ag.git\CorteCor.csproj]
C:\Welber\Github\corte_cor_ag.git\Pages\UsuarioDashboard.cshtml.cs(44,16): warning CS8618: O propriedade não anulável 'Saloes' precisa conter um valor não nulo ao sair do construtor. Considere adicionar o modificador "obrigatório" ou declarar o propriedade como anulável. [C:\Welber\Github\corte_cor_ag.git\CorteCor.csproj]
C:\Welber\Github\corte_cor_ag.git\Pages\UsuarioDashboard.cshtml.cs(44,16): warning CS8618: O propriedade não anulável 'DocumentacaoChartData' precisa conter um valor não nulo ao sair do construtor. Considere adicionar o modificador "obrigatório" ou declarar o propriedade como anulável. [C:\Welber\Github\corte_cor_ag.git\CorteCor.csproj]
C:\Welber\Github\corte_cor_ag.git\Pages\UsuarioDashboard.cshtml.cs(44,16): warning CS8618: O propriedade não anulável 'TipoImovelChartData' precisa conter um valor não nulo ao sair do construtor. Considere adicionar o modificador "obrigatório" ou declarar o propriedade como anulável. [C:\Welber\Github\corte_cor_ag.git\CorteCor.csproj]
C:\Welber\Github\corte_cor_ag.git\Pages\UsuarioDashboard.cshtml.cs(44,16): warning CS8618: O propriedade não anulável 'TipoEdificacaoChartData' precisa conter um valor não nulo ao sair do construtor. Considere adicionar o modificador "obrigatório" ou declarar o propriedade como anulável. [C:\Welber\Github\corte_cor_ag.git\CorteCor.csproj]
C:\Welber\Github\corte_cor_ag.git\Pages\UsuarioDashboard.cshtml.cs(44,16): warning CS8618: O propriedade não anulável 'AcabamentoChartData' precisa conter um valor não nulo ao sair do construtor. Considere adicionar o modificador "obrigatório" ou declarar o propriedade como anulável. [C:\Welber\Github\corte_cor_ag.git\CorteCor.csproj]
C:\Welber\Github\corte_cor_ag.git\Pages\UsuarioDashboard.cshtml.cs(44,16): warning CS8618: O propriedade não anulável 'AguaPotavelChartData' precisa conter um valor não nulo ao sair do construtor. Considere adicionar o modificador "obrigatório" ou declarar o propriedade como anulável. [C:\Welber\Github\corte_cor_ag.git\CorteCor.csproj]
C:\Welber\Github\corte_cor_ag.git\Pages\UsuarioDashboard.cshtml.cs(44,16): warning CS8618: O propriedade não anulável 'EsgotamentoSanitarioChartData' precisa conter um valor não nulo ao sair do construtor. Considere adicionar o modificador "obrigatório" ou declarar o propriedade como anulável. [C:\Welber\Github\corte_cor_ag.git\CorteCor.csproj]
C:\Welber\Github\corte_cor_ag.git\Pages\UsuarioDashboard.cshtml.cs(44,16): warning CS8618: O propriedade não anulável 'EnergiaEletricaChartData' precisa conter um valor não nulo ao sair do construtor. Considere adicionar o modificador "obrigatório" ou declarar o propriedade como anulável. [C:\Welber\Github\corte_cor_ag.git\CorteCor.csproj]
C:\Welber\Github\corte_cor_ag.git\Pages\UsuarioDashboard.cshtml.cs(44,16): warning CS8618: O propriedade não anulável 'DestinoLixoChartData' precisa conter um valor não nulo ao sair do construtor. Considere adicionar o modificador "obrigatório" ou declarar o propriedade como anulável. [C:\Welber\Github\corte_cor_ag.git\CorteCor.csproj]
C:\Welber\Github\corte_cor_ag.git\Pages\UsuarioDashboard.cshtml.cs(44,16): warning CS8618: O propriedade não anulável 'CondicaoOcupacaoLoteChartData' precisa conter um valor não nulo ao sair do construtor. Considere adicionar o modificador "obrigatório" ou declarar o propriedade como anulável. [C:\Welber\Github\corte_cor_ag.git\CorteCor.csproj]
C:\Welber\Github\corte_cor_ag.git\Pages\UsuarioDashboard.cshtml.cs(44,16): warning CS8618: O propriedade não anulável 'NumeroOcupacaoChartData' precisa conter um valor não nulo ao sair do construtor. Considere adicionar o modificador "obrigatório" ou declarar o propriedade como anulável. [C:\Welber\Github\corte_cor_ag.git\CorteCor.csproj]
C:\Welber\Github\corte_cor_ag.git\Pages\UsuarioDashboard.cshtml.cs(44,16): warning CS8618: O propriedade não anulável 'PossuiOutroImovelChartData' precisa conter um valor não nulo ao sair do construtor. Considere adicionar o modificador "obrigatório" ou declarar o propriedade como anulável. [C:\Welber\Github\corte_cor_ag.git\CorteCor.csproj]
C:\Welber\Github\corte_cor_ag.git\Pages\UsuarioDashboard.cshtml.cs(44,16): warning CS8618: O propriedade não anulável 'PossuiIPTUChartData' precisa conter um valor não nulo ao sair do construtor. Considere adicionar o modificador "obrigatório" ou declarar o propriedade como anulável. [C:\Welber\Github\corte_cor_ag.git\CorteCor.csproj]
C:\Welber\Github\corte_cor_ag.git\Pages\PagamentoCadastro.cshtml.cs(95,44): warning CS8604: Possível argumento de referência nula para o parâmetro 'valor' em 'decimal PagamentoCadastroModel.ParseDecimalBR(string valor)'. [C:\Welber\Github\corte_cor_ag.git\CorteCor.csproj]
C:\Welber\Github\corte_cor_ag.git\Pages\PagamentoCadastro.cshtml.cs(96,48): warning CS8604: Possível argumento de referência nula para o parâmetro 'valor' em 'DateTime PagamentoCadastroModel.ParseDateTimeLocal(string valor)'. [C:\Welber\Github\corte_cor_ag.git\CorteCor.csproj]
C:\Welber\Github\corte_cor_ag.git\Pages\PagamentoCadastro.cshtml.cs(97,106): warning CS8604: Possível argumento de referência nula para o parâmetro 's' em 'DateTime DateTime.Parse(string s)'. [C:\Welber\Github\corte_cor_ag.git\CorteCor.csproj]
C:\Welber\Github\corte_cor_ag.git\Pages\PagamentoCadastro.cshtml.cs(11,26): warning CS8618: O propriedade não anulável 'Pagamento' precisa conter um valor não nulo ao sair do construtor. Considere adicionar o modificador "obrigatório" ou declarar o propriedade como anulável. [C:\Welber\Github\corte_cor_ag.git\CorteCor.csproj]
C:\Welber\Github\corte_cor_ag.git\Pages\PagamentoCadastro.cshtml.cs(13,23): warning CS8618: O propriedade não anulável 'Mensagem' precisa conter um valor não nulo ao sair do construtor. Considere adicionar o modificador "obrigatório" ou declarar o propriedade como anulável. [C:\Welber\Github\corte_cor_ag.git\CorteCor.csproj]
C:\Welber\Github\corte_cor_ag.git\Pages\SalaoLeitura.cshtml.cs(20,21): warning CS8601: Possível atribuição de referência nula. [C:\Welber\Github\corte_cor_ag.git\CorteCor.csproj]
C:\Welber\Github\corte_cor_ag.git\Pages\SalaoLeitura.cshtml.cs(10,22): warning CS8618: O propriedade não anulável 'Salao' precisa conter um valor não nulo ao sair do construtor. Considere adicionar o modificador "obrigatório" ou declarar o propriedade como anulável. [C:\Welber\Github\corte_cor_ag.git\CorteCor.csproj]
C:\Welber\Github\corte_cor_ag.git\Pages\SalaoLeitura.cshtml.cs(12,23): warning CS8618: O propriedade não anulável 'Mensagem' precisa conter um valor não nulo ao sair do construtor. Considere adicionar o modificador "obrigatório" ou declarar o propriedade como anulável. [C:\Welber\Github\corte_cor_ag.git\CorteCor.csproj]
C:\Welber\Github\corte_cor_ag.git\Pages\ServicoCadastro.cshtml.cs(19,27): warning CS8601: Possível atribuição de referência nula. [C:\Welber\Github\corte_cor_ag.git\CorteCor.csproj]
C:\Welber\Github\corte_cor_ag.git\Pages\SalaoLista.cshtml.cs(35,32): warning CS8604: Possível argumento de referência nula para o parâmetro 's' em 'int int.Parse(string s)'. [C:\Welber\Github\corte_cor_ag.git\CorteCor.csproj]
C:\Welber\Github\corte_cor_ag.git\Pages\SalaoLista.cshtml.cs(36,29): warning CS8600: Conversão de literal nula ou possível valor nulo em tipo não anulável. [C:\Welber\Github\corte_cor_ag.git\CorteCor.csproj]
C:\Welber\Github\corte_cor_ag.git\Pages\SalaoLista.cshtml.cs(14,28): warning CS8618: O propriedade não anulável 'Saloes' precisa conter um valor não nulo ao sair do construtor. Considere adicionar o modificador "obrigatório" ou declarar o propriedade como anulável. [C:\Welber\Github\corte_cor_ag.git\CorteCor.csproj]
C:\Welber\Github\corte_cor_ag.git\Pages\SalaoLista.cshtml.cs(15,23): warning CS8618: O propriedade não anulável 'Mensagem' precisa conter um valor não nulo ao sair do construtor. Considere adicionar o modificador "obrigatório" ou declarar o propriedade como anulável. [C:\Welber\Github\corte_cor_ag.git\CorteCor.csproj]
C:\Welber\Github\corte_cor_ag.git\Pages\UsuarioAlterarSenha.cshtml.cs(47,35): warning CS8602: Desreferência de uma referência possivelmente nula. [C:\Welber\Github\corte_cor_ag.git\CorteCor.csproj]
C:\Welber\Github\corte_cor_ag.git\Pages\UsuarioAlterarSenha.cshtml.cs(47,35): warning CS8600: Conversão de literal nula ou possível valor nulo em tipo não anulável. [C:\Welber\Github\corte_cor_ag.git\CorteCor.csproj]
C:\Welber\Github\corte_cor_ag.git\Pages\UsuarioAlterarSenha.cshtml.cs(48,28): warning CS8601: Possível atribuição de referência nula. [C:\Welber\Github\corte_cor_ag.git\CorteCor.csproj]
C:\Welber\Github\corte_cor_ag.git\Pages\UsuarioAlterarSenha.cshtml.cs(63,52): warning CS8604: Possível argumento de referência nula para o parâmetro 'value' em 'void DbExtensions.AddWithValue(IDbCommand command, string parameterName, object value)'. [C:\Welber\Github\corte_cor_ag.git\CorteCor.csproj]
C:\Welber\Github\corte_cor_ag.git\Pages\UsuarioAlterarSenha.cshtml.cs(64,43): warning CS8600: Conversão de literal nula ou possível valor nulo em tipo não anulável. [C:\Welber\Github\corte_cor_ag.git\CorteCor.csproj]
C:\Welber\Github\corte_cor_ag.git\Pages\UsuarioCadastro.cshtml.cs(43,48): warning CS8604: Possível argumento de referência nula para o parâmetro 's' em 'int int.Parse(string s)'. [C:\Welber\Github\corte_cor_ag.git\CorteCor.csproj]
C:\Welber\Github\corte_cor_ag.git\Pages\UsuarioCadastro.cshtml.cs(49,24): warning CS8601: Possível atribuição de referência nula. [C:\Welber\Github\corte_cor_ag.git\CorteCor.csproj]
C:\Welber\Github\corte_cor_ag.git\Pages\UsuarioCadastro.cshtml.cs(50,28): warning CS8601: Possível atribuição de referência nula. [C:\Welber\Github\corte_cor_ag.git\CorteCor.csproj]
C:\Welber\Github\corte_cor_ag.git\Pages\UsuarioCadastro.cshtml.cs(51,22): warning CS8601: Possível atribuição de referência nula. [C:\Welber\Github\corte_cor_ag.git\CorteCor.csproj]
C:\Welber\Github\corte_cor_ag.git\Pages\UsuarioCadastro.cshtml.cs(52,25): warning CS8601: Possível atribuição de referência nula. [C:\Welber\Github\corte_cor_ag.git\CorteCor.csproj]
C:\Welber\Github\corte_cor_ag.git\Pages\UsuarioCadastro.cshtml.cs(53,28): warning CS8601: Possível atribuição de referência nula. [C:\Welber\Github\corte_cor_ag.git\CorteCor.csproj]
C:\Welber\Github\corte_cor_ag.git\Pages\UsuarioCadastro.cshtml.cs(54,46): warning CS8604: Possível argumento de referência nula para o parâmetro 's' em 'DateTime DateTime.Parse(string s)'. [C:\Welber\Github\corte_cor_ag.git\CorteCor.csproj]
C:\Welber\Github\corte_cor_ag.git\Pages\UsuarioDashboard.cshtml.cs(51,35): warning CS8602: Desreferência de uma referência possivelmente nula. [C:\Welber\Github\corte_cor_ag.git\CorteCor.csproj]
C:\Welber\Github\corte_cor_ag.git\Pages\UsuarioDashboard.cshtml.cs(51,35): warning CS8600: Conversão de literal nula ou possível valor nulo em tipo não anulável. [C:\Welber\Github\corte_cor_ag.git\CorteCor.csproj]
C:\Welber\Github\corte_cor_ag.git\Pages\UsuarioDashboard.cshtml.cs(55,29): warning CS8602: Desreferência de uma referência possivelmente nula. [C:\Welber\Github\corte_cor_ag.git\CorteCor.csproj]
C:\Welber\Github\corte_cor_ag.git\Pages\UsuarioDashboard.cshtml.cs(70,65): warning CS8602: Desreferência de uma referência possivelmente nula. [C:\Welber\Github\corte_cor_ag.git\CorteCor.csproj]
C:\Welber\Github\corte_cor_ag.git\Pages\UsuarioDashboard.cshtml.cs(70,25): warning CS8602: Desreferência de uma referência possivelmente nula. [C:\Welber\Github\corte_cor_ag.git\CorteCor.csproj]
C:\Welber\Github\corte_cor_ag.git\Pages\UsuarioLista.cshtml.cs(43,32): warning CS8604: Possível argumento de referência nula para o parâmetro 's' em 'int int.Parse(string s)'. [C:\Welber\Github\corte_cor_ag.git\CorteCor.csproj]
C:\Welber\Github\corte_cor_ag.git\Pages\UsuarioLista.cshtml.cs(12,23): warning CS8618: O propriedade não anulável 'Mensagem' precisa conter um valor não nulo ao sair do construtor. Considere adicionar o modificador "obrigatório" ou declarar o propriedade como anulável. [C:\Welber\Github\corte_cor_ag.git\CorteCor.csproj]
C:\Welber\Github\corte_cor_ag.git\Pages\UsuarioLista.cshtml.cs(15,23): warning CS8618: O propriedade não anulável 'NomeClientes' precisa conter um valor não nulo ao sair do construtor. Considere adicionar o modificador "obrigatório" ou declarar o propriedade como anulável. [C:\Welber\Github\corte_cor_ag.git\CorteCor.csproj]
C:\Welber\Github\corte_cor_ag.git\Pages\UsuarioLista.cshtml.cs(16,23): warning CS8618: O propriedade não anulável 'NomeCliente' precisa conter um valor não nulo ao sair do construtor. Considere adicionar o modificador "obrigatório" ou declarar o propriedade como anulável. [C:\Welber\Github\corte_cor_ag.git\CorteCor.csproj]
C:\Welber\Github\corte_cor_ag.git\Pages\UsuarioLista.cshtml.cs(18,28): warning CS8618: O propriedade não anulável 'Saloes' precisa conter um valor não nulo ao sair do construtor. Considere adicionar o modificador "obrigatório" ou declarar o propriedade como anulável. [C:\Welber\Github\corte_cor_ag.git\CorteCor.csproj]
C:\Welber\Github\corte_cor_ag.git\Pages\ServicoCadastro.cshtml.cs(56,42): warning CS8604: Possível argumento de referência nula para o parâmetro 'valor' em 'decimal ServicoCadastroModel.ParsePrecoBR(string valor)'. [C:\Welber\Github\corte_cor_ag.git\CorteCor.csproj]
C:\Welber\Github\corte_cor_ag.git\Pages\ServicoCadastro.cshtml.cs(58,45): warning CS8604: Possível argumento de referência nula para o parâmetro 'valor' em 'TimeSpan ServicoCadastroModel.ParseDuracao(string valor)'. [C:\Welber\Github\corte_cor_ag.git\CorteCor.csproj]
C:\Welber\Github\corte_cor_ag.git\Pages\ServicoCadastro.cshtml.cs(63,24): warning CS8601: Possível atribuição de referência nula. [C:\Welber\Github\corte_cor_ag.git\CorteCor.csproj]
C:\Welber\Github\corte_cor_ag.git\Pages\ServicoCadastro.cshtml.cs(10,24): warning CS8618: O propriedade não anulável 'Servico' precisa conter um valor não nulo ao sair do construtor. Considere adicionar o modificador "obrigatório" ou declarar o propriedade como anulável. [C:\Welber\Github\corte_cor_ag.git\CorteCor.csproj]
C:\Welber\Github\corte_cor_ag.git\Pages\ServicoCadastro.cshtml.cs(12,23): warning CS8618: O propriedade não anulável 'Mensagem' precisa conter um valor não nulo ao sair do construtor. Considere adicionar o modificador "obrigatório" ou declarar o propriedade como anulável. [C:\Welber\Github\corte_cor_ag.git\CorteCor.csproj]
C:\Welber\Github\corte_cor_ag.git\Pages\UsuarioCadastro.cshtml.cs(83,28): warning CS8600: Conversão de literal nula ou possível valor nulo em tipo não anulável. [C:\Welber\Github\corte_cor_ag.git\CorteCor.csproj]
C:\Welber\Github\corte_cor_ag.git\Pages\UsuarioCadastro.cshtml.cs(90,41): warning CS8602: Desreferência de uma referência possivelmente nula. [C:\Welber\Github\corte_cor_ag.git\CorteCor.csproj]
C:\Welber\Github\corte_cor_ag.git\Pages\UsuarioCadastro.cshtml.cs(99,57): warning CS8602: Desreferência de uma referência possivelmente nula. [C:\Welber\Github\corte_cor_ag.git\CorteCor.csproj]
C:\Welber\Github\corte_cor_ag.git\Pages\UsuarioCadastro.cshtml.cs(105,38): warning CS8604: Possível argumento de referência nula para o parâmetro 'email' em 'void LoginManager.EnviarEmail(string email, string from, string subject, string body)'. [C:\Welber\Github\corte_cor_ag.git\CorteCor.csproj]
C:\Welber\Github\corte_cor_ag.git\Pages\UsuarioCadastro.cshtml.cs(13,24): warning CS8618: O propriedade não anulável 'Usuario' precisa conter um valor não nulo ao sair do construtor. Considere adicionar o modificador "obrigatório" ou declarar o propriedade como anulável. [C:\Welber\Github\corte_cor_ag.git\CorteCor.csproj]
C:\Welber\Github\corte_cor_ag.git\Pages\UsuarioCadastro.cshtml.cs(16,23): warning CS8618: O propriedade não anulável 'Mensagem' precisa conter um valor não nulo ao sair do construtor. Considere adicionar o modificador "obrigatório" ou declarar o propriedade como anulável. [C:\Welber\Github\corte_cor_ag.git\CorteCor.csproj]
C:\Welber\Github\corte_cor_ag.git\Pages\UsuarioCadastro.cshtml.cs(17,23): warning CS8618: O propriedade não anulável 'NomeClientes' precisa conter um valor não nulo ao sair do construtor. Considere adicionar o modificador "obrigatório" ou declarar o propriedade como anulável. [C:\Welber\Github\corte_cor_ag.git\CorteCor.csproj]
C:\Welber\Github\corte_cor_ag.git\Pages\UsuarioCadastro.cshtml.cs(18,23): warning CS8618: O propriedade não anulável 'NomeCliente' precisa conter um valor não nulo ao sair do construtor. Considere adicionar o modificador "obrigatório" ou declarar o propriedade como anulável. [C:\Welber\Github\corte_cor_ag.git\CorteCor.csproj]
C:\Welber\Github\corte_cor_ag.git\Pages\UsuarioCadastro.cshtml.cs(19,23): warning CS8618: O propriedade não anulável 'NomeCurto' precisa conter um valor não nulo ao sair do construtor. Considere adicionar o modificador "obrigatório" ou declarar o propriedade como anulável. [C:\Welber\Github\corte_cor_ag.git\CorteCor.csproj]
C:\Welber\Github\corte_cor_ag.git\Pages\UsuarioCadastro.cshtml.cs(20,28): warning CS8618: O propriedade não anulável 'Saloes' precisa conter um valor não nulo ao sair do construtor. Considere adicionar o modificador "obrigatório" ou declarar o propriedade como anulável. [C:\Welber\Github\corte_cor_ag.git\CorteCor.csproj]
C:\Welber\Github\corte_cor_ag.git\Pages\Webhooks\MercadoPago.cshtml.cs(58,37): warning CS8600: Conversão de literal nula ou possível valor nulo em tipo não anulável. [C:\Welber\Github\corte_cor_ag.git\CorteCor.csproj]
C:\Welber\Github\corte_cor_ag.git\Pages\Webhooks\MercadoPago.cshtml.cs(72,43): warning CS8600: Conversão de literal nula ou possível valor nulo em tipo não anulável. [C:\Welber\Github\corte_cor_ag.git\CorteCor.csproj]
C:\Welber\Github\corte_cor_ag.git\Pages\PessoaLista.cshtml(5,6): error CS0103: O nome "media" não existe no contexto atual [C:\Welber\Github\corte_cor_ag.git\CorteCor.csproj]
    392 Aviso(s)
    1 Erro(s)

Tempo Decorrido 00:00:28.79
