  Determinando os projetos a serem restaurados...
  Todos os projetos estão atualizados para restauração.
C:\Welber\2022\GitHubDesktop\corte_cor_ag\EntityHandler.cs(369,54): warning CS8625: Não é possível converter um literal nulo em um tipo de referência não anulável. [C:\Welber\2022\GitHubDesktop\corte_cor_ag\CorteCor.csproj]
C:\Welber\2022\GitHubDesktop\corte_cor_ag\EntityHandler.cs(1163,56): warning CS8625: Não é possível converter um literal nulo em um tipo de referência não anulável. [C:\Welber\2022\GitHubDesktop\corte_cor_ag\CorteCor.csproj]
C:\Welber\2022\GitHubDesktop\corte_cor_ag\EntityHandler.cs(158,54): warning CS8625: Não é possível converter um literal nulo em um tipo de referência não anulável. [C:\Welber\2022\GitHubDesktop\corte_cor_ag\CorteCor.csproj]
C:\Welber\2022\GitHubDesktop\corte_cor_ag\EntityHandler.cs(15,58): warning CS8625: Não é possível converter um literal nulo em um tipo de referência não anulável. [C:\Welber\2022\GitHubDesktop\corte_cor_ag\CorteCor.csproj]
C:\Welber\2022\GitHubDesktop\corte_cor_ag\EntityHandler.cs(636,60): warning CS8625: Não é possível converter um literal nulo em um tipo de referência não anulável. [C:\Welber\2022\GitHubDesktop\corte_cor_ag\CorteCor.csproj]
C:\Welber\2022\GitHubDesktop\corte_cor_ag\LembreteService.cs(16,160): warning CS8625: Não é possível converter um literal nulo em um tipo de referência não anulável. [C:\Welber\2022\GitHubDesktop\corte_cor_ag\CorteCor.csproj]
C:\Welber\2022\GitHubDesktop\corte_cor_ag\MercadoPagoService.cs(13,85): warning CS8625: Não é possível converter um literal nulo em um tipo de referência não anulável. [C:\Welber\2022\GitHubDesktop\corte_cor_ag\CorteCor.csproj]
C:\Welber\2022\GitHubDesktop\corte_cor_ag\DatabaseHandler.cs(49,51): warning CS0618: "SqlParameter" é obsoleto: "Use the Microsoft.Data.SqlClient package instead." [C:\Welber\2022\GitHubDesktop\corte_cor_ag\CorteCor.csproj]
C:\Welber\2022\GitHubDesktop\corte_cor_ag\EntityHandler.cs(305,73): warning CS8625: Não é possível converter um literal nulo em um tipo de referência não anulável. [C:\Welber\2022\GitHubDesktop\corte_cor_ag\CorteCor.csproj]
C:\Welber\2022\GitHubDesktop\corte_cor_ag\EntityHandler.cs(516,62): warning CS8625: Não é possível converter um literal nulo em um tipo de referência não anulável. [C:\Welber\2022\GitHubDesktop\corte_cor_ag\CorteCor.csproj]
C:\Welber\2022\GitHubDesktop\corte_cor_ag\EntityHandler.cs(28,56): warning CS8625: Não é possível converter um literal nulo em um tipo de referência não anulável. [C:\Welber\2022\GitHubDesktop\corte_cor_ag\CorteCor.csproj]
C:\Welber\2022\GitHubDesktop\corte_cor_ag\EntityHandler.cs(1338,67): warning CS8625: Não é possível converter um literal nulo em um tipo de referência não anulável. [C:\Welber\2022\GitHubDesktop\corte_cor_ag\CorteCor.csproj]
C:\Welber\2022\GitHubDesktop\corte_cor_ag\EntityHandler.cs(879,60): warning CS8625: Não é possível converter um literal nulo em um tipo de referência não anulável. [C:\Welber\2022\GitHubDesktop\corte_cor_ag\CorteCor.csproj]
C:\Welber\2022\GitHubDesktop\corte_cor_ag\EntityHandler.cs(2989,60): warning CS8625: Não é possível converter um literal nulo em um tipo de referência não anulável. [C:\Welber\2022\GitHubDesktop\corte_cor_ag\CorteCor.csproj]
C:\Welber\2022\GitHubDesktop\corte_cor_ag\EntityHandler.cs(2286,62): warning CS8625: Não é possível converter um literal nulo em um tipo de referência não anulável. [C:\Welber\2022\GitHubDesktop\corte_cor_ag\CorteCor.csproj]
C:\Welber\2022\GitHubDesktop\corte_cor_ag\EntityHandler.cs(1577,55): warning CS8625: Não é possível converter um literal nulo em um tipo de referência não anulável. [C:\Welber\2022\GitHubDesktop\corte_cor_ag\CorteCor.csproj]
C:\Welber\2022\GitHubDesktop\corte_cor_ag\EntityHandler.cs(3142,141): warning CS8625: Não é possível converter um literal nulo em um tipo de referência não anulável. [C:\Welber\2022\GitHubDesktop\corte_cor_ag\CorteCor.csproj]
C:\Welber\2022\GitHubDesktop\corte_cor_ag\EntityHandler.cs(2576,58): warning CS8625: Não é possível converter um literal nulo em um tipo de referência não anulável. [C:\Welber\2022\GitHubDesktop\corte_cor_ag\CorteCor.csproj]
C:\Welber\2022\GitHubDesktop\corte_cor_ag\EntityHandler.cs(3142,196): warning CS8625: Não é possível converter um literal nulo em um tipo de referência não anulável. [C:\Welber\2022\GitHubDesktop\corte_cor_ag\CorteCor.csproj]
C:\Welber\2022\GitHubDesktop\corte_cor_ag\EntityHandler.cs(1844,60): warning CS8625: Não é possível converter um literal nulo em um tipo de referência não anulável. [C:\Welber\2022\GitHubDesktop\corte_cor_ag\CorteCor.csproj]
C:\Welber\2022\GitHubDesktop\corte_cor_ag\EntityHandler.cs(3149,61): warning CS8625: Não é possível converter um literal nulo em um tipo de referência não anulável. [C:\Welber\2022\GitHubDesktop\corte_cor_ag\CorteCor.csproj]
C:\Welber\2022\GitHubDesktop\corte_cor_ag\EntityHandler.cs(3254,148): warning CS8625: Não é possível converter um literal nulo em um tipo de referência não anulável. [C:\Welber\2022\GitHubDesktop\corte_cor_ag\CorteCor.csproj]
C:\Welber\2022\GitHubDesktop\corte_cor_ag\EntityHandler.cs(3254,203): warning CS8625: Não é possível converter um literal nulo em um tipo de referência não anulável. [C:\Welber\2022\GitHubDesktop\corte_cor_ag\CorteCor.csproj]
C:\Welber\2022\GitHubDesktop\corte_cor_ag\EntityHandler.cs(3592,195): warning CS8625: Não é possível converter um literal nulo em um tipo de referência não anulável. [C:\Welber\2022\GitHubDesktop\corte_cor_ag\CorteCor.csproj]
C:\Welber\2022\GitHubDesktop\corte_cor_ag\Pages\Estabelecimentos.cshtml.cs(114,59): warning CS0108: "EstabelecimentosModel.Page" oculta o membro herdado "PageModel.Page()". Use a nova palavra-chave se foi pretendido ocultar. [C:\Welber\2022\GitHubDesktop\corte_cor_ag\CorteCor.csproj]
C:\Users\olive\.nuget\packages\microsoft.net.test.sdk\17.8.0\build\netcoreapp3.1\Microsoft.NET.Test.Sdk.Program.cs(4,41): warning CS7022: O ponto de entrada do programa é o código global. Ignorando o ponto de entrada 'AutoGeneratedProgram.Main(string[])'. [C:\Welber\2022\GitHubDesktop\corte_cor_ag\CorteCor.csproj]
C:\Welber\2022\GitHubDesktop\corte_cor_ag\DatabaseHandler.cs(38,34): warning CS0618: "SqlConnection" é obsoleto: "Use the Microsoft.Data.SqlClient package instead." [C:\Welber\2022\GitHubDesktop\corte_cor_ag\CorteCor.csproj]
C:\Welber\2022\GitHubDesktop\corte_cor_ag\EntityHandler.cs(57,29): warning CS8600: Conversão de literal nula ou possível valor nulo em tipo não anulável. [C:\Welber\2022\GitHubDesktop\corte_cor_ag\CorteCor.csproj]
C:\Welber\2022\GitHubDesktop\corte_cor_ag\EntityHandler.cs(178,40): warning CS8600: Conversão de literal nula ou possível valor nulo em tipo não anulável. [C:\Welber\2022\GitHubDesktop\corte_cor_ag\CorteCor.csproj]
C:\Welber\2022\GitHubDesktop\corte_cor_ag\EntityHandler.cs(179,50): warning CS8604: Possível argumento de referência nula para o parâmetro 'senhaHash' em 'bool LoginManager.VerificarSenha(string senha, string senhaHash)'. [C:\Welber\2022\GitHubDesktop\corte_cor_ag\CorteCor.csproj]
C:\Welber\2022\GitHubDesktop\corte_cor_ag\EntityHandler.cs(201,40): warning CS8600: Conversão de literal nula ou possível valor nulo em tipo não anulável. [C:\Welber\2022\GitHubDesktop\corte_cor_ag\CorteCor.csproj]
C:\Welber\2022\GitHubDesktop\corte_cor_ag\EntityHandler.cs(202,50): warning CS8604: Possível argumento de referência nula para o parâmetro 'senhaHash' em 'bool LoginManager.VerificarSenha(string senha, string senhaHash)'. [C:\Welber\2022\GitHubDesktop\corte_cor_ag\CorteCor.csproj]
C:\Welber\2022\GitHubDesktop\corte_cor_ag\EntityHandler.cs(95,32): warning CS8601: Possível atribuição de referência nula. [C:\Welber\2022\GitHubDesktop\corte_cor_ag\CorteCor.csproj]
C:\Welber\2022\GitHubDesktop\corte_cor_ag\EntityHandler.cs(96,33): warning CS8601: Possível atribuição de referência nula. [C:\Welber\2022\GitHubDesktop\corte_cor_ag\CorteCor.csproj]
C:\Welber\2022\GitHubDesktop\corte_cor_ag\EntityHandler.cs(97,36): warning CS8601: Possível atribuição de referência nula. [C:\Welber\2022\GitHubDesktop\corte_cor_ag\CorteCor.csproj]
C:\Welber\2022\GitHubDesktop\corte_cor_ag\EntityHandler.cs(99,34): warning CS8601: Possível atribuição de referência nula. [C:\Welber\2022\GitHubDesktop\corte_cor_ag\CorteCor.csproj]
C:\Welber\2022\GitHubDesktop\corte_cor_ag\EntityHandler.cs(100,37): warning CS8601: Possível atribuição de referência nula. [C:\Welber\2022\GitHubDesktop\corte_cor_ag\CorteCor.csproj]
C:\Welber\2022\GitHubDesktop\corte_cor_ag\EntityHandler.cs(101,31): warning CS8601: Possível atribuição de referência nula. [C:\Welber\2022\GitHubDesktop\corte_cor_ag\CorteCor.csproj]
C:\Welber\2022\GitHubDesktop\corte_cor_ag\EntityHandler.cs(102,33): warning CS8601: Possível atribuição de referência nula. [C:\Welber\2022\GitHubDesktop\corte_cor_ag\CorteCor.csproj]
C:\Welber\2022\GitHubDesktop\corte_cor_ag\EntityHandler.cs(293,26): warning CS0168: A variável "ex" está declarada, mas nunca é usada [C:\Welber\2022\GitHubDesktop\corte_cor_ag\CorteCor.csproj]
C:\Welber\2022\GitHubDesktop\corte_cor_ag\EntityHandler.cs(398,29): warning CS8600: Conversão de literal nula ou possível valor nulo em tipo não anulável. [C:\Welber\2022\GitHubDesktop\corte_cor_ag\CorteCor.csproj]
C:\Welber\2022\GitHubDesktop\corte_cor_ag\EntityHandler.cs(536,29): warning CS8600: Conversão de literal nula ou possível valor nulo em tipo não anulável. [C:\Welber\2022\GitHubDesktop\corte_cor_ag\CorteCor.csproj]
C:\Welber\2022\GitHubDesktop\corte_cor_ag\EntityHandler.cs(563,32): warning CS8601: Possível atribuição de referência nula. [C:\Welber\2022\GitHubDesktop\corte_cor_ag\CorteCor.csproj]
C:\Welber\2022\GitHubDesktop\corte_cor_ag\EntityHandler.cs(564,33): warning CS8601: Possível atribuição de referência nula. [C:\Welber\2022\GitHubDesktop\corte_cor_ag\CorteCor.csproj]
C:\Welber\2022\GitHubDesktop\corte_cor_ag\EntityHandler.cs(565,33): warning CS8601: Possível atribuição de referência nula. [C:\Welber\2022\GitHubDesktop\corte_cor_ag\CorteCor.csproj]
C:\Welber\2022\GitHubDesktop\corte_cor_ag\EntityHandler.cs(566,34): warning CS8601: Possível atribuição de referência nula. [C:\Welber\2022\GitHubDesktop\corte_cor_ag\CorteCor.csproj]
C:\Welber\2022\GitHubDesktop\corte_cor_ag\EntityHandler.cs(567,34): warning CS8601: Possível atribuição de referência nula. [C:\Welber\2022\GitHubDesktop\corte_cor_ag\CorteCor.csproj]
C:\Welber\2022\GitHubDesktop\corte_cor_ag\EntityHandler.cs(440,32): warning CS8601: Possível atribuição de referência nula. [C:\Welber\2022\GitHubDesktop\corte_cor_ag\CorteCor.csproj]
C:\Welber\2022\GitHubDesktop\corte_cor_ag\EntityHandler.cs(441,39): warning CS8601: Possível atribuição de referência nula. [C:\Welber\2022\GitHubDesktop\corte_cor_ag\CorteCor.csproj]
C:\Welber\2022\GitHubDesktop\corte_cor_ag\EntityHandler.cs(442,33): warning CS8601: Possível atribuição de referência nula. [C:\Welber\2022\GitHubDesktop\corte_cor_ag\CorteCor.csproj]
C:\Welber\2022\GitHubDesktop\corte_cor_ag\EntityHandler.cs(443,36): warning CS8601: Possível atribuição de referência nula. [C:\Welber\2022\GitHubDesktop\corte_cor_ag\CorteCor.csproj]
C:\Welber\2022\GitHubDesktop\corte_cor_ag\EntityHandler.cs(444,36): warning CS8601: Possível atribuição de referência nula. [C:\Welber\2022\GitHubDesktop\corte_cor_ag\CorteCor.csproj]
C:\Welber\2022\GitHubDesktop\corte_cor_ag\EntityHandler.cs(445,32): warning CS8601: Possível atribuição de referência nula. [C:\Welber\2022\GitHubDesktop\corte_cor_ag\CorteCor.csproj]
C:\Welber\2022\GitHubDesktop\corte_cor_ag\EntityHandler.cs(446,34): warning CS8601: Possível atribuição de referência nula. [C:\Welber\2022\GitHubDesktop\corte_cor_ag\CorteCor.csproj]
C:\Welber\2022\GitHubDesktop\corte_cor_ag\EntityHandler.cs(448,38): warning CS8601: Possível atribuição de referência nula. [C:\Welber\2022\GitHubDesktop\corte_cor_ag\CorteCor.csproj]
C:\Welber\2022\GitHubDesktop\corte_cor_ag\EntityHandler.cs(657,43): warning CS8600: Conversão de literal nula ou possível valor nulo em tipo não anulável. [C:\Welber\2022\GitHubDesktop\corte_cor_ag\CorteCor.csproj]
C:\Welber\2022\GitHubDesktop\corte_cor_ag\EntityHandler.cs(658,47): warning CS8600: Conversão de literal nula ou possível valor nulo em tipo não anulável. [C:\Welber\2022\GitHubDesktop\corte_cor_ag\CorteCor.csproj]
C:\Welber\2022\GitHubDesktop\corte_cor_ag\EntityHandler.cs(659,41): warning CS8600: Conversão de literal nula ou possível valor nulo em tipo não anulável. [C:\Welber\2022\GitHubDesktop\corte_cor_ag\CorteCor.csproj]
C:\Welber\2022\GitHubDesktop\corte_cor_ag\EntityHandler.cs(660,42): warning CS8600: Conversão de literal nula ou possível valor nulo em tipo não anulável. [C:\Welber\2022\GitHubDesktop\corte_cor_ag\CorteCor.csproj]
C:\Welber\2022\GitHubDesktop\corte_cor_ag\EntityHandler.cs(661,53): warning CS8600: Conversão de literal nula ou possível valor nulo em tipo não anulável. [C:\Welber\2022\GitHubDesktop\corte_cor_ag\CorteCor.csproj]
C:\Welber\2022\GitHubDesktop\corte_cor_ag\EntityHandler.cs(662,52): warning CS8600: Conversão de literal nula ou possível valor nulo em tipo não anulável. [C:\Welber\2022\GitHubDesktop\corte_cor_ag\CorteCor.csproj]
C:\Welber\2022\GitHubDesktop\corte_cor_ag\EntityHandler.cs(663,42): warning CS8600: Conversão de literal nula ou possível valor nulo em tipo não anulável. [C:\Welber\2022\GitHubDesktop\corte_cor_ag\CorteCor.csproj]
C:\Welber\2022\GitHubDesktop\corte_cor_ag\EntityHandler.cs(664,50): warning CS8600: Conversão de literal nula ou possível valor nulo em tipo não anulável. [C:\Welber\2022\GitHubDesktop\corte_cor_ag\CorteCor.csproj]
C:\Welber\2022\GitHubDesktop\corte_cor_ag\EntityHandler.cs(665,54): warning CS8600: Conversão de literal nula ou possível valor nulo em tipo não anulável. [C:\Welber\2022\GitHubDesktop\corte_cor_ag\CorteCor.csproj]
C:\Welber\2022\GitHubDesktop\corte_cor_ag\EntityHandler.cs(666,59): warning CS8600: Conversão de literal nula ou possível valor nulo em tipo não anulável. [C:\Welber\2022\GitHubDesktop\corte_cor_ag\CorteCor.csproj]
C:\Welber\2022\GitHubDesktop\corte_cor_ag\EntityHandler.cs(667,48): warning CS8600: Conversão de literal nula ou possível valor nulo em tipo não anulável. [C:\Welber\2022\GitHubDesktop\corte_cor_ag\CorteCor.csproj]
C:\Welber\2022\GitHubDesktop\corte_cor_ag\EntityHandler.cs(668,52): warning CS8600: Conversão de literal nula ou possível valor nulo em tipo não anulável. [C:\Welber\2022\GitHubDesktop\corte_cor_ag\CorteCor.csproj]
C:\Welber\2022\GitHubDesktop\corte_cor_ag\EntityHandler.cs(669,47): warning CS8600: Conversão de literal nula ou possível valor nulo em tipo não anulável. [C:\Welber\2022\GitHubDesktop\corte_cor_ag\CorteCor.csproj]
C:\Welber\2022\GitHubDesktop\corte_cor_ag\EntityHandler.cs(670,46): warning CS8600: Conversão de literal nula ou possível valor nulo em tipo não anulável. [C:\Welber\2022\GitHubDesktop\corte_cor_ag\CorteCor.csproj]
C:\Welber\2022\GitHubDesktop\corte_cor_ag\EntityHandler.cs(671,55): warning CS8600: Conversão de literal nula ou possível valor nulo em tipo não anulável. [C:\Welber\2022\GitHubDesktop\corte_cor_ag\CorteCor.csproj]
C:\Welber\2022\GitHubDesktop\corte_cor_ag\EntityHandler.cs(672,50): warning CS8600: Conversão de literal nula ou possível valor nulo em tipo não anulável. [C:\Welber\2022\GitHubDesktop\corte_cor_ag\CorteCor.csproj]
C:\Welber\2022\GitHubDesktop\corte_cor_ag\EntityHandler.cs(673,47): warning CS8600: Conversão de literal nula ou possível valor nulo em tipo não anulável. [C:\Welber\2022\GitHubDesktop\corte_cor_ag\CorteCor.csproj]
C:\Welber\2022\GitHubDesktop\corte_cor_ag\EntityHandler.cs(674,45): warning CS8600: Conversão de literal nula ou possível valor nulo em tipo não anulável. [C:\Welber\2022\GitHubDesktop\corte_cor_ag\CorteCor.csproj]
C:\Welber\2022\GitHubDesktop\corte_cor_ag\EntityHandler.cs(675,54): warning CS8600: Conversão de literal nula ou possível valor nulo em tipo não anulável. [C:\Welber\2022\GitHubDesktop\corte_cor_ag\CorteCor.csproj]
C:\Welber\2022\GitHubDesktop\corte_cor_ag\EntityHandler.cs(676,45): warning CS8600: Conversão de literal nula ou possível valor nulo em tipo não anulável. [C:\Welber\2022\GitHubDesktop\corte_cor_ag\CorteCor.csproj]
C:\Welber\2022\GitHubDesktop\corte_cor_ag\EntityHandler.cs(677,43): warning CS8600: Conversão de literal nula ou possível valor nulo em tipo não anulável. [C:\Welber\2022\GitHubDesktop\corte_cor_ag\CorteCor.csproj]
C:\Welber\2022\GitHubDesktop\corte_cor_ag\EntityHandler.cs(678,58): warning CS8604: Possível argumento de referência nula para o parâmetro 'value' em 'void DbExtensions.AddWithValue(IDbCommand command, string parameterName, object value)'. [C:\Welber\2022\GitHubDesktop\corte_cor_ag\CorteCor.csproj]
C:\Welber\2022\GitHubDesktop\corte_cor_ag\EntityHandler.cs(679,47): warning CS8600: Conversão de literal nula ou possível valor nulo em tipo não anulável. [C:\Welber\2022\GitHubDesktop\corte_cor_ag\CorteCor.csproj]
C:\Welber\2022\GitHubDesktop\corte_cor_ag\EntityHandler.cs(680,46): warning CS8600: Conversão de literal nula ou possível valor nulo em tipo não anulável. [C:\Welber\2022\GitHubDesktop\corte_cor_ag\CorteCor.csproj]
C:\Welber\2022\GitHubDesktop\corte_cor_ag\EntityHandler.cs(681,50): warning CS8600: Conversão de literal nula ou possível valor nulo em tipo não anulável. [C:\Welber\2022\GitHubDesktop\corte_cor_ag\CorteCor.csproj]
C:\Welber\2022\GitHubDesktop\corte_cor_ag\EntityHandler.cs(682,54): warning CS8600: Conversão de literal nula ou possível valor nulo em tipo não anulável. [C:\Welber\2022\GitHubDesktop\corte_cor_ag\CorteCor.csproj]
C:\Welber\2022\GitHubDesktop\corte_cor_ag\EntityHandler.cs(683,48): warning CS8600: Conversão de literal nula ou possível valor nulo em tipo não anulável. [C:\Welber\2022\GitHubDesktop\corte_cor_ag\CorteCor.csproj]
C:\Welber\2022\GitHubDesktop\corte_cor_ag\EntityHandler.cs(684,49): warning CS8600: Conversão de literal nula ou possível valor nulo em tipo não anulável. [C:\Welber\2022\GitHubDesktop\corte_cor_ag\CorteCor.csproj]
C:\Welber\2022\GitHubDesktop\corte_cor_ag\EntityHandler.cs(685,51): warning CS8600: Conversão de literal nula ou possível valor nulo em tipo não anulável. [C:\Welber\2022\GitHubDesktop\corte_cor_ag\CorteCor.csproj]
C:\Welber\2022\GitHubDesktop\corte_cor_ag\EntityHandler.cs(686,59): warning CS8600: Conversão de literal nula ou possível valor nulo em tipo não anulável. [C:\Welber\2022\GitHubDesktop\corte_cor_ag\CorteCor.csproj]
C:\Welber\2022\GitHubDesktop\corte_cor_ag\EntityHandler.cs(687,66): warning CS8600: Conversão de literal nula ou possível valor nulo em tipo não anulável. [C:\Welber\2022\GitHubDesktop\corte_cor_ag\CorteCor.csproj]
C:\Welber\2022\GitHubDesktop\corte_cor_ag\EntityHandler.cs(688,55): warning CS8600: Conversão de literal nula ou possível valor nulo em tipo não anulável. [C:\Welber\2022\GitHubDesktop\corte_cor_ag\CorteCor.csproj]
C:\Welber\2022\GitHubDesktop\corte_cor_ag\EntityHandler.cs(689,59): warning CS8600: Conversão de literal nula ou possível valor nulo em tipo não anulável. [C:\Welber\2022\GitHubDesktop\corte_cor_ag\CorteCor.csproj]
C:\Welber\2022\GitHubDesktop\corte_cor_ag\EntityHandler.cs(690,54): warning CS8600: Conversão de literal nula ou possível valor nulo em tipo não anulável. [C:\Welber\2022\GitHubDesktop\corte_cor_ag\CorteCor.csproj]
C:\Welber\2022\GitHubDesktop\corte_cor_ag\EntityHandler.cs(691,53): warning CS8600: Conversão de literal nula ou possível valor nulo em tipo não anulável. [C:\Welber\2022\GitHubDesktop\corte_cor_ag\CorteCor.csproj]
C:\Welber\2022\GitHubDesktop\corte_cor_ag\EntityHandler.cs(692,62): warning CS8600: Conversão de literal nula ou possível valor nulo em tipo não anulável. [C:\Welber\2022\GitHubDesktop\corte_cor_ag\CorteCor.csproj]
C:\Welber\2022\GitHubDesktop\corte_cor_ag\EntityHandler.cs(693,57): warning CS8600: Conversão de literal nula ou possível valor nulo em tipo não anulável. [C:\Welber\2022\GitHubDesktop\corte_cor_ag\CorteCor.csproj]
C:\Welber\2022\GitHubDesktop\corte_cor_ag\EntityHandler.cs(694,29): warning CS8600: Conversão de literal nula ou possível valor nulo em tipo não anulável. [C:\Welber\2022\GitHubDesktop\corte_cor_ag\CorteCor.csproj]
C:\Welber\2022\GitHubDesktop\corte_cor_ag\EntityHandler.cs(942,29): warning CS8600: Conversão de literal nula ou possível valor nulo em tipo não anulável. [C:\Welber\2022\GitHubDesktop\corte_cor_ag\CorteCor.csproj]
C:\Welber\2022\GitHubDesktop\corte_cor_ag\EntityHandler.cs(1187,29): warning CS8600: Conversão de literal nula ou possível valor nulo em tipo não anulável. [C:\Welber\2022\GitHubDesktop\corte_cor_ag\CorteCor.csproj]
C:\Welber\2022\GitHubDesktop\corte_cor_ag\EntityHandler.cs(1211,44): warning CS8603: Possível retorno de referência nula. [C:\Welber\2022\GitHubDesktop\corte_cor_ag\CorteCor.csproj]
C:\Welber\2022\GitHubDesktop\corte_cor_ag\EntityHandler.cs(1216,28): warning CS8601: Possível atribuição de referência nula. [C:\Welber\2022\GitHubDesktop\corte_cor_ag\CorteCor.csproj]
C:\Welber\2022\GitHubDesktop\corte_cor_ag\Pages\UsuarioLista.cshtml(48,38): warning CS8602: Desreferência de uma referência possivelmente nula. [C:\Welber\2022\GitHubDesktop\corte_cor_ag\CorteCor.csproj]
C:\Welber\2022\GitHubDesktop\corte_cor_ag\EntityHandler.cs(314,47): warning CS8600: Conversão de literal nula ou possível valor nulo em tipo não anulável. [C:\Welber\2022\GitHubDesktop\corte_cor_ag\CorteCor.csproj]
C:\Welber\2022\GitHubDesktop\corte_cor_ag\EntityHandler.cs(323,16): warning CS8603: Possível retorno de referência nula. [C:\Welber\2022\GitHubDesktop\corte_cor_ag\CorteCor.csproj]
C:\Welber\2022\GitHubDesktop\corte_cor_ag\EntityHandler.cs(1243,28): warning CS8601: Possível atribuição de referência nula. [C:\Welber\2022\GitHubDesktop\corte_cor_ag\CorteCor.csproj]
C:\Welber\2022\GitHubDesktop\corte_cor_ag\EntityHandler.cs(972,44): warning CS8603: Possível retorno de referência nula. [C:\Welber\2022\GitHubDesktop\corte_cor_ag\CorteCor.csproj]
C:\Welber\2022\GitHubDesktop\corte_cor_ag\EntityHandler.cs(977,28): warning CS8601: Possível atribuição de referência nula. [C:\Welber\2022\GitHubDesktop\corte_cor_ag\CorteCor.csproj]
C:\Welber\2022\GitHubDesktop\corte_cor_ag\EntityHandler.cs(344,24): warning CS8601: Possível atribuição de referência nula. [C:\Welber\2022\GitHubDesktop\corte_cor_ag\CorteCor.csproj]
C:\Welber\2022\GitHubDesktop\corte_cor_ag\EntityHandler.cs(345,31): warning CS8601: Possível atribuição de referência nula. [C:\Welber\2022\GitHubDesktop\corte_cor_ag\CorteCor.csproj]
C:\Welber\2022\GitHubDesktop\corte_cor_ag\EntityHandler.cs(346,25): warning CS8601: Possível atribuição de referência nula. [C:\Welber\2022\GitHubDesktop\corte_cor_ag\CorteCor.csproj]
C:\Welber\2022\GitHubDesktop\corte_cor_ag\EntityHandler.cs(347,28): warning CS8601: Possível atribuição de referência nula. [C:\Welber\2022\GitHubDesktop\corte_cor_ag\CorteCor.csproj]
C:\Welber\2022\GitHubDesktop\corte_cor_ag\EntityHandler.cs(348,28): warning CS8601: Possível atribuição de referência nula. [C:\Welber\2022\GitHubDesktop\corte_cor_ag\CorteCor.csproj]
C:\Welber\2022\GitHubDesktop\corte_cor_ag\EntityHandler.cs(349,24): warning CS8601: Possível atribuição de referência nula. [C:\Welber\2022\GitHubDesktop\corte_cor_ag\CorteCor.csproj]
C:\Welber\2022\GitHubDesktop\corte_cor_ag\EntityHandler.cs(350,26): warning CS8601: Possível atribuição de referência nula. [C:\Welber\2022\GitHubDesktop\corte_cor_ag\CorteCor.csproj]
C:\Welber\2022\GitHubDesktop\corte_cor_ag\EntityHandler.cs(357,16): warning CS8603: Possível retorno de referência nula. [C:\Welber\2022\GitHubDesktop\corte_cor_ag\CorteCor.csproj]
C:\Welber\2022\GitHubDesktop\corte_cor_ag\EntityHandler.cs(1276,32): warning CS8601: Possível atribuição de referência nula. [C:\Welber\2022\GitHubDesktop\corte_cor_ag\CorteCor.csproj]
C:\Welber\2022\GitHubDesktop\corte_cor_ag\EntityHandler.cs(1608,29): warning CS8600: Conversão de literal nula ou possível valor nulo em tipo não anulável. [C:\Welber\2022\GitHubDesktop\corte_cor_ag\CorteCor.csproj]
C:\Welber\2022\GitHubDesktop\corte_cor_ag\EntityHandler.cs(1630,44): warning CS8603: Possível retorno de referência nula. [C:\Welber\2022\GitHubDesktop\corte_cor_ag\CorteCor.csproj]
C:\Welber\2022\GitHubDesktop\corte_cor_ag\EntityHandler.cs(1635,28): warning CS8601: Possível atribuição de referência nula. [C:\Welber\2022\GitHubDesktop\corte_cor_ag\CorteCor.csproj]
C:\Welber\2022\GitHubDesktop\corte_cor_ag\EntityHandler.cs(1636,32): warning CS8601: Possível atribuição de referência nula. [C:\Welber\2022\GitHubDesktop\corte_cor_ag\CorteCor.csproj]
C:\Welber\2022\GitHubDesktop\corte_cor_ag\EntityHandler.cs(1637,29): warning CS8601: Possível atribuição de referência nula. [C:\Welber\2022\GitHubDesktop\corte_cor_ag\CorteCor.csproj]
C:\Welber\2022\GitHubDesktop\corte_cor_ag\EntityHandler.cs(1865,29): warning CS8600: Conversão de literal nula ou possível valor nulo em tipo não anulável. [C:\Welber\2022\GitHubDesktop\corte_cor_ag\CorteCor.csproj]
C:\Welber\2022\GitHubDesktop\corte_cor_ag\EntityHandler.cs(1043,32): warning CS8601: Possível atribuição de referência nula. [C:\Welber\2022\GitHubDesktop\corte_cor_ag\CorteCor.csproj]
C:\Welber\2022\GitHubDesktop\corte_cor_ag\EntityHandler.cs(823,43): warning CS8600: Conversão de literal nula ou possível valor nulo em tipo não anulável. [C:\Welber\2022\GitHubDesktop\corte_cor_ag\CorteCor.csproj]
C:\Welber\2022\GitHubDesktop\corte_cor_ag\EntityHandler.cs(824,47): warning CS8600: Conversão de literal nula ou possível valor nulo em tipo não anulável. [C:\Welber\2022\GitHubDesktop\corte_cor_ag\CorteCor.csproj]
C:\Welber\2022\GitHubDesktop\corte_cor_ag\EntityHandler.cs(825,41): warning CS8600: Conversão de literal nula ou possível valor nulo em tipo não anulável. [C:\Welber\2022\GitHubDesktop\corte_cor_ag\CorteCor.csproj]
C:\Welber\2022\GitHubDesktop\corte_cor_ag\EntityHandler.cs(826,42): warning CS8600: Conversão de literal nula ou possível valor nulo em tipo não anulável. [C:\Welber\2022\GitHubDesktop\corte_cor_ag\CorteCor.csproj]
C:\Welber\2022\GitHubDesktop\corte_cor_ag\EntityHandler.cs(827,53): warning CS8600: Conversão de literal nula ou possível valor nulo em tipo não anulável. [C:\Welber\2022\GitHubDesktop\corte_cor_ag\CorteCor.csproj]
C:\Welber\2022\GitHubDesktop\corte_cor_ag\EntityHandler.cs(828,52): warning CS8600: Conversão de literal nula ou possível valor nulo em tipo não anulável. [C:\Welber\2022\GitHubDesktop\corte_cor_ag\CorteCor.csproj]
C:\Welber\2022\GitHubDesktop\corte_cor_ag\EntityHandler.cs(829,42): warning CS8600: Conversão de literal nula ou possível valor nulo em tipo não anulável. [C:\Welber\2022\GitHubDesktop\corte_cor_ag\CorteCor.csproj]
C:\Welber\2022\GitHubDesktop\corte_cor_ag\EntityHandler.cs(830,50): warning CS8600: Conversão de literal nula ou possível valor nulo em tipo não anulável. [C:\Welber\2022\GitHubDesktop\corte_cor_ag\CorteCor.csproj]
C:\Welber\2022\GitHubDesktop\corte_cor_ag\EntityHandler.cs(831,54): warning CS8600: Conversão de literal nula ou possível valor nulo em tipo não anulável. [C:\Welber\2022\GitHubDesktop\corte_cor_ag\CorteCor.csproj]
C:\Welber\2022\GitHubDesktop\corte_cor_ag\EntityHandler.cs(832,59): warning CS8600: Conversão de literal nula ou possível valor nulo em tipo não anulável. [C:\Welber\2022\GitHubDesktop\corte_cor_ag\CorteCor.csproj]
C:\Welber\2022\GitHubDesktop\corte_cor_ag\EntityHandler.cs(833,48): warning CS8600: Conversão de literal nula ou possível valor nulo em tipo não anulável. [C:\Welber\2022\GitHubDesktop\corte_cor_ag\CorteCor.csproj]
C:\Welber\2022\GitHubDesktop\corte_cor_ag\EntityHandler.cs(834,52): warning CS8600: Conversão de literal nula ou possível valor nulo em tipo não anulável. [C:\Welber\2022\GitHubDesktop\corte_cor_ag\CorteCor.csproj]
C:\Welber\2022\GitHubDesktop\corte_cor_ag\EntityHandler.cs(835,47): warning CS8600: Conversão de literal nula ou possível valor nulo em tipo não anulável. [C:\Welber\2022\GitHubDesktop\corte_cor_ag\CorteCor.csproj]
C:\Welber\2022\GitHubDesktop\corte_cor_ag\EntityHandler.cs(836,46): warning CS8600: Conversão de literal nula ou possível valor nulo em tipo não anulável. [C:\Welber\2022\GitHubDesktop\corte_cor_ag\CorteCor.csproj]
C:\Welber\2022\GitHubDesktop\corte_cor_ag\EntityHandler.cs(837,55): warning CS8600: Conversão de literal nula ou possível valor nulo em tipo não anulável. [C:\Welber\2022\GitHubDesktop\corte_cor_ag\CorteCor.csproj]
C:\Welber\2022\GitHubDesktop\corte_cor_ag\EntityHandler.cs(838,50): warning CS8600: Conversão de literal nula ou possível valor nulo em tipo não anulável. [C:\Welber\2022\GitHubDesktop\corte_cor_ag\CorteCor.csproj]
C:\Welber\2022\GitHubDesktop\corte_cor_ag\EntityHandler.cs(839,47): warning CS8600: Conversão de literal nula ou possível valor nulo em tipo não anulável. [C:\Welber\2022\GitHubDesktop\corte_cor_ag\CorteCor.csproj]
C:\Welber\2022\GitHubDesktop\corte_cor_ag\EntityHandler.cs(840,45): warning CS8600: Conversão de literal nula ou possível valor nulo em tipo não anulável. [C:\Welber\2022\GitHubDesktop\corte_cor_ag\CorteCor.csproj]
C:\Welber\2022\GitHubDesktop\corte_cor_ag\EntityHandler.cs(841,54): warning CS8600: Conversão de literal nula ou possível valor nulo em tipo não anulável. [C:\Welber\2022\GitHubDesktop\corte_cor_ag\CorteCor.csproj]
C:\Welber\2022\GitHubDesktop\corte_cor_ag\EntityHandler.cs(842,45): warning CS8600: Conversão de literal nula ou possível valor nulo em tipo não anulável. [C:\Welber\2022\GitHubDesktop\corte_cor_ag\CorteCor.csproj]
C:\Welber\2022\GitHubDesktop\corte_cor_ag\EntityHandler.cs(843,43): warning CS8600: Conversão de literal nula ou possível valor nulo em tipo não anulável. [C:\Welber\2022\GitHubDesktop\corte_cor_ag\CorteCor.csproj]
C:\Welber\2022\GitHubDesktop\corte_cor_ag\EntityHandler.cs(844,58): warning CS8600: Conversão de literal nula ou possível valor nulo em tipo não anulável. [C:\Welber\2022\GitHubDesktop\corte_cor_ag\CorteCor.csproj]
C:\Welber\2022\GitHubDesktop\corte_cor_ag\EntityHandler.cs(845,47): warning CS8600: Conversão de literal nula ou possível valor nulo em tipo não anulável. [C:\Welber\2022\GitHubDesktop\corte_cor_ag\CorteCor.csproj]
C:\Welber\2022\GitHubDesktop\corte_cor_ag\EntityHandler.cs(846,46): warning CS8600: Conversão de literal nula ou possível valor nulo em tipo não anulável. [C:\Welber\2022\GitHubDesktop\corte_cor_ag\CorteCor.csproj]
C:\Welber\2022\GitHubDesktop\corte_cor_ag\EntityHandler.cs(847,50): warning CS8600: Conversão de literal nula ou possível valor nulo em tipo não anulável. [C:\Welber\2022\GitHubDesktop\corte_cor_ag\CorteCor.csproj]
C:\Welber\2022\GitHubDesktop\corte_cor_ag\EntityHandler.cs(848,54): warning CS8600: Conversão de literal nula ou possível valor nulo em tipo não anulável. [C:\Welber\2022\GitHubDesktop\corte_cor_ag\CorteCor.csproj]
C:\Welber\2022\GitHubDesktop\corte_cor_ag\EntityHandler.cs(849,48): warning CS8600: Conversão de literal nula ou possível valor nulo em tipo não anulável. [C:\Welber\2022\GitHubDesktop\corte_cor_ag\CorteCor.csproj]
C:\Welber\2022\GitHubDesktop\corte_cor_ag\EntityHandler.cs(850,49): warning CS8600: Conversão de literal nula ou possível valor nulo em tipo não anulável. [C:\Welber\2022\GitHubDesktop\corte_cor_ag\CorteCor.csproj]
C:\Welber\2022\GitHubDesktop\corte_cor_ag\EntityHandler.cs(851,51): warning CS8600: Conversão de literal nula ou possível valor nulo em tipo não anulável. [C:\Welber\2022\GitHubDesktop\corte_cor_ag\CorteCor.csproj]
C:\Welber\2022\GitHubDesktop\corte_cor_ag\EntityHandler.cs(852,59): warning CS8600: Conversão de literal nula ou possível valor nulo em tipo não anulável. [C:\Welber\2022\GitHubDesktop\corte_cor_ag\CorteCor.csproj]
C:\Welber\2022\GitHubDesktop\corte_cor_ag\EntityHandler.cs(853,66): warning CS8600: Conversão de literal nula ou possível valor nulo em tipo não anulável. [C:\Welber\2022\GitHubDesktop\corte_cor_ag\CorteCor.csproj]
C:\Welber\2022\GitHubDesktop\corte_cor_ag\EntityHandler.cs(854,55): warning CS8600: Conversão de literal nula ou possível valor nulo em tipo não anulável. [C:\Welber\2022\GitHubDesktop\corte_cor_ag\CorteCor.csproj]
C:\Welber\2022\GitHubDesktop\corte_cor_ag\EntityHandler.cs(855,59): warning CS8600: Conversão de literal nula ou possível valor nulo em tipo não anulável. [C:\Welber\2022\GitHubDesktop\corte_cor_ag\CorteCor.csproj]
C:\Welber\2022\GitHubDesktop\corte_cor_ag\EntityHandler.cs(856,54): warning CS8600: Conversão de literal nula ou possível valor nulo em tipo não anulável. [C:\Welber\2022\GitHubDesktop\corte_cor_ag\CorteCor.csproj]
C:\Welber\2022\GitHubDesktop\corte_cor_ag\EntityHandler.cs(857,53): warning CS8600: Conversão de literal nula ou possível valor nulo em tipo não anulável. [C:\Welber\2022\GitHubDesktop\corte_cor_ag\CorteCor.csproj]
C:\Welber\2022\GitHubDesktop\corte_cor_ag\EntityHandler.cs(858,62): warning CS8600: Conversão de literal nula ou possível valor nulo em tipo não anulável. [C:\Welber\2022\GitHubDesktop\corte_cor_ag\CorteCor.csproj]
C:\Welber\2022\GitHubDesktop\corte_cor_ag\EntityHandler.cs(859,57): warning CS8600: Conversão de literal nula ou possível valor nulo em tipo não anulável. [C:\Welber\2022\GitHubDesktop\corte_cor_ag\CorteCor.csproj]
C:\Welber\2022\GitHubDesktop\corte_cor_ag\EntityHandler.cs(1897,44): warning CS8603: Possível retorno de referência nula. [C:\Welber\2022\GitHubDesktop\corte_cor_ag\CorteCor.csproj]
C:\Welber\2022\GitHubDesktop\corte_cor_ag\EntityHandler.cs(1903,30): warning CS8601: Possível atribuição de referência nula. [C:\Welber\2022\GitHubDesktop\corte_cor_ag\CorteCor.csproj]
C:\Welber\2022\GitHubDesktop\corte_cor_ag\EntityHandler.cs(2331,29): warning CS8600: Conversão de literal nula ou possível valor nulo em tipo não anulável. [C:\Welber\2022\GitHubDesktop\corte_cor_ag\CorteCor.csproj]
C:\Welber\2022\GitHubDesktop\corte_cor_ag\EntityHandler.cs(1933,30): warning CS8601: Possível atribuição de referência nula. [C:\Welber\2022\GitHubDesktop\corte_cor_ag\CorteCor.csproj]
C:\Welber\2022\GitHubDesktop\corte_cor_ag\EntityHandler.cs(2634,44): warning CS8603: Possível retorno de referência nula. [C:\Welber\2022\GitHubDesktop\corte_cor_ag\CorteCor.csproj]
C:\Welber\2022\GitHubDesktop\corte_cor_ag\EntityHandler.cs(2650,44): warning CS8603: Possível retorno de referência nula. [C:\Welber\2022\GitHubDesktop\corte_cor_ag\CorteCor.csproj]
C:\Welber\2022\GitHubDesktop\corte_cor_ag\EntityHandler.cs(2666,44): warning CS8603: Possível retorno de referência nula. [C:\Welber\2022\GitHubDesktop\corte_cor_ag\CorteCor.csproj]
C:\Welber\2022\GitHubDesktop\corte_cor_ag\EntityHandler.cs(3068,16): warning CS8603: Possível retorno de referência nula. [C:\Welber\2022\GitHubDesktop\corte_cor_ag\CorteCor.csproj]
C:\Welber\2022\GitHubDesktop\corte_cor_ag\EntityHandler.cs(1974,34): warning CS8601: Possível atribuição de referência nula. [C:\Welber\2022\GitHubDesktop\corte_cor_ag\CorteCor.csproj]
C:\Welber\2022\GitHubDesktop\corte_cor_ag\EntityHandler.cs(3084,16): warning CS8603: Possível retorno de referência nula. [C:\Welber\2022\GitHubDesktop\corte_cor_ag\CorteCor.csproj]
C:\Welber\2022\GitHubDesktop\corte_cor_ag\EntityHandler.cs(2356,44): warning CS8603: Possível retorno de referência nula. [C:\Welber\2022\GitHubDesktop\corte_cor_ag\CorteCor.csproj]
C:\Welber\2022\GitHubDesktop\corte_cor_ag\EntityHandler.cs(2361,28): warning CS8601: Possível atribuição de referência nula. [C:\Welber\2022\GitHubDesktop\corte_cor_ag\CorteCor.csproj]
C:\Welber\2022\GitHubDesktop\corte_cor_ag\EntityHandler.cs(2362,28): warning CS8601: Possível atribuição de referência nula. [C:\Welber\2022\GitHubDesktop\corte_cor_ag\CorteCor.csproj]
C:\Welber\2022\GitHubDesktop\corte_cor_ag\EntityHandler.cs(2363,31): warning CS8601: Possível atribuição de referência nula. [C:\Welber\2022\GitHubDesktop\corte_cor_ag\CorteCor.csproj]
C:\Welber\2022\GitHubDesktop\corte_cor_ag\EntityHandler.cs(1688,36): warning CS8601: Possível atribuição de referência nula. [C:\Welber\2022\GitHubDesktop\corte_cor_ag\CorteCor.csproj]
C:\Welber\2022\GitHubDesktop\corte_cor_ag\EntityHandler.cs(1689,40): warning CS8601: Possível atribuição de referência nula. [C:\Welber\2022\GitHubDesktop\corte_cor_ag\CorteCor.csproj]
C:\Welber\2022\GitHubDesktop\corte_cor_ag\EntityHandler.cs(1690,37): warning CS8601: Possível atribuição de referência nula. [C:\Welber\2022\GitHubDesktop\corte_cor_ag\CorteCor.csproj]
C:\Welber\2022\GitHubDesktop\corte_cor_ag\EntityHandler.cs(3212,43): warning CS8601: Possível atribuição de referência nula. [C:\Welber\2022\GitHubDesktop\corte_cor_ag\CorteCor.csproj]
C:\Welber\2022\GitHubDesktop\corte_cor_ag\EntityHandler.cs(3213,44): warning CS8601: Possível atribuição de referência nula. [C:\Welber\2022\GitHubDesktop\corte_cor_ag\CorteCor.csproj]
C:\Welber\2022\GitHubDesktop\corte_cor_ag\EntityHandler.cs(3214,47): warning CS8601: Possível atribuição de referência nula. [C:\Welber\2022\GitHubDesktop\corte_cor_ag\CorteCor.csproj]
C:\Welber\2022\GitHubDesktop\corte_cor_ag\EntityHandler.cs(3216,43): warning CS8601: Possível atribuição de referência nula. [C:\Welber\2022\GitHubDesktop\corte_cor_ag\CorteCor.csproj]
C:\Welber\2022\GitHubDesktop\corte_cor_ag\EntityHandler.cs(3217,48): warning CS8601: Possível atribuição de referência nula. [C:\Welber\2022\GitHubDesktop\corte_cor_ag\CorteCor.csproj]
C:\Welber\2022\GitHubDesktop\corte_cor_ag\EntityHandler.cs(3218,41): warning CS8601: Possível atribuição de referência nula. [C:\Welber\2022\GitHubDesktop\corte_cor_ag\CorteCor.csproj]
C:\Welber\2022\GitHubDesktop\corte_cor_ag\EntityHandler.cs(3220,44): warning CS8601: Possível atribuição de referência nula. [C:\Welber\2022\GitHubDesktop\corte_cor_ag\CorteCor.csproj]
C:\Welber\2022\GitHubDesktop\corte_cor_ag\EntityHandler.cs(3238,20): warning CS8603: Possível retorno de referência nula. [C:\Welber\2022\GitHubDesktop\corte_cor_ag\CorteCor.csproj]
C:\Welber\2022\GitHubDesktop\corte_cor_ag\EntityHandler.cs(3119,26): warning CS8601: Possível atribuição de referência nula. [C:\Welber\2022\GitHubDesktop\corte_cor_ag\CorteCor.csproj]
C:\Welber\2022\GitHubDesktop\corte_cor_ag\EntityHandler.cs(3120,23): warning CS8601: Possível atribuição de referência nula. [C:\Welber\2022\GitHubDesktop\corte_cor_ag\CorteCor.csproj]
C:\Welber\2022\GitHubDesktop\corte_cor_ag\EntityHandler.cs(3121,25): warning CS8601: Possível atribuição de referência nula. [C:\Welber\2022\GitHubDesktop\corte_cor_ag\CorteCor.csproj]
C:\Welber\2022\GitHubDesktop\corte_cor_ag\EntityHandler.cs(1723,32): warning CS8601: Possível atribuição de referência nula. [C:\Welber\2022\GitHubDesktop\corte_cor_ag\CorteCor.csproj]
C:\Welber\2022\GitHubDesktop\corte_cor_ag\EntityHandler.cs(1724,36): warning CS8601: Possível atribuição de referência nula. [C:\Welber\2022\GitHubDesktop\corte_cor_ag\CorteCor.csproj]
C:\Welber\2022\GitHubDesktop\corte_cor_ag\EntityHandler.cs(1725,33): warning CS8601: Possível atribuição de referência nula. [C:\Welber\2022\GitHubDesktop\corte_cor_ag\CorteCor.csproj]
C:\Welber\2022\GitHubDesktop\corte_cor_ag\EntityHandler.cs(2707,22): warning CS8601: Possível atribuição de referência nula. [C:\Welber\2022\GitHubDesktop\corte_cor_ag\CorteCor.csproj]
C:\Welber\2022\GitHubDesktop\corte_cor_ag\EntityHandler.cs(2709,21): warning CS8601: Possível atribuição de referência nula. [C:\Welber\2022\GitHubDesktop\corte_cor_ag\CorteCor.csproj]
C:\Welber\2022\GitHubDesktop\corte_cor_ag\EntityHandler.cs(2016,34): warning CS8601: Possível atribuição de referência nula. [C:\Welber\2022\GitHubDesktop\corte_cor_ag\CorteCor.csproj]
C:\Welber\2022\GitHubDesktop\corte_cor_ag\EntityHandler.cs(2407,28): warning CS8601: Possível atribuição de referência nula. [C:\Welber\2022\GitHubDesktop\corte_cor_ag\CorteCor.csproj]
C:\Welber\2022\GitHubDesktop\corte_cor_ag\EntityHandler.cs(2408,28): warning CS8601: Possível atribuição de referência nula. [C:\Welber\2022\GitHubDesktop\corte_cor_ag\CorteCor.csproj]
C:\Welber\2022\GitHubDesktop\corte_cor_ag\EntityHandler.cs(2409,31): warning CS8601: Possível atribuição de referência nula. [C:\Welber\2022\GitHubDesktop\corte_cor_ag\CorteCor.csproj]
C:\Welber\2022\GitHubDesktop\corte_cor_ag\EntityHandler.cs(3298,47): warning CS8601: Possível atribuição de referência nula. [C:\Welber\2022\GitHubDesktop\corte_cor_ag\CorteCor.csproj]
C:\Welber\2022\GitHubDesktop\corte_cor_ag\EntityHandler.cs(3301,40): warning CS8601: Possível atribuição de referência nula. [C:\Welber\2022\GitHubDesktop\corte_cor_ag\CorteCor.csproj]
C:\Welber\2022\GitHubDesktop\corte_cor_ag\EntityHandler.cs(2086,25): warning CS8605: Executando a conversão unboxing de um valor possivelmente nulo. [C:\Welber\2022\GitHubDesktop\corte_cor_ag\CorteCor.csproj]
C:\Welber\2022\GitHubDesktop\corte_cor_ag\EntityHandler.cs(1805,32): warning CS8601: Possível atribuição de referência nula. [C:\Welber\2022\GitHubDesktop\corte_cor_ag\CorteCor.csproj]
C:\Welber\2022\GitHubDesktop\corte_cor_ag\EntityHandler.cs(1806,36): warning CS8601: Possível atribuição de referência nula. [C:\Welber\2022\GitHubDesktop\corte_cor_ag\CorteCor.csproj]
C:\Welber\2022\GitHubDesktop\corte_cor_ag\EntityHandler.cs(1807,33): warning CS8601: Possível atribuição de referência nula. [C:\Welber\2022\GitHubDesktop\corte_cor_ag\CorteCor.csproj]
C:\Welber\2022\GitHubDesktop\corte_cor_ag\BrevoEmailService.cs(21,23): warning CS8601: Possível atribuição de referência nula. [C:\Welber\2022\GitHubDesktop\corte_cor_ag\CorteCor.csproj]
C:\Welber\2022\GitHubDesktop\corte_cor_ag\BrevoEmailService.cs(18,16): warning CS8618: O campo não anulável '_apiKey' precisa conter um valor não nulo ao sair do construtor. Considere declarar o campo como anulável. [C:\Welber\2022\GitHubDesktop\corte_cor_ag\CorteCor.csproj]
C:\Welber\2022\GitHubDesktop\corte_cor_ag\EntityHandler.cs(3353,52): warning CS8600: Conversão de literal nula ou possível valor nulo em tipo não anulável. [C:\Welber\2022\GitHubDesktop\corte_cor_ag\CorteCor.csproj]
C:\Welber\2022\GitHubDesktop\corte_cor_ag\EntityHandler.cs(3354,50): warning CS8600: Conversão de literal nula ou possível valor nulo em tipo não anulável. [C:\Welber\2022\GitHubDesktop\corte_cor_ag\CorteCor.csproj]
C:\Welber\2022\GitHubDesktop\corte_cor_ag\EntityHandler.cs(3358,46): warning CS8600: Conversão de literal nula ou possível valor nulo em tipo não anulável. [C:\Welber\2022\GitHubDesktop\corte_cor_ag\CorteCor.csproj]
C:\Welber\2022\GitHubDesktop\corte_cor_ag\EntityHandler.cs(3366,33): warning CS8600: Conversão de literal nula ou possível valor nulo em tipo não anulável. [C:\Welber\2022\GitHubDesktop\corte_cor_ag\CorteCor.csproj]
C:\Welber\2022\GitHubDesktop\corte_cor_ag\EntityHandler.cs(2461,32): warning CS8601: Possível atribuição de referência nula. [C:\Welber\2022\GitHubDesktop\corte_cor_ag\CorteCor.csproj]
C:\Welber\2022\GitHubDesktop\corte_cor_ag\EntityHandler.cs(2462,32): warning CS8601: Possível atribuição de referência nula. [C:\Welber\2022\GitHubDesktop\corte_cor_ag\CorteCor.csproj]
C:\Welber\2022\GitHubDesktop\corte_cor_ag\EntityHandler.cs(2463,35): warning CS8601: Possível atribuição de referência nula. [C:\Welber\2022\GitHubDesktop\corte_cor_ag\CorteCor.csproj]
C:\Welber\2022\GitHubDesktop\corte_cor_ag\EntityHandler.cs(2865,44): warning CS8603: Possível retorno de referência nula. [C:\Welber\2022\GitHubDesktop\corte_cor_ag\CorteCor.csproj]
C:\Welber\2022\GitHubDesktop\corte_cor_ag\EntityHandler.cs(2187,34): warning CS8601: Possível atribuição de referência nula. [C:\Welber\2022\GitHubDesktop\corte_cor_ag\CorteCor.csproj]
C:\Welber\2022\GitHubDesktop\corte_cor_ag\Tests\LembreteServiceSmsTests.cs(39,28): error CS0246: O nome do tipo ou do namespace "LembreteAgendado" não pode ser encontrado (está faltando uma diretiva using ou uma referência de assembly?) [C:\Welber\2022\GitHubDesktop\corte_cor_ag\CorteCor.csproj]
C:\Welber\2022\GitHubDesktop\corte_cor_ag\Tests\LembreteServiceSmsTests.cs(40,34): error CS0246: O nome do tipo ou do namespace "LembreteAgendado" não pode ser encontrado (está faltando uma diretiva using ou uma referência de assembly?) [C:\Welber\2022\GitHubDesktop\corte_cor_ag\CorteCor.csproj]
C:\Welber\2022\GitHubDesktop\corte_cor_ag\Tests\LembreteServiceSmsTests.cs(42,30): error CS0246: O nome do tipo ou do namespace "LembreteEnvioDTO" não pode ser encontrado (está faltando uma diretiva using ou uma referência de assembly?) [C:\Welber\2022\GitHubDesktop\corte_cor_ag\CorteCor.csproj]
C:\Welber\2022\GitHubDesktop\corte_cor_ag\Tests\LembreteServiceSmsTests.cs(57,38): error CS1503: Argumento 1: não é possível converter de "System.Collections.Generic.List<LembreteAgendado>" para "System.Collections.Generic.List<CorteCor.Models.LembreteAgendado>" [C:\Welber\2022\GitHubDesktop\corte_cor_ag\CorteCor.csproj]
C:\Welber\2022\GitHubDesktop\corte_cor_ag\EntityHandler.cs(2949,44): warning CS8600: Conversão de literal nula ou possível valor nulo em tipo não anulável. [C:\Welber\2022\GitHubDesktop\corte_cor_ag\CorteCor.csproj]
C:\Welber\2022\GitHubDesktop\corte_cor_ag\EntityHandler.cs(3502,33): warning CS8600: Conversão de literal nula ou possível valor nulo em tipo não anulável. [C:\Welber\2022\GitHubDesktop\corte_cor_ag\CorteCor.csproj]
C:\Welber\2022\GitHubDesktop\corte_cor_ag\EntityHandler.cs(3517,47): warning CS8601: Possível atribuição de referência nula. [C:\Welber\2022\GitHubDesktop\corte_cor_ag\CorteCor.csproj]
C:\Welber\2022\GitHubDesktop\corte_cor_ag\EntityHandler.cs(3550,46): warning CS8600: Conversão de literal nula ou possível valor nulo em tipo não anulável. [C:\Welber\2022\GitHubDesktop\corte_cor_ag\CorteCor.csproj]
C:\Welber\2022\GitHubDesktop\corte_cor_ag\ModeloSMSHandler.cs(36,42): warning CS8601: Possível atribuição de referência nula. [C:\Welber\2022\GitHubDesktop\corte_cor_ag\CorteCor.csproj]
C:\Welber\2022\GitHubDesktop\corte_cor_ag\ModeloSMSHandler.cs(37,40): warning CS8601: Possível atribuição de referência nula. [C:\Welber\2022\GitHubDesktop\corte_cor_ag\CorteCor.csproj]
C:\Welber\2022\GitHubDesktop\corte_cor_ag\EntityHandler.cs(2268,38): warning CS8601: Possível atribuição de referência nula. [C:\Welber\2022\GitHubDesktop\corte_cor_ag\CorteCor.csproj]
C:\Welber\2022\GitHubDesktop\corte_cor_ag\ModeloSMSHandler.cs(65,42): warning CS8601: Possível atribuição de referência nula. [C:\Welber\2022\GitHubDesktop\corte_cor_ag\CorteCor.csproj]
C:\Welber\2022\GitHubDesktop\corte_cor_ag\ModeloSMSHandler.cs(66,40): warning CS8601: Possível atribuição de referência nula. [C:\Welber\2022\GitHubDesktop\corte_cor_ag\CorteCor.csproj]
C:\Welber\2022\GitHubDesktop\corte_cor_ag\ModeloSMSHandler.cs(73,20): warning CS8603: Possível retorno de referência nula. [C:\Welber\2022\GitHubDesktop\corte_cor_ag\CorteCor.csproj]
C:\Welber\2022\GitHubDesktop\corte_cor_ag\Models.cs(327,23): warning CS8618: O propriedade não anulável 'NomeCliente' precisa conter um valor não nulo ao sair do construtor. Considere declarar o propriedade como anulável. [C:\Welber\2022\GitHubDesktop\corte_cor_ag\CorteCor.csproj]
C:\Welber\2022\GitHubDesktop\corte_cor_ag\Models.cs(328,23): warning CS8618: O propriedade não anulável 'EmailCliente' precisa conter um valor não nulo ao sair do construtor. Considere declarar o propriedade como anulável. [C:\Welber\2022\GitHubDesktop\corte_cor_ag\CorteCor.csproj]
C:\Welber\2022\GitHubDesktop\corte_cor_ag\Models.cs(329,23): warning CS8618: O propriedade não anulável 'TelefoneCliente' precisa conter um valor não nulo ao sair do construtor. Considere declarar o propriedade como anulável. [C:\Welber\2022\GitHubDesktop\corte_cor_ag\CorteCor.csproj]
C:\Welber\2022\GitHubDesktop\corte_cor_ag\Models.cs(331,23): warning CS8618: O propriedade não anulável 'NomeServico' precisa conter um valor não nulo ao sair do construtor. Considere declarar o propriedade como anulável. [C:\Welber\2022\GitHubDesktop\corte_cor_ag\CorteCor.csproj]
C:\Welber\2022\GitHubDesktop\corte_cor_ag\Models.cs(332,23): warning CS8618: O propriedade não anulável 'NomeProfissional' precisa conter um valor não nulo ao sair do construtor. Considere declarar o propriedade como anulável. [C:\Welber\2022\GitHubDesktop\corte_cor_ag\CorteCor.csproj]
C:\Welber\2022\GitHubDesktop\corte_cor_ag\Models.cs(333,23): warning CS8618: O propriedade não anulável 'NomeSalao' precisa conter um valor não nulo ao sair do construtor. Considere declarar o propriedade como anulável. [C:\Welber\2022\GitHubDesktop\corte_cor_ag\CorteCor.csproj]
C:\Welber\2022\GitHubDesktop\corte_cor_ag\Models.cs(337,23): warning CS8618: O propriedade não anulável 'TipoLembrete' precisa conter um valor não nulo ao sair do construtor. Considere declarar o propriedade como anulável. [C:\Welber\2022\GitHubDesktop\corte_cor_ag\CorteCor.csproj]
C:\Welber\2022\GitHubDesktop\corte_cor_ag\Models.cs(318,23): warning CS8618: O propriedade não anulável 'Status' precisa conter um valor não nulo ao sair do construtor. Considere declarar o propriedade como anulável. [C:\Welber\2022\GitHubDesktop\corte_cor_ag\CorteCor.csproj]
C:\Welber\2022\GitHubDesktop\corte_cor_ag\Pages\Adm.cshtml.cs(16,23): warning CS8618: O propriedade não anulável 'ErrorMessage' precisa conter um valor não nulo ao sair do construtor. Considere declarar o propriedade como anulável. [C:\Welber\2022\GitHubDesktop\corte_cor_ag\CorteCor.csproj]
C:\Welber\2022\GitHubDesktop\corte_cor_ag\Pages\Adm.cshtml.cs(19,23): warning CS8618: O propriedade não anulável 'NomeSalao' precisa conter um valor não nulo ao sair do construtor. Considere declarar o propriedade como anulável. [C:\Welber\2022\GitHubDesktop\corte_cor_ag\CorteCor.csproj]
C:\Welber\2022\GitHubDesktop\corte_cor_ag\Pages\Adm.cshtml.cs(20,23): warning CS8618: O propriedade não anulável 'NomeCliente' precisa conter um valor não nulo ao sair do construtor. Considere declarar o propriedade como anulável. [C:\Welber\2022\GitHubDesktop\corte_cor_ag\CorteCor.csproj]
C:\Welber\2022\GitHubDesktop\corte_cor_ag\Pages\Adm.cshtml.cs(23,23): warning CS8618: O propriedade não anulável 'SalaoLink' precisa conter um valor não nulo ao sair do construtor. Considere declarar o propriedade como anulável. [C:\Welber\2022\GitHubDesktop\corte_cor_ag\CorteCor.csproj]
C:\Welber\2022\GitHubDesktop\corte_cor_ag\Pages\Adm.cshtml.cs(24,23): warning CS8618: O propriedade não anulável 'SalaoLinkID' precisa conter um valor não nulo ao sair do construtor. Considere declarar o propriedade como anulável. [C:\Welber\2022\GitHubDesktop\corte_cor_ag\CorteCor.csproj]
C:\Welber\2022\GitHubDesktop\corte_cor_ag\EntityHandler.cs(3642,44): warning CS8601: Possível atribuição de referência nula. [C:\Welber\2022\GitHubDesktop\corte_cor_ag\CorteCor.csproj]
C:\Welber\2022\GitHubDesktop\corte_cor_ag\EntityHandler.cs(3643,39): warning CS8601: Possível atribuição de referência nula. [C:\Welber\2022\GitHubDesktop\corte_cor_ag\CorteCor.csproj]
C:\Welber\2022\GitHubDesktop\corte_cor_ag\EntityHandler.cs(3644,38): warning CS8601: Possível atribuição de referência nula. [C:\Welber\2022\GitHubDesktop\corte_cor_ag\CorteCor.csproj]
C:\Welber\2022\GitHubDesktop\corte_cor_ag\EntityHandler.cs(3650,50): warning CS8601: Possível atribuição de referência nula. [C:\Welber\2022\GitHubDesktop\corte_cor_ag\CorteCor.csproj]
C:\Welber\2022\GitHubDesktop\corte_cor_ag\Models.cs(11,23): warning CS8618: O propriedade não anulável 'Nome' precisa conter um valor não nulo ao sair do construtor. Considere declarar o propriedade como anulável. [C:\Welber\2022\GitHubDesktop\corte_cor_ag\CorteCor.csproj]
C:\Welber\2022\GitHubDesktop\corte_cor_ag\Models.cs(12,23): warning CS8618: O propriedade não anulável 'Email' precisa conter um valor não nulo ao sair do construtor. Considere declarar o propriedade como anulável. [C:\Welber\2022\GitHubDesktop\corte_cor_ag\CorteCor.csproj]
C:\Welber\2022\GitHubDesktop\corte_cor_ag\Models.cs(13,23): warning CS8618: O propriedade não anulável 'Senha' precisa conter um valor não nulo ao sair do construtor. Considere declarar o propriedade como anulável. [C:\Welber\2022\GitHubDesktop\corte_cor_ag\CorteCor.csproj]
C:\Welber\2022\GitHubDesktop\corte_cor_ag\Models.cs(14,23): warning CS8618: O propriedade não anulável 'Perfil' precisa conter um valor não nulo ao sair do construtor. Considere declarar o propriedade como anulável. [C:\Welber\2022\GitHubDesktop\corte_cor_ag\CorteCor.csproj]
C:\Welber\2022\GitHubDesktop\corte_cor_ag\Models.cs(15,23): warning CS8618: O propriedade não anulável 'Status' precisa conter um valor não nulo ao sair do construtor. Considere declarar o propriedade como anulável. [C:\Welber\2022\GitHubDesktop\corte_cor_ag\CorteCor.csproj]
C:\Welber\2022\GitHubDesktop\corte_cor_ag\Models.cs(304,23): warning CS8618: O propriedade não anulável 'Destinatario' precisa conter um valor não nulo ao sair do construtor. Considere declarar o propriedade como anulável. [C:\Welber\2022\GitHubDesktop\corte_cor_ag\CorteCor.csproj]
C:\Welber\2022\GitHubDesktop\corte_cor_ag\Models.cs(305,23): warning CS8618: O propriedade não anulável 'Assunto' precisa conter um valor não nulo ao sair do construtor. Considere declarar o propriedade como anulável. [C:\Welber\2022\GitHubDesktop\corte_cor_ag\CorteCor.csproj]
C:\Welber\2022\GitHubDesktop\corte_cor_ag\Models.cs(306,23): warning CS8618: O propriedade não anulável 'Status' precisa conter um valor não nulo ao sair do construtor. Considere declarar o propriedade como anulável. [C:\Welber\2022\GitHubDesktop\corte_cor_ag\CorteCor.csproj]
C:\Welber\2022\GitHubDesktop\corte_cor_ag\Tests\LembreteServiceSmsTests.cs(102,28): error CS0246: O nome do tipo ou do namespace "LembreteAgendado" não pode ser encontrado (está faltando uma diretiva using ou uma referência de assembly?) [C:\Welber\2022\GitHubDesktop\corte_cor_ag\CorteCor.csproj]
C:\Welber\2022\GitHubDesktop\corte_cor_ag\Tests\LembreteServiceSmsTests.cs(103,34): error CS0246: O nome do tipo ou do namespace "LembreteAgendado" não pode ser encontrado (está faltando uma diretiva using ou uma referência de assembly?) [C:\Welber\2022\GitHubDesktop\corte_cor_ag\CorteCor.csproj]
C:\Welber\2022\GitHubDesktop\corte_cor_ag\Tests\LembreteServiceSmsTests.cs(105,30): error CS0246: O nome do tipo ou do namespace "LembreteEnvioDTO" não pode ser encontrado (está faltando uma diretiva using ou uma referência de assembly?) [C:\Welber\2022\GitHubDesktop\corte_cor_ag\CorteCor.csproj]
C:\Welber\2022\GitHubDesktop\corte_cor_ag\Tests\LembreteServiceSmsTests.cs(121,38): error CS1503: Argumento 1: não é possível converter de "System.Collections.Generic.List<LembreteAgendado>" para "System.Collections.Generic.List<CorteCor.Models.LembreteAgendado>" [C:\Welber\2022\GitHubDesktop\corte_cor_ag\CorteCor.csproj]
C:\Welber\2022\GitHubDesktop\corte_cor_ag\Models.cs(285,23): warning CS8618: O propriedade não anulável 'AntecedenciaUnidade' precisa conter um valor não nulo ao sair do construtor. Considere declarar o propriedade como anulável. [C:\Welber\2022\GitHubDesktop\corte_cor_ag\CorteCor.csproj]
C:\Welber\2022\GitHubDesktop\corte_cor_ag\Models.cs(274,23): warning CS8618: O propriedade não anulável 'TipoEvento' precisa conter um valor não nulo ao sair do construtor. Considere declarar o propriedade como anulável. [C:\Welber\2022\GitHubDesktop\corte_cor_ag\CorteCor.csproj]
C:\Welber\2022\GitHubDesktop\corte_cor_ag\Models.cs(275,23): warning CS8618: O propriedade não anulável 'Conteudo' precisa conter um valor não nulo ao sair do construtor. Considere declarar o propriedade como anulável. [C:\Welber\2022\GitHubDesktop\corte_cor_ag\CorteCor.csproj]
C:\Welber\2022\GitHubDesktop\corte_cor_ag\ModeloSMSHandler.cs(94,42): warning CS8601: Possível atribuição de referência nula. [C:\Welber\2022\GitHubDesktop\corte_cor_ag\CorteCor.csproj]
C:\Welber\2022\GitHubDesktop\corte_cor_ag\ModeloSMSHandler.cs(95,40): warning CS8601: Possível atribuição de referência nula. [C:\Welber\2022\GitHubDesktop\corte_cor_ag\CorteCor.csproj]
C:\Welber\2022\GitHubDesktop\corte_cor_ag\ModeloSMSHandler.cs(102,20): warning CS8603: Possível retorno de referência nula. [C:\Welber\2022\GitHubDesktop\corte_cor_ag\CorteCor.csproj]
C:\Welber\2022\GitHubDesktop\corte_cor_ag\LembreteService.cs(105,115): warning CS8604: Possível argumento de referência nula para o parâmetro 'assunto' em 'void ILembreteHandler.RegistrarLogEnvio(int idLembrete, int idAgendamento, string destinatario, string assunto, string status, string mensagemErro = null, string tipoLembrete = "Email", string telefone = null)'. [C:\Welber\2022\GitHubDesktop\corte_cor_ag\CorteCor.csproj]
C:\Welber\2022\GitHubDesktop\corte_cor_ag\LembreteService.cs(105,200): warning CS8625: Não é possível converter um literal nulo em um tipo de referência não anulável. [C:\Welber\2022\GitHubDesktop\corte_cor_ag\CorteCor.csproj]
C:\Welber\2022\GitHubDesktop\corte_cor_ag\LembreteService.cs(105,217): warning CS8604: Possível argumento de referência nula para o parâmetro 'telefone' em 'void ILembreteHandler.RegistrarLogEnvio(int idLembrete, int idAgendamento, string destinatario, string assunto, string status, string mensagemErro = null, string tipoLembrete = "Email", string telefone = null)'. [C:\Welber\2022\GitHubDesktop\corte_cor_ag\CorteCor.csproj]
C:\Welber\2022\GitHubDesktop\corte_cor_ag\Pages\AgendamentosLista.cshtml.cs(55,16): warning CS8618: O propriedade não anulável 'Mensagem' precisa conter um valor não nulo ao sair do construtor. Considere declarar o propriedade como anulável. [C:\Welber\2022\GitHubDesktop\corte_cor_ag\CorteCor.csproj]
C:\Welber\2022\GitHubDesktop\corte_cor_ag\Pages\AgendamentosLista.cshtml.cs(55,16): warning CS8618: O propriedade não anulável 'Status' precisa conter um valor não nulo ao sair do construtor. Considere declarar o propriedade como anulável. [C:\Welber\2022\GitHubDesktop\corte_cor_ag\CorteCor.csproj]
C:\Welber\2022\GitHubDesktop\corte_cor_ag\Pages\AgendamentosLista.cshtml.cs(55,16): warning CS8618: O propriedade não anulável 'ServicosOptions' precisa conter um valor não nulo ao sair do construtor. Considere declarar o propriedade como anulável. [C:\Welber\2022\GitHubDesktop\corte_cor_ag\CorteCor.csproj]
C:\Welber\2022\GitHubDesktop\corte_cor_ag\Pages\AgendamentosLista.cshtml.cs(55,16): warning CS8618: O propriedade não anulável 'PessoasOptions' precisa conter um valor não nulo ao sair do construtor. Considere declarar o propriedade como anulável. [C:\Welber\2022\GitHubDesktop\corte_cor_ag\CorteCor.csproj]
C:\Welber\2022\GitHubDesktop\corte_cor_ag\Pages\AgendamentosLista.cshtml.cs(55,16): warning CS8618: O propriedade não anulável 'FuncionariosOptions' precisa conter um valor não nulo ao sair do construtor. Considere declarar o propriedade como anulável. [C:\Welber\2022\GitHubDesktop\corte_cor_ag\CorteCor.csproj]
C:\Welber\2022\GitHubDesktop\corte_cor_ag\Models.cs(22,23): warning CS8618: O propriedade não anulável 'Nome' precisa conter um valor não nulo ao sair do construtor. Considere declarar o propriedade como anulável. [C:\Welber\2022\GitHubDesktop\corte_cor_ag\CorteCor.csproj]
C:\Welber\2022\GitHubDesktop\corte_cor_ag\Models.cs(23,23): warning CS8618: O propriedade não anulável 'Sobrenome' precisa conter um valor não nulo ao sair do construtor. Considere declarar o propriedade como anulável. [C:\Welber\2022\GitHubDesktop\corte_cor_ag\CorteCor.csproj]
C:\Welber\2022\GitHubDesktop\corte_cor_ag\Models.cs(24,23): warning CS8618: O propriedade não anulável 'CPF' precisa conter um valor não nulo ao sair do construtor. Considere declarar o propriedade como anulável. [C:\Welber\2022\GitHubDesktop\corte_cor_ag\CorteCor.csproj]
C:\Welber\2022\GitHubDesktop\corte_cor_ag\Models.cs(25,23): warning CS8618: O propriedade não anulável 'Email' precisa conter um valor não nulo ao sair do construtor. Considere declarar o propriedade como anulável. [C:\Welber\2022\GitHubDesktop\corte_cor_ag\CorteCor.csproj]
C:\Welber\2022\GitHubDesktop\corte_cor_ag\Models.cs(26,23): warning CS8618: O propriedade não anulável 'Telefone' precisa conter um valor não nulo ao sair do construtor. Considere declarar o propriedade como anulável. [C:\Welber\2022\GitHubDesktop\corte_cor_ag\CorteCor.csproj]
C:\Welber\2022\GitHubDesktop\corte_cor_ag\Models.cs(28,23): warning CS8618: O propriedade não anulável 'Status' precisa conter um valor não nulo ao sair do construtor. Considere declarar o propriedade como anulável. [C:\Welber\2022\GitHubDesktop\corte_cor_ag\CorteCor.csproj]
C:\Welber\2022\GitHubDesktop\corte_cor_ag\Models.cs(30,23): warning CS8618: O propriedade não anulável 'Senha' precisa conter um valor não nulo ao sair do construtor. Considere declarar o propriedade como anulável. [C:\Welber\2022\GitHubDesktop\corte_cor_ag\CorteCor.csproj]
C:\Welber\2022\GitHubDesktop\corte_cor_ag\Models.cs(39,23): warning CS8618: O propriedade não anulável 'Nome' precisa conter um valor não nulo ao sair do construtor. Considere declarar o propriedade como anulável. [C:\Welber\2022\GitHubDesktop\corte_cor_ag\CorteCor.csproj]
C:\Welber\2022\GitHubDesktop\corte_cor_ag\Models.cs(40,23): warning CS8618: O propriedade não anulável 'Responsavel' precisa conter um valor não nulo ao sair do construtor. Considere declarar o propriedade como anulável. [C:\Welber\2022\GitHubDesktop\corte_cor_ag\CorteCor.csproj]
C:\Welber\2022\GitHubDesktop\corte_cor_ag\Models.cs(41,23): warning CS8618: O propriedade não anulável 'Email' precisa conter um valor não nulo ao sair do construtor. Considere declarar o propriedade como anulável. [C:\Welber\2022\GitHubDesktop\corte_cor_ag\CorteCor.csproj]
C:\Welber\2022\GitHubDesktop\corte_cor_ag\Models.cs(42,23): warning CS8618: O propriedade não anulável 'Telefone' precisa conter um valor não nulo ao sair do construtor. Considere declarar o propriedade como anulável. [C:\Welber\2022\GitHubDesktop\corte_cor_ag\CorteCor.csproj]
C:\Welber\2022\GitHubDesktop\corte_cor_ag\Models.cs(43,23): warning CS8618: O propriedade não anulável 'Endereco' precisa conter um valor não nulo ao sair do construtor. Considere declarar o propriedade como anulável. [C:\Welber\2022\GitHubDesktop\corte_cor_ag\CorteCor.csproj]
C:\Welber\2022\GitHubDesktop\corte_cor_ag\Models.cs(44,23): warning CS8618: O propriedade não anulável 'CNPJ' precisa conter um valor não nulo ao sair do construtor. Considere declarar o propriedade como anulável. [C:\Welber\2022\GitHubDesktop\corte_cor_ag\CorteCor.csproj]
C:\Welber\2022\GitHubDesktop\corte_cor_ag\Models.cs(45,23): warning CS8618: O propriedade não anulável 'Status' precisa conter um valor não nulo ao sair do construtor. Considere declarar o propriedade como anulável. [C:\Welber\2022\GitHubDesktop\corte_cor_ag\CorteCor.csproj]
C:\Welber\2022\GitHubDesktop\corte_cor_ag\Models.cs(46,23): warning CS8618: O propriedade não anulável 'Observacao' precisa conter um valor não nulo ao sair do construtor. Considere declarar o propriedade como anulável. [C:\Welber\2022\GitHubDesktop\corte_cor_ag\CorteCor.csproj]
C:\Welber\2022\GitHubDesktop\corte_cor_ag\Pages\FuncionarioCadastro.cshtml.cs(22,31): warning CS8601: Possível atribuição de referência nula. [C:\Welber\2022\GitHubDesktop\corte_cor_ag\CorteCor.csproj]
C:\Welber\2022\GitHubDesktop\corte_cor_ag\Pages\EsqueciSenha.cshtml.cs(74,30): warning CS8600: Conversão de literal nula ou possível valor nulo em tipo não anulável. [C:\Welber\2022\GitHubDesktop\corte_cor_ag\CorteCor.csproj]
C:\Welber\2022\GitHubDesktop\corte_cor_ag\Pages\EsqueciSenha.cshtml.cs(89,35): warning CS8600: Conversão de literal nula ou possível valor nulo em tipo não anulável. [C:\Welber\2022\GitHubDesktop\corte_cor_ag\CorteCor.csproj]
C:\Welber\2022\GitHubDesktop\corte_cor_ag\Pages\EsqueciSenha.cshtml.cs(17,23): warning CS8618: O propriedade não anulável 'Email' precisa conter um valor não nulo ao sair do construtor. Considere declarar o propriedade como anulável. [C:\Welber\2022\GitHubDesktop\corte_cor_ag\CorteCor.csproj]
C:\Welber\2022\GitHubDesktop\corte_cor_ag\Pages\EsqueciSenha.cshtml.cs(20,23): warning CS8618: O propriedade não anulável 'TipoUsuario' precisa conter um valor não nulo ao sair do construtor. Considere declarar o propriedade como anulável. [C:\Welber\2022\GitHubDesktop\corte_cor_ag\CorteCor.csproj]
C:\Welber\2022\GitHubDesktop\corte_cor_ag\Pages\EsqueciSenha.cshtml.cs(22,23): warning CS8618: O propriedade não anulável 'Mensagem' precisa conter um valor não nulo ao sair do construtor. Considere declarar o propriedade como anulável. [C:\Welber\2022\GitHubDesktop\corte_cor_ag\CorteCor.csproj]
C:\Welber\2022\GitHubDesktop\corte_cor_ag\Pages\EsqueciSenha.cshtml.cs(24,23): warning CS8618: O propriedade não anulável 'NomeCurto' precisa conter um valor não nulo ao sair do construtor. Considere declarar o propriedade como anulável. [C:\Welber\2022\GitHubDesktop\corte_cor_ag\CorteCor.csproj]
C:\Welber\2022\GitHubDesktop\corte_cor_ag\Pages\EsqueciSenha.cshtml.cs(25,23): warning CS8618: O propriedade não anulável 'SalaoLink' precisa conter um valor não nulo ao sair do construtor. Considere declarar o propriedade como anulável. [C:\Welber\2022\GitHubDesktop\corte_cor_ag\CorteCor.csproj]
C:\Welber\2022\GitHubDesktop\corte_cor_ag\Pages\EsqueciSenha.cshtml.cs(26,23): warning CS8618: O propriedade não anulável 'SalaoLinkID' precisa conter um valor não nulo ao sair do construtor. Considere declarar o propriedade como anulável. [C:\Welber\2022\GitHubDesktop\corte_cor_ag\CorteCor.csproj]
C:\Welber\2022\GitHubDesktop\corte_cor_ag\Pages\EsqueciSenha.cshtml.cs(27,23): warning CS8618: O propriedade não anulável 'NomeSalao' precisa conter um valor não nulo ao sair do construtor. Considere declarar o propriedade como anulável. [C:\Welber\2022\GitHubDesktop\corte_cor_ag\CorteCor.csproj]
C:\Welber\2022\GitHubDesktop\corte_cor_ag\Models.cs(263,23): warning CS8618: O propriedade não anulável 'TipoEvento' precisa conter um valor não nulo ao sair do construtor. Considere declarar o propriedade como anulável. [C:\Welber\2022\GitHubDesktop\corte_cor_ag\CorteCor.csproj]
C:\Welber\2022\GitHubDesktop\corte_cor_ag\Models.cs(264,23): warning CS8618: O propriedade não anulável 'Assunto' precisa conter um valor não nulo ao sair do construtor. Considere declarar o propriedade como anulável. [C:\Welber\2022\GitHubDesktop\corte_cor_ag\CorteCor.csproj]
C:\Welber\2022\GitHubDesktop\corte_cor_ag\Models.cs(265,23): warning CS8618: O propriedade não anulável 'CorpoHTML' precisa conter um valor não nulo ao sair do construtor. Considere declarar o propriedade como anulável. [C:\Welber\2022\GitHubDesktop\corte_cor_ag\CorteCor.csproj]
C:\Welber\2022\GitHubDesktop\corte_cor_ag\Pages\FuncionarioLista.cshtml.cs(29,32): warning CS8604: Possível argumento de referência nula para o parâmetro 's' em 'int int.Parse(string s)'. [C:\Welber\2022\GitHubDesktop\corte_cor_ag\CorteCor.csproj]
C:\Welber\2022\GitHubDesktop\corte_cor_ag\Pages\FuncionarioLista.cshtml.cs(30,29): warning CS8600: Conversão de literal nula ou possível valor nulo em tipo não anulável. [C:\Welber\2022\GitHubDesktop\corte_cor_ag\CorteCor.csproj]
C:\Welber\2022\GitHubDesktop\corte_cor_ag\Pages\FuncionarioLista.cshtml.cs(13,34): warning CS8618: O propriedade não anulável 'Funcionarios' precisa conter um valor não nulo ao sair do construtor. Considere declarar o propriedade como anulável. [C:\Welber\2022\GitHubDesktop\corte_cor_ag\CorteCor.csproj]
C:\Welber\2022\GitHubDesktop\corte_cor_ag\Pages\FuncionarioLista.cshtml.cs(14,23): warning CS8618: O propriedade não anulável 'Mensagem' precisa conter um valor não nulo ao sair do construtor. Considere declarar o propriedade como anulável. [C:\Welber\2022\GitHubDesktop\corte_cor_ag\CorteCor.csproj]
C:\Welber\2022\GitHubDesktop\corte_cor_ag\Pages\FuncionarioCadastro.cshtml.cs(54,24): warning CS8601: Possível atribuição de referência nula. [C:\Welber\2022\GitHubDesktop\corte_cor_ag\CorteCor.csproj]
C:\Welber\2022\GitHubDesktop\corte_cor_ag\Pages\FuncionarioCadastro.cshtml.cs(10,28): warning CS8618: O propriedade não anulável 'Funcionario' precisa conter um valor não nulo ao sair do construtor. Considere declarar o propriedade como anulável. [C:\Welber\2022\GitHubDesktop\corte_cor_ag\CorteCor.csproj]
C:\Welber\2022\GitHubDesktop\corte_cor_ag\Pages\FuncionarioCadastro.cshtml.cs(12,23): warning CS8618: O propriedade não anulável 'Mensagem' precisa conter um valor não nulo ao sair do construtor. Considere declarar o propriedade como anulável. [C:\Welber\2022\GitHubDesktop\corte_cor_ag\CorteCor.csproj]
C:\Welber\2022\GitHubDesktop\corte_cor_ag\Pages\LembreteConfigCadastro.cshtml.cs(25,16): warning CS8618: O propriedade não anulável 'ModeloOptions' precisa conter um valor não nulo ao sair do construtor. Considere declarar o propriedade como anulável. [C:\Welber\2022\GitHubDesktop\corte_cor_ag\CorteCor.csproj]
C:\Welber\2022\GitHubDesktop\corte_cor_ag\Pages\LembreteConfigCadastro.cshtml.cs(25,16): warning CS8618: O propriedade não anulável 'Mensagem' precisa conter um valor não nulo ao sair do construtor. Considere declarar o propriedade como anulável. [C:\Welber\2022\GitHubDesktop\corte_cor_ag\CorteCor.csproj]
C:\Welber\2022\GitHubDesktop\corte_cor_ag\Models.cs(210,23): warning CS8618: O propriedade não anulável 'Status' precisa conter um valor não nulo ao sair do construtor. Considere declarar o propriedade como anulável. [C:\Welber\2022\GitHubDesktop\corte_cor_ag\CorteCor.csproj]
C:\Welber\2022\GitHubDesktop\corte_cor_ag\Models.cs(212,23): warning CS8618: O propriedade não anulável 'Moeda' precisa conter um valor não nulo ao sair do construtor. Considere declarar o propriedade como anulável. [C:\Welber\2022\GitHubDesktop\corte_cor_ag\CorteCor.csproj]
C:\Welber\2022\GitHubDesktop\corte_cor_ag\Pages\AdmAlterarSenha.cshtml.cs(20,16): warning CS8618: O propriedade não anulável 'SenhaAtual' precisa conter um valor não nulo ao sair do construtor. Considere declarar o propriedade como anulável. [C:\Welber\2022\GitHubDesktop\corte_cor_ag\CorteCor.csproj]
C:\Welber\2022\GitHubDesktop\corte_cor_ag\Pages\AdmAlterarSenha.cshtml.cs(20,16): warning CS8618: O propriedade não anulável 'EmailUsuario' precisa conter um valor não nulo ao sair do construtor. Considere declarar o propriedade como anulável. [C:\Welber\2022\GitHubDesktop\corte_cor_ag\CorteCor.csproj]
C:\Welber\2022\GitHubDesktop\corte_cor_ag\Pages\AdmAlterarSenha.cshtml.cs(20,16): warning CS8618: O propriedade não anulável 'NovaSenha' precisa conter um valor não nulo ao sair do construtor. Considere declarar o propriedade como anulável. [C:\Welber\2022\GitHubDesktop\corte_cor_ag\CorteCor.csproj]
C:\Welber\2022\GitHubDesktop\corte_cor_ag\Pages\AdmAlterarSenha.cshtml.cs(20,16): warning CS8618: O propriedade não anulável 'ConfirmarSenha' precisa conter um valor não nulo ao sair do construtor. Considere declarar o propriedade como anulável. [C:\Welber\2022\GitHubDesktop\corte_cor_ag\CorteCor.csproj]
C:\Welber\2022\GitHubDesktop\corte_cor_ag\Pages\FuncionarioServicoCadastro.cshtml.cs(13,34): warning CS8618: O propriedade não anulável 'Funcionarios' precisa conter um valor não nulo ao sair do construtor. Considere declarar o propriedade como anulável. [C:\Welber\2022\GitHubDesktop\corte_cor_ag\CorteCor.csproj]
C:\Welber\2022\GitHubDesktop\corte_cor_ag\Pages\FuncionarioServicoCadastro.cshtml.cs(14,30): warning CS8618: O propriedade não anulável 'Servicos' precisa conter um valor não nulo ao sair do construtor. Considere declarar o propriedade como anulável. [C:\Welber\2022\GitHubDesktop\corte_cor_ag\CorteCor.csproj]
C:\Welber\2022\GitHubDesktop\corte_cor_ag\Pages\FuncionarioServicoCadastro.cshtml.cs(22,23): warning CS8618: O propriedade não anulável 'Mensagem' precisa conter um valor não nulo ao sair do construtor. Considere declarar o propriedade como anulável. [C:\Welber\2022\GitHubDesktop\corte_cor_ag\CorteCor.csproj]
C:\Welber\2022\GitHubDesktop\corte_cor_ag\Models.cs(179,23): warning CS8618: O propriedade não anulável 'Nome' precisa conter um valor não nulo ao sair do construtor. Considere declarar o propriedade como anulável. [C:\Welber\2022\GitHubDesktop\corte_cor_ag\CorteCor.csproj]
C:\Welber\2022\GitHubDesktop\corte_cor_ag\Models.cs(180,23): warning CS8618: O propriedade não anulável 'Tipo' precisa conter um valor não nulo ao sair do construtor. Considere declarar o propriedade como anulável. [C:\Welber\2022\GitHubDesktop\corte_cor_ag\CorteCor.csproj]
C:\Welber\2022\GitHubDesktop\corte_cor_ag\Models.cs(181,23): warning CS8618: O propriedade não anulável 'Gateway' precisa conter um valor não nulo ao sair do construtor. Considere declarar o propriedade como anulável. [C:\Welber\2022\GitHubDesktop\corte_cor_ag\CorteCor.csproj]
C:\Welber\2022\GitHubDesktop\corte_cor_ag\Models.cs(140,23): warning CS8618: O propriedade não anulável 'Nome' precisa conter um valor não nulo ao sair do construtor. Considere declarar o propriedade como anulável. [C:\Welber\2022\GitHubDesktop\corte_cor_ag\CorteCor.csproj]
C:\Welber\2022\GitHubDesktop\corte_cor_ag\Pages\Logout2.cshtml.cs(10,42): warning CS1998: Este método assíncrono não possui operadores 'await' e será executado de modo síncrono. É recomendável o uso do operador 'await' para aguardar chamadas à API desbloqueadas ou do operador 'await Task.Run(...)' para realizar um trabalho associado à CPU em um thread em segundo plano. [C:\Welber\2022\GitHubDesktop\corte_cor_ag\CorteCor.csproj]
C:\Welber\2022\GitHubDesktop\corte_cor_ag\Models.cs(168,23): warning CS8618: O propriedade não anulável 'Status' precisa conter um valor não nulo ao sair do construtor. Considere declarar o propriedade como anulável. [C:\Welber\2022\GitHubDesktop\corte_cor_ag\CorteCor.csproj]
C:\Welber\2022\GitHubDesktop\corte_cor_ag\Models.cs(104,23): warning CS8618: O propriedade não anulável 'Nome' precisa conter um valor não nulo ao sair do construtor. Considere declarar o propriedade como anulável. [C:\Welber\2022\GitHubDesktop\corte_cor_ag\CorteCor.csproj]
C:\Welber\2022\GitHubDesktop\corte_cor_ag\Models.cs(156,23): warning CS8618: O propriedade não anulável 'Nome' precisa conter um valor não nulo ao sair do construtor. Considere declarar o propriedade como anulável. [C:\Welber\2022\GitHubDesktop\corte_cor_ag\CorteCor.csproj]
C:\Welber\2022\GitHubDesktop\corte_cor_ag\Models.cs(157,23): warning CS8618: O propriedade não anulável 'Telefone' precisa conter um valor não nulo ao sair do construtor. Considere declarar o propriedade como anulável. [C:\Welber\2022\GitHubDesktop\corte_cor_ag\CorteCor.csproj]
C:\Welber\2022\GitHubDesktop\corte_cor_ag\Models.cs(158,23): warning CS8618: O propriedade não anulável 'Email' precisa conter um valor não nulo ao sair do construtor. Considere declarar o propriedade como anulável. [C:\Welber\2022\GitHubDesktop\corte_cor_ag\CorteCor.csproj]
C:\Welber\2022\GitHubDesktop\corte_cor_ag\Pages\MeioPagamentoCadastro.cshtml.cs(19,33): warning CS8601: Possível atribuição de referência nula. [C:\Welber\2022\GitHubDesktop\corte_cor_ag\CorteCor.csproj]
C:\Welber\2022\GitHubDesktop\corte_cor_ag\Pages\FuncionarioServicoLista.cshtml.cs(17,27): warning CS8618: O propriedade não anulável 'FuncionarioNome' precisa conter um valor não nulo ao sair do construtor. Considere declarar o propriedade como anulável. [C:\Welber\2022\GitHubDesktop\corte_cor_ag\CorteCor.csproj]
C:\Welber\2022\GitHubDesktop\corte_cor_ag\Pages\FuncionarioServicoLista.cshtml.cs(20,27): warning CS8618: O propriedade não anulável 'ServicoNome' precisa conter um valor não nulo ao sair do construtor. Considere declarar o propriedade como anulável. [C:\Welber\2022\GitHubDesktop\corte_cor_ag\CorteCor.csproj]
C:\Welber\2022\GitHubDesktop\corte_cor_ag\Pages\MeioPagamentoLista.cshtml.cs(26,32): warning CS8604: Possível argumento de referência nula para o parâmetro 's' em 'int int.Parse(string s)'. [C:\Welber\2022\GitHubDesktop\corte_cor_ag\CorteCor.csproj]
C:\Welber\2022\GitHubDesktop\corte_cor_ag\Pages\MeioPagamentoLista.cshtml.cs(27,29): warning CS8600: Conversão de literal nula ou possível valor nulo em tipo não anulável. [C:\Welber\2022\GitHubDesktop\corte_cor_ag\CorteCor.csproj]
C:\Welber\2022\GitHubDesktop\corte_cor_ag\Pages\MeioPagamentoLista.cshtml.cs(13,36): warning CS8618: O propriedade não anulável 'MeiosPagamento' precisa conter um valor não nulo ao sair do construtor. Considere declarar o propriedade como anulável. [C:\Welber\2022\GitHubDesktop\corte_cor_ag\CorteCor.csproj]
C:\Welber\2022\GitHubDesktop\corte_cor_ag\Pages\MeioPagamentoLista.cshtml.cs(14,23): warning CS8618: O propriedade não anulável 'Mensagem' precisa conter um valor não nulo ao sair do construtor. Considere declarar o propriedade como anulável. [C:\Welber\2022\GitHubDesktop\corte_cor_ag\CorteCor.csproj]
C:\Welber\2022\GitHubDesktop\corte_cor_ag\Pages\ModeloEmailCadastro.cshtml.cs(14,16): warning CS8618: O propriedade não anulável 'Modelo' precisa conter um valor não nulo ao sair do construtor. Considere declarar o propriedade como anulável. [C:\Welber\2022\GitHubDesktop\corte_cor_ag\CorteCor.csproj]
C:\Welber\2022\GitHubDesktop\corte_cor_ag\Pages\ModeloEmailCadastro.cshtml.cs(14,16): warning CS8618: O propriedade não anulável 'Mensagem' precisa conter um valor não nulo ao sair do construtor. Considere declarar o propriedade como anulável. [C:\Welber\2022\GitHubDesktop\corte_cor_ag\CorteCor.csproj]
C:\Welber\2022\GitHubDesktop\corte_cor_ag\Pages\ModeloEmailLista.cshtml.cs(16,16): warning CS8618: O propriedade não anulável 'Mensagem' precisa conter um valor não nulo ao sair do construtor. Considere declarar o propriedade como anulável. [C:\Welber\2022\GitHubDesktop\corte_cor_ag\CorteCor.csproj]
C:\Welber\2022\GitHubDesktop\corte_cor_ag\Pages\MeioPagamentoCadastro.cshtml.cs(58,47): warning CS8604: Possível argumento de referência nula para o parâmetro 's' em 'DateTime DateTime.Parse(string s)'. [C:\Welber\2022\GitHubDesktop\corte_cor_ag\CorteCor.csproj]
C:\Welber\2022\GitHubDesktop\corte_cor_ag\Pages\MeioPagamentoCadastro.cshtml.cs(63,73): warning CS8604: Possível argumento de referência nula para o parâmetro 'valor' em 'byte? MeioPagamentoCadastroModel.ParseByteNullable(string valor)'. [C:\Welber\2022\GitHubDesktop\corte_cor_ag\CorteCor.csproj]
C:\Welber\2022\GitHubDesktop\corte_cor_ag\Pages\MeioPagamentoCadastro.cshtml.cs(68,24): warning CS8601: Possível atribuição de referência nula. [C:\Welber\2022\GitHubDesktop\corte_cor_ag\CorteCor.csproj]
C:\Welber\2022\GitHubDesktop\corte_cor_ag\Pages\MeioPagamentoCadastro.cshtml.cs(69,24): warning CS8601: Possível atribuição de referência nula. [C:\Welber\2022\GitHubDesktop\corte_cor_ag\CorteCor.csproj]
C:\Welber\2022\GitHubDesktop\corte_cor_ag\Pages\MeioPagamentoCadastro.cshtml.cs(70,27): warning CS8601: Possível atribuição de referência nula. [C:\Welber\2022\GitHubDesktop\corte_cor_ag\CorteCor.csproj]
C:\Welber\2022\GitHubDesktop\corte_cor_ag\Pages\MeioPagamentoCadastro.cshtml.cs(75,49): warning CS8604: Possível argumento de referência nula para o parâmetro 'valor' em 'decimal MeioPagamentoCadastroModel.ParseDecimalBR(string valor)'. [C:\Welber\2022\GitHubDesktop\corte_cor_ag\CorteCor.csproj]
C:\Welber\2022\GitHubDesktop\corte_cor_ag\Pages\MeioPagamentoCadastro.cshtml.cs(76,43): warning CS8604: Possível argumento de referência nula para o parâmetro 'valor' em 'decimal MeioPagamentoCadastroModel.ParseDecimalBR(string valor)'. [C:\Welber\2022\GitHubDesktop\corte_cor_ag\CorteCor.csproj]
C:\Welber\2022\GitHubDesktop\corte_cor_ag\Pages\MeioPagamentoCadastro.cshtml.cs(10,30): warning CS8618: O propriedade não anulável 'MeioPagamento' precisa conter um valor não nulo ao sair do construtor. Considere declarar o propriedade como anulável. [C:\Welber\2022\GitHubDesktop\corte_cor_ag\CorteCor.csproj]
C:\Welber\2022\GitHubDesktop\corte_cor_ag\Pages\MeioPagamentoCadastro.cshtml.cs(12,23): warning CS8618: O propriedade não anulável 'Mensagem' precisa conter um valor não nulo ao sair do construtor. Considere declarar o propriedade como anulável. [C:\Welber\2022\GitHubDesktop\corte_cor_ag\CorteCor.csproj]
C:\Welber\2022\GitHubDesktop\corte_cor_ag\Pages\FuncionarioServicoLista.cshtml.cs(81,29): warning CS8600: Conversão de literal nula ou possível valor nulo em tipo não anulável. [C:\Welber\2022\GitHubDesktop\corte_cor_ag\CorteCor.csproj]
C:\Welber\2022\GitHubDesktop\corte_cor_ag\Pages\FuncionarioServicoLista.cshtml.cs(26,23): warning CS8618: O propriedade não anulável 'Mensagem' precisa conter um valor não nulo ao sair do construtor. Considere declarar o propriedade como anulável. [C:\Welber\2022\GitHubDesktop\corte_cor_ag\CorteCor.csproj]
C:\Welber\2022\GitHubDesktop\corte_cor_ag\Pages\Index.cshtml.cs(48,49): warning CS8600: Conversão de literal nula ou possível valor nulo em tipo não anulável. [C:\Welber\2022\GitHubDesktop\corte_cor_ag\CorteCor.csproj]
C:\Welber\2022\GitHubDesktop\corte_cor_ag\Pages\Index.cshtml.cs(63,44): warning CS8604: Possível argumento de referência nula para o parâmetro 'value' em 'Claim.Claim(string type, string value)'. [C:\Welber\2022\GitHubDesktop\corte_cor_ag\CorteCor.csproj]
C:\Welber\2022\GitHubDesktop\corte_cor_ag\Pages\Index.cshtml.cs(64,42): warning CS8602: Desreferência de uma referência possivelmente nula. [C:\Welber\2022\GitHubDesktop\corte_cor_ag\CorteCor.csproj]
C:\Welber\2022\GitHubDesktop\corte_cor_ag\Pages\Index.cshtml.cs(14,23): warning CS8618: O propriedade não anulável 'ErrorMessage' precisa conter um valor não nulo ao sair do construtor. Considere declarar o propriedade como anulável. [C:\Welber\2022\GitHubDesktop\corte_cor_ag\CorteCor.csproj]
C:\Welber\2022\GitHubDesktop\corte_cor_ag\Pages\Index.cshtml.cs(15,23): warning CS8618: O propriedade não anulável 'NomeSalao' precisa conter um valor não nulo ao sair do construtor. Considere declarar o propriedade como anulável. [C:\Welber\2022\GitHubDesktop\corte_cor_ag\CorteCor.csproj]
C:\Welber\2022\GitHubDesktop\corte_cor_ag\Pages\PessoaCadastro.cshtml.cs(19,26): warning CS8601: Possível atribuição de referência nula. [C:\Welber\2022\GitHubDesktop\corte_cor_ag\CorteCor.csproj]
C:\Welber\2022\GitHubDesktop\corte_cor_ag\Pages\LembreteConfigLista.cshtml.cs(18,16): warning CS8618: O propriedade não anulável 'Mensagem' precisa conter um valor não nulo ao sair do construtor. Considere declarar o propriedade como anulável. [C:\Welber\2022\GitHubDesktop\corte_cor_ag\CorteCor.csproj]
C:\Welber\2022\GitHubDesktop\corte_cor_ag\Pages\PagamentoLista.cshtml.cs(61,29): warning CS8600: Conversão de literal nula ou possível valor nulo em tipo não anulável. [C:\Welber\2022\GitHubDesktop\corte_cor_ag\CorteCor.csproj]
C:\Welber\2022\GitHubDesktop\corte_cor_ag\Pages\Painel.cshtml.cs(12,40): warning CS8618: O propriedade não anulável 'DocumentacaoChartData' precisa conter um valor não nulo ao sair do construtor. Considere declarar o propriedade como anulável. [C:\Welber\2022\GitHubDesktop\corte_cor_ag\CorteCor.csproj]
C:\Welber\2022\GitHubDesktop\corte_cor_ag\Pages\Painel.cshtml.cs(13,40): warning CS8618: O propriedade não anulável 'TipoImovelChartData' precisa conter um valor não nulo ao sair do construtor. Considere declarar o propriedade como anulável. [C:\Welber\2022\GitHubDesktop\corte_cor_ag\CorteCor.csproj]
C:\Welber\2022\GitHubDesktop\corte_cor_ag\Pages\Painel.cshtml.cs(14,40): warning CS8618: O propriedade não anulável 'TipoEdificacaoChartData' precisa conter um valor não nulo ao sair do construtor. Considere declarar o propriedade como anulável. [C:\Welber\2022\GitHubDesktop\corte_cor_ag\CorteCor.csproj]
C:\Welber\2022\GitHubDesktop\corte_cor_ag\Pages\Painel.cshtml.cs(15,40): warning CS8618: O propriedade não anulável 'AcabamentoChartData' precisa conter um valor não nulo ao sair do construtor. Considere declarar o propriedade como anulável. [C:\Welber\2022\GitHubDesktop\corte_cor_ag\CorteCor.csproj]
C:\Welber\2022\GitHubDesktop\corte_cor_ag\Pages\Painel.cshtml.cs(16,40): warning CS8618: O propriedade não anulável 'AguaPotavelChartData' precisa conter um valor não nulo ao sair do construtor. Considere declarar o propriedade como anulável. [C:\Welber\2022\GitHubDesktop\corte_cor_ag\CorteCor.csproj]
C:\Welber\2022\GitHubDesktop\corte_cor_ag\Pages\Painel.cshtml.cs(17,40): warning CS8618: O propriedade não anulável 'EsgotamentoSanitarioChartData' precisa conter um valor não nulo ao sair do construtor. Considere declarar o propriedade como anulável. [C:\Welber\2022\GitHubDesktop\corte_cor_ag\CorteCor.csproj]
C:\Welber\2022\GitHubDesktop\corte_cor_ag\Pages\Painel.cshtml.cs(18,40): warning CS8618: O propriedade não anulável 'EnergiaEletricaChartData' precisa conter um valor não nulo ao sair do construtor. Considere declarar o propriedade como anulável. [C:\Welber\2022\GitHubDesktop\corte_cor_ag\CorteCor.csproj]
C:\Welber\2022\GitHubDesktop\corte_cor_ag\Pages\Painel.cshtml.cs(19,40): warning CS8618: O propriedade não anulável 'DestinoLixoChartData' precisa conter um valor não nulo ao sair do construtor. Considere declarar o propriedade como anulável. [C:\Welber\2022\GitHubDesktop\corte_cor_ag\CorteCor.csproj]
C:\Welber\2022\GitHubDesktop\corte_cor_ag\Pages\Painel.cshtml.cs(20,40): warning CS8618: O propriedade não anulável 'CondicaoOcupacaoLoteChartData' precisa conter um valor não nulo ao sair do construtor. Considere declarar o propriedade como anulável. [C:\Welber\2022\GitHubDesktop\corte_cor_ag\CorteCor.csproj]
C:\Welber\2022\GitHubDesktop\corte_cor_ag\Pages\Painel.cshtml.cs(21,40): warning CS8618: O propriedade não anulável 'NumeroOcupacaoChartData' precisa conter um valor não nulo ao sair do construtor. Considere declarar o propriedade como anulável. [C:\Welber\2022\GitHubDesktop\corte_cor_ag\CorteCor.csproj]
C:\Welber\2022\GitHubDesktop\corte_cor_ag\Pages\Painel.cshtml.cs(22,40): warning CS8618: O propriedade não anulável 'PossuiOutroImovelChartData' precisa conter um valor não nulo ao sair do construtor. Considere declarar o propriedade como anulável. [C:\Welber\2022\GitHubDesktop\corte_cor_ag\CorteCor.csproj]
C:\Welber\2022\GitHubDesktop\corte_cor_ag\Pages\Painel.cshtml.cs(23,40): warning CS8618: O propriedade não anulável 'PossuiIPTUChartData' precisa conter um valor não nulo ao sair do construtor. Considere declarar o propriedade como anulável. [C:\Welber\2022\GitHubDesktop\corte_cor_ag\CorteCor.csproj]
C:\Welber\2022\GitHubDesktop\corte_cor_ag\Pages\PagamentoLista.cshtml.cs(17,39): warning CS8618: O propriedade não anulável 'Pagamentos' precisa conter um valor não nulo ao sair do construtor. Considere declarar o propriedade como anulável. [C:\Welber\2022\GitHubDesktop\corte_cor_ag\CorteCor.csproj]
C:\Welber\2022\GitHubDesktop\corte_cor_ag\Pages\PagamentoLista.cshtml.cs(18,23): warning CS8618: O propriedade não anulável 'Mensagem' precisa conter um valor não nulo ao sair do construtor. Considere declarar o propriedade como anulável. [C:\Welber\2022\GitHubDesktop\corte_cor_ag\CorteCor.csproj]
C:\Welber\2022\GitHubDesktop\corte_cor_ag\Pages\AdmAlterarSenha.cshtml.cs(36,28): warning CS8602: Desreferência de uma referência possivelmente nula. [C:\Welber\2022\GitHubDesktop\corte_cor_ag\CorteCor.csproj]
C:\Welber\2022\GitHubDesktop\corte_cor_ag\Pages\AdmAlterarSenha.cshtml.cs(36,28): warning CS8601: Possível atribuição de referência nula. [C:\Welber\2022\GitHubDesktop\corte_cor_ag\CorteCor.csproj]
C:\Welber\2022\GitHubDesktop\corte_cor_ag\Pages\Agendamentos2.cshtml.cs(308,34): warning CS8600: Conversão de literal nula ou possível valor nulo em tipo não anulável. [C:\Welber\2022\GitHubDesktop\corte_cor_ag\CorteCor.csproj]
C:\Welber\2022\GitHubDesktop\corte_cor_ag\Pages\PessoaCadastro.cshtml.cs(34,49): warning CS8604: Possível argumento de referência nula para o parâmetro 's' em 'DateTime DateTime.Parse(string s)'. [C:\Welber\2022\GitHubDesktop\corte_cor_ag\CorteCor.csproj]
C:\Welber\2022\GitHubDesktop\corte_cor_ag\Pages\PessoaCadastro.cshtml.cs(39,24): warning CS8601: Possível atribuição de referência nula. [C:\Welber\2022\GitHubDesktop\corte_cor_ag\CorteCor.csproj]
C:\Welber\2022\GitHubDesktop\corte_cor_ag\Pages\PessoaCadastro.cshtml.cs(40,28): warning CS8601: Possível atribuição de referência nula. [C:\Welber\2022\GitHubDesktop\corte_cor_ag\CorteCor.csproj]
C:\Welber\2022\GitHubDesktop\corte_cor_ag\Pages\PessoaCadastro.cshtml.cs(41,25): warning CS8601: Possível atribuição de referência nula. [C:\Welber\2022\GitHubDesktop\corte_cor_ag\CorteCor.csproj]
C:\Welber\2022\GitHubDesktop\corte_cor_ag\Pages\PessoaCadastro.cshtml.cs(10,23): warning CS8618: O propriedade não anulável 'Pessoa' precisa conter um valor não nulo ao sair do construtor. Considere declarar o propriedade como anulável. [C:\Welber\2022\GitHubDesktop\corte_cor_ag\CorteCor.csproj]
C:\Welber\2022\GitHubDesktop\corte_cor_ag\Pages\PessoaCadastro.cshtml.cs(12,23): warning CS8618: O propriedade não anulável 'Mensagem' precisa conter um valor não nulo ao sair do construtor. Considere declarar o propriedade como anulável. [C:\Welber\2022\GitHubDesktop\corte_cor_ag\CorteCor.csproj]
C:\Welber\2022\GitHubDesktop\corte_cor_ag\Pages\SalaoCadastro.cshtml.cs(19,25): warning CS8601: Possível atribuição de referência nula. [C:\Welber\2022\GitHubDesktop\corte_cor_ag\CorteCor.csproj]
C:\Welber\2022\GitHubDesktop\corte_cor_ag\Pages\SalaoLeitura.cshtml.cs(20,21): warning CS8601: Possível atribuição de referência nula. [C:\Welber\2022\GitHubDesktop\corte_cor_ag\CorteCor.csproj]
C:\Welber\2022\GitHubDesktop\corte_cor_ag\Pages\PagamentoCadastro.cshtml.cs(95,44): warning CS8604: Possível argumento de referência nula para o parâmetro 'valor' em 'decimal PagamentoCadastroModel.ParseDecimalBR(string valor)'. [C:\Welber\2022\GitHubDesktop\corte_cor_ag\CorteCor.csproj]
C:\Welber\2022\GitHubDesktop\corte_cor_ag\Pages\PagamentoCadastro.cshtml.cs(96,48): warning CS8604: Possível argumento de referência nula para o parâmetro 'valor' em 'DateTime PagamentoCadastroModel.ParseDateTimeLocal(string valor)'. [C:\Welber\2022\GitHubDesktop\corte_cor_ag\CorteCor.csproj]
C:\Welber\2022\GitHubDesktop\corte_cor_ag\Pages\PagamentoCadastro.cshtml.cs(97,106): warning CS8604: Possível argumento de referência nula para o parâmetro 's' em 'DateTime DateTime.Parse(string s)'. [C:\Welber\2022\GitHubDesktop\corte_cor_ag\CorteCor.csproj]
C:\Welber\2022\GitHubDesktop\corte_cor_ag\Pages\SalaoLeitura.cshtml.cs(10,22): warning CS8618: O propriedade não anulável 'Salao' precisa conter um valor não nulo ao sair do construtor. Considere declarar o propriedade como anulável. [C:\Welber\2022\GitHubDesktop\corte_cor_ag\CorteCor.csproj]
C:\Welber\2022\GitHubDesktop\corte_cor_ag\Pages\SalaoLeitura.cshtml.cs(12,23): warning CS8618: O propriedade não anulável 'Mensagem' precisa conter um valor não nulo ao sair do construtor. Considere declarar o propriedade como anulável. [C:\Welber\2022\GitHubDesktop\corte_cor_ag\CorteCor.csproj]
C:\Welber\2022\GitHubDesktop\corte_cor_ag\Pages\PagamentoCadastro.cshtml.cs(11,26): warning CS8618: O propriedade não anulável 'Pagamento' precisa conter um valor não nulo ao sair do construtor. Considere declarar o propriedade como anulável. [C:\Welber\2022\GitHubDesktop\corte_cor_ag\CorteCor.csproj]
C:\Welber\2022\GitHubDesktop\corte_cor_ag\Pages\PagamentoCadastro.cshtml.cs(13,23): warning CS8618: O propriedade não anulável 'Mensagem' precisa conter um valor não nulo ao sair do construtor. Considere declarar o propriedade como anulável. [C:\Welber\2022\GitHubDesktop\corte_cor_ag\CorteCor.csproj]
C:\Welber\2022\GitHubDesktop\corte_cor_ag\Pages\PessoaLista.cshtml.cs(31,32): warning CS8604: Possível argumento de referência nula para o parâmetro 's' em 'int int.Parse(string s)'. [C:\Welber\2022\GitHubDesktop\corte_cor_ag\CorteCor.csproj]
C:\Welber\2022\GitHubDesktop\corte_cor_ag\Pages\PessoaLista.cshtml.cs(32,29): warning CS8600: Conversão de literal nula ou possível valor nulo em tipo não anulável. [C:\Welber\2022\GitHubDesktop\corte_cor_ag\CorteCor.csproj]
C:\Welber\2022\GitHubDesktop\corte_cor_ag\Pages\PessoaLista.cshtml.cs(15,23): warning CS8618: O propriedade não anulável 'Mensagem' precisa conter um valor não nulo ao sair do construtor. Considere declarar o propriedade como anulável. [C:\Welber\2022\GitHubDesktop\corte_cor_ag\CorteCor.csproj]
C:\Welber\2022\GitHubDesktop\corte_cor_ag\Pages\ServicoCadastro.cshtml.cs(19,27): warning CS8601: Possível atribuição de referência nula. [C:\Welber\2022\GitHubDesktop\corte_cor_ag\CorteCor.csproj]
C:\Welber\2022\GitHubDesktop\corte_cor_ag\Pages\SalaoCadastro.cshtml.cs(32,24): warning CS8601: Possível atribuição de referência nula. [C:\Welber\2022\GitHubDesktop\corte_cor_ag\CorteCor.csproj]
C:\Welber\2022\GitHubDesktop\corte_cor_ag\Pages\SalaoCadastro.cshtml.cs(33,31): warning CS8601: Possível atribuição de referência nula. [C:\Welber\2022\GitHubDesktop\corte_cor_ag\CorteCor.csproj]
C:\Welber\2022\GitHubDesktop\corte_cor_ag\Pages\SalaoCadastro.cshtml.cs(34,25): warning CS8601: Possível atribuição de referência nula. [C:\Welber\2022\GitHubDesktop\corte_cor_ag\CorteCor.csproj]
C:\Welber\2022\GitHubDesktop\corte_cor_ag\Pages\SalaoCadastro.cshtml.cs(35,28): warning CS8601: Possível atribuição de referência nula. [C:\Welber\2022\GitHubDesktop\corte_cor_ag\CorteCor.csproj]
C:\Welber\2022\GitHubDesktop\corte_cor_ag\Pages\SalaoCadastro.cshtml.cs(36,28): warning CS8601: Possível atribuição de referência nula. [C:\Welber\2022\GitHubDesktop\corte_cor_ag\CorteCor.csproj]
C:\Welber\2022\GitHubDesktop\corte_cor_ag\Pages\SalaoCadastro.cshtml.cs(37,24): warning CS8601: Possível atribuição de referência nula. [C:\Welber\2022\GitHubDesktop\corte_cor_ag\CorteCor.csproj]
C:\Welber\2022\GitHubDesktop\corte_cor_ag\Pages\SalaoCadastro.cshtml.cs(39,47): warning CS8604: Possível argumento de referência nula para o parâmetro 's' em 'DateTime DateTime.Parse(string s)'. [C:\Welber\2022\GitHubDesktop\corte_cor_ag\CorteCor.csproj]
C:\Welber\2022\GitHubDesktop\corte_cor_ag\Pages\SalaoCadastro.cshtml.cs(40,30): warning CS8601: Possível atribuição de referência nula. [C:\Welber\2022\GitHubDesktop\corte_cor_ag\CorteCor.csproj]
C:\Welber\2022\GitHubDesktop\corte_cor_ag\Pages\SalaoCadastro.cshtml.cs(41,46): warning CS8604: Possível argumento de referência nula para o parâmetro 's' em 'int int.Parse(string s)'. [C:\Welber\2022\GitHubDesktop\corte_cor_ag\CorteCor.csproj]
C:\Welber\2022\GitHubDesktop\corte_cor_ag\Pages\SalaoCadastro.cshtml.cs(42,44): warning CS8604: Possível argumento de referência nula para o parâmetro 's' em 'int int.Parse(string s)'. [C:\Welber\2022\GitHubDesktop\corte_cor_ag\CorteCor.csproj]
C:\Welber\2022\GitHubDesktop\corte_cor_ag\Pages\SalaoCadastro.cshtml.cs(43,49): warning CS8604: Possível argumento de referência nula para o parâmetro 's' em 'int int.Parse(string s)'. [C:\Welber\2022\GitHubDesktop\corte_cor_ag\CorteCor.csproj]
C:\Welber\2022\GitHubDesktop\corte_cor_ag\Pages\AdmAlterarSenha.cshtml.cs(41,35): warning CS8602: Desreferência de uma referência possivelmente nula. [C:\Welber\2022\GitHubDesktop\corte_cor_ag\CorteCor.csproj]
C:\Welber\2022\GitHubDesktop\corte_cor_ag\Pages\AdmAlterarSenha.cshtml.cs(41,35): warning CS8600: Conversão de literal nula ou possível valor nulo em tipo não anulável. [C:\Welber\2022\GitHubDesktop\corte_cor_ag\CorteCor.csproj]
C:\Welber\2022\GitHubDesktop\corte_cor_ag\Pages\AdmAlterarSenha.cshtml.cs(42,28): warning CS8601: Possível atribuição de referência nula. [C:\Welber\2022\GitHubDesktop\corte_cor_ag\CorteCor.csproj]
C:\Welber\2022\GitHubDesktop\corte_cor_ag\Pages\AdmAlterarSenha.cshtml.cs(57,52): warning CS8604: Possível argumento de referência nula para o parâmetro 'value' em 'void DbExtensions.AddWithValue(IDbCommand command, string parameterName, object value)'. [C:\Welber\2022\GitHubDesktop\corte_cor_ag\CorteCor.csproj]
C:\Welber\2022\GitHubDesktop\corte_cor_ag\Pages\AdmAlterarSenha.cshtml.cs(58,43): warning CS8600: Conversão de literal nula ou possível valor nulo em tipo não anulável. [C:\Welber\2022\GitHubDesktop\corte_cor_ag\CorteCor.csproj]
C:\Welber\2022\GitHubDesktop\corte_cor_ag\Pages\SalaoCadastro.cshtml.cs(10,22): warning CS8618: O propriedade não anulável 'Salao' precisa conter um valor não nulo ao sair do construtor. Considere declarar o propriedade como anulável. [C:\Welber\2022\GitHubDesktop\corte_cor_ag\CorteCor.csproj]
C:\Welber\2022\GitHubDesktop\corte_cor_ag\Pages\SalaoCadastro.cshtml.cs(12,23): warning CS8618: O propriedade não anulável 'Mensagem' precisa conter um valor não nulo ao sair do construtor. Considere declarar o propriedade como anulável. [C:\Welber\2022\GitHubDesktop\corte_cor_ag\CorteCor.csproj]
C:\Welber\2022\GitHubDesktop\corte_cor_ag\Pages\UsuarioAlterarSenha.cshtml.cs(20,16): warning CS8618: O propriedade não anulável 'SenhaAtual' precisa conter um valor não nulo ao sair do construtor. Considere declarar o propriedade como anulável. [C:\Welber\2022\GitHubDesktop\corte_cor_ag\CorteCor.csproj]
C:\Welber\2022\GitHubDesktop\corte_cor_ag\Pages\UsuarioAlterarSenha.cshtml.cs(20,16): warning CS8618: O propriedade não anulável 'EmailUsuario' precisa conter um valor não nulo ao sair do construtor. Considere declarar o propriedade como anulável. [C:\Welber\2022\GitHubDesktop\corte_cor_ag\CorteCor.csproj]
C:\Welber\2022\GitHubDesktop\corte_cor_ag\Pages\UsuarioAlterarSenha.cshtml.cs(20,16): warning CS8618: O propriedade não anulável 'NovaSenha' precisa conter um valor não nulo ao sair do construtor. Considere declarar o propriedade como anulável. [C:\Welber\2022\GitHubDesktop\corte_cor_ag\CorteCor.csproj]
C:\Welber\2022\GitHubDesktop\corte_cor_ag\Pages\UsuarioAlterarSenha.cshtml.cs(20,16): warning CS8618: O propriedade não anulável 'ConfirmarSenha' precisa conter um valor não nulo ao sair do construtor. Considere declarar o propriedade como anulável. [C:\Welber\2022\GitHubDesktop\corte_cor_ag\CorteCor.csproj]
C:\Welber\2022\GitHubDesktop\corte_cor_ag\Pages\UsuarioAlterarSenha.cshtml.cs(20,16): warning CS8618: O propriedade não anulável 'NomeCurto' precisa conter um valor não nulo ao sair do construtor. Considere declarar o propriedade como anulável. [C:\Welber\2022\GitHubDesktop\corte_cor_ag\CorteCor.csproj]
C:\Welber\2022\GitHubDesktop\corte_cor_ag\Pages\ServicoLista.cshtml.cs(26,32): warning CS8604: Possível argumento de referência nula para o parâmetro 's' em 'int int.Parse(string s)'. [C:\Welber\2022\GitHubDesktop\corte_cor_ag\CorteCor.csproj]
C:\Welber\2022\GitHubDesktop\corte_cor_ag\Pages\ServicoLista.cshtml.cs(27,29): warning CS8600: Conversão de literal nula ou possível valor nulo em tipo não anulável. [C:\Welber\2022\GitHubDesktop\corte_cor_ag\CorteCor.csproj]
C:\Welber\2022\GitHubDesktop\corte_cor_ag\Pages\UsuarioAlterarSenha.cshtml.cs(40,28): warning CS8602: Desreferência de uma referência possivelmente nula. [C:\Welber\2022\GitHubDesktop\corte_cor_ag\CorteCor.csproj]
C:\Welber\2022\GitHubDesktop\corte_cor_ag\Pages\UsuarioAlterarSenha.cshtml.cs(40,28): warning CS8601: Possível atribuição de referência nula. [C:\Welber\2022\GitHubDesktop\corte_cor_ag\CorteCor.csproj]
C:\Welber\2022\GitHubDesktop\corte_cor_ag\Pages\ServicoLista.cshtml.cs(13,30): warning CS8618: O propriedade não anulável 'Servicos' precisa conter um valor não nulo ao sair do construtor. Considere declarar o propriedade como anulável. [C:\Welber\2022\GitHubDesktop\corte_cor_ag\CorteCor.csproj]
C:\Welber\2022\GitHubDesktop\corte_cor_ag\Pages\ServicoLista.cshtml.cs(14,23): warning CS8618: O propriedade não anulável 'Mensagem' precisa conter um valor não nulo ao sair do construtor. Considere declarar o propriedade como anulável. [C:\Welber\2022\GitHubDesktop\corte_cor_ag\CorteCor.csproj]
C:\Welber\2022\GitHubDesktop\corte_cor_ag\Pages\SalaoLista.cshtml.cs(35,32): warning CS8604: Possível argumento de referência nula para o parâmetro 's' em 'int int.Parse(string s)'. [C:\Welber\2022\GitHubDesktop\corte_cor_ag\CorteCor.csproj]
C:\Welber\2022\GitHubDesktop\corte_cor_ag\Pages\SalaoLista.cshtml.cs(36,29): warning CS8600: Conversão de literal nula ou possível valor nulo em tipo não anulável. [C:\Welber\2022\GitHubDesktop\corte_cor_ag\CorteCor.csproj]
C:\Welber\2022\GitHubDesktop\corte_cor_ag\Pages\SalaoLista.cshtml.cs(14,28): warning CS8618: O propriedade não anulável 'Saloes' precisa conter um valor não nulo ao sair do construtor. Considere declarar o propriedade como anulável. [C:\Welber\2022\GitHubDesktop\corte_cor_ag\CorteCor.csproj]
C:\Welber\2022\GitHubDesktop\corte_cor_ag\Pages\SalaoLista.cshtml.cs(15,23): warning CS8618: O propriedade não anulável 'Mensagem' precisa conter um valor não nulo ao sair do construtor. Considere declarar o propriedade como anulável. [C:\Welber\2022\GitHubDesktop\corte_cor_ag\CorteCor.csproj]
C:\Welber\2022\GitHubDesktop\corte_cor_ag\Pages\Relatorios\LogEmail.cshtml.cs(17,16): warning CS8618: O propriedade não anulável 'Destinatario' precisa conter um valor não nulo ao sair do construtor. Considere declarar o propriedade como anulável. [C:\Welber\2022\GitHubDesktop\corte_cor_ag\CorteCor.csproj]
C:\Welber\2022\GitHubDesktop\corte_cor_ag\Pages\Relatorios\LogEmail.cshtml.cs(17,16): warning CS8618: O propriedade não anulável 'Assunto' precisa conter um valor não nulo ao sair do construtor. Considere declarar o propriedade como anulável. [C:\Welber\2022\GitHubDesktop\corte_cor_ag\CorteCor.csproj]
C:\Welber\2022\GitHubDesktop\corte_cor_ag\Pages\Relatorios\LogEmail.cshtml.cs(17,16): warning CS8618: O propriedade não anulável 'Status' precisa conter um valor não nulo ao sair do construtor. Considere declarar o propriedade como anulável. [C:\Welber\2022\GitHubDesktop\corte_cor_ag\CorteCor.csproj]
C:\Welber\2022\GitHubDesktop\corte_cor_ag\Pages\ServicoCadastro.cshtml.cs(56,42): warning CS8604: Possível argumento de referência nula para o parâmetro 'valor' em 'decimal ServicoCadastroModel.ParsePrecoBR(string valor)'. [C:\Welber\2022\GitHubDesktop\corte_cor_ag\CorteCor.csproj]
C:\Welber\2022\GitHubDesktop\corte_cor_ag\Pages\ServicoCadastro.cshtml.cs(58,45): warning CS8604: Possível argumento de referência nula para o parâmetro 'valor' em 'TimeSpan ServicoCadastroModel.ParseDuracao(string valor)'. [C:\Welber\2022\GitHubDesktop\corte_cor_ag\CorteCor.csproj]
C:\Welber\2022\GitHubDesktop\corte_cor_ag\Pages\ServicoCadastro.cshtml.cs(63,24): warning CS8601: Possível atribuição de referência nula. [C:\Welber\2022\GitHubDesktop\corte_cor_ag\CorteCor.csproj]
C:\Welber\2022\GitHubDesktop\corte_cor_ag\Pages\ServicoCadastro.cshtml.cs(10,24): warning CS8618: O propriedade não anulável 'Servico' precisa conter um valor não nulo ao sair do construtor. Considere declarar o propriedade como anulável. [C:\Welber\2022\GitHubDesktop\corte_cor_ag\CorteCor.csproj]
C:\Welber\2022\GitHubDesktop\corte_cor_ag\Pages\ServicoCadastro.cshtml.cs(12,23): warning CS8618: O propriedade não anulável 'Mensagem' precisa conter um valor não nulo ao sair do construtor. Considere declarar o propriedade como anulável. [C:\Welber\2022\GitHubDesktop\corte_cor_ag\CorteCor.csproj]
C:\Welber\2022\GitHubDesktop\corte_cor_ag\Pages\UsuarioCadastro.cshtml.cs(31,27): warning CS8601: Possível atribuição de referência nula. [C:\Welber\2022\GitHubDesktop\corte_cor_ag\CorteCor.csproj]
C:\Welber\2022\GitHubDesktop\corte_cor_ag\Pages\UsuarioAlterarSenha.cshtml.cs(47,35): warning CS8602: Desreferência de uma referência possivelmente nula. [C:\Welber\2022\GitHubDesktop\corte_cor_ag\CorteCor.csproj]
C:\Welber\2022\GitHubDesktop\corte_cor_ag\Pages\UsuarioAlterarSenha.cshtml.cs(47,35): warning CS8600: Conversão de literal nula ou possível valor nulo em tipo não anulável. [C:\Welber\2022\GitHubDesktop\corte_cor_ag\CorteCor.csproj]
C:\Welber\2022\GitHubDesktop\corte_cor_ag\Pages\UsuarioAlterarSenha.cshtml.cs(48,28): warning CS8601: Possível atribuição de referência nula. [C:\Welber\2022\GitHubDesktop\corte_cor_ag\CorteCor.csproj]
C:\Welber\2022\GitHubDesktop\corte_cor_ag\Pages\UsuarioAlterarSenha.cshtml.cs(63,52): warning CS8604: Possível argumento de referência nula para o parâmetro 'value' em 'void DbExtensions.AddWithValue(IDbCommand command, string parameterName, object value)'. [C:\Welber\2022\GitHubDesktop\corte_cor_ag\CorteCor.csproj]
C:\Welber\2022\GitHubDesktop\corte_cor_ag\Pages\UsuarioAlterarSenha.cshtml.cs(64,43): warning CS8600: Conversão de literal nula ou possível valor nulo em tipo não anulável. [C:\Welber\2022\GitHubDesktop\corte_cor_ag\CorteCor.csproj]
C:\Welber\2022\GitHubDesktop\corte_cor_ag\Pages\UsuarioCadastro.cshtml.cs(43,48): warning CS8604: Possível argumento de referência nula para o parâmetro 's' em 'int int.Parse(string s)'. [C:\Welber\2022\GitHubDesktop\corte_cor_ag\CorteCor.csproj]
C:\Welber\2022\GitHubDesktop\corte_cor_ag\Pages\UsuarioCadastro.cshtml.cs(49,24): warning CS8601: Possível atribuição de referência nula. [C:\Welber\2022\GitHubDesktop\corte_cor_ag\CorteCor.csproj]
C:\Welber\2022\GitHubDesktop\corte_cor_ag\Pages\UsuarioCadastro.cshtml.cs(50,28): warning CS8601: Possível atribuição de referência nula. [C:\Welber\2022\GitHubDesktop\corte_cor_ag\CorteCor.csproj]
C:\Welber\2022\GitHubDesktop\corte_cor_ag\Pages\UsuarioCadastro.cshtml.cs(51,22): warning CS8601: Possível atribuição de referência nula. [C:\Welber\2022\GitHubDesktop\corte_cor_ag\CorteCor.csproj]
C:\Welber\2022\GitHubDesktop\corte_cor_ag\Pages\UsuarioCadastro.cshtml.cs(52,25): warning CS8601: Possível atribuição de referência nula. [C:\Welber\2022\GitHubDesktop\corte_cor_ag\CorteCor.csproj]
C:\Welber\2022\GitHubDesktop\corte_cor_ag\Pages\UsuarioCadastro.cshtml.cs(53,28): warning CS8601: Possível atribuição de referência nula. [C:\Welber\2022\GitHubDesktop\corte_cor_ag\CorteCor.csproj]
C:\Welber\2022\GitHubDesktop\corte_cor_ag\Pages\UsuarioCadastro.cshtml.cs(54,46): warning CS8604: Possível argumento de referência nula para o parâmetro 's' em 'DateTime DateTime.Parse(string s)'. [C:\Welber\2022\GitHubDesktop\corte_cor_ag\CorteCor.csproj]
C:\Welber\2022\GitHubDesktop\corte_cor_ag\Pages\PessoaExcluidos.cshtml.cs(79,32): warning CS8604: Possível argumento de referência nula para o parâmetro 's' em 'int int.Parse(string s)'. [C:\Welber\2022\GitHubDesktop\corte_cor_ag\CorteCor.csproj]
C:\Welber\2022\GitHubDesktop\corte_cor_ag\Pages\PessoaExcluidos.cshtml.cs(80,29): warning CS8600: Conversão de literal nula ou possível valor nulo em tipo não anulável. [C:\Welber\2022\GitHubDesktop\corte_cor_ag\CorteCor.csproj]
C:\Welber\2022\GitHubDesktop\corte_cor_ag\Pages\PessoaExcluidos.cshtml.cs(13,29): warning CS8618: O propriedade não anulável 'Pessoas' precisa conter um valor não nulo ao sair do construtor. Considere declarar o propriedade como anulável. [C:\Welber\2022\GitHubDesktop\corte_cor_ag\CorteCor.csproj]
C:\Welber\2022\GitHubDesktop\corte_cor_ag\Pages\PessoaExcluidos.cshtml.cs(14,23): warning CS8618: O propriedade não anulável 'Mensagem' precisa conter um valor não nulo ao sair do construtor. Considere declarar o propriedade como anulável. [C:\Welber\2022\GitHubDesktop\corte_cor_ag\CorteCor.csproj]
C:\Welber\2022\GitHubDesktop\corte_cor_ag\Pages\UsuarioCadastro.cshtml.cs(83,28): warning CS8600: Conversão de literal nula ou possível valor nulo em tipo não anulável. [C:\Welber\2022\GitHubDesktop\corte_cor_ag\CorteCor.csproj]
C:\Welber\2022\GitHubDesktop\corte_cor_ag\Pages\UsuarioCadastro.cshtml.cs(90,41): warning CS8602: Desreferência de uma referência possivelmente nula. [C:\Welber\2022\GitHubDesktop\corte_cor_ag\CorteCor.csproj]
C:\Welber\2022\GitHubDesktop\corte_cor_ag\Pages\UsuarioCadastro.cshtml.cs(99,57): warning CS8602: Desreferência de uma referência possivelmente nula. [C:\Welber\2022\GitHubDesktop\corte_cor_ag\CorteCor.csproj]
C:\Welber\2022\GitHubDesktop\corte_cor_ag\Pages\UsuarioCadastro.cshtml.cs(105,38): warning CS8604: Possível argumento de referência nula para o parâmetro 'email' em 'void LoginManager.EnviarEmail(string email, string from, string subject, string body)'. [C:\Welber\2022\GitHubDesktop\corte_cor_ag\CorteCor.csproj]
C:\Welber\2022\GitHubDesktop\corte_cor_ag\Pages\UsuarioLista.cshtml.cs(43,32): warning CS8604: Possível argumento de referência nula para o parâmetro 's' em 'int int.Parse(string s)'. [C:\Welber\2022\GitHubDesktop\corte_cor_ag\CorteCor.csproj]
C:\Welber\2022\GitHubDesktop\corte_cor_ag\Pages\UsuarioLista.cshtml.cs(12,23): warning CS8618: O propriedade não anulável 'Mensagem' precisa conter um valor não nulo ao sair do construtor. Considere declarar o propriedade como anulável. [C:\Welber\2022\GitHubDesktop\corte_cor_ag\CorteCor.csproj]
C:\Welber\2022\GitHubDesktop\corte_cor_ag\Pages\UsuarioLista.cshtml.cs(15,23): warning CS8618: O propriedade não anulável 'NomeClientes' precisa conter um valor não nulo ao sair do construtor. Considere declarar o propriedade como anulável. [C:\Welber\2022\GitHubDesktop\corte_cor_ag\CorteCor.csproj]
C:\Welber\2022\GitHubDesktop\corte_cor_ag\Pages\UsuarioLista.cshtml.cs(16,23): warning CS8618: O propriedade não anulável 'NomeCliente' precisa conter um valor não nulo ao sair do construtor. Considere declarar o propriedade como anulável. [C:\Welber\2022\GitHubDesktop\corte_cor_ag\CorteCor.csproj]
C:\Welber\2022\GitHubDesktop\corte_cor_ag\Pages\UsuarioLista.cshtml.cs(18,28): warning CS8618: O propriedade não anulável 'Saloes' precisa conter um valor não nulo ao sair do construtor. Considere declarar o propriedade como anulável. [C:\Welber\2022\GitHubDesktop\corte_cor_ag\CorteCor.csproj]
C:\Welber\2022\GitHubDesktop\corte_cor_ag\Pages\UsuarioDashboard.cshtml.cs(44,16): warning CS8618: O propriedade não anulável 'ErrorMessage' precisa conter um valor não nulo ao sair do construtor. Considere declarar o propriedade como anulável. [C:\Welber\2022\GitHubDesktop\corte_cor_ag\CorteCor.csproj]
C:\Welber\2022\GitHubDesktop\corte_cor_ag\Pages\UsuarioDashboard.cshtml.cs(44,16): warning CS8618: O propriedade não anulável 'NomeUsuario' precisa conter um valor não nulo ao sair do construtor. Considere declarar o propriedade como anulável. [C:\Welber\2022\GitHubDesktop\corte_cor_ag\CorteCor.csproj]
C:\Welber\2022\GitHubDesktop\corte_cor_ag\Pages\UsuarioDashboard.cshtml.cs(44,16): warning CS8618: O propriedade não anulável 'NomeSalao' precisa conter um valor não nulo ao sair do construtor. Considere declarar o propriedade como anulável. [C:\Welber\2022\GitHubDesktop\corte_cor_ag\CorteCor.csproj]
C:\Welber\2022\GitHubDesktop\corte_cor_ag\Pages\UsuarioDashboard.cshtml.cs(44,16): warning CS8618: O propriedade não anulável 'Saloes' precisa conter um valor não nulo ao sair do construtor. Considere declarar o propriedade como anulável. [C:\Welber\2022\GitHubDesktop\corte_cor_ag\CorteCor.csproj]
C:\Welber\2022\GitHubDesktop\corte_cor_ag\Pages\UsuarioDashboard.cshtml.cs(44,16): warning CS8618: O propriedade não anulável 'DocumentacaoChartData' precisa conter um valor não nulo ao sair do construtor. Considere declarar o propriedade como anulável. [C:\Welber\2022\GitHubDesktop\corte_cor_ag\CorteCor.csproj]
C:\Welber\2022\GitHubDesktop\corte_cor_ag\Pages\UsuarioDashboard.cshtml.cs(44,16): warning CS8618: O propriedade não anulável 'TipoImovelChartData' precisa conter um valor não nulo ao sair do construtor. Considere declarar o propriedade como anulável. [C:\Welber\2022\GitHubDesktop\corte_cor_ag\CorteCor.csproj]
C:\Welber\2022\GitHubDesktop\corte_cor_ag\Pages\UsuarioDashboard.cshtml.cs(44,16): warning CS8618: O propriedade não anulável 'TipoEdificacaoChartData' precisa conter um valor não nulo ao sair do construtor. Considere declarar o propriedade como anulável. [C:\Welber\2022\GitHubDesktop\corte_cor_ag\CorteCor.csproj]
C:\Welber\2022\GitHubDesktop\corte_cor_ag\Pages\UsuarioDashboard.cshtml.cs(44,16): warning CS8618: O propriedade não anulável 'AcabamentoChartData' precisa conter um valor não nulo ao sair do construtor. Considere declarar o propriedade como anulável. [C:\Welber\2022\GitHubDesktop\corte_cor_ag\CorteCor.csproj]
C:\Welber\2022\GitHubDesktop\corte_cor_ag\Pages\UsuarioDashboard.cshtml.cs(44,16): warning CS8618: O propriedade não anulável 'AguaPotavelChartData' precisa conter um valor não nulo ao sair do construtor. Considere declarar o propriedade como anulável. [C:\Welber\2022\GitHubDesktop\corte_cor_ag\CorteCor.csproj]
C:\Welber\2022\GitHubDesktop\corte_cor_ag\Pages\UsuarioDashboard.cshtml.cs(44,16): warning CS8618: O propriedade não anulável 'EsgotamentoSanitarioChartData' precisa conter um valor não nulo ao sair do construtor. Considere declarar o propriedade como anulável. [C:\Welber\2022\GitHubDesktop\corte_cor_ag\CorteCor.csproj]
C:\Welber\2022\GitHubDesktop\corte_cor_ag\Pages\UsuarioDashboard.cshtml.cs(44,16): warning CS8618: O propriedade não anulável 'EnergiaEletricaChartData' precisa conter um valor não nulo ao sair do construtor. Considere declarar o propriedade como anulável. [C:\Welber\2022\GitHubDesktop\corte_cor_ag\CorteCor.csproj]
C:\Welber\2022\GitHubDesktop\corte_cor_ag\Pages\UsuarioDashboard.cshtml.cs(44,16): warning CS8618: O propriedade não anulável 'DestinoLixoChartData' precisa conter um valor não nulo ao sair do construtor. Considere declarar o propriedade como anulável. [C:\Welber\2022\GitHubDesktop\corte_cor_ag\CorteCor.csproj]
C:\Welber\2022\GitHubDesktop\corte_cor_ag\Pages\UsuarioDashboard.cshtml.cs(44,16): warning CS8618: O propriedade não anulável 'CondicaoOcupacaoLoteChartData' precisa conter um valor não nulo ao sair do construtor. Considere declarar o propriedade como anulável. [C:\Welber\2022\GitHubDesktop\corte_cor_ag\CorteCor.csproj]
C:\Welber\2022\GitHubDesktop\corte_cor_ag\Pages\UsuarioDashboard.cshtml.cs(44,16): warning CS8618: O propriedade não anulável 'NumeroOcupacaoChartData' precisa conter um valor não nulo ao sair do construtor. Considere declarar o propriedade como anulável. [C:\Welber\2022\GitHubDesktop\corte_cor_ag\CorteCor.csproj]
C:\Welber\2022\GitHubDesktop\corte_cor_ag\Pages\UsuarioDashboard.cshtml.cs(44,16): warning CS8618: O propriedade não anulável 'PossuiOutroImovelChartData' precisa conter um valor não nulo ao sair do construtor. Considere declarar o propriedade como anulável. [C:\Welber\2022\GitHubDesktop\corte_cor_ag\CorteCor.csproj]
C:\Welber\2022\GitHubDesktop\corte_cor_ag\Pages\UsuarioDashboard.cshtml.cs(44,16): warning CS8618: O propriedade não anulável 'PossuiIPTUChartData' precisa conter um valor não nulo ao sair do construtor. Considere declarar o propriedade como anulável. [C:\Welber\2022\GitHubDesktop\corte_cor_ag\CorteCor.csproj]
C:\Welber\2022\GitHubDesktop\corte_cor_ag\Pages\UsuarioDashboard.cshtml.cs(51,35): warning CS8602: Desreferência de uma referência possivelmente nula. [C:\Welber\2022\GitHubDesktop\corte_cor_ag\CorteCor.csproj]
C:\Welber\2022\GitHubDesktop\corte_cor_ag\Pages\UsuarioDashboard.cshtml.cs(51,35): warning CS8600: Conversão de literal nula ou possível valor nulo em tipo não anulável. [C:\Welber\2022\GitHubDesktop\corte_cor_ag\CorteCor.csproj]
C:\Welber\2022\GitHubDesktop\corte_cor_ag\Pages\UsuarioDashboard.cshtml.cs(55,29): warning CS8602: Desreferência de uma referência possivelmente nula. [C:\Welber\2022\GitHubDesktop\corte_cor_ag\CorteCor.csproj]
C:\Welber\2022\GitHubDesktop\corte_cor_ag\Pages\UsuarioDashboard.cshtml.cs(70,65): warning CS8602: Desreferência de uma referência possivelmente nula. [C:\Welber\2022\GitHubDesktop\corte_cor_ag\CorteCor.csproj]
C:\Welber\2022\GitHubDesktop\corte_cor_ag\Pages\UsuarioDashboard.cshtml.cs(70,25): warning CS8602: Desreferência de uma referência possivelmente nula. [C:\Welber\2022\GitHubDesktop\corte_cor_ag\CorteCor.csproj]
C:\Welber\2022\GitHubDesktop\corte_cor_ag\Pages\UsuarioCadastro.cshtml.cs(13,24): warning CS8618: O propriedade não anulável 'Usuario' precisa conter um valor não nulo ao sair do construtor. Considere declarar o propriedade como anulável. [C:\Welber\2022\GitHubDesktop\corte_cor_ag\CorteCor.csproj]
C:\Welber\2022\GitHubDesktop\corte_cor_ag\Pages\UsuarioCadastro.cshtml.cs(16,23): warning CS8618: O propriedade não anulável 'Mensagem' precisa conter um valor não nulo ao sair do construtor. Considere declarar o propriedade como anulável. [C:\Welber\2022\GitHubDesktop\corte_cor_ag\CorteCor.csproj]
C:\Welber\2022\GitHubDesktop\corte_cor_ag\Pages\UsuarioCadastro.cshtml.cs(17,23): warning CS8618: O propriedade não anulável 'NomeClientes' precisa conter um valor não nulo ao sair do construtor. Considere declarar o propriedade como anulável. [C:\Welber\2022\GitHubDesktop\corte_cor_ag\CorteCor.csproj]
C:\Welber\2022\GitHubDesktop\corte_cor_ag\Pages\UsuarioCadastro.cshtml.cs(18,23): warning CS8618: O propriedade não anulável 'NomeCliente' precisa conter um valor não nulo ao sair do construtor. Considere declarar o propriedade como anulável. [C:\Welber\2022\GitHubDesktop\corte_cor_ag\CorteCor.csproj]
C:\Welber\2022\GitHubDesktop\corte_cor_ag\Pages\UsuarioCadastro.cshtml.cs(19,23): warning CS8618: O propriedade não anulável 'NomeCurto' precisa conter um valor não nulo ao sair do construtor. Considere declarar o propriedade como anulável. [C:\Welber\2022\GitHubDesktop\corte_cor_ag\CorteCor.csproj]
C:\Welber\2022\GitHubDesktop\corte_cor_ag\Pages\UsuarioCadastro.cshtml.cs(20,28): warning CS8618: O propriedade não anulável 'Saloes' precisa conter um valor não nulo ao sair do construtor. Considere declarar o propriedade como anulável. [C:\Welber\2022\GitHubDesktop\corte_cor_ag\CorteCor.csproj]
C:\Welber\2022\GitHubDesktop\corte_cor_ag\Pages\Webhooks\MercadoPago.cshtml.cs(58,37): warning CS8600: Conversão de literal nula ou possível valor nulo em tipo não anulável. [C:\Welber\2022\GitHubDesktop\corte_cor_ag\CorteCor.csproj]
C:\Welber\2022\GitHubDesktop\corte_cor_ag\Pages\Webhooks\MercadoPago.cshtml.cs(72,43): warning CS8600: Conversão de literal nula ou possível valor nulo em tipo não anulável. [C:\Welber\2022\GitHubDesktop\corte_cor_ag\CorteCor.csproj]
C:\Welber\2022\GitHubDesktop\corte_cor_ag\Pages\PagamentoLista.cshtml(94,67): warning CS8604: Possível argumento de referência nula para o parâmetro 'arg' em 'string Func<string, string>.Invoke(string arg)'. [C:\Welber\2022\GitHubDesktop\corte_cor_ag\CorteCor.csproj]
